--------- beginning of system
06-28 13:01:32.471   965  2476 D PowerManagerService: updateUserActivitySummaryLocked: mWakefulness=Awake, mUserActivitySummary=0x4, nextTimeout=-1 (56324799 ms ago)
06-28 13:01:32.471   965  2476 D PowerManagerService: updateDisplayPowerStateLocked: mDisplayReady=true, policy=3, mWakefulness=1, mWakeLockSummary=0x23, mUserActivitySummary=0x4, mBootCompleted=true, mScreenBrightnessBoostInProgress=false
06-28 13:01:32.472   965  3767 V ActivityManager_MU: getServiceByName(ComponentInfo{com.google.android.gms/com.google.android.gms.udc.service.UdcApiService}), callingUser = 0
06-28 13:01:32.475  2167  2167 D ActivityThread: SVC-Calling onStartCommand: com.google.android.gms.udc.service.UdcApiService@870f747, flags=0, startId=2
06-28 13:01:32.475  2167  2167 D ActivityThread: SVC-SERVICE_ARGS handled : 0 / ServiceArgsData{token=android.os.BinderProxy@8566286 startId=2 args=Intent { cmp=com.google.android.gms/.udc.service.UdcApiService }}
06-28 13:01:32.482   965  1777 D ConnectivityService: getActiveNetworkInfo networkInfo = [type: WIFI[], state: CONNECTED/CONNECTED, reason: (unspecified), extra: "Pinnacleseven 4", roaming: false, failover: false, isAvailable: true]
06-28 13:01:32.483   965  1676 D PowerManagerService: acquireWakeLockInternal: lock=253713917, flags=0x1, tag="CMWakeLock", ws=WorkSource{10012 com.google.android.gms}, uid=10012, pid=2167
06-28 13:01:32.483   965  1676 D PowerManagerService: updateWakeLockSummaryLocked: mWakefulness=Awake, mWakeLockSummary=0x23
06-28 13:01:32.483   965  1676 D PowerManagerService: updateUserActivitySummaryLocked: mWakefulness=Awake, mUserActivitySummary=0x4, nextTimeout=-1 (56324811 ms ago)
06-28 13:01:32.483   965  1676 D PowerManagerService: updateDisplayPowerStateLocked: mDisplayReady=true, policy=3, mWakefulness=1, mWakeLockSummary=0x23, mUserActivitySummary=0x4, mBootCompleted=true, mScreenBrightnessBoostInProgress=false
06-28 13:01:32.483   965  1676 D PowerManagerNotifier: onWakeLockAcquired: flags=1, tag="CMWakeLock", packageName=com.google.android.gms, ownerUid=10012, ownerPid=2167, workSource=WorkSource{10012 com.google.android.gms}
06-28 13:01:32.487   965  1368 D PowerManagerService: releaseWakeLockInternal: lock=253713917 [CMWakeLock], flags=0x0, total_time=4ms
06-28 13:01:32.487   965  1368 D PowerManagerNotifier: onWakeLockReleased: flags=1, tag="CMWakeLock", packageName=com.google.android.gms, ownerUid=10012, ownerPid=2167, workSource=WorkSource{10012 com.google.android.gms}
06-28 13:01:32.487   965  1368 D PowerManagerService: updateWakeLockSummaryLocked: mWakefulness=Awake, mWakeLockSummary=0x23
06-28 13:01:32.488   965  1368 D PowerManagerService: updateUserActivitySummaryLocked: mWakefulness=Awake, mUserActivitySummary=0x4, nextTimeout=-1 (56324816 ms ago)
06-28 13:01:32.488   965  1368 D PowerManagerService: updateDisplayPowerStateLocked: mDisplayReady=true, policy=3, mWakefulness=1, mWakeLockSummary=0x23, mUserActivitySummary=0x4, mBootCompleted=true, mScreenBrightnessBoostInProgress=false
06-28 13:01:32.489   965  1677 V ActivityManager_MU: getServiceByName(ComponentInfo{com.google.android.gms/com.google.android.gms.udc.service.UdcApiService}), callingUser = 0
06-28 13:01:32.493  2167  2167 D ActivityThread: SVC-Calling onStartCommand: com.google.android.gms.udc.service.UdcApiService@870f747, flags=0, startId=3
06-28 13:01:32.494  2167  2167 D ActivityThread: SVC-SERVICE_ARGS handled : 0 / ServiceArgsData{token=android.os.BinderProxy@8566286 startId=3 args=Intent { cmp=com.google.android.gms/.udc.service.UdcApiService }}
06-28 13:01:32.505   965  3767 D PowerManagerService: acquireWakeLockInternal: lock=253713917, flags=0x1, tag="CMWakeLock", ws=WorkSource{10012 com.google.android.gms}, uid=10012, pid=2167
06-28 13:01:32.505   965  3767 D PowerManagerService: updateWakeLockSummaryLocked: mWakefulness=Awake, mWakeLockSummary=0x23
06-28 13:01:32.505   965  3767 D PowerManagerService: updateUserActivitySummaryLocked: mWakefulness=Awake, mUserActivitySummary=0x4, nextTimeout=-1 (56324833 ms ago)
06-28 13:01:32.505   965  3767 D PowerManagerService: updateDisplayPowerStateLocked: mDisplayReady=true, policy=3, mWakefulness=1, mWakeLockSummary=0x23, mUserActivitySummary=0x4, mBootCompleted=true, mScreenBrightnessBoostInProgress=false
06-28 13:01:32.505   965  3767 D PowerManagerNotifier: onWakeLockAcquired: flags=1, tag="CMWakeLock", packageName=com.google.android.gms, ownerUid=10012, ownerPid=2167, workSource=WorkSource{10012 com.google.android.gms}
06-28 13:01:32.508   965  1696 D PowerManagerService: releaseWakeLockInternal: lock=253713917 [CMWakeLock], flags=0x0, total_time=3ms
06-28 13:01:32.509   965  1696 D PowerManagerNotifier: onWakeLockReleased: flags=1, tag="CMWakeLock", packageName=com.google.android.gms, ownerUid=10012, ownerPid=2167, workSource=WorkSource{10012 com.google.android.gms}
06-28 13:01:32.509   965  1696 D PowerManagerService: updateWakeLockSummaryLocked: mWakefulness=Awake, mWakeLockSummary=0x23
06-28 13:01:32.509   965  1696 D PowerManagerService: updateUserActivitySummaryLocked: mWakefulness=Awake, mUserActivitySummary=0x4, nextTimeout=-1 (56324837 ms ago)
06-28 13:01:32.509   965  1696 D PowerManagerService: updateDisplayPowerStateLocked: mDisplayReady=true, policy=3, mWakefulness=1, mWakeLockSummary=0x23, mUserActivitySummary=0x4, mBootCompleted=true, mScreenBrightnessBoostInProgress=false
06-28 13:01:32.512   965  2472 V ActivityManager_MU: getServiceByName(ComponentInfo{com.google.android.gms/com.google.android.gms.udc.service.UdcApiService}), callingUser = 0
06-28 13:01:32.515  2167  2167 D ActivityThread: SVC-Calling onStartCommand: com.google.android.gms.udc.service.UdcApiService@870f747, flags=0, startId=4
06-28 13:01:32.515  2167  2167 D ActivityThread: SVC-SERVICE_ARGS handled : 0 / ServiceArgsData{token=android.os.BinderProxy@8566286 startId=4 args=Intent { cmp=com.google.android.gms/.udc.service.UdcApiService }}
06-28 13:01:32.523   965  1676 D PowerManagerService: acquireWakeLockInternal: lock=253713917, flags=0x1, tag="CMWakeLock", ws=WorkSource{10012 com.google.android.gms}, uid=10012, pid=2167
06-28 13:01:32.523   965  1676 D PowerManagerService: updateWakeLockSummaryLocked: mWakefulness=Awake, mWakeLockSummary=0x23
06-28 13:01:32.523   965  1676 D PowerManagerService: updateUserActivitySummaryLocked: mWakefulness=Awake, mUserActivitySummary=0x4, nextTimeout=-1 (56324851 ms ago)
06-28 13:01:32.523   965  1676 D PowerManagerService: updateDisplayPowerStateLocked: mDisplayReady=true, policy=3, mWakefulness=1, mWakeLockSummary=0x23, mUserActivitySummary=0x4, mBootCompleted=true, mScreenBrightnessBoostInProgress=false
06-28 13:01:32.523   965  1676 D PowerManagerNotifier: onWakeLockAcquired: flags=1, tag="CMWakeLock", packageName=com.google.android.gms, ownerUid=10012, ownerPid=2167, workSource=WorkSource{10012 com.google.android.gms}
06-28 13:01:32.527   965  1368 D PowerManagerService: releaseWakeLockInternal: lock=253713917 [CMWakeLock], flags=0x0, total_time=4ms
06-28 13:01:32.527   965  1368 D PowerManagerNotifier: onWakeLockReleased: flags=1, tag="CMWakeLock", packageName=com.google.android.gms, ownerUid=10012, ownerPid=2167, workSource=WorkSource{10012 com.google.android.gms}
06-28 13:01:32.527   965  1368 D PowerManagerService: updateWakeLockSummaryLocked: mWakefulness=Awake, mWakeLockSummary=0x23
06-28 13:01:32.527   965  1368 D PowerManagerService: updateUserActivitySummaryLocked: mWakefulness=Awake, mUserActivitySummary=0x4, nextTimeout=-1 (56324855 ms ago)
06-28 13:01:32.527   965  1368 D PowerManagerService: updateDisplayPowerStateLocked: mDisplayReady=true, policy=3, mWakefulness=1, mWakeLockSummary=0x23, mUserActivitySummary=0x4, mBootCompleted=true, mScreenBrightnessBoostInProgress=false
06-28 13:01:32.532   965  1677 V ActivityManager_MU: getServiceByName(ComponentInfo{com.google.android.gms/com.google.android.gms.udc.service.UdcApiService}), callingUser = 0
06-28 13:01:32.533   965   975 V ActivityManager_MU: getIntentSenderLocked(): uid=10012
06-28 13:01:32.534   965  1660 V AlarmManager: APP set(PendingIntent{dac4af2: PendingIntentRecord{1e0a48 com.google.android.gms broadcastIntent}}) : type=3 triggerAtTime=109977546 win=-1 tElapsed=109977546 maxElapsed=110022545 interval=0 flags=0x0
06-28 13:01:32.537   965  1660 D AlarmManager:  whichBatch = -1
06-28 13:01:32.554   965  1749 V ActivityManager_MU: getServiceByName(ComponentInfo{com.google.android.gms/com.google.android.gms.lockbox.LockboxService}), callingUser = 0
06-28 13:01:32.556  2167  2167 D ActivityThread: SVC-Destroying service: com.google.android.gms.lockbox.LockboxService@8cf8175
06-28 13:01:32.556  2167  2167 D ActivityThread: SVC-STOP_SERVICE handled : 0 / android.os.BinderProxy@66be1b2
06-28 13:01:33.005   965   991 D AutoBrightnessLenovo.LightSensorSample: onSensorChanged: lux = 102.0
06-28 13:01:33.005   965   991 D AutoBrightnessLenovo: updateAmbientLux: Scheduling ambient lux update for 5632683256326832 (in 1500 ms)
06-28 13:01:33.575   965   991 D AutoBrightnessLenovo.LightSensorSample: onSensorChanged: lux = 103.0
06-28 13:01:33.575   965   991 D AutoBrightnessLenovo: updateAmbientLux: Scheduling ambient lux update for 5632740256327402 (in 1500 ms)
06-28 13:01:33.845   965  1696 W PackageManager: checkUidPermission(): com.android.chrome.permission.DEBUG of 2000 is denied.
06-28 13:01:33.846   965  2472 W PackageManager: checkUidPermission(): com.android.chrome.permission.DEBUG of 2000 is denied.
06-28 13:01:34.152   965   991 D AutoBrightnessLenovo.LightSensorSample: onSensorChanged: lux = 102.0
06-28 13:01:34.153   965   991 D AutoBrightnessLenovo: updateAmbientLux: Scheduling ambient lux update for 5632797956327979 (in 1499 ms)
06-28 13:01:34.679   965  1777 V ActivityManager: Broadcast: Intent { act=com.mobpower.sdk.probe flg=0x10 (has extras) } ordered=false userid=0 callerApp=ProcessRecord{f2ff43b 20553:com.commsource.beautyplus/u0a126}
06-28 13:01:34.679   965  1777 V RestrictedPackageService: filterBroadcastReceiver for com.mobpower.sdk.probe
06-28 13:01:34.680   965   980 V ActivityManager_MU: isSingleton(com.commsource.beautyplus, ApplicationInfo{35836cb com.commsource.beautyplus}, com.mobpower.probe.PowerReceiver, 0x0) = false
06-28 13:01:34.689 20553 20553 D ActivityThread: BDC-Calling onReceive: intent=Intent { act=com.mobpower.sdk.probe flg=0x10 cmp=com.commsource.beautyplus/com.mobpower.probe.PowerReceiver (has extras) }, receiver=com.mobpower.probe.PowerReceiver@8179894
06-28 13:01:34.689 20553 20553 D ActivityThread: BDC-Calling onReceive end receiver=class com.mobpower.probe.PowerReceiver
06-28 13:01:34.695 20553 20553 D ActivityThread: BDC-RECEIVER handled : 0 / ReceiverData{intent=Intent { act=com.mobpower.sdk.probe flg=0x10 cmp=com.commsource.beautyplus/com.mobpower.probe.PowerReceiver (has extras) } packageName=com.commsource.beautyplus resultCode=-1 resultData=null resultExtras=null}
06-28 13:01:34.913   965  1677 V ActivityManager: Broadcast sticky: Intent { act=android.intent.action.SIG_STR flg=0x20000010 (has extras) } ordered=false userid=-1 callerApp=ProcessRecord{394e4fd 965:system/1000}
06-28 13:01:34.913   965  1677 V RestrictedPackageService: filterBroadcastReceiver for android.intent.action.SIG_STR
06-28 13:01:34.914   965   980 V ActivityManager_MU: isSingleton(com.lenovo.ideafriend, ApplicationInfo{a5dd543 com.lenovo.ideafriend}, com.lenovo.ideafriend.mms.android.transaction.MmsSystemEventReceiver, 0x0) = false
06-28 13:01:34.920 26487 26487 D ActivityThread: BDC-Calling onReceive: intent=Intent { act=android.intent.action.SIG_STR flg=0x20000010 cmp=com.lenovo.ideafriend/.mms.android.transaction.MmsSystemEventReceiver (has extras) }, receiver=com.lenovo.ideafriend.mms.android.transaction.MmsSystemEventReceiver@f82f13e
06-28 13:01:34.920 26487 26487 D ActivityThread: BDC-Calling onReceive end receiver=class com.lenovo.ideafriend.mms.android.transaction.MmsSystemEventReceiver
06-28 13:01:34.925 26487 26487 D ActivityThread: BDC-RECEIVER handled : 0 / ReceiverData{intent=Intent { act=android.intent.action.SIG_STR flg=0x20000010 cmp=com.lenovo.ideafriend/.mms.android.transaction.MmsSystemEventReceiver (has extras) } packageName=com.lenovo.ideafriend resultCode=-1 resultData=null resultExtras=null}
06-28 13:01:35.653   965   991 D AutoBrightnessLenovo: updateAmbientLux: Scheduling ambient lux update for 5632948056329480 (in 1500 ms)
06-28 13:01:36.154   965  2473 W PackageManager: checkUidPermission(): android.permission.INTERACT_ACROSS_USERS_FULL of 10126 is denied.
06-28 13:01:36.154   965  2473 W PackageManager: checkUidPermission(): android.permission.REAL_GET_TASKS of 10126 is denied.
06-28 13:01:36.154   965  2473 W ActivityManager: getRunningAppProcesses: caller 10126 does not hold REAL_GET_TASKS; limiting output
06-28 13:01:37.154   965   991 D AutoBrightnessLenovo: updateAmbientLux: Scheduling ambient lux update for 5633098156330981 (in 1500 ms)
06-28 13:01:37.237   965  1778 W PackageManager: checkUidPermission(): com.android.chrome.permission.DEBUG of 2000 is denied.
06-28 13:01:37.238   965  1693 W PackageManager: checkUidPermission(): com.android.chrome.permission.DEBUG of 2000 is denied.
06-28 13:01:37.476  2167  2167 D ActivityThread: SVC-UNBIND_SERVICE handled : 0 / BindServiceData{token=android.os.BinderProxy@8566286 intent=Intent { act=com.google.android.gms.udc.service.START pkg=com.google.android.gms }}
06-28 13:01:37.476  2167  2167 D ActivityThread: SVC-Destroying service: com.google.android.gms.udc.service.UdcApiService@870f747
06-28 13:01:37.476  2167  2167 D ActivityThread: SVC-STOP_SERVICE handled : 0 / android.os.BinderProxy@8566286
06-28 13:01:37.556  2167  2167 D ActivityThread: SVC-UNBIND_SERVICE handled : 0 / BindServiceData{token=android.os.BinderProxy@1bc1b62 intent=Intent { act=com.google.android.gms.lockbox.service.START pkg=com.google.android.gms }}
06-28 13:01:37.556  2167  2167 D ActivityThread: SVC-Destroying service: com.google.android.gms.lockbox.service.LockboxBrokerService@a8045b0
06-28 13:01:37.556  2167  2167 D ActivityThread: SVC-STOP_SERVICE handled : 0 / android.os.BinderProxy@1bc1b62
06-28 13:01:38.656   965   991 D AutoBrightnessLenovo: updateAmbientLux: Scheduling ambient lux update for 5633248356332483 (in 1500 ms)
06-28 13:01:38.889   965  1776 W PackageManager: checkUidPermission(): com.android.chrome.permission.DEBUG of 2000 is denied.
06-28 13:01:38.890   965  1778 W PackageManager: checkUidPermission(): com.android.chrome.permission.DEBUG of 2000 is denied.
06-28 13:01:39.275   965   991 D AutoBrightnessLenovo.LightSensorSample: onSensorChanged: lux = 100.0
06-28 13:01:39.275   965   991 D AutoBrightnessLenovo: updateAmbientLux: Scheduling ambient lux update for 5633310156333101 (in 1499 ms)
06-28 13:01:39.844   965   991 D AutoBrightnessLenovo.LightSensorSample: onSensorChanged: lux = 101.0
06-28 13:01:39.844   965   991 D AutoBrightnessLenovo: updateAmbientLux: Scheduling ambient lux update for 5633367156333671 (in 1500 ms)
06-28 13:01:40.031   965  2476 V ActivityManager: Broadcast sticky: Intent { act=android.intent.action.SIG_STR flg=0x20000010 (has extras) } ordered=false userid=-1 callerApp=ProcessRecord{394e4fd 965:system/1000}
06-28 13:01:40.032   965  2476 V RestrictedPackageService: filterBroadcastReceiver for android.intent.action.SIG_STR
06-28 13:01:40.034   965   980 V ActivityManager_MU: isSingleton(com.lenovo.ideafriend, ApplicationInfo{5c067c0 com.lenovo.ideafriend}, com.lenovo.ideafriend.mms.android.transaction.MmsSystemEventReceiver, 0x0) = false
06-28 13:01:40.041 26487 26487 D ActivityThread: BDC-Calling onReceive: intent=Intent { act=android.intent.action.SIG_STR flg=0x20000010 cmp=com.lenovo.ideafriend/.mms.android.transaction.MmsSystemEventReceiver (has extras) }, receiver=com.lenovo.ideafriend.mms.android.transaction.MmsSystemEventReceiver@435cb9f
06-28 13:01:40.041 26487 26487 D ActivityThread: BDC-Calling onReceive end receiver=class com.lenovo.ideafriend.mms.android.transaction.MmsSystemEventReceiver
06-28 13:01:40.049 26487 26487 D ActivityThread: BDC-RECEIVER handled : 0 / ReceiverData{intent=Intent { act=android.intent.action.SIG_STR flg=0x20000010 cmp=com.lenovo.ideafriend/.mms.android.transaction.MmsSystemEventReceiver (has extras) } packageName=com.lenovo.ideafriend resultCode=-1 resultData=null resultExtras=null}
06-28 13:01:40.205   965   990 W ProcessCpuTracker: Skipping unknown process pid 25372
06-28 13:01:40.226   965  1777 W PackageManager: checkUidPermission(): com.android.chrome.permission.DEBUG of 2000 is denied.
06-28 13:01:40.227   965  1368 W PackageManager: checkUidPermission(): com.android.chrome.permission.DEBUG of 2000 is denied.
06-28 13:01:41.346   965   991 D AutoBrightnessLenovo: updateAmbientLux: Scheduling ambient lux update for 5633517356335173 (in 1500 ms)
06-28 13:01:41.848   965  2476 W PackageManager: checkUidPermission(): com.android.chrome.permission.DEBUG of 2000 is denied.
06-28 13:01:41.850   965  1696 W PackageManager: checkUidPermission(): com.android.chrome.permission.DEBUG of 2000 is denied.
06-28 13:01:42.477   320   961 D SocketClient: SocketClient sendData done: 
06-28 13:01:42.492   320   961 D SocketClient: SocketClient sendData done: 
06-28 13:01:42.498   965  1676 W PackageManager: checkUidPermission(): android.permission.LOCAL_MAC_ADDRESS of 10104 is denied.
06-28 13:01:42.614   965  1267 D AlarmManager:  whichBatch = -2
06-28 13:01:42.614   965  1267 D AlarmManager: set alarm to RTC 110043409
06-28 13:01:42.614   965  1267 D AlarmManager: set alarm to RTC 109945014
06-28 13:01:42.614   965  1267 D DataShapingService: Alarm manager openLteDataUpLinkGate: false
06-28 13:01:42.614   965  1267 V AlarmManager: openLteGateSuccess = false
06-28 13:01:42.614   965  1267 D AlarmManager: wakeup alarm = Alarm{108dcf9 type 0 when 1498635102613 com.iu.ad_phase_0}; package = com.iu.ad_phase_0needGrouping = true
06-28 13:01:42.614   965  1267 I ActivityManager: [Background Service Priority Adjustment] Set callerFg as false for service.getFlags():260
06-28 13:01:42.616   965  1267 V AlarmManager: sending alarm Alarm{108dcf9 type 0 when 1498635102613 com.iu.ad_phase_0} success
06-28 13:01:42.616   965  1267 D PowerManagerService: acquireWakeLockInternal: lock=95337606, flags=0x1, tag="*alarm*", ws=WorkSource{10282}, uid=1000, pid=965
06-28 13:01:42.616   965   965 D AlarmManager: onSendFinished begin
06-28 13:01:42.616   965  1267 D PowerManagerService: updateWakeLockSummaryLocked: mWakefulness=Awake, mWakeLockSummary=0x23
06-28 13:01:42.616   965  1267 D PowerManagerService: updateUserActivitySummaryLocked: mWakefulness=Awake, mUserActivitySummary=0x4, nextTimeout=-1 (56334945 ms ago)
06-28 13:01:42.617   965  1267 D PowerManagerService: updateDisplayPowerStateLocked: mDisplayReady=true, policy=3, mWakefulness=1, mWakeLockSummary=0x23, mUserActivitySummary=0x4, mBootCompleted=true, mScreenBrightnessBoostInProgress=false
06-28 13:01:42.617   965  1267 D PowerManagerNotifier: onWakeLockAcquired: flags=1, tag="*alarm*", packageName=android, ownerUid=1000, ownerPid=965, workSource=WorkSource{10282}
06-28 13:01:42.617   965   965 D PowerManagerService: releaseWakeLockInternal: lock=95337606 [*alarm*], flags=0x0, total_time=1ms
06-28 13:01:42.617   965   965 D PowerManagerNotifier: onWakeLockReleased: flags=1, tag="*alarm*", packageName=android, ownerUid=1000, ownerPid=965, workSource=WorkSource{10282}
06-28 13:01:42.617   965   965 D PowerManagerService: updateWakeLockSummaryLocked: mWakefulness=Awake, mWakeLockSummary=0x23
06-28 13:01:42.617   965   965 D PowerManagerService: updateUserActivitySummaryLocked: mWakefulness=Awake, mUserActivitySummary=0x4, nextTimeout=-1 (56334945 ms ago)
06-28 13:01:42.617   965   965 D PowerManagerService: updateDisplayPowerStateLocked: mDisplayReady=true, policy=3, mWakefulness=1, mWakeLockSummary=0x23, mUserActivitySummary=0x4, mBootCompleted=true, mScreenBrightnessBoostInProgress=false
06-28 13:01:42.617  7413  7413 D ActivityThread: SVC-Calling onStartCommand: me.pushy.sdk.services.PushySocketService@69bfda0, flags=0, startId=13
06-28 13:01:42.622  7413  7413 D ActivityThread: SVC-SERVICE_ARGS handled : 0 / ServiceArgsData{token=android.os.BinderProxy@89b5d2 startId=13 args=Intent { act=Pushy.KEEP_ALIVE flg=0x104 cmp=com.iu.ad_phase_0/me.pushy.sdk.services.PushySocketService (has extras) }}
06-28 13:01:42.846   965   991 D AutoBrightnessLenovo: updateAmbientLux: Scheduling ambient lux update for 5633667356336673 (in 1500 ms)
06-28 13:01:43.978   965  2476 W PackageManager: checkUidPermission(): com.android.chrome.permission.DEBUG of 2000 is denied.
06-28 13:01:43.979   965  1696 W PackageManager: checkUidPermission(): com.android.chrome.permission.DEBUG of 2000 is denied.
06-28 13:01:44.348   965   991 D AutoBrightnessLenovo: updateAmbientLux: Scheduling ambient lux update for 5633817556338175 (in 1500 ms)
06-28 13:01:44.688   965  1693 V ActivityManager: Broadcast: Intent { act=com.mobpower.sdk.probe flg=0x10 (has extras) } ordered=false userid=0 callerApp=ProcessRecord{f2ff43b 20553:com.commsource.beautyplus/u0a126}
06-28 13:01:44.689   965  1693 V RestrictedPackageService: filterBroadcastReceiver for com.mobpower.sdk.probe
06-28 13:01:44.689   965   980 V ActivityManager_MU: isSingleton(com.commsource.beautyplus, ApplicationInfo{35836cb com.commsource.beautyplus}, com.mobpower.probe.PowerReceiver, 0x0) = false
06-28 13:01:44.696 20553 20553 D ActivityThread: BDC-Calling onReceive: intent=Intent { act=com.mobpower.sdk.probe flg=0x10 cmp=com.commsource.beautyplus/com.mobpower.probe.PowerReceiver (has extras) }, receiver=com.mobpower.probe.PowerReceiver@9013f3d
06-28 13:01:44.696 20553 20553 D ActivityThread: BDC-Calling onReceive end receiver=class com.mobpower.probe.PowerReceiver
06-28 13:01:44.697 20553 20553 D ActivityThread: BDC-RECEIVER handled : 0 / ReceiverData{intent=Intent { act=com.mobpower.sdk.probe flg=0x10 cmp=com.commsource.beautyplus/com.mobpower.probe.PowerReceiver (has extras) } packageName=com.commsource.beautyplus resultCode=-1 resultData=null resultExtras=null}
06-28 13:01:44.974   965   991 D AutoBrightnessLenovo.LightSensorSample: onSensorChanged: lux = 102.0
06-28 13:01:44.974   965   991 D AutoBrightnessLenovo: updateAmbientLux: Scheduling ambient lux update for 5633880156338801 (in 1500 ms)
06-28 13:01:45.151   965  1368 V ActivityManager: Broadcast sticky: Intent { act=android.intent.action.SIG_STR flg=0x20000010 (has extras) } ordered=false userid=-1 callerApp=ProcessRecord{394e4fd 965:system/1000}
06-28 13:01:45.151   965  1368 V RestrictedPackageService: filterBroadcastReceiver for android.intent.action.SIG_STR
06-28 13:01:45.153   965   980 V ActivityManager_MU: isSingleton(com.lenovo.ideafriend, ApplicationInfo{5b0243e com.lenovo.ideafriend}, com.lenovo.ideafriend.mms.android.transaction.MmsSystemEventReceiver, 0x0) = false
06-28 13:01:45.158 26487 26487 D ActivityThread: BDC-Calling onReceive: intent=Intent { act=android.intent.action.SIG_STR flg=0x20000010 cmp=com.lenovo.ideafriend/.mms.android.transaction.MmsSystemEventReceiver (has extras) }, receiver=com.lenovo.ideafriend.mms.android.transaction.MmsSystemEventReceiver@aec54ec
06-28 13:01:45.158 26487 26487 D ActivityThread: BDC-Calling onReceive end receiver=class com.lenovo.ideafriend.mms.android.transaction.MmsSystemEventReceiver
06-28 13:01:45.163 26487 26487 D ActivityThread: BDC-RECEIVER handled : 0 / ReceiverData{intent=Intent { act=android.intent.action.SIG_STR flg=0x20000010 cmp=com.lenovo.ideafriend/.mms.android.transaction.MmsSystemEventReceiver (has extras) } packageName=com.lenovo.ideafriend resultCode=-1 resultData=null resultExtras=null}
06-28 13:01:45.544   965   991 D AutoBrightnessLenovo.LightSensorSample: onSensorChanged: lux = 101.0
06-28 13:01:45.544   965   991 D AutoBrightnessLenovo: updateAmbientLux: Scheduling ambient lux update for 5633937156339371 (in 1500 ms)
06-28 13:01:45.776   965  1677 W PackageManager: checkUidPermission(): com.android.chrome.permission.DEBUG of 2000 is denied.
06-28 13:01:45.777   965  1676 W PackageManager: checkUidPermission(): com.android.chrome.permission.DEBUG of 2000 is denied.
06-28 13:01:46.114   965   991 D AutoBrightnessLenovo.LightSensorSample: onSensorChanged: lux = 102.0
06-28 13:01:46.114   965   991 D AutoBrightnessLenovo: updateAmbientLux: Scheduling ambient lux update for 5633994156339941 (in 1500 ms)
06-28 13:01:47.240   965   976 W PackageManager: checkUidPermission(): com.android.chrome.permission.DEBUG of 2000 is denied.
06-28 13:01:47.241   965   975 W PackageManager: checkUidPermission(): com.android.chrome.permission.DEBUG of 2000 is denied.
06-28 13:01:47.616   965   991 D AutoBrightnessLenovo: updateAmbientLux: Scheduling ambient lux update for 5634144356341443 (in 1500 ms)
06-28 13:01:47.999   320   955 D SocketClient: SocketClient sendData done: 600 Iface linkstate wlan0 up
06-28 13:01:48.000   965  1274 D NetdConnector: RCV <- {600 Iface linkstate wlan0 up}
06-28 13:01:48.001   965   982 D NetworkManagement: onEvent:600 Iface linkstate wlan0 up:5
06-28 13:01:48.046   320   961 D SocketClient: SocketClient sendData done: 
06-28 13:01:48.048   320   961 D SocketClient: SocketClient sendData done: 
06-28 13:01:48.055   965  1368 W PackageManager: checkUidPermission(): android.permission.LOCAL_MAC_ADDRESS of 10104 is denied.
06-28 13:01:48.104   965  1677 V AlarmManager: APP set(PendingIntent{cfe829f: PendingIntentRecord{be1f252 com.UCMobile.intl broadcastIntent}}) : type=0 triggerAtTime=1498635378103 win=-1 tElapsed=110203116 maxElapsed=110405615 interval=0 flags=0x0
06-28 13:01:48.106   965  1677 D AlarmManager: remove(operation) changed bounds; rebatching operation = PendingIntent{cfe829f: PendingIntentRecord{be1f252 com.UCMobile.intl broadcastIntent}}
06-28 13:01:48.106   965  1677 D AlarmManager: mAlarmBatches.size() is larger than 300 , do not rebatch
06-28 13:01:48.106   965  1677 D AlarmManager:  whichBatch = -1
06-28 13:01:48.385   965   991 D AutoBrightnessLenovo.LightSensorSample: onSensorChanged: lux = 104.0
06-28 13:01:48.385   965   991 D AutoBrightnessLenovo: updateAmbientLux: Scheduling ambient lux update for 5634221256342212 (in 1500 ms)
06-28 13:01:48.846   965  1677 W PackageManager: checkUidPermission(): com.android.chrome.permission.DEBUG of 2000 is denied.
06-28 13:01:48.848   965  1676 W PackageManager: checkUidPermission(): com.android.chrome.permission.DEBUG of 2000 is denied.
06-28 13:01:48.954   965   991 D AutoBrightnessLenovo.LightSensorSample: onSensorChanged: lux = 103.0
06-28 13:01:48.954   965   991 D AutoBrightnessLenovo: updateAmbientLux: Scheduling ambient lux update for 5634278156342781 (in 1500 ms)
06-28 13:01:49.578   965  1542 W Watchdog: SWT Watchdog after wait current time:56341905
06-28 13:01:49.579   965  1542 W Watchdog: **Get SF Time **1
06-28 13:01:49.579   965  1542 W Watchdog: SWT Watchdog before synchronized:56341906
06-28 13:01:49.579   965  1542 W Watchdog: SWT Watchdog after synchronized:56341906
06-28 13:01:49.579   965  1542 W Watchdog: SWT Watchdog before wait timeout:30000
06-28 13:01:49.579   965  1542 W Watchdog: SWT Watchdog before wait current time:56341906
06-28 13:01:49.579   965  1542 W Watchdog: SWT Watchdog before wait start:56341906
06-28 13:01:49.579   965  1542 W Watchdog: SWT Watchdog before wait CHECK_INTERVAL:30000
06-28 13:01:50.094   965   991 D AutoBrightnessLenovo.LightSensorSample: onSensorChanged: lux = 99.0
06-28 13:01:50.094   965   991 D AutoBrightnessLenovo: updateAmbientLux: Scheduling ambient lux update for 5634392156343921 (in 1500 ms)
06-28 13:01:50.294   965  1693 V ActivityManager: Broadcast sticky: Intent { act=android.intent.action.SIG_STR flg=0x20000010 (has extras) } ordered=false userid=-1 callerApp=ProcessRecord{394e4fd 965:system/1000}
06-28 13:01:50.295   965  1693 V RestrictedPackageService: filterBroadcastReceiver for android.intent.action.SIG_STR
06-28 13:01:50.295   965   980 V ActivityManager_MU: isSingleton(com.lenovo.ideafriend, ApplicationInfo{a243fec com.lenovo.ideafriend}, com.lenovo.ideafriend.mms.android.transaction.MmsSystemEventReceiver, 0x0) = false
06-28 13:01:50.300 26487 26487 D ActivityThread: BDC-Calling onReceive: intent=Intent { act=android.intent.action.SIG_STR flg=0x20000010 cmp=com.lenovo.ideafriend/.mms.android.transaction.MmsSystemEventReceiver (has extras) }, receiver=com.lenovo.ideafriend.mms.android.transaction.MmsSystemEventReceiver@30840b5
06-28 13:01:50.300 26487 26487 D ActivityThread: BDC-Calling onReceive end receiver=class com.lenovo.ideafriend.mms.android.transaction.MmsSystemEventReceiver
06-28 13:01:50.301 26487 26487 D ActivityThread: BDC-RECEIVER handled : 0 / ReceiverData{intent=Intent { act=android.intent.action.SIG_STR flg=0x20000010 cmp=com.lenovo.ideafriend/.mms.android.transaction.MmsSystemEventReceiver (has extras) } packageName=com.lenovo.ideafriend resultCode=-1 resultData=null resultExtras=null}
06-28 13:01:50.587   965  1660 W PackageManager: checkUidPermission(): com.android.chrome.permission.DEBUG of 2000 is denied.
06-28 13:01:50.590   965  2473 W PackageManager: checkUidPermission(): com.android.chrome.permission.DEBUG of 2000 is denied.
06-28 13:01:50.654   965   991 D AutoBrightnessLenovo.LightSensorSample: onSensorChanged: lux = 104.0
06-28 13:01:50.654   965   991 D AutoBrightnessLenovo: updateAmbientLux: Scheduling ambient lux update for 5634448156344481 (in 1500 ms)
06-28 13:01:51.230   965   991 D AutoBrightnessLenovo.LightSensorSample: onSensorChanged: lux = 103.0
06-28 13:01:51.230   965   991 D AutoBrightnessLenovo: updateAmbientLux: Scheduling ambient lux update for 5634505756345057 (in 1500 ms)
06-28 13:01:51.795   965   991 D AutoBrightnessLenovo.LightSensorSample: onSensorChanged: lux = 104.0
06-28 13:01:51.795   965   991 D AutoBrightnessLenovo: updateAmbientLux: Scheduling ambient lux update for 5634562256345622 (in 1500 ms)
06-28 13:01:52.185   320   961 D SocketClient: SocketClient sendData done: 
06-28 13:01:52.187   320   961 D SocketClient: SocketClient sendData done: 
06-28 13:01:52.196   965  1776 W PackageManager: checkUidPermission(): android.permission.LOCAL_MAC_ADDRESS of 10104 is denied.
06-28 13:01:52.364   965   991 D AutoBrightnessLenovo.LightSensorSample: onSensorChanged: lux = 103.0
06-28 13:01:52.364   965   991 D AutoBrightnessLenovo: updateAmbientLux: Scheduling ambient lux update for 5634619156346191 (in 1500 ms)
06-28 13:01:52.482   965  1676 W PackageManager: checkUidPermission(): com.android.chrome.permission.DEBUG of 2000 is denied.
06-28 13:01:52.484   965   976 W PackageManager: checkUidPermission(): com.android.chrome.permission.DEBUG of 2000 is denied.
06-28 13:01:52.940   965   991 D AutoBrightnessLenovo.LightSensorSample: onSensorChanged: lux = 104.0
06-28 13:01:52.940   965   991 D AutoBrightnessLenovo: updateAmbientLux: Scheduling ambient lux update for 5634676756346767 (in 1499 ms)
06-28 13:01:53.851   965  1660 W PackageManager: checkUidPermission(): com.android.chrome.permission.DEBUG of 2000 is denied.
06-28 13:01:53.853   965  2473 W PackageManager: checkUidPermission(): com.android.chrome.permission.DEBUG of 2000 is denied.
06-28 13:01:54.441   965   991 D AutoBrightnessLenovo: updateAmbientLux: Scheduling ambient lux update for 5634826856348268 (in 1500 ms)
06-28 13:01:54.691   965  1693 V ActivityManager: Broadcast: Intent { act=com.mobpower.sdk.probe flg=0x10 (has extras) } ordered=false userid=0 callerApp=ProcessRecord{f2ff43b 20553:com.commsource.beautyplus/u0a126}
06-28 13:01:54.691   965  1693 V RestrictedPackageService: filterBroadcastReceiver for com.mobpower.sdk.probe
06-28 13:01:54.692   965   980 V ActivityManager_MU: isSingleton(com.commsource.beautyplus, ApplicationInfo{35836cb com.commsource.beautyplus}, com.mobpower.probe.PowerReceiver, 0x0) = false
06-28 13:01:54.698 20553 20553 D ActivityThread: BDC-Calling onReceive: intent=Intent { act=com.mobpower.sdk.probe flg=0x10 cmp=com.commsource.beautyplus/com.mobpower.probe.PowerReceiver (has extras) }, receiver=com.mobpower.probe.PowerReceiver@cfab332
06-28 13:01:54.703 20553 20553 D ActivityThread: BDC-Calling onReceive end receiver=class com.mobpower.probe.PowerReceiver
06-28 13:01:54.710 20553 20553 D ActivityThread: BDC-RECEIVER handled : 0 / ReceiverData{intent=Intent { act=com.mobpower.sdk.probe flg=0x10 cmp=com.commsource.beautyplus/com.mobpower.probe.PowerReceiver (has extras) } packageName=com.commsource.beautyplus resultCode=-1 resultData=null resultExtras=null}
06-28 13:01:55.224   965   991 D AutoBrightnessLenovo.LightSensorSample: onSensorChanged: lux = 103.0
06-28 13:01:55.224   965   991 D AutoBrightnessLenovo: updateAmbientLux: Scheduling ambient lux update for 5634905156349051 (in 1500 ms)
06-28 13:01:55.395   965  1676 V ActivityManager: Broadcast sticky: Intent { act=android.intent.action.SIG_STR flg=0x20000010 (has extras) } ordered=false userid=-1 callerApp=ProcessRecord{394e4fd 965:system/1000}
06-28 13:01:55.395   965  1676 V RestrictedPackageService: filterBroadcastReceiver for android.intent.action.SIG_STR
06-28 13:01:55.396   965   980 V ActivityManager_MU: isSingleton(com.lenovo.ideafriend, ApplicationInfo{9714fb5 com.lenovo.ideafriend}, com.lenovo.ideafriend.mms.android.transaction.MmsSystemEventReceiver, 0x0) = false
06-28 13:01:55.401 26487 26487 D ActivityThread: BDC-Calling onReceive: intent=Intent { act=android.intent.action.SIG_STR flg=0x20000010 cmp=com.lenovo.ideafriend/.mms.android.transaction.MmsSystemEventReceiver (has extras) }, receiver=com.lenovo.ideafriend.mms.android.transaction.MmsSystemEventReceiver@f38e34a
06-28 13:01:55.402 26487 26487 D ActivityThread: BDC-Calling onReceive end receiver=class com.lenovo.ideafriend.mms.android.transaction.MmsSystemEventReceiver
06-28 13:01:55.409 26487 26487 D ActivityThread: BDC-RECEIVER handled : 0 / ReceiverData{intent=Intent { act=android.intent.action.SIG_STR flg=0x20000010 cmp=com.lenovo.ideafriend/.mms.android.transaction.MmsSystemEventReceiver (has extras) } packageName=com.lenovo.ideafriend resultCode=-1 resultData=null resultExtras=null}
06-28 13:01:55.501   965  1696 W PackageManager: checkUidPermission(): com.android.chrome.permission.DEBUG of 2000 is denied.
06-28 13:01:55.504   965  3767 W PackageManager: checkUidPermission(): com.android.chrome.permission.DEBUG of 2000 is denied.
06-28 13:01:56.364   965   991 D AutoBrightnessLenovo.LightSensorSample: onSensorChanged: lux = 104.0
06-28 13:01:56.364   965   991 D AutoBrightnessLenovo: updateAmbientLux: Scheduling ambient lux update for 5635019156350191 (in 1499 ms)
06-28 13:01:56.785   965  1776 W PackageManager: checkUidPermission(): com.android.chrome.permission.DEBUG of 2000 is denied.
06-28 13:01:56.788   965  1778 W PackageManager: checkUidPermission(): com.android.chrome.permission.DEBUG of 2000 is denied.
06-28 13:01:56.934   965   991 D AutoBrightnessLenovo.LightSensorSample: onSensorChanged: lux = 103.0
06-28 13:01:56.935   965   991 D AutoBrightnessLenovo: updateAmbientLux: Scheduling ambient lux update for 5635076156350761 (in 1499 ms)
06-28 13:01:57.987   965  1693 W PackageManager: checkUidPermission(): com.android.chrome.permission.DEBUG of 2000 is denied.
06-28 13:01:57.988   965  1777 W PackageManager: checkUidPermission(): com.android.chrome.permission.DEBUG of 2000 is denied.
06-28 13:01:58.437   965   991 D AutoBrightnessLenovo: updateAmbientLux: Scheduling ambient lux update for 5635226456352264 (in 1500 ms)
06-28 13:01:59.937   965   991 D AutoBrightnessLenovo: updateAmbientLux: Scheduling ambient lux update for 5635376456353764 (in 1500 ms)
06-28 13:02:00.001   965  1267 D AlarmManager: set alarm to RTC 109945559
06-28 13:02:00.001   965  1267 D DataShapingService: Alarm manager openLteDataUpLinkGate: false
06-28 13:02:00.001   965  1267 V AlarmManager: openLteGateSuccess = false
06-28 13:02:00.001   965  1267 V ActivityManager: Broadcast: Intent { act=android.intent.action.TIME_TICK flg=0x50000114 (has extras) } ordered=true userid=-1 callerApp=null
06-28 13:02:00.002   965  1267 V AlarmManager: sending alarm Alarm{686464a type 3 when 109945014 android} success
06-28 13:02:00.002   965  1267 D PowerManagerService: acquireWakeLockInternal: lock=95337606, flags=0x40000001, tag="*alarm*", ws=WorkSource{1000}, uid=1000, pid=965
06-28 13:02:00.002   965   965 V AlarmManager: isPowerSavingStart  mIsEnabled = true   mIsUsbConnected = true   mScreenOff = false   mIsWFDConnected = false
06-28 13:02:00.002   965  1267 D PowerManagerService: updateWakeLockSummaryLocked: mWakefulness=Awake, mWakeLockSummary=0x23
06-28 13:02:00.002   965   965 D ActivityThread: BDC-Calling finishReceiver: IIntentReceiver=a4ff0d0
06-28 13:02:00.002   965  1267 D PowerManagerService: updateUserActivitySummaryLocked: mWakefulness=Awake, mUserActivitySummary=0x4, nextTimeout=-1 (56352330 ms ago)
06-28 13:02:00.002   965  1267 D PowerManagerService: updateDisplayPowerStateLocked: mDisplayReady=true, policy=3, mWakefulness=1, mWakeLockSummary=0x23, mUserActivitySummary=0x4, mBootCompleted=true, mScreenBrightnessBoostInProgress=false
06-28 13:02:00.003   965   965 V AlarmManager: mSupportAlarmGrouping = true  mAmPlus = com.mediatek.amplus.AlarmManagerPlus@d7a9ae4
06-28 13:02:00.004   965  1267 D PowerManagerNotifier: onWakeLockAcquired: flags=1073741825, tag="*alarm*", packageName=android, ownerUid=1000, ownerPid=965, workSource=WorkSource{1000}
06-28 13:02:00.005   965   965 V AlarmManager: APP set(PendingIntent{860870b: PendingIntentRecord{7c109e8 android broadcastIntent}}) : type=3 triggerAtTime=110005013 win=0 tElapsed=110005013 maxElapsed=110005013 interval=0 flags=0x1
06-28 13:02:00.006   965   965 D AlarmManager:  whichBatch = -1
06-28 13:02:00.006   965   965 D ActivityThread: BDC-Calling finishReceiver: IIntentReceiver=30b49fc
06-28 13:02:00.009  1333  1333 D ActivityThread: BDC-Calling onReceive end receiver=class com.lenovo.keyguard.adapter.LenovoAdapterMtk$1
06-28 13:02:00.009  1333  1333 D ActivityThread: BDC-Calling finishReceiver: IIntentReceiver=c477a9c
06-28 13:02:00.011   965  1776 D AlarmManager: getNextAlarmClockImpl is called before Lock 
06-28 13:02:00.011   965  1776 D AlarmManager: getNextAlarmClockImpl is called in Lock 
06-28 13:02:00.019  1333  1333 D ActivityThread: BDC-Calling onReceive end receiver=class com.android.systemui.statusbar.KeyguardIndicationController$2
06-28 13:02:00.019  1333  1333 D ActivityThread: BDC-Calling finishReceiver: IIntentReceiver=272eca5
06-28 13:02:00.024  1333  1333 D ActivityThread: BDC-Calling onReceive end receiver=class com.android.systemui.statusbar.policy.Clock$1
06-28 13:02:00.024  1333  1333 D ActivityThread: BDC-Calling finishReceiver: IIntentReceiver=1c4682b
06-28 13:02:00.035  1333  1333 D ActivityThread: BDC-Calling onReceive end receiver=class android.widget.TextClock$2
06-28 13:02:00.036  1333  1333 D ActivityThread: BDC-Calling finishReceiver: IIntentReceiver=49fa488
06-28 13:02:00.039  1333  1333 D ActivityThread: BDC-Calling onReceive end receiver=class android.widget.TextClock$2
06-28 13:02:00.039  1333  1333 D ActivityThread: BDC-Calling finishReceiver: IIntentReceiver=54aae21
06-28 13:02:00.045  1333  1333 D ActivityThread: BDC-Calling onReceive end receiver=class com.android.systemui.statusbar.policy.Clock$1
06-28 13:02:00.045  1333  1333 D ActivityThread: BDC-Calling finishReceiver: IIntentReceiver=f1f5c07
06-28 13:02:00.053  1333  1333 D ActivityThread: BDC-Calling onReceive end receiver=class com.android.systemui.statusbar.policy.DateView$1
06-28 13:02:00.053  1333  1333 D ActivityThread: BDC-Calling finishReceiver: IIntentReceiver=2ce8134
06-28 13:02:00.058  1333  1333 D ActivityThread: BDC-Calling onReceive end receiver=class com.android.systemui.statusbar.policy.DateView$1
06-28 13:02:00.058  1333  1333 D ActivityThread: BDC-Calling finishReceiver: IIntentReceiver=f830b5d
06-28 13:02:00.064  1333  1333 D ActivityThread: BDC-Calling onReceive end receiver=class android.widget.TextClock$2
06-28 13:02:00.064  1333  1333 D ActivityThread: BDC-Calling finishReceiver: IIntentReceiver=f305cd2
06-28 13:02:00.065   965  2472 W PackageManager: checkUidPermission(): com.android.chrome.permission.DEBUG of 2000 is denied.
06-28 13:02:00.067   965   976 W PackageManager: checkUidPermission(): com.android.chrome.permission.DEBUG of 2000 is denied.
06-28 13:02:00.081  1333  1333 D ActivityThread: BDC-Calling onReceive end receiver=class android.widget.TextClock$2
06-28 13:02:00.081  1333  1333 D ActivityThread: BDC-Calling finishReceiver: IIntentReceiver=4bb1a3
06-28 13:02:00.099  1333  1333 D ActivityThread: BDC-Calling onReceive end receiver=class com.android.systemui.statusbar.policy.Clock$1
06-28 13:02:00.099  1333  1333 D ActivityThread: BDC-Calling finishReceiver: IIntentReceiver=aea0059
06-28 13:02:00.115  1333  1333 D ActivityThread: BDC-Calling onReceive end receiver=class android.widget.DateTimeView$ReceiverInfo$1
06-28 13:02:00.115  1333  1333 D ActivityThread: BDC-Calling finishReceiver: IIntentReceiver=20fd798
06-28 13:02:00.122  1780  1780 D ActivityThread: BDC-Calling onReceive end receiver=class android.widget.lenovoweather.CodeThemeScript1Plug$IntentReceiver
06-28 13:02:00.122  1780  1780 D ActivityThread: BDC-Calling finishReceiver: IIntentReceiver=e80bea7
06-28 13:02:00.124   965   965 D AlarmManager: onSendFinished begin
06-28 13:02:00.124   965   965 D PowerManagerService: releaseWakeLockInternal: lock=95337606 [*alarm*], flags=0x0, total_time=122ms
06-28 13:02:00.124   965   965 D PowerManagerNotifier: onWakeLockReleased: flags=1073741825, tag="*alarm*", packageName=android, ownerUid=1000, ownerPid=965, workSource=WorkSource{1000}
06-28 13:02:00.124   965   965 D PowerManagerService: updateWakeLockSummaryLocked: mWakefulness=Awake, mWakeLockSummary=0x23
06-28 13:02:00.124   965   965 D PowerManagerService: updateUserActivitySummaryLocked: mWakefulness=Awake, mUserActivitySummary=0x4, nextTimeout=-1 (56352453 ms ago)
06-28 13:02:00.125   965   965 D PowerManagerService: updateDisplayPowerStateLocked: mDisplayReady=true, policy=3, mWakefulness=1, mWakeLockSummary=0x23, mUserActivitySummary=0x4, mBootCompleted=true, mScreenBrightnessBoostInProgress=false
06-28 13:02:00.505   965  1368 V ActivityManager: Broadcast sticky: Intent { act=android.intent.action.SIG_STR flg=0x20000010 (has extras) } ordered=false userid=-1 callerApp=ProcessRecord{394e4fd 965:system/1000}
06-28 13:02:00.505   965  1368 V RestrictedPackageService: filterBroadcastReceiver for android.intent.action.SIG_STR
06-28 13:02:00.506   965   980 V ActivityManager_MU: isSingleton(com.lenovo.ideafriend, ApplicationInfo{7d2a9bb com.lenovo.ideafriend}, com.lenovo.ideafriend.mms.android.transaction.MmsSystemEventReceiver, 0x0) = false
06-28 13:02:00.509 26487 26487 D ActivityThread: BDC-Calling onReceive: intent=Intent { act=android.intent.action.SIG_STR flg=0x20000010 cmp=com.lenovo.ideafriend/.mms.android.transaction.MmsSystemEventReceiver (has extras) }, receiver=com.lenovo.ideafriend.mms.android.transaction.MmsSystemEventReceiver@5b582bb
06-28 13:02:00.509 26487 26487 D ActivityThread: BDC-Calling onReceive end receiver=class com.lenovo.ideafriend.mms.android.transaction.MmsSystemEventReceiver
06-28 13:02:00.512 26487 26487 D ActivityThread: BDC-RECEIVER handled : 0 / ReceiverData{intent=Intent { act=android.intent.action.SIG_STR flg=0x20000010 cmp=com.lenovo.ideafriend/.mms.android.transaction.MmsSystemEventReceiver (has extras) } packageName=com.lenovo.ideafriend resultCode=-1 resultData=null resultExtras=null}
06-28 13:02:00.546   965  1267 D AlarmManager: set alarm to RTC 109972362
06-28 13:02:00.546   965  1267 D DataShapingService: Alarm manager openLteDataUpLinkGate: false
06-28 13:02:00.546   965  1267 V AlarmManager: openLteGateSuccess = false
06-28 13:02:00.546   965  1267 I ActivityManager: [Background Service Priority Adjustment] Set callerFg as false for service.getFlags():260
06-28 13:02:00.547   965  1267 V ActivityManager_MU: bringUpServiceLocked: appInfo.uid=10035 app=ProcessRecord{9d065d6 7122:com.lenovo.lewea/u0a35}
06-28 13:02:00.547   965  1267 V ActivityManager_MU: realStartServiceLocked, ServiceRecord.uid = 10035, ProcessRecord.uid = 10035
06-28 13:02:00.549   965   965 D AlarmManager: onSendFinished begin
06-28 13:02:00.549   965  1267 V AlarmManager: sending alarm Alarm{1b43231 type 1 when 1498635120546 com.lenovo.lewea} success
06-28 13:02:00.549   965  1267 D PowerManagerService: acquireWakeLockInternal: lock=95337606, flags=0x1, tag="*alarm*", ws=WorkSource{10035}, uid=1000, pid=965
06-28 13:02:00.549   965  1267 D PowerManagerService: updateWakeLockSummaryLocked: mWakefulness=Awake, mWakeLockSummary=0x23
06-28 13:02:00.549   965  1267 D PowerManagerService: updateUserActivitySummaryLocked: mWakefulness=Awake, mUserActivitySummary=0x4, nextTimeout=-1 (56352877 ms ago)
06-28 13:02:00.549   965  1267 D PowerManagerService: updateDisplayPowerStateLocked: mDisplayReady=true, policy=3, mWakefulness=1, mWakeLockSummary=0x23, mUserActivitySummary=0x4, mBootCompleted=true, mScreenBrightnessBoostInProgress=false
06-28 13:02:00.549   965  1267 D PowerManagerNotifier: onWakeLockAcquired: flags=1, tag="*alarm*", packageName=android, ownerUid=1000, ownerPid=965, workSource=WorkSource{10035}
06-28 13:02:00.550   965   965 D PowerManagerService: releaseWakeLockInternal: lock=95337606 [*alarm*], flags=0x0, total_time=1ms
06-28 13:02:00.550   965   965 D PowerManagerNotifier: onWakeLockReleased: flags=1, tag="*alarm*", packageName=android, ownerUid=1000, ownerPid=965, workSource=WorkSource{10035}
06-28 13:02:00.550   965   965 D PowerManagerService: updateWakeLockSummaryLocked: mWakefulness=Awake, mWakeLockSummary=0x23
06-28 13:02:00.550   965   965 D PowerManagerService: updateUserActivitySummaryLocked: mWakefulness=Awake, mUserActivitySummary=0x4, nextTimeout=-1 (56352878 ms ago)
06-28 13:02:00.550   965   965 D PowerManagerService: updateDisplayPowerStateLocked: mDisplayReady=true, policy=3, mWakefulness=1, mWakeLockSummary=0x23, mUserActivitySummary=0x4, mBootCompleted=true, mScreenBrightnessBoostInProgress=false
06-28 13:02:00.550  7122  7122 D ActivityThread: SVC-Creating service: CreateServiceData{token=android.os.BinderProxy@8d0f9c1 className=com.lenovo.weather.service.TimeTickService packageName=com.lenovo.lewea intent=null}
06-28 13:02:00.551  7122  7122 D ActivityThread: SVC-CREATE_SERVICE handled : 0 / CreateServiceData{token=android.os.BinderProxy@8d0f9c1 className=com.lenovo.weather.service.TimeTickService packageName=com.lenovo.lewea intent=null}
06-28 13:02:00.551  7122  7122 D ActivityThread: SVC-Calling onStartCommand: com.lenovo.weather.service.TimeTickService@9595566, flags=0, startId=1
06-28 13:02:00.551   965  1696 V ActivityManager_MU: getIntentSenderLocked(): uid=10035
06-28 13:02:00.551   965  3767 D AlarmManager: manual remove option = PendingIntent{3ea7d16: PendingIntentRecord{d7469d7 com.lenovo.lewea startService}}
06-28 13:02:00.554   965  1776 V AlarmManager: APP set(PendingIntent{1f82697: PendingIntentRecord{d7469d7 com.lenovo.lewea startService}}) : type=1 triggerAtTime=1498635180552 win=-1 tElapsed=110005566 maxElapsed=110050565 interval=0 flags=0x0
06-28 13:02:00.554   965  1776 D AlarmManager:  whichBatch = -1
06-28 13:02:00.555   965  1778 V ActivityManager: Broadcast: Intent { act=com.lenovo.weather.action.TIME_TICK flg=0x10 } ordered=false userid=0 callerApp=ProcessRecord{9d065d6 7122:com.lenovo.lewea/u0a35}
06-28 13:02:00.555   965  1778 V RestrictedPackageService: filterBroadcastReceiver for com.lenovo.weather.action.TIME_TICK
06-28 13:02:00.556   965   980 V ActivityManager_MU: isSingleton(com.lenovo.lewea, ApplicationInfo{bfd78f7 com.lenovo.lewea}, com.lenovo.weather.receiver.CommonReceiver, 0x0) = false
06-28 13:02:00.557   965  1749 V ActivityManager_MU: getServiceByName(ComponentInfo{com.lenovo.lewea/com.lenovo.weather.service.TimeTickService}), callingUser = 0
06-28 13:02:00.558  7122  7122 D ActivityThread: SVC-SERVICE_ARGS handled : 0 / ServiceArgsData{token=android.os.BinderProxy@8d0f9c1 startId=1 args=Intent { flg=0x104 cmp=com.lenovo.lewea/com.lenovo.weather.service.TimeTickService (has extras) }}
06-28 13:02:00.558  7122  7122 D ActivityThread: BDC-Calling onReceive: intent=Intent { act=com.lenovo.weather.action.TIME_TICK flg=0x10 cmp=com.lenovo.lewea/com.lenovo.weather.receiver.CommonReceiver }, receiver=com.lenovo.weather.receiver.CommonReceiver@5f2a0a7
06-28 13:02:00.560   965  1368 W PackageManager: checkUidPermission(): android.permission.READ_PRIVILEGED_PHONE_STATE of 10035 is denied.
06-28 13:02:00.562  7122  7122 D ActivityThread: BDC-Calling onReceive end receiver=class com.lenovo.weather.receiver.CommonReceiver
06-28 13:02:00.562  7122  7122 D ActivityThread: BDC-RECEIVER handled : 0 / ReceiverData{intent=Intent { act=com.lenovo.weather.action.TIME_TICK flg=0x10 cmp=com.lenovo.lewea/com.lenovo.weather.receiver.CommonReceiver } packageName=com.lenovo.lewea resultCode=-1 resultData=null resultExtras=null}
06-28 13:02:00.562  7122  7122 D ActivityThread: SVC-Destroying service: com.lenovo.weather.service.TimeTickService@9595566
06-28 13:02:00.562  7122  7122 D ActivityThread: SVC-STOP_SERVICE handled : 0 / android.os.BinderProxy@8d0f9c1
06-28 13:02:00.562   965   976 V ActivityManager_MU: isSingleton(com.lenovo.lewea, ApplicationInfo{bfd78f7 com.lenovo.lewea}, com.lenovo.lewea.widget.WeatherWidget, 0x0) = false
06-28 13:02:00.565  7122  7122 D ActivityThread: BDC-Calling onReceive: intent=Intent { act=com.lenovo.weather.action.TIME_TICK flg=0x10 cmp=com.lenovo.lewea/.widget.WeatherWidget }, receiver=com.lenovo.lewea.widget.WeatherWidget@d6b7954
06-28 13:02:00.566   965   976 V ActivityManager_MU: bringUpServiceLocked: appInfo.uid=10035 app=ProcessRecord{9d065d6 7122:com.lenovo.lewea/u0a35}
06-28 13:02:00.567   965   976 V ActivityManager_MU: realStartServiceLocked, ServiceRecord.uid = 10035, ProcessRecord.uid = 10035
