06-28 13:02:32.621   965  2473 D PowerManagerService: acquireWakeLockInternal: lock=124205368, flags=0x1, tag="CMWakeLock", ws=WorkSource{10012 com.google.android.gms}, uid=10012, pid=2167
06-28 13:02:32.621   965  2473 D PowerManagerService: updateWakeLockSummaryLocked: mWakefulness=Awake, mWakeLockSummary=0x23
06-28 13:02:32.621   965  2473 D PowerManagerService: updateUserActivitySummaryLocked: mWakefulness=Awake, mUserActivitySummary=0x4, nextTimeout=-1 (56384949 ms ago)
06-28 13:02:32.621   965  2473 D PowerManagerService: updateDisplayPowerStateLocked: mDisplayReady=true, policy=3, mWakefulness=1, mWakeLockSummary=0x23, mUserActivitySummary=0x4, mBootCompleted=true, mScreenBrightnessBoostInProgress=false
06-28 13:02:32.623   965  2473 D PowerManagerNotifier: onWakeLockAcquired: flags=1, tag="CMWakeLock", packageName=com.google.android.gms, ownerUid=10012, ownerPid=2167, workSource=WorkSource{10012 com.google.android.gms}
06-28 13:02:32.628   965  1696 D PowerManagerService: releaseWakeLockInternal: lock=124205368 [CMWakeLock], flags=0x0, total_time=7ms
06-28 13:02:32.628   965  1696 D PowerManagerNotifier: onWakeLockReleased: flags=1, tag="CMWakeLock", packageName=com.google.android.gms, ownerUid=10012, ownerPid=2167, workSource=WorkSource{10012 com.google.android.gms}
06-28 13:02:32.628   965  1696 D PowerManagerService: updateWakeLockSummaryLocked: mWakefulness=Awake, mWakeLockSummary=0x23
06-28 13:02:32.628   965  1696 D PowerManagerService: updateUserActivitySummaryLocked: mWakefulness=Awake, mUserActivitySummary=0x4, nextTimeout=-1 (56384956 ms ago)
06-28 13:02:32.628   965  1696 D PowerManagerService: updateDisplayPowerStateLocked: mDisplayReady=true, policy=3, mWakefulness=1, mWakeLockSummary=0x23, mUserActivitySummary=0x4, mBootCompleted=true, mScreenBrightnessBoostInProgress=false
06-28 13:02:32.634   965  1776 V ActivityManager_MU: getServiceByName(ComponentInfo{com.google.android.gms/com.google.android.gms.udc.service.UdcApiService}), callingUser = 0
06-28 13:02:32.636  2167  2167 D ActivityThread: SVC-Calling onStartCommand: com.google.android.gms.udc.service.UdcApiService@e1e50e7, flags=0, startId=2
06-28 13:02:32.640  2167  2167 D ActivityThread: SVC-SERVICE_ARGS handled : 0 / ServiceArgsData{token=android.os.BinderProxy@ba09ea6 startId=2 args=Intent { cmp=com.google.android.gms/.udc.service.UdcApiService }}
06-28 13:02:32.645   965  1693 D PowerManagerService: acquireWakeLockInternal: lock=124205368, flags=0x1, tag="CMWakeLock", ws=WorkSource{10012 com.google.android.gms}, uid=10012, pid=2167
06-28 13:02:32.645   965  1777 D ConnectivityService: getActiveNetworkInfo networkInfo = [type: WIFI[], state: CONNECTED/CONNECTED, reason: (unspecified), extra: "Pinnacleseven 4", roaming: false, failover: false, isAvailable: true]
06-28 13:02:32.645   965  1693 D PowerManagerService: updateWakeLockSummaryLocked: mWakefulness=Awake, mWakeLockSummary=0x23
06-28 13:02:32.645   965  1693 D PowerManagerService: updateUserActivitySummaryLocked: mWakefulness=Awake, mUserActivitySummary=0x4, nextTimeout=-1 (56384973 ms ago)
06-28 13:02:32.645   965  1693 D PowerManagerService: updateDisplayPowerStateLocked: mDisplayReady=true, policy=3, mWakefulness=1, mWakeLockSummary=0x23, mUserActivitySummary=0x4, mBootCompleted=true, mScreenBrightnessBoostInProgress=false
06-28 13:02:32.645   965  1693 D PowerManagerNotifier: onWakeLockAcquired: flags=1, tag="CMWakeLock", packageName=com.google.android.gms, ownerUid=10012, ownerPid=2167, workSource=WorkSource{10012 com.google.android.gms}
06-28 13:02:32.653   965  1368 D PowerManagerService: releaseWakeLockInternal: lock=124205368 [CMWakeLock], flags=0x0, total_time=8ms
06-28 13:02:32.653   965  1677 V ActivityManager_MU: getServiceByName(ComponentInfo{com.google.android.gms/com.google.android.gms.udc.service.UdcApiService}), callingUser = 0
06-28 13:02:32.653   965  1368 D PowerManagerNotifier: onWakeLockReleased: flags=1, tag="CMWakeLock", packageName=com.google.android.gms, ownerUid=10012, ownerPid=2167, workSource=WorkSource{10012 com.google.android.gms}
06-28 13:02:32.653   965  1368 D PowerManagerService: updateWakeLockSummaryLocked: mWakefulness=Awake, mWakeLockSummary=0x23
06-28 13:02:32.654   965  1368 D PowerManagerService: updateUserActivitySummaryLocked: mWakefulness=Awake, mUserActivitySummary=0x4, nextTimeout=-1 (56384982 ms ago)
06-28 13:02:32.654   965  1368 D PowerManagerService: updateDisplayPowerStateLocked: mDisplayReady=true, policy=3, mWakefulness=1, mWakeLockSummary=0x23, mUserActivitySummary=0x4, mBootCompleted=true, mScreenBrightnessBoostInProgress=false
06-28 13:02:32.662  2167  2167 D ActivityThread: SVC-Calling onStartCommand: com.google.android.gms.udc.service.UdcApiService@e1e50e7, flags=0, startId=3
06-28 13:02:32.662  2167  2167 D ActivityThread: SVC-SERVICE_ARGS handled : 0 / ServiceArgsData{token=android.os.BinderProxy@ba09ea6 startId=3 args=Intent { cmp=com.google.android.gms/.udc.service.UdcApiService }}
06-28 13:02:32.671   965  1776 D PowerManagerService: acquireWakeLockInternal: lock=124205368, flags=0x1, tag="CMWakeLock", ws=WorkSource{10012 com.google.android.gms}, uid=10012, pid=2167
06-28 13:02:32.671   965  1776 D PowerManagerService: updateWakeLockSummaryLocked: mWakefulness=Awake, mWakeLockSummary=0x23
06-28 13:02:32.671   965  1776 D PowerManagerService: updateUserActivitySummaryLocked: mWakefulness=Awake, mUserActivitySummary=0x4, nextTimeout=-1 (56384999 ms ago)
06-28 13:02:32.671   965  1776 D PowerManagerService: updateDisplayPowerStateLocked: mDisplayReady=true, policy=3, mWakefulness=1, mWakeLockSummary=0x23, mUserActivitySummary=0x4, mBootCompleted=true, mScreenBrightnessBoostInProgress=false
06-28 13:02:32.671   965  1776 D PowerManagerNotifier: onWakeLockAcquired: flags=1, tag="CMWakeLock", packageName=com.google.android.gms, ownerUid=10012, ownerPid=2167, workSource=WorkSource{10012 com.google.android.gms}
06-28 13:02:32.679   965  2476 D PowerManagerService: releaseWakeLockInternal: lock=124205368 [CMWakeLock], flags=0x0, total_time=8ms
06-28 13:02:32.679   965  2476 D PowerManagerNotifier: onWakeLockReleased: flags=1, tag="CMWakeLock", packageName=com.google.android.gms, ownerUid=10012, ownerPid=2167, workSource=WorkSource{10012 com.google.android.gms}
06-28 13:02:32.679   965  2476 D PowerManagerService: updateWakeLockSummaryLocked: mWakefulness=Awake, mWakeLockSummary=0x23
06-28 13:02:32.679   965  2476 D PowerManagerService: updateUserActivitySummaryLocked: mWakefulness=Awake, mUserActivitySummary=0x4, nextTimeout=-1 (56385007 ms ago)
06-28 13:02:32.679   965  2476 D PowerManagerService: updateDisplayPowerStateLocked: mDisplayReady=true, policy=3, mWakefulness=1, mWakeLockSummary=0x23, mUserActivitySummary=0x4, mBootCompleted=true, mScreenBrightnessBoostInProgress=false
06-28 13:02:32.682   965   976 V ActivityManager_MU: getServiceByName(ComponentInfo{com.google.android.gms/com.google.android.gms.udc.service.UdcApiService}), callingUser = 0
06-28 13:02:32.684  2167  2167 D ActivityThread: SVC-Calling onStartCommand: com.google.android.gms.udc.service.UdcApiService@e1e50e7, flags=0, startId=4
06-28 13:02:32.684  2167  2167 D ActivityThread: SVC-SERVICE_ARGS handled : 0 / ServiceArgsData{token=android.os.BinderProxy@ba09ea6 startId=4 args=Intent { cmp=com.google.android.gms/.udc.service.UdcApiService }}
06-28 13:02:32.691   965  1693 D PowerManagerService: acquireWakeLockInternal: lock=124205368, flags=0x1, tag="CMWakeLock", ws=WorkSource{10012 com.google.android.gms}, uid=10012, pid=2167
06-28 13:02:32.691   965  1693 D PowerManagerService: updateWakeLockSummaryLocked: mWakefulness=Awake, mWakeLockSummary=0x23
06-28 13:02:32.691   965  1693 D PowerManagerService: updateUserActivitySummaryLocked: mWakefulness=Awake, mUserActivitySummary=0x4, nextTimeout=-1 (56385020 ms ago)
06-28 13:02:32.692   965  1693 D PowerManagerService: updateDisplayPowerStateLocked: mDisplayReady=true, policy=3, mWakefulness=1, mWakeLockSummary=0x23, mUserActivitySummary=0x4, mBootCompleted=true, mScreenBrightnessBoostInProgress=false
06-28 13:02:32.692   965  1693 D PowerManagerNotifier: onWakeLockAcquired: flags=1, tag="CMWakeLock", packageName=com.google.android.gms, ownerUid=10012, ownerPid=2167, workSource=WorkSource{10012 com.google.android.gms}
06-28 13:02:32.695   965  1677 D PowerManagerService: releaseWakeLockInternal: lock=124205368 [CMWakeLock], flags=0x0, total_time=4ms
06-28 13:02:32.696   965  1677 D PowerManagerNotifier: onWakeLockReleased: flags=1, tag="CMWakeLock", packageName=com.google.android.gms, ownerUid=10012, ownerPid=2167, workSource=WorkSource{10012 com.google.android.gms}
06-28 13:02:32.696   965  1677 D PowerManagerService: updateWakeLockSummaryLocked: mWakefulness=Awake, mWakeLockSummary=0x23
06-28 13:02:32.696   965  1677 D PowerManagerService: updateUserActivitySummaryLocked: mWakefulness=Awake, mUserActivitySummary=0x4, nextTimeout=-1 (56385024 ms ago)
06-28 13:02:32.696   965  1677 D PowerManagerService: updateDisplayPowerStateLocked: mDisplayReady=true, policy=3, mWakefulness=1, mWakeLockSummary=0x23, mUserActivitySummary=0x4, mBootCompleted=true, mScreenBrightnessBoostInProgress=false
06-28 13:02:32.700   965  1368 V ActivityManager_MU: getServiceByName(ComponentInfo{com.google.android.gms/com.google.android.gms.udc.service.UdcApiService}), callingUser = 0
06-28 13:02:32.702   965  2472 V ActivityManager_MU: getIntentSenderLocked(): uid=10012
06-28 13:02:32.703   965   975 V AlarmManager: APP set(PendingIntent{3b29d11: PendingIntentRecord{1e0a48 com.google.android.gms broadcastIntent}}) : type=3 triggerAtTime=110037714 win=-1 tElapsed=110037714 maxElapsed=110082712 interval=0 flags=0x0
06-28 13:02:32.704   965   975 D AlarmManager:  whichBatch = -1
06-28 13:02:32.711   965  1778 V ActivityManager_MU: getServiceByName(ComponentInfo{com.google.android.gms/com.google.android.gms.lockbox.LockboxService}), callingUser = 0
06-28 13:02:32.712  2167  2167 D ActivityThread: SVC-Destroying service: com.google.android.gms.lockbox.LockboxService@5456815
06-28 13:02:32.713  2167  2167 D ActivityThread: SVC-STOP_SERVICE handled : 0 / android.os.BinderProxy@aec2fd2
06-28 13:02:33.715   965   991 D AutoBrightnessLenovo: updateAmbientLux: Scheduling ambient lux update for 5638754256387542 (in 1500 ms)
06-28 13:02:33.848   965  1693 W PackageManager: checkUidPermission(): com.android.chrome.permission.DEBUG of 2000 is denied.
06-28 13:02:33.849   965  1677 W PackageManager: checkUidPermission(): com.android.chrome.permission.DEBUG of 2000 is denied.
06-28 13:02:34.743   965  1778 V ActivityManager: Broadcast: Intent { act=com.mobpower.sdk.probe flg=0x10 (has extras) } ordered=false userid=0 callerApp=ProcessRecord{f2ff43b 20553:com.commsource.beautyplus/u0a126}
06-28 13:02:34.743   965  1778 V RestrictedPackageService: filterBroadcastReceiver for com.mobpower.sdk.probe
06-28 13:02:34.744   965   980 V ActivityManager_MU: isSingleton(com.commsource.beautyplus, ApplicationInfo{35836cb com.commsource.beautyplus}, com.mobpower.probe.PowerReceiver, 0x0) = false
06-28 13:02:34.751 20553 20553 D ActivityThread: BDC-Calling onReceive: intent=Intent { act=com.mobpower.sdk.probe flg=0x10 cmp=com.commsource.beautyplus/com.mobpower.probe.PowerReceiver (has extras) }, receiver=com.mobpower.probe.PowerReceiver@9d5662c
06-28 13:02:34.751 20553 20553 D ActivityThread: BDC-Calling onReceive end receiver=class com.mobpower.probe.PowerReceiver
06-28 13:02:34.759 20553 20553 D ActivityThread: BDC-RECEIVER handled : 0 / ReceiverData{intent=Intent { act=com.mobpower.sdk.probe flg=0x10 cmp=com.commsource.beautyplus/com.mobpower.probe.PowerReceiver (has extras) } packageName=com.commsource.beautyplus resultCode=-1 resultData=null resultExtras=null}
06-28 13:02:35.054   965   991 D AutoBrightnessLenovo.LightSensorSample: onSensorChanged: lux = 100.0
06-28 13:02:35.054   965   991 D AutoBrightnessLenovo: updateAmbientLux: Scheduling ambient lux update for 5638888156388881 (in 1500 ms)
06-28 13:02:36.194   965   991 D AutoBrightnessLenovo.LightSensorSample: onSensorChanged: lux = 99.0
06-28 13:02:36.194   965   991 D AutoBrightnessLenovo: updateAmbientLux: Scheduling ambient lux update for 5639002156390021 (in 1500 ms)
06-28 13:02:36.348   965  1693 V ActivityManager: Broadcast sticky: Intent { act=android.intent.action.SIG_STR flg=0x20000010 (has extras) } ordered=false userid=-1 callerApp=ProcessRecord{394e4fd 965:system/1000}
06-28 13:02:36.349   965  1693 V RestrictedPackageService: filterBroadcastReceiver for android.intent.action.SIG_STR
06-28 13:02:36.349   965   980 V ActivityManager_MU: isSingleton(com.lenovo.ideafriend, ApplicationInfo{b0e3e76 com.lenovo.ideafriend}, com.lenovo.ideafriend.mms.android.transaction.MmsSystemEventReceiver, 0x0) = false
06-28 13:02:36.352   965  1677 W PackageManager: checkUidPermission(): android.permission.INTERACT_ACROSS_USERS_FULL of 10126 is denied.
06-28 13:02:36.352   965  1677 W PackageManager: checkUidPermission(): android.permission.REAL_GET_TASKS of 10126 is denied.
06-28 13:02:36.352   965  1677 W ActivityManager: getRunningAppProcesses: caller 10126 does not hold REAL_GET_TASKS; limiting output
06-28 13:02:36.355 26487 26487 D ActivityThread: BDC-Calling onReceive: intent=Intent { act=android.intent.action.SIG_STR flg=0x20000010 cmp=com.lenovo.ideafriend/.mms.android.transaction.MmsSystemEventReceiver (has extras) }, receiver=com.lenovo.ideafriend.mms.android.transaction.MmsSystemEventReceiver@6721769
06-28 13:02:36.355 26487 26487 D ActivityThread: BDC-Calling onReceive end receiver=class com.lenovo.ideafriend.mms.android.transaction.MmsSystemEventReceiver
06-28 13:02:36.357 26487 26487 D ActivityThread: BDC-RECEIVER handled : 0 / ReceiverData{intent=Intent { act=android.intent.action.SIG_STR flg=0x20000010 cmp=com.lenovo.ideafriend/.mms.android.transaction.MmsSystemEventReceiver (has extras) } packageName=com.lenovo.ideafriend resultCode=-1 resultData=null resultExtras=null}
06-28 13:02:36.377   965   975 W PackageManager: checkUidPermission(): com.android.chrome.permission.DEBUG of 2000 is denied.
06-28 13:02:36.380   965  1676 W PackageManager: checkUidPermission(): com.android.chrome.permission.DEBUG of 2000 is denied.
06-28 13:02:36.764   965   991 D AutoBrightnessLenovo.LightSensorSample: onSensorChanged: lux = 100.0
06-28 13:02:36.764   965   991 D AutoBrightnessLenovo: updateAmbientLux: Scheduling ambient lux update for 5639059156390591 (in 1500 ms)
06-28 13:02:37.636  2167  2167 D ActivityThread: SVC-UNBIND_SERVICE handled : 0 / BindServiceData{token=android.os.BinderProxy@ba09ea6 intent=Intent { act=com.google.android.gms.udc.service.START pkg=com.google.android.gms }}
06-28 13:02:37.636  2167  2167 D ActivityThread: SVC-Destroying service: com.google.android.gms.udc.service.UdcApiService@e1e50e7
06-28 13:02:37.636  2167  2167 D ActivityThread: SVC-STOP_SERVICE handled : 0 / android.os.BinderProxy@ba09ea6
06-28 13:02:37.714  2167  2167 D ActivityThread: SVC-UNBIND_SERVICE handled : 0 / BindServiceData{token=android.os.BinderProxy@8d898d0 intent=Intent { act=com.google.android.gms.lockbox.service.START pkg=com.google.android.gms }}
06-28 13:02:37.714  2167  2167 D ActivityThread: SVC-Destroying service: com.google.android.gms.lockbox.service.LockboxBrokerService@3a8a0c9
06-28 13:02:37.714  2167  2167 D ActivityThread: SVC-STOP_SERVICE handled : 0 / android.os.BinderProxy@8d898d0
06-28 13:02:37.832   965  1693 W PackageManager: checkUidPermission(): com.android.chrome.permission.DEBUG of 2000 is denied.
06-28 13:02:37.833   965  1677 W PackageManager: checkUidPermission(): com.android.chrome.permission.DEBUG of 2000 is denied.
06-28 13:02:38.266   965   991 D AutoBrightnessLenovo: updateAmbientLux: Scheduling ambient lux update for 5639209356392093 (in 1500 ms)
06-28 13:02:38.455   965   991 D AutoBrightnessLenovo.LightSensorSample: onSensorChanged: lux = 101.0
06-28 13:02:38.455   965   991 D AutoBrightnessLenovo: updateAmbientLux: Scheduling ambient lux update for 5639228256392282 (in 1500 ms)
06-28 13:02:39.296   965  1660 W PackageManager: checkUidPermission(): com.android.chrome.permission.DEBUG of 2000 is denied.
06-28 13:02:39.297   965  1777 W PackageManager: checkUidPermission(): com.android.chrome.permission.DEBUG of 2000 is denied.
06-28 13:02:39.594   965   991 D AutoBrightnessLenovo.LightSensorSample: onSensorChanged: lux = 104.0
06-28 13:02:39.594   965   991 D AutoBrightnessLenovo: updateAmbientLux: Scheduling ambient lux update for 5639342156393421 (in 1500 ms)
06-28 13:02:40.858   965  1368 W PackageManager: checkUidPermission(): com.android.chrome.permission.DEBUG of 2000 is denied.
06-28 13:02:40.859   965  2472 W PackageManager: checkUidPermission(): com.android.chrome.permission.DEBUG of 2000 is denied.
06-28 13:02:41.096   965   991 D AutoBrightnessLenovo: updateAmbientLux: Scheduling ambient lux update for 5639492356394923 (in 1500 ms)
06-28 13:02:41.294   965   991 D AutoBrightnessLenovo.LightSensorSample: onSensorChanged: lux = 103.0
06-28 13:02:41.294   965   991 D AutoBrightnessLenovo: updateAmbientLux: Scheduling ambient lux update for 5639512156395121 (in 1500 ms)
06-28 13:02:41.471   965  1776 V ActivityManager: Broadcast sticky: Intent { act=android.intent.action.SIG_STR flg=0x20000010 (has extras) } ordered=false userid=-1 callerApp=ProcessRecord{394e4fd 965:system/1000}
06-28 13:02:41.472   965  1776 V RestrictedPackageService: filterBroadcastReceiver for android.intent.action.SIG_STR
06-28 13:02:41.472   965   980 V ActivityManager_MU: isSingleton(com.lenovo.ideafriend, ApplicationInfo{15cbc77 com.lenovo.ideafriend}, com.lenovo.ideafriend.mms.android.transaction.MmsSystemEventReceiver, 0x0) = false
06-28 13:02:41.476 26487 26487 D ActivityThread: BDC-Calling onReceive: intent=Intent { act=android.intent.action.SIG_STR flg=0x20000010 cmp=com.lenovo.ideafriend/.mms.android.transaction.MmsSystemEventReceiver (has extras) }, receiver=com.lenovo.ideafriend.mms.android.transaction.MmsSystemEventReceiver@5ec25ee
06-28 13:02:41.476 26487 26487 D ActivityThread: BDC-Calling onReceive end receiver=class com.lenovo.ideafriend.mms.android.transaction.MmsSystemEventReceiver
06-28 13:02:41.477 26487 26487 D ActivityThread: BDC-RECEIVER handled : 0 / ReceiverData{intent=Intent { act=android.intent.action.SIG_STR flg=0x20000010 cmp=com.lenovo.ideafriend/.mms.android.transaction.MmsSystemEventReceiver (has extras) } packageName=com.lenovo.ideafriend resultCode=-1 resultData=null resultExtras=null}
06-28 13:02:41.854   965   991 D AutoBrightnessLenovo.LightSensorSample: onSensorChanged: lux = 104.0
06-28 13:02:41.854   965   991 D AutoBrightnessLenovo: updateAmbientLux: Scheduling ambient lux update for 5639568156395681 (in 1500 ms)
06-28 13:02:42.001   965  1677 W PackageManager: checkUidPermission(): com.android.chrome.permission.DEBUG of 2000 is denied.
06-28 13:02:42.002   965  1368 W PackageManager: checkUidPermission(): com.android.chrome.permission.DEBUG of 2000 is denied.
06-28 13:02:43.356   965   991 D AutoBrightnessLenovo: updateAmbientLux: Scheduling ambient lux update for 5639718356397183 (in 1500 ms)
06-28 13:02:44.311   965  1777 W PackageManager: checkUidPermission(): com.android.chrome.permission.DEBUG of 2000 is denied.
06-28 13:02:44.312   965  1693 W PackageManager: checkUidPermission(): com.android.chrome.permission.DEBUG of 2000 is denied.
06-28 13:02:44.751   965  2476 V ActivityManager: Broadcast: Intent { act=com.mobpower.sdk.probe flg=0x10 (has extras) } ordered=false userid=0 callerApp=ProcessRecord{f2ff43b 20553:com.commsource.beautyplus/u0a126}
06-28 13:02:44.752   965  2476 V RestrictedPackageService: filterBroadcastReceiver for com.mobpower.sdk.probe
06-28 13:02:44.752   965   980 V ActivityManager_MU: isSingleton(com.commsource.beautyplus, ApplicationInfo{35836cb com.commsource.beautyplus}, com.mobpower.probe.PowerReceiver, 0x0) = false
06-28 13:02:44.758 20553 20553 D ActivityThread: BDC-Calling onReceive: intent=Intent { act=com.mobpower.sdk.probe flg=0x10 cmp=com.commsource.beautyplus/com.mobpower.probe.PowerReceiver (has extras) }, receiver=com.mobpower.probe.PowerReceiver@70618f5
06-28 13:02:44.758 20553 20553 D ActivityThread: BDC-Calling onReceive end receiver=class com.mobpower.probe.PowerReceiver
06-28 13:02:44.763 20553 20553 D ActivityThread: BDC-RECEIVER handled : 0 / ReceiverData{intent=Intent { act=com.mobpower.sdk.probe flg=0x10 cmp=com.commsource.beautyplus/com.mobpower.probe.PowerReceiver (has extras) } packageName=com.commsource.beautyplus resultCode=-1 resultData=null resultExtras=null}
06-28 13:02:44.857   965   991 D AutoBrightnessLenovo: updateAmbientLux: Scheduling ambient lux update for 5639868456398684 (in 1500 ms)
06-28 13:02:45.540   965  1676 W PackageManager: checkUidPermission(): com.android.chrome.permission.DEBUG of 2000 is denied.
06-28 13:02:45.543   965  2473 W PackageManager: checkUidPermission(): com.android.chrome.permission.DEBUG of 2000 is denied.
06-28 13:02:46.359   965   991 D AutoBrightnessLenovo: updateAmbientLux: Scheduling ambient lux update for 5640018656400186 (in 1500 ms)
06-28 13:02:46.586   965  1676 V ActivityManager: Broadcast sticky: Intent { act=android.intent.action.SIG_STR flg=0x20000010 (has extras) } ordered=false userid=-1 callerApp=ProcessRecord{394e4fd 965:system/1000}
06-28 13:02:46.586   965  1676 V RestrictedPackageService: filterBroadcastReceiver for android.intent.action.SIG_STR
06-28 13:02:46.587   965   980 V ActivityManager_MU: isSingleton(com.lenovo.ideafriend, ApplicationInfo{f2b0e4 com.lenovo.ideafriend}, com.lenovo.ideafriend.mms.android.transaction.MmsSystemEventReceiver, 0x0) = false
06-28 13:02:46.589 26487 26487 D ActivityThread: BDC-Calling onReceive: intent=Intent { act=android.intent.action.SIG_STR flg=0x20000010 cmp=com.lenovo.ideafriend/.mms.android.transaction.MmsSystemEventReceiver (has extras) }, receiver=com.lenovo.ideafriend.mms.android.transaction.MmsSystemEventReceiver@d2eda8f
06-28 13:02:46.589 26487 26487 D ActivityThread: BDC-Calling onReceive end receiver=class com.lenovo.ideafriend.mms.android.transaction.MmsSystemEventReceiver
06-28 13:02:46.591 26487 26487 D ActivityThread: BDC-RECEIVER handled : 0 / ReceiverData{intent=Intent { act=android.intent.action.SIG_STR flg=0x20000010 cmp=com.lenovo.ideafriend/.mms.android.transaction.MmsSystemEventReceiver (has extras) } packageName=com.lenovo.ideafriend resultCode=-1 resultData=null resultExtras=null}
06-28 13:02:47.181   965  1368 W PackageManager: checkUidPermission(): com.android.chrome.permission.DEBUG of 2000 is denied.
06-28 13:02:47.183   965  2472 W PackageManager: checkUidPermission(): com.android.chrome.permission.DEBUG of 2000 is denied.
06-28 13:02:47.860   965   991 D AutoBrightnessLenovo: updateAmbientLux: Scheduling ambient lux update for 5640168756401687 (in 1500 ms)
06-28 13:02:48.244   320   955 D SocketClient: SocketClient sendData done: 600 Iface linkstate wlan0 up
06-28 13:02:48.244   965  1274 D NetdConnector: RCV <- {600 Iface linkstate wlan0 up}
06-28 13:02:48.245   965   982 D NetworkManagement: onEvent:600 Iface linkstate wlan0 up:5
06-28 13:02:48.289   320   961 D SocketClient: SocketClient sendData done: 
06-28 13:02:48.291   320   961 D SocketClient: SocketClient sendData done: 
06-28 13:02:48.295   965  1776 W PackageManager: checkUidPermission(): android.permission.LOCAL_MAC_ADDRESS of 10104 is denied.
06-28 13:02:48.593   320   954 D SocketClient: SocketClient sendData done: 613 IfaceClass idle 1 109993606151575
06-28 13:02:48.594   965  1274 D NetdConnector: RCV <- {613 IfaceClass idle 1 109993606151575}
06-28 13:02:48.594   965   982 D NetworkManagement: onEvent:613 IfaceClass idle 1 109993606151575:5
06-28 13:02:48.595   965   982 V ActivityManager: Broadcast: Intent { act=android.net.conn.DATA_ACTIVITY_CHANGE flg=0x10 (has extras) } ordered=true userid=-1 callerApp=ProcessRecord{394e4fd 965:system/1000}
06-28 13:02:48.596   965   982 V ActivityManager: Broadcast sticky: Intent { act=android.net.conn.DATA_ACTIVITY_CHANGE_CT flg=0x10 (has extras) } ordered=false userid=-1 callerApp=ProcessRecord{394e4fd 965:system/1000}
06-28 13:02:48.597  2167  2167 D ActivityThread: BDC-Calling onReceive end receiver=class qyj
06-28 13:02:48.597  2167  2167 D ActivityThread: BDC-Calling finishReceiver: IIntentReceiver=15c73f0
06-28 13:02:49.361   965   991 D AutoBrightnessLenovo: updateAmbientLux: Scheduling ambient lux update for 5640318856403188 (in 1500 ms)
06-28 13:02:49.512   320   954 D SocketClient: SocketClient sendData done: 613 IfaceClass active 1 109994524721652 0
06-28 13:02:49.512   965  1274 D NetdConnector: RCV <- {613 IfaceClass active 1 109994524721652 0}
06-28 13:02:49.515   965   982 D NetworkManagement: onEvent:613 IfaceClass active 1 109994524721652 0:6
06-28 13:02:49.517   965   982 V ActivityManager: Broadcast: Intent { act=android.net.conn.DATA_ACTIVITY_CHANGE flg=0x10 (has extras) } ordered=true userid=-1 callerApp=ProcessRecord{394e4fd 965:system/1000}
06-28 13:02:49.519   965   982 V ActivityManager: Broadcast sticky: Intent { act=android.net.conn.DATA_ACTIVITY_CHANGE_CT flg=0x10 (has extras) } ordered=false userid=-1 callerApp=ProcessRecord{394e4fd 965:system/1000}
06-28 13:02:49.519  2167  2167 D ActivityThread: BDC-Calling onReceive end receiver=class qyj
06-28 13:02:49.519  2167  2167 D ActivityThread: BDC-Calling finishReceiver: IIntentReceiver=15c73f0
06-28 13:02:49.580   965  1542 W Watchdog: SWT Watchdog after wait current time:56401907
06-28 13:02:49.581   965  1542 W Watchdog: **Get SF Time **1
06-28 13:02:49.581   965  1542 W Watchdog: SWT Watchdog before synchronized:56401909
06-28 13:02:49.582   965  1542 W Watchdog: SWT Watchdog after synchronized:56401909
06-28 13:02:49.582   965  1542 W Watchdog: SWT Watchdog before wait timeout:30000
06-28 13:02:49.582   965  1542 W Watchdog: SWT Watchdog before wait current time:56401909
06-28 13:02:49.582   965  1542 W Watchdog: SWT Watchdog before wait start:56401909
06-28 13:02:49.582   965  1542 W Watchdog: SWT Watchdog before wait CHECK_INTERVAL:30000
06-28 13:02:49.825   965   991 D AutoBrightnessLenovo.LightSensorSample: onSensorChanged: lux = 99.0
06-28 13:02:49.825   965   991 D AutoBrightnessLenovo: updateAmbientLux: Scheduling ambient lux update for 5640365156403651 (in 1499 ms)
06-28 13:02:49.940   965  3767 V ActivityManager: Broadcast sticky: Intent { act=android.intent.action.SIG_STR flg=0x20000010 (has extras) } ordered=false userid=-1 callerApp=ProcessRecord{394e4fd 965:system/1000}
06-28 13:02:49.940   965  3767 V RestrictedPackageService: filterBroadcastReceiver for android.intent.action.SIG_STR
06-28 13:02:49.941   965   980 V ActivityManager_MU: isSingleton(com.lenovo.ideafriend, ApplicationInfo{d92f94d com.lenovo.ideafriend}, com.lenovo.ideafriend.mms.android.transaction.MmsSystemEventReceiver, 0x0) = false
06-28 13:02:49.944 26487 26487 D ActivityThread: BDC-Calling onReceive: intent=Intent { act=android.intent.action.SIG_STR flg=0x20000010 cmp=com.lenovo.ideafriend/.mms.android.transaction.MmsSystemEventReceiver (has extras) }, receiver=com.lenovo.ideafriend.mms.android.transaction.MmsSystemEventReceiver@d24d11c
06-28 13:02:49.944 26487 26487 D ActivityThread: BDC-Calling onReceive end receiver=class com.lenovo.ideafriend.mms.android.transaction.MmsSystemEventReceiver
06-28 13:02:49.944   965  1749 W PackageManager: checkUidPermission(): com.android.chrome.permission.DEBUG of 2000 is denied.
06-28 13:02:49.944 26487 26487 D ActivityThread: BDC-RECEIVER handled : 0 / ReceiverData{intent=Intent { act=android.intent.action.SIG_STR flg=0x20000010 cmp=com.lenovo.ideafriend/.mms.android.transaction.MmsSystemEventReceiver (has extras) } packageName=com.lenovo.ideafriend resultCode=-1 resultData=null resultExtras=null}
06-28 13:02:49.946   965  1777 W PackageManager: checkUidPermission(): com.android.chrome.permission.DEBUG of 2000 is denied.
06-28 13:02:50.394   965   991 D AutoBrightnessLenovo.LightSensorSample: onSensorChanged: lux = 104.0
06-28 13:02:50.395   965   991 D AutoBrightnessLenovo: updateAmbientLux: Scheduling ambient lux update for 5640422156404221 (in 1499 ms)
06-28 13:02:50.964   965   991 D AutoBrightnessLenovo.LightSensorSample: onSensorChanged: lux = 103.0
06-28 13:02:50.964   965   991 D AutoBrightnessLenovo: updateAmbientLux: Scheduling ambient lux update for 5640479156404791 (in 1500 ms)
06-28 13:02:51.714   965  1777 V ActivityManager: Broadcast sticky: Intent { act=android.intent.action.SIG_STR flg=0x20000010 (has extras) } ordered=false userid=-1 callerApp=ProcessRecord{394e4fd 965:system/1000}
06-28 13:02:51.714   965  1777 V RestrictedPackageService: filterBroadcastReceiver for android.intent.action.SIG_STR
06-28 13:02:51.715   965   980 V ActivityManager_MU: isSingleton(com.lenovo.ideafriend, ApplicationInfo{e17cc02 com.lenovo.ideafriend}, com.lenovo.ideafriend.mms.android.transaction.MmsSystemEventReceiver, 0x0) = false
06-28 13:02:51.718 26487 26487 D ActivityThread: BDC-Calling onReceive: intent=Intent { act=android.intent.action.SIG_STR flg=0x20000010 cmp=com.lenovo.ideafriend/.mms.android.transaction.MmsSystemEventReceiver (has extras) }, receiver=com.lenovo.ideafriend.mms.android.transaction.MmsSystemEventReceiver@80bc125
06-28 13:02:51.718 26487 26487 D ActivityThread: BDC-Calling onReceive end receiver=class com.lenovo.ideafriend.mms.android.transaction.MmsSystemEventReceiver
06-28 13:02:51.722 26487 26487 D ActivityThread: BDC-RECEIVER handled : 0 / ReceiverData{intent=Intent { act=android.intent.action.SIG_STR flg=0x20000010 cmp=com.lenovo.ideafriend/.mms.android.transaction.MmsSystemEventReceiver (has extras) } packageName=com.lenovo.ideafriend resultCode=-1 resultData=null resultExtras=null}
06-28 13:02:51.844   965  1676 W PackageManager: checkUidPermission(): com.android.chrome.permission.DEBUG of 2000 is denied.
06-28 13:02:51.845   965  2473 W PackageManager: checkUidPermission(): com.android.chrome.permission.DEBUG of 2000 is denied.
06-28 13:02:52.035   320   961 D SocketClient: SocketClient sendData done: 
06-28 13:02:52.036   320   961 D SocketClient: SocketClient sendData done: 
06-28 13:02:52.043   965  1776 W PackageManager: checkUidPermission(): android.permission.LOCAL_MAC_ADDRESS of 10104 is denied.
06-28 13:02:52.104   965   991 D AutoBrightnessLenovo.LightSensorSample: onSensorChanged: lux = 102.0
06-28 13:02:52.104   965   991 D AutoBrightnessLenovo: updateAmbientLux: Scheduling ambient lux update for 5640593156405931 (in 1500 ms)
06-28 13:02:53.606   965   991 D AutoBrightnessLenovo: updateAmbientLux: Scheduling ambient lux update for 5640743356407433 (in 1500 ms)
06-28 13:02:53.814   965   991 D AutoBrightnessLenovo.LightSensorSample: onSensorChanged: lux = 101.0
06-28 13:02:53.814   965   991 D AutoBrightnessLenovo: updateAmbientLux: Scheduling ambient lux update for 5640764156407641 (in 1500 ms)
06-28 13:02:53.922   965  1693 W PackageManager: checkUidPermission(): com.android.chrome.permission.DEBUG of 2000 is denied.
06-28 13:02:53.923   965  1677 W PackageManager: checkUidPermission(): com.android.chrome.permission.DEBUG of 2000 is denied.
06-28 13:02:54.561   965   990 W ProcessCpuTracker: Skipping unknown process pid 26165
06-28 13:02:54.561   965   990 W ProcessCpuTracker: Skipping unknown process pid 26166
06-28 13:02:54.759   965  1696 V ActivityManager: Broadcast: Intent { act=com.mobpower.sdk.probe flg=0x10 (has extras) } ordered=false userid=0 callerApp=ProcessRecord{f2ff43b 20553:com.commsource.beautyplus/u0a126}
06-28 13:02:54.759   965  1696 V RestrictedPackageService: filterBroadcastReceiver for com.mobpower.sdk.probe
06-28 13:02:54.760   965   980 V ActivityManager_MU: isSingleton(com.commsource.beautyplus, ApplicationInfo{35836cb com.commsource.beautyplus}, com.mobpower.probe.PowerReceiver, 0x0) = false
06-28 13:02:54.767 20553 20553 D ActivityThread: BDC-Calling onReceive: intent=Intent { act=com.mobpower.sdk.probe flg=0x10 cmp=com.commsource.beautyplus/com.mobpower.probe.PowerReceiver (has extras) }, receiver=com.mobpower.probe.PowerReceiver@bb1768a
06-28 13:02:54.768 20553 20553 D ActivityThread: BDC-Calling onReceive end receiver=class com.mobpower.probe.PowerReceiver
06-28 13:02:54.774 20553 20553 D ActivityThread: BDC-RECEIVER handled : 0 / ReceiverData{intent=Intent { act=com.mobpower.sdk.probe flg=0x10 cmp=com.commsource.beautyplus/com.mobpower.probe.PowerReceiver (has extras) } packageName=com.commsource.beautyplus resultCode=-1 resultData=null resultExtras=null}
06-28 13:02:55.315   965   991 D AutoBrightnessLenovo: updateAmbientLux: Scheduling ambient lux update for 5640914256409142 (in 1500 ms)
06-28 13:02:55.524   965   991 D AutoBrightnessLenovo.LightSensorSample: onSensorChanged: lux = 100.0
06-28 13:02:55.524   965   991 D AutoBrightnessLenovo: updateAmbientLux: Scheduling ambient lux update for 5640935156409351 (in 1500 ms)
06-28 13:02:55.714   965  1696 W PackageManager: checkUidPermission(): com.android.chrome.permission.DEBUG of 2000 is denied.
06-28 13:02:55.716   965  1776 W PackageManager: checkUidPermission(): com.android.chrome.permission.DEBUG of 2000 is denied.
06-28 13:02:56.084   965   991 D AutoBrightnessLenovo.LightSensorSample: onSensorChanged: lux = 99.0
06-28 13:02:56.084   965   991 D AutoBrightnessLenovo: updateAmbientLux: Scheduling ambient lux update for 5640991156409911 (in 1500 ms)
06-28 13:02:56.830   965  2476 V ActivityManager: Broadcast sticky: Intent { act=android.intent.action.SIG_STR flg=0x20000010 (has extras) } ordered=false userid=-1 callerApp=ProcessRecord{394e4fd 965:system/1000}
06-28 13:02:56.830   965  2476 V RestrictedPackageService: filterBroadcastReceiver for android.intent.action.SIG_STR
06-28 13:02:56.831   965   980 V ActivityManager_MU: isSingleton(com.lenovo.ideafriend, ApplicationInfo{bd6a913 com.lenovo.ideafriend}, com.lenovo.ideafriend.mms.android.transaction.MmsSystemEventReceiver, 0x0) = false
06-28 13:02:56.837 26487 26487 D ActivityThread: BDC-Calling onReceive: intent=Intent { act=android.intent.action.SIG_STR flg=0x20000010 cmp=com.lenovo.ideafriend/.mms.android.transaction.MmsSystemEventReceiver (has extras) }, receiver=com.lenovo.ideafriend.mms.android.transaction.MmsSystemEventReceiver@978b2fa
06-28 13:02:56.838 26487 26487 D ActivityThread: BDC-Calling onReceive end receiver=class com.lenovo.ideafriend.mms.android.transaction.MmsSystemEventReceiver
06-28 13:02:56.842 26487 26487 D ActivityThread: BDC-RECEIVER handled : 0 / ReceiverData{intent=Intent { act=android.intent.action.SIG_STR flg=0x20000010 cmp=com.lenovo.ideafriend/.mms.android.transaction.MmsSystemEventReceiver (has extras) } packageName=com.lenovo.ideafriend resultCode=-1 resultData=null resultExtras=null}
06-28 13:02:57.160   965  1693 W PackageManager: checkUidPermission(): com.android.chrome.permission.DEBUG of 2000 is denied.
06-28 13:02:57.161   965  1677 W PackageManager: checkUidPermission(): com.android.chrome.permission.DEBUG of 2000 is denied.
06-28 13:02:57.586   965   991 D AutoBrightnessLenovo: updateAmbientLux: Scheduling ambient lux update for 5641141356411413 (in 1500 ms)
06-28 13:02:57.794   965   991 D AutoBrightnessLenovo.LightSensorSample: onSensorChanged: lux = 98.0
06-28 13:02:57.794   965   991 D AutoBrightnessLenovo: updateAmbientLux: Scheduling ambient lux update for 5641162156411621 (in 1500 ms)
06-28 13:02:58.021   965  2472 V ActivityManager: Broadcast sticky: Intent { act=android.intent.action.SIG_STR flg=0x20000010 (has extras) } ordered=false userid=-1 callerApp=ProcessRecord{394e4fd 965:system/1000}
06-28 13:02:58.021   965  2472 V RestrictedPackageService: filterBroadcastReceiver for android.intent.action.SIG_STR
06-28 13:02:58.023   965   980 V ActivityManager_MU: isSingleton(com.lenovo.ideafriend, ApplicationInfo{99bf750 com.lenovo.ideafriend}, com.lenovo.ideafriend.mms.android.transaction.MmsSystemEventReceiver, 0x0) = false
06-28 13:02:58.030 26487 26487 D ActivityThread: BDC-Calling onReceive: intent=Intent { act=android.intent.action.SIG_STR flg=0x20000010 cmp=com.lenovo.ideafriend/.mms.android.transaction.MmsSystemEventReceiver (has extras) }, receiver=com.lenovo.ideafriend.mms.android.transaction.MmsSystemEventReceiver@64890ab
06-28 13:02:58.030 26487 26487 D ActivityThread: BDC-Calling onReceive end receiver=class com.lenovo.ideafriend.mms.android.transaction.MmsSystemEventReceiver
06-28 13:02:58.036 26487 26487 D ActivityThread: BDC-RECEIVER handled : 0 / ReceiverData{intent=Intent { act=android.intent.action.SIG_STR flg=0x20000010 cmp=com.lenovo.ideafriend/.mms.android.transaction.MmsSystemEventReceiver (has extras) } packageName=com.lenovo.ideafriend resultCode=-1 resultData=null resultExtras=null}
06-28 13:02:58.827   965  1677 W PackageManager: checkUidPermission(): com.android.chrome.permission.DEBUG of 2000 is denied.
06-28 13:02:58.829   965  1368 W PackageManager: checkUidPermission(): com.android.chrome.permission.DEBUG of 2000 is denied.
06-28 13:02:58.934   965   991 D AutoBrightnessLenovo.LightSensorSample: onSensorChanged: lux = 97.0
06-28 13:02:58.934   965   991 D AutoBrightnessLenovo: updateAmbientLux: Scheduling ambient lux update for 5641276156412761 (in 1500 ms)
06-28 13:03:00.000   965  1267 D AlarmManager: set alarm to RTC 110005566
06-28 13:03:00.000   965  1267 D DataShapingService: Alarm manager openLteDataUpLinkGate: false
06-28 13:03:00.000   965  1267 V AlarmManager: openLteGateSuccess = false
06-28 13:03:00.000   965  1267 V ActivityManager: Broadcast: Intent { act=android.intent.action.TIME_TICK flg=0x50000114 (has extras) } ordered=true userid=-1 callerApp=null
06-28 13:03:00.002   965   965 V AlarmManager: isPowerSavingStart  mIsEnabled = true   mIsUsbConnected = true   mScreenOff = false   mIsWFDConnected = false
06-28 13:03:00.002   965   965 D ActivityThread: BDC-Calling finishReceiver: IIntentReceiver=a4ff0d0
06-28 13:03:00.003   965   965 V AlarmManager: mSupportAlarmGrouping = true  mAmPlus = com.mediatek.amplus.AlarmManagerPlus@d7a9ae4
06-28 13:03:00.005   965  1267 V AlarmManager: sending alarm Alarm{4a2dd49 type 3 when 110005013 android} success
06-28 13:03:00.005   965  1267 D PowerManagerService: acquireWakeLockInternal: lock=95337606, flags=0x40000001, tag="*alarm*", ws=WorkSource{1000}, uid=1000, pid=965
06-28 13:03:00.005   965  1267 D PowerManagerService: updateWakeLockSummaryLocked: mWakefulness=Awake, mWakeLockSummary=0x23
06-28 13:03:00.005   965  1267 D PowerManagerService: updateUserActivitySummaryLocked: mWakefulness=Awake, mUserActivitySummary=0x4, nextTimeout=-1 (56412333 ms ago)
06-28 13:03:00.005   965  1267 D PowerManagerService: updateDisplayPowerStateLocked: mDisplayReady=true, policy=3, mWakefulness=1, mWakeLockSummary=0x23, mUserActivitySummary=0x4, mBootCompleted=true, mScreenBrightnessBoostInProgress=false
06-28 13:03:00.007   965  1267 D PowerManagerNotifier: onWakeLockAcquired: flags=1073741825, tag="*alarm*", packageName=android, ownerUid=1000, ownerPid=965, workSource=WorkSource{1000}
06-28 13:03:00.008   965   965 V AlarmManager: APP set(PendingIntent{860870b: PendingIntentRecord{7c109e8 android broadcastIntent}}) : type=3 triggerAtTime=110065013 win=0 tElapsed=110065013 maxElapsed=110065013 interval=0 flags=0x1
06-28 13:03:00.009   965   965 D AlarmManager:  whichBatch = -1
06-28 13:03:00.009   965   965 D ActivityThread: BDC-Calling finishReceiver: IIntentReceiver=30b49fc
06-28 13:03:00.011  1333  1333 D ActivityThread: BDC-Calling onReceive end receiver=class com.lenovo.keyguard.adapter.LenovoAdapterMtk$1
06-28 13:03:00.011  1333  1333 D ActivityThread: BDC-Calling finishReceiver: IIntentReceiver=c477a9c
06-28 13:03:00.012   965  1660 D AlarmManager: getNextAlarmClockImpl is called before Lock 
06-28 13:03:00.012   965  1660 D AlarmManager: getNextAlarmClockImpl is called in Lock 
06-28 13:03:00.027  1333  1333 D ActivityThread: BDC-Calling onReceive end receiver=class com.android.systemui.statusbar.KeyguardIndicationController$2
06-28 13:03:00.027  1333  1333 D ActivityThread: BDC-Calling finishReceiver: IIntentReceiver=272eca5
06-28 13:03:00.033  1333  1333 D ActivityThread: BDC-Calling onReceive end receiver=class com.android.systemui.statusbar.policy.Clock$1
06-28 13:03:00.033  1333  1333 D ActivityThread: BDC-Calling finishReceiver: IIntentReceiver=1c4682b
06-28 13:03:00.049  1333  1333 D ActivityThread: BDC-Calling onReceive end receiver=class android.widget.TextClock$2
06-28 13:03:00.049  1333  1333 D ActivityThread: BDC-Calling finishReceiver: IIntentReceiver=49fa488
06-28 13:03:00.053  1333  1333 D ActivityThread: BDC-Calling onReceive end receiver=class android.widget.TextClock$2
06-28 13:03:00.053  1333  1333 D ActivityThread: BDC-Calling finishReceiver: IIntentReceiver=54aae21
06-28 13:03:00.064  1333  1333 D ActivityThread: BDC-Calling onReceive end receiver=class com.android.systemui.statusbar.policy.Clock$1
06-28 13:03:00.064  1333  1333 D ActivityThread: BDC-Calling finishReceiver: IIntentReceiver=f1f5c07
06-28 13:03:00.080  1333  1333 D ActivityThread: BDC-Calling onReceive end receiver=class com.android.systemui.statusbar.policy.DateView$1
06-28 13:03:00.080  1333  1333 D ActivityThread: BDC-Calling finishReceiver: IIntentReceiver=2ce8134
06-28 13:03:00.083  1333  1333 D ActivityThread: BDC-Calling onReceive end receiver=class com.android.systemui.statusbar.policy.DateView$1
06-28 13:03:00.083  1333  1333 D ActivityThread: BDC-Calling finishReceiver: IIntentReceiver=f830b5d
06-28 13:03:00.090  1333  1333 D ActivityThread: BDC-Calling onReceive end receiver=class android.widget.TextClock$2
06-28 13:03:00.090  1333  1333 D ActivityThread: BDC-Calling finishReceiver: IIntentReceiver=f305cd2
06-28 13:03:00.114  1333  1333 D ActivityThread: BDC-Calling onReceive end receiver=class android.widget.TextClock$2
06-28 13:03:00.114  1333  1333 D ActivityThread: BDC-Calling finishReceiver: IIntentReceiver=4bb1a3
06-28 13:03:00.135  1333  1333 D ActivityThread: BDC-Calling onReceive end receiver=class com.android.systemui.statusbar.policy.Clock$1
06-28 13:03:00.135  1333  1333 D ActivityThread: BDC-Calling finishReceiver: IIntentReceiver=aea0059
06-28 13:03:00.150  1333  1333 D ActivityThread: BDC-Calling onReceive end receiver=class android.widget.DateTimeView$ReceiverInfo$1
06-28 13:03:00.150  1333  1333 D ActivityThread: BDC-Calling finishReceiver: IIntentReceiver=20fd798
06-28 13:03:00.156  1780  1780 D ActivityThread: BDC-Calling onReceive end receiver=class android.widget.lenovoweather.CodeThemeScript1Plug$IntentReceiver
06-28 13:03:00.156  1780  1780 D ActivityThread: BDC-Calling finishReceiver: IIntentReceiver=f4db9f
06-28 13:03:00.163   965   965 D AlarmManager: onSendFinished begin
06-28 13:03:00.164   965   965 D PowerManagerService: releaseWakeLockInternal: lock=95337606 [*alarm*], flags=0x0, total_time=159ms
06-28 13:03:00.164   965   965 D PowerManagerNotifier: onWakeLockReleased: flags=1073741825, tag="*alarm*", packageName=android, ownerUid=1000, ownerPid=965, workSource=WorkSource{1000}
06-28 13:03:00.164   965   965 D PowerManagerService: updateWakeLockSummaryLocked: mWakefulness=Awake, mWakeLockSummary=0x23
06-28 13:03:00.164   965   965 D PowerManagerService: updateUserActivitySummaryLocked: mWakefulness=Awake, mUserActivitySummary=0x4, nextTimeout=-1 (56412492 ms ago)
06-28 13:03:00.164   965   965 D PowerManagerService: updateDisplayPowerStateLocked: mDisplayReady=true, policy=3, mWakefulness=1, mWakeLockSummary=0x23, mUserActivitySummary=0x4, mBootCompleted=true, mScreenBrightnessBoostInProgress=false
06-28 13:03:00.435   965   991 D AutoBrightnessLenovo: updateAmbientLux: Scheduling ambient lux update for 5641426156414261 (in 1500 ms)
06-28 13:03:00.553   965  1267 D AlarmManager: set alarm to RTC 110032383
06-28 13:03:00.553   965  1267 D DataShapingService: Alarm manager openLteDataUpLinkGate: false
06-28 13:03:00.553   965  1267 V AlarmManager: openLteGateSuccess = false
06-28 13:03:00.553   965  1267 I ActivityManager: [Background Service Priority Adjustment] Set callerFg as false for service.getFlags():260
06-28 13:03:00.554   965  1267 V ActivityManager_MU: bringUpServiceLocked: appInfo.uid=10035 app=ProcessRecord{9d065d6 7122:com.lenovo.lewea/u0a35}
06-28 13:03:00.554   965  1267 V ActivityManager_MU: realStartServiceLocked, ServiceRecord.uid = 10035, ProcessRecord.uid = 10035
06-28 13:03:00.558   965  1267 V AlarmManager: sending alarm Alarm{df8c36f type 1 when 1498635180552 com.lenovo.lewea} success
06-28 13:03:00.558   965  1267 D PowerManagerService: acquireWakeLockInternal: lock=95337606, flags=0x1, tag="*alarm*", ws=WorkSource{10035}, uid=1000, pid=965
06-28 13:03:00.558   965   965 D AlarmManager: onSendFinished begin
06-28 13:03:00.558   965  1267 D PowerManagerService: updateWakeLockSummaryLocked: mWakefulness=Awake, mWakeLockSummary=0x23
06-28 13:03:00.558   965  1267 D PowerManagerService: updateUserActivitySummaryLocked: mWakefulness=Awake, mUserActivitySummary=0x4, nextTimeout=-1 (56412886 ms ago)
06-28 13:03:00.558   965  1267 D PowerManagerService: updateDisplayPowerStateLocked: mDisplayReady=true, policy=3, mWakefulness=1, mWakeLockSummary=0x23, mUserActivitySummary=0x4, mBootCompleted=true, mScreenBrightnessBoostInProgress=false
06-28 13:03:00.558   965  1267 D PowerManagerNotifier: onWakeLockAcquired: flags=1, tag="*alarm*", packageName=android, ownerUid=1000, ownerPid=965, workSource=WorkSource{10035}
06-28 13:03:00.559  7122  7122 D ActivityThread: SVC-Creating service: CreateServiceData{token=android.os.BinderProxy@bb0d6c0 className=com.lenovo.weather.service.TimeTickService packageName=com.lenovo.lewea intent=null}
06-28 13:03:00.559   965   965 D PowerManagerService: releaseWakeLockInternal: lock=95337606 [*alarm*], flags=0x0, total_time=1ms
06-28 13:03:00.559   965   965 D PowerManagerNotifier: onWakeLockReleased: flags=1, tag="*alarm*", packageName=android, ownerUid=1000, ownerPid=965, workSource=WorkSource{10035}
06-28 13:03:00.560   965   965 D PowerManagerService: updateWakeLockSummaryLocked: mWakefulness=Awake, mWakeLockSummary=0x23
06-28 13:03:00.560   965   965 D PowerManagerService: updateUserActivitySummaryLocked: mWakefulness=Awake, mUserActivitySummary=0x4, nextTimeout=-1 (56412888 ms ago)
06-28 13:03:00.560   965   965 D PowerManagerService: updateDisplayPowerStateLocked: mDisplayReady=true, policy=3, mWakefulness=1, mWakeLockSummary=0x23, mUserActivitySummary=0x4, mBootCompleted=true, mScreenBrightnessBoostInProgress=false
06-28 13:03:00.560  7122  7122 D ActivityThread: SVC-CREATE_SERVICE handled : 0 / CreateServiceData{token=android.os.BinderProxy@bb0d6c0 className=com.lenovo.weather.service.TimeTickService packageName=com.lenovo.lewea intent=null}
06-28 13:03:00.561  7122  7122 D ActivityThread: SVC-Calling onStartCommand: com.lenovo.weather.service.TimeTickService@43a1ff9, flags=0, startId=1
06-28 13:03:00.561   965  3767 V ActivityManager_MU: getIntentSenderLocked(): uid=10035
06-28 13:03:00.562   965  1777 D AlarmManager: manual remove option = PendingIntent{551387c: PendingIntentRecord{d7469d7 com.lenovo.lewea startService}}
06-28 13:03:00.564   965  1693 V AlarmManager: APP set(PendingIntent{eb30505: PendingIntentRecord{d7469d7 com.lenovo.lewea startService}}) : type=1 triggerAtTime=1498635240564 win=-1 tElapsed=110065577 maxElapsed=110110577 interval=0 flags=0x0
06-28 13:03:00.565   965  1693 D AlarmManager:  whichBatch = -1
06-28 13:03:00.566   965  1677 V ActivityManager: Broadcast: Intent { act=com.lenovo.weather.action.TIME_TICK flg=0x10 } ordered=false userid=0 callerApp=ProcessRecord{9d065d6 7122:com.lenovo.lewea/u0a35}
06-28 13:03:00.566   965  1677 V RestrictedPackageService: filterBroadcastReceiver for com.lenovo.weather.action.TIME_TICK
06-28 13:03:00.567   965   980 V ActivityManager_MU: isSingleton(com.lenovo.lewea, ApplicationInfo{bfd78f7 com.lenovo.lewea}, com.lenovo.weather.receiver.CommonReceiver, 0x0) = false
06-28 13:03:00.571   965  1368 V ActivityManager_MU: getServiceByName(ComponentInfo{com.lenovo.lewea/com.lenovo.weather.service.TimeTickService}), callingUser = 0
06-28 13:03:00.573  7122  7122 D ActivityThread: SVC-SERVICE_ARGS handled : 0 / ServiceArgsData{token=android.os.BinderProxy@bb0d6c0 startId=1 args=Intent { flg=0x104 cmp=com.lenovo.lewea/com.lenovo.weather.service.TimeTickService (has extras) }}
06-28 13:03:00.573  7122  7122 D ActivityThread: BDC-Calling onReceive: intent=Intent { act=com.lenovo.weather.action.TIME_TICK flg=0x10 cmp=com.lenovo.lewea/com.lenovo.weather.receiver.CommonReceiver }, receiver=com.lenovo.weather.receiver.CommonReceiver@613ab3e
06-28 13:03:00.576   965  1696 W PackageManager: checkUidPermission(): android.permission.READ_PRIVILEGED_PHONE_STATE of 10035 is denied.
06-28 13:03:00.579  7122  7122 D ActivityThread: BDC-Calling onReceive end receiver=class com.lenovo.weather.receiver.CommonReceiver
06-28 13:03:00.579  7122  7122 D ActivityThread: BDC-RECEIVER handled : 0 / ReceiverData{intent=Intent { act=com.lenovo.weather.action.TIME_TICK flg=0x10 cmp=com.lenovo.lewea/com.lenovo.weather.receiver.CommonReceiver } packageName=com.lenovo.lewea resultCode=-1 resultData=null resultExtras=null}
06-28 13:03:00.579  7122  7122 D ActivityThread: SVC-Destroying service: com.lenovo.weather.service.TimeTickService@43a1ff9
06-28 13:03:00.579   965  2476 V ActivityManager_MU: isSingleton(com.lenovo.lewea, ApplicationInfo{bfd78f7 com.lenovo.lewea}, com.lenovo.lewea.widget.WeatherWidget, 0x0) = false
06-28 13:03:00.579  7122  7122 D ActivityThread: SVC-STOP_SERVICE handled : 0 / android.os.BinderProxy@bb0d6c0
06-28 13:03:00.583  7122  7122 D ActivityThread: BDC-Calling onReceive: intent=Intent { act=com.lenovo.weather.action.TIME_TICK flg=0x10 cmp=com.lenovo.lewea/.widget.WeatherWidget }, receiver=com.lenovo.lewea.widget.WeatherWidget@480fd9f
06-28 13:03:00.585   965   976 V ActivityManager_MU: bringUpServiceLocked: appInfo.uid=10035 app=ProcessRecord{9d065d6 7122:com.lenovo.lewea/u0a35}
