06-28 13:03:44.626   965  1275 V ActivityManager: Broadcast: Intent { act=com.android.server.action.NETWORK_STATS_UPDATED flg=0x40000010 } ordered=false userid=-1 callerApp=ProcessRecord{394e4fd 965:system/1000}
06-28 13:03:44.626   965  1275 D PowerManagerService: releaseWakeLockInternal: lock=243968045 [NetworkStats], flags=0x0, total_time=80ms
06-28 13:03:44.627   965  1275 D PowerManagerNotifier: onWakeLockReleased: flags=1, tag="NetworkStats", packageName=android, ownerUid=1000, ownerPid=965, workSource=null
06-28 13:03:44.627   965  1275 D PowerManagerService: updateWakeLockSummaryLocked: mWakefulness=Awake, mWakeLockSummary=0x23
06-28 13:03:44.627   965  1275 D PowerManagerService: updateUserActivitySummaryLocked: mWakefulness=Awake, mUserActivitySummary=0x4, nextTimeout=-1 (56456955 ms ago)
06-28 13:03:44.627   965  1276 V NetworkPolicy: updateNetworkEnabledLocked()
06-28 13:03:44.627   965  1275 D PowerManagerService: updateDisplayPowerStateLocked: mDisplayReady=true, policy=3, mWakefulness=1, mWakeLockSummary=0x23, mUserActivitySummary=0x4, mBootCompleted=true, mScreenBrightnessBoostInProgress=false
06-28 13:03:44.627   965  1275 D NetdConnector: SND -> {1712 bandwidth setglobalalert 2097152}
06-28 13:03:44.628   320   962 D FrameworkListener: dispatchCommand data = (1712 bandwidth setglobalalert 2097152)
06-28 13:03:44.628   320   962 D SocketClient: SocketClient sendData done: 200 1712 Bandwidth command succeeeded
06-28 13:03:44.628   965  1274 D NetdConnector: RCV <- {200 1712 Bandwidth command succeeeded}
06-28 13:03:44.629   965  1275 D NetdConnector: RMV <- {200 1712 Bandwidth command succeeeded}
06-28 13:03:44.629  1697  2067 D SettingsInterface:  from settings cache , name = multi_sim_data_call , value = 1
06-28 13:03:44.630   965  1276 V NetworkPolicy:  checking policy:NetworkPolicy[NetworkTemplate: matchRule=MOBILE_ALL, matchSubscriberIds=[null]]: cycleDay=21, cycleTimezone=Asia/Calcutta, warningBytes=2147483648, limitBytes=-1, lastWarningSnooze=-1, lastLimitSnooze=-1, metered=true, inferred=true
06-28 13:03:44.630   965  1275 D ActivityThread: BDC-Calling finishReceiver: IIntentReceiver=c20f8df
06-28 13:03:44.631   965   965 D AlarmManager: onSendFinished begin
06-28 13:03:44.631   965   965 D PowerManagerService: updateWakeLockWorkSourceInternal: lock=95337606 [*alarm*], ws=WorkSource{10121}
06-28 13:03:44.631   965   965 D PowerManagerNotifier: onWakeLockChanging: flags=1, tag="*alarm*", packageName=android, ownerUid=1000, ownerPid=965, workSource=WorkSource{10121}
06-28 13:03:44.637   965  1276 V NetworkPolicy:  checking policy:NetworkPolicy[NetworkTemplate: matchRule=MOBILE_ALL, subscriberId=404940..., matchSubscriberIds=[404940...]]: cycleDay=22, cycleTimezone=Asia/Calcutta, warningBytes=2147483648, limitBytes=-1, lastWarningSnooze=-1, lastLimitSnooze=-1, metered=true, inferred=true
06-28 13:03:44.637 25105 25105 D ActivityThread: BDC-Calling onReceive end receiver=class com.whatsapp.messaging.l$1
06-28 13:03:44.637 25105 25105 D ActivityThread: BDC-Calling finishReceiver: IIntentReceiver=7587c77
06-28 13:03:44.639   965   965 D AlarmManager: onSendFinished begin
06-28 13:03:44.639   965   965 D PowerManagerService: releaseWakeLockInternal: lock=95337606 [*alarm*], flags=0x0, total_time=164ms
06-28 13:03:44.639   965   965 D PowerManagerNotifier: onWakeLockReleased: flags=1, tag="*alarm*", packageName=android, ownerUid=1000, ownerPid=965, workSource=WorkSource{10121}
06-28 13:03:44.639   965   965 D PowerManagerService: updateWakeLockSummaryLocked: mWakefulness=Awake, mWakeLockSummary=0x23
06-28 13:03:44.639   965   965 D PowerManagerService: updateUserActivitySummaryLocked: mWakefulness=Awake, mUserActivitySummary=0x4, nextTimeout=-1 (56456967 ms ago)
06-28 13:03:44.639   965   965 D PowerManagerService: updateDisplayPowerStateLocked: mDisplayReady=true, policy=3, mWakefulness=1, mWakeLockSummary=0x23, mUserActivitySummary=0x4, mBootCompleted=true, mScreenBrightnessBoostInProgress=false
06-28 13:03:44.641   965  1276 V NetworkPolicy:  checking policy:NetworkPolicy[NetworkTemplate: matchRule=MOBILE_ALL, subscriberId=405869..., matchSubscriberIds=[405869...]]: cycleDay=3, cycleTimezone=Europe/London, warningBytes=32212254720, limitBytes=-1, lastWarningSnooze=-1, lastLimitSnooze=-1, metered=true, inferred=false
06-28 13:03:44.643   965   972 I System  : FinalizerDaemon: finalize objects = 206
06-28 13:03:44.645   965  1276 V NetworkPolicy: setPolicyDataEnableForSubscriber:subId(1),true
06-28 13:03:44.646   965  1660 V ActivityManager_MU: getIntentSenderLocked(): uid=10121
06-28 13:03:44.647   965  1276 V NetworkPolicy: updateNotificationsLocked()
06-28 13:03:44.647   965  1749 V ActivityManager_MU: getIntentSenderLocked(): uid=10121
06-28 13:03:44.648  1697  2708 D SettingsInterface:  from settings cache , name = multi_sim_data_call , value = 1
06-28 13:03:44.649   965  1368 V AlarmManager: APP set(PendingIntent{38438e3: PendingIntentRecord{b3392e0 com.whatsapp broadcastIntent}}) : type=2 triggerAtTime=110081662 win=0 tElapsed=110081662 maxElapsed=110081662 interval=0 flags=0x5
06-28 13:03:44.650   965  1368 D AlarmManager:  whichBatch = -1
06-28 13:03:44.829   965   975 V ActivityManager: Broadcast: Intent { act=com.mobpower.sdk.probe flg=0x10 (has extras) } ordered=false userid=0 callerApp=ProcessRecord{f2ff43b 20553:com.commsource.beautyplus/u0a126}
06-28 13:03:44.830   965   975 V RestrictedPackageService: filterBroadcastReceiver for com.mobpower.sdk.probe
06-28 13:03:44.830   965   980 V ActivityManager_MU: isSingleton(com.commsource.beautyplus, ApplicationInfo{35836cb com.commsource.beautyplus}, com.mobpower.probe.PowerReceiver, 0x0) = false
06-28 13:03:44.835 20553 20553 D ActivityThread: BDC-Calling onReceive: intent=Intent { act=com.mobpower.sdk.probe flg=0x10 cmp=com.commsource.beautyplus/com.mobpower.probe.PowerReceiver (has extras) }, receiver=com.mobpower.probe.PowerReceiver@624ce2
06-28 13:03:44.835 20553 20553 D ActivityThread: BDC-Calling onReceive end receiver=class com.mobpower.probe.PowerReceiver
06-28 13:03:44.841 20553 20553 D ActivityThread: BDC-RECEIVER handled : 0 / ReceiverData{intent=Intent { act=com.mobpower.sdk.probe flg=0x10 cmp=com.commsource.beautyplus/com.mobpower.probe.PowerReceiver (has extras) } packageName=com.commsource.beautyplus resultCode=-1 resultData=null resultExtras=null}
06-28 13:03:44.884   965  1265 D LIGHT   : processEvent code=0,value=103
06-28 13:03:44.884   965   991 D AutoBrightnessLenovo.LightSensorSample: onSensorChanged: lux = 103.0
06-28 13:03:44.884   965   991 D AutoBrightnessLenovo: updateAmbientLux: Scheduling ambient lux update for 5645871156458711 (in 1500 ms)
06-28 13:03:44.972  1697  1697 D SettingsInterface:  from settings cache , name = pdp_watchdog_poll_interval_ms , value = null
06-28 13:03:45.062   965  2476 D SensorService: SensorDevice::activate: ident=0x7f553252c0, handle=0x00000001, enabled=0, count=2
06-28 13:03:45.062   965  2476 D SensorService: disable index=0
06-28 13:03:45.062   965  2476 D SensorService: 	>>> actuating h/w batch 1 0 20000000 0
06-28 13:03:45.062   965  2476 D Sensors : batch handle =0, flag=0, sampling=20000000, batchtimeout=0
06-28 13:03:45.062   965  2476 E Sensors : handleToDriver handle(0)
06-28 13:03:45.062   965  2476 E Sensors : handleToDriver handle(0)
06-28 13:03:45.062   965  2476 D Accel   : setDelay: (handle=0, ns=20000000)
06-28 13:03:45.064   965  2476 E Sensors : new setDelay handle(0),ns(20000000)m, error(0), index(2)
06-28 13:03:45.064   965  2476 E Accel   : ACC batch: handle:0, en:0,samplingPeriodNs:20000000 maxBatchReportLatencyNs:0 
06-28 13:03:45.064   965  2476 D Accel   : path:/sys/class/misc/m_acc_misc/accbatch 
06-28 13:03:45.064   965  2476 D Accel   : ACC batch(0) done
06-28 13:03:45.064   965  2476 E Sensors : sensor 0 go to common batch
06-28 13:03:45.064   965  2476 D BATCH   : no batch control attr
06-28 13:03:45.066   965   976 D PowerManagerService: acquireWakeLockInternal: lock=83229081, flags=0x1, tag="NlpWakeLock", ws=WorkSource{10012 com.google.android.gms}, uid=10012, pid=2167
06-28 13:03:45.066   965   976 D PowerManagerService: updateWakeLockSummaryLocked: mWakefulness=Awake, mWakeLockSummary=0x23
06-28 13:03:45.066   965   976 D PowerManagerService: updateUserActivitySummaryLocked: mWakefulness=Awake, mUserActivitySummary=0x4, nextTimeout=-1 (56457394 ms ago)
06-28 13:03:45.066   965   976 D PowerManagerService: updateDisplayPowerStateLocked: mDisplayReady=true, policy=3, mWakefulness=1, mWakeLockSummary=0x23, mUserActivitySummary=0x4, mBootCompleted=true, mScreenBrightnessBoostInProgress=false
06-28 13:03:45.067   965   976 D PowerManagerNotifier: onWakeLockAcquired: flags=1, tag="NlpWakeLock", packageName=com.google.android.gms, ownerUid=10012, ownerPid=2167, workSource=WorkSource{10012 com.google.android.gms}
06-28 13:03:45.067   965   976 D SensorService: ~SensorEventConnection(0x7f553252c0)
06-28 13:03:45.067   965   976 D SensorService: 2 active sensors
06-28 13:03:45.067   965   976 D SensorService: removing connection 0x7f553252c0 for sensor[0].handle=0x00000001
06-28 13:03:45.067   965   976 D SensorService: removing connection 0x7f553252c0 for sensor[1].handle=0x00000005
06-28 13:03:45.068   965  1660 D PowerManagerService: releaseWakeLockInternal: lock=83229081 [NlpWakeLock], flags=0x0, total_time=2ms
06-28 13:03:45.068   965  1660 D PowerManagerNotifier: onWakeLockReleased: flags=1, tag="NlpWakeLock", packageName=com.google.android.gms, ownerUid=10012, ownerPid=2167, workSource=WorkSource{10012 com.google.android.gms}
06-28 13:03:45.068   965  1660 D PowerManagerService: updateWakeLockSummaryLocked: mWakefulness=Awake, mWakeLockSummary=0x23
06-28 13:03:45.068   965  1660 D PowerManagerService: updateUserActivitySummaryLocked: mWakefulness=Awake, mUserActivitySummary=0x4, nextTimeout=-1 (56457396 ms ago)
06-28 13:03:45.068   965  1660 D PowerManagerService: updateDisplayPowerStateLocked: mDisplayReady=true, policy=3, mWakefulness=1, mWakeLockSummary=0x23, mUserActivitySummary=0x4, mBootCompleted=true, mScreenBrightnessBoostInProgress=false
06-28 13:03:45.069   965  1777 D PowerManagerService: releaseWakeLockInternal: lock=113554292 [NlpCollectorWakeLock], flags=0x0, total_time=532ms
06-28 13:03:45.069   965  1777 D PowerManagerNotifier: onWakeLockReleased: flags=1, tag="NlpCollectorWakeLock", packageName=com.google.android.gms, ownerUid=10012, ownerPid=2167, workSource=WorkSource{10012 com.google.android.gms}
06-28 13:03:45.069   965  1777 D PowerManagerService: updateWakeLockSummaryLocked: mWakefulness=Awake, mWakeLockSummary=0x23
06-28 13:03:45.069   965  1777 D PowerManagerService: updateUserActivitySummaryLocked: mWakefulness=Awake, mUserActivitySummary=0x4, nextTimeout=-1 (56457397 ms ago)
06-28 13:03:45.069   965  1777 D PowerManagerService: updateDisplayPowerStateLocked: mDisplayReady=true, policy=3, mWakefulness=1, mWakeLockSummary=0x23, mUserActivitySummary=0x4, mBootCompleted=true, mScreenBrightnessBoostInProgress=false
06-28 13:03:45.070   965  1749 D PowerManagerService: acquireWakeLockInternal: lock=83229081, flags=0x1, tag="NlpWakeLock", ws=WorkSource{10012 com.google.android.gms}, uid=10012, pid=2167
06-28 13:03:45.070   965  1749 D PowerManagerService: updateWakeLockSummaryLocked: mWakefulness=Awake, mWakeLockSummary=0x23
06-28 13:03:45.070   965  1749 D PowerManagerService: updateUserActivitySummaryLocked: mWakefulness=Awake, mUserActivitySummary=0x4, nextTimeout=-1 (56457398 ms ago)
06-28 13:03:45.070   965  1749 D PowerManagerService: updateDisplayPowerStateLocked: mDisplayReady=true, policy=3, mWakefulness=1, mWakeLockSummary=0x23, mUserActivitySummary=0x4, mBootCompleted=true, mScreenBrightnessBoostInProgress=false
06-28 13:03:45.071   965  1749 D PowerManagerNotifier: onWakeLockAcquired: flags=1, tag="NlpWakeLock", packageName=com.google.android.gms, ownerUid=10012, ownerPid=2167, workSource=WorkSource{10012 com.google.android.gms}
06-28 13:03:45.072   965   975 D PowerManagerService: releaseWakeLockInternal: lock=262270791 [NlpCollectorWakeLock], flags=0x0, total_time=543ms
06-28 13:03:45.072   965   975 D PowerManagerNotifier: onWakeLockReleased: flags=1, tag="NlpCollectorWakeLock", packageName=com.google.android.gms, ownerUid=10012, ownerPid=2167, workSource=WorkSource{10012 com.google.android.gms}
06-28 13:03:45.072   965   975 D PowerManagerService: updateWakeLockSummaryLocked: mWakefulness=Awake, mWakeLockSummary=0x23
06-28 13:03:45.072   965   975 D PowerManagerService: updateUserActivitySummaryLocked: mWakefulness=Awake, mUserActivitySummary=0x4, nextTimeout=-1 (56457400 ms ago)
06-28 13:03:45.072   965   975 D PowerManagerService: updateDisplayPowerStateLocked: mDisplayReady=true, policy=3, mWakefulness=1, mWakeLockSummary=0x23, mUserActivitySummary=0x4, mBootCompleted=true, mScreenBrightnessBoostInProgress=false
06-28 13:03:45.073   965  1693 D PowerManagerService: releaseWakeLockInternal: lock=83229081 [NlpWakeLock], flags=0x0, total_time=2ms
06-28 13:03:45.073   965  1693 D PowerManagerNotifier: onWakeLockReleased: flags=1, tag="NlpWakeLock", packageName=com.google.android.gms, ownerUid=10012, ownerPid=2167, workSource=WorkSource{10012 com.google.android.gms}
06-28 13:03:45.073   965  1693 D PowerManagerService: updateWakeLockSummaryLocked: mWakefulness=Awake, mWakeLockSummary=0x23
06-28 13:03:45.073   965  1693 D PowerManagerService: updateUserActivitySummaryLocked: mWakefulness=Awake, mUserActivitySummary=0x4, nextTimeout=-1 (56457401 ms ago)
06-28 13:03:45.073   965  1693 D PowerManagerService: updateDisplayPowerStateLocked: mDisplayReady=true, policy=3, mWakefulness=1, mWakeLockSummary=0x23, mUserActivitySummary=0x4, mBootCompleted=true, mScreenBrightnessBoostInProgress=false
06-28 13:03:45.074   965  2472 D PowerManagerService: acquireWakeLockInternal: lock=83229081, flags=0x1, tag="NlpWakeLock", ws=WorkSource{10012 com.google.android.gms}, uid=10012, pid=2167
06-28 13:03:45.075   965  2472 D PowerManagerService: updateWakeLockSummaryLocked: mWakefulness=Awake, mWakeLockSummary=0x23
06-28 13:03:45.075   965  2472 D PowerManagerService: updateUserActivitySummaryLocked: mWakefulness=Awake, mUserActivitySummary=0x4, nextTimeout=-1 (56457403 ms ago)
06-28 13:03:45.075   965  2472 D PowerManagerService: updateDisplayPowerStateLocked: mDisplayReady=true, policy=3, mWakefulness=1, mWakeLockSummary=0x23, mUserActivitySummary=0x4, mBootCompleted=true, mScreenBrightnessBoostInProgress=false
06-28 13:03:45.075   965  2472 D PowerManagerNotifier: onWakeLockAcquired: flags=1, tag="NlpWakeLock", packageName=com.google.android.gms, ownerUid=10012, ownerPid=2167, workSource=WorkSource{10012 com.google.android.gms}
06-28 13:03:45.076   965  3767 D PowerManagerService: releaseWakeLockInternal: lock=173030022 [NlpCollectorWakeLock], flags=0x0, total_time=552ms
06-28 13:03:45.076   965  3767 D PowerManagerNotifier: onWakeLockReleased: flags=1, tag="NlpCollectorWakeLock", packageName=com.google.android.gms, ownerUid=10012, ownerPid=2167, workSource=WorkSource{10012 com.google.android.gms}
06-28 13:03:45.076   965  3767 D PowerManagerService: updateWakeLockSummaryLocked: mWakefulness=Awake, mWakeLockSummary=0x23
06-28 13:03:45.076   965  3767 D PowerManagerService: updateUserActivitySummaryLocked: mWakefulness=Awake, mUserActivitySummary=0x4, nextTimeout=-1 (56457404 ms ago)
06-28 13:03:45.076   965  3767 D PowerManagerService: updateDisplayPowerStateLocked: mDisplayReady=true, policy=3, mWakefulness=1, mWakeLockSummary=0x23, mUserActivitySummary=0x4, mBootCompleted=true, mScreenBrightnessBoostInProgress=false
06-28 13:03:45.080   965  1776 D PowerManagerService: acquireWakeLockInternal: lock=69080158, flags=0x1, tag="NlpWakeLock", ws=WorkSource{10012 com.google.android.gms}, uid=10012, pid=2167
06-28 13:03:45.080   965  1776 D PowerManagerService: updateWakeLockSummaryLocked: mWakefulness=Awake, mWakeLockSummary=0x23
06-28 13:03:45.080   965  1776 D PowerManagerService: updateUserActivitySummaryLocked: mWakefulness=Awake, mUserActivitySummary=0x4, nextTimeout=-1 (56457408 ms ago)
06-28 13:03:45.080   965  1776 D PowerManagerService: updateDisplayPowerStateLocked: mDisplayReady=true, policy=3, mWakefulness=1, mWakeLockSummary=0x23, mUserActivitySummary=0x4, mBootCompleted=true, mScreenBrightnessBoostInProgress=false
06-28 13:03:45.081   965  1776 D PowerManagerNotifier: onWakeLockAcquired: flags=1, tag="NlpWakeLock", packageName=com.google.android.gms, ownerUid=10012, ownerPid=2167, workSource=WorkSource{10012 com.google.android.gms}
06-28 13:03:45.084   965  1778 D PowerManagerService: releaseWakeLockInternal: lock=69080158 [NlpWakeLock], flags=0x0, total_time=4ms
06-28 13:03:45.084   965  1778 D PowerManagerNotifier: onWakeLockReleased: flags=1, tag="NlpWakeLock", packageName=com.google.android.gms, ownerUid=10012, ownerPid=2167, workSource=WorkSource{10012 com.google.android.gms}
06-28 13:03:45.084   965  1778 D PowerManagerService: updateWakeLockSummaryLocked: mWakefulness=Awake, mWakeLockSummary=0x23
06-28 13:03:45.084   965  1778 D PowerManagerService: updateUserActivitySummaryLocked: mWakefulness=Awake, mUserActivitySummary=0x4, nextTimeout=-1 (56457412 ms ago)
06-28 13:03:45.084   965  1778 D PowerManagerService: updateDisplayPowerStateLocked: mDisplayReady=true, policy=3, mWakefulness=1, mWakeLockSummary=0x23, mUserActivitySummary=0x4, mBootCompleted=true, mScreenBrightnessBoostInProgress=false
06-28 13:03:45.085  2167  2167 D ActivityThread: SVC-Calling onStartCommand: com.google.android.location.reporting.service.DispatchingService@dbdec9, flags=0, startId=906
06-28 13:03:45.085  2167  2167 D ActivityThread: SVC-SERVICE_ARGS handled : 0 / ServiceArgsData{token=android.os.BinderProxy@fa95d1e startId=906 args=Intent { act=com.google.android.location.reporting.ACTION_ACTIVITY cmp=com.google.android.gms/com.google.android.location.reporting.service.DispatchingService (has extras) }}
06-28 13:03:45.090  2167 19754 D SettingsInterface:  from settings cache , name = enabled_accessibility_services , value = null
06-28 13:03:45.090  2167 19754 D SettingsInterface:  from settings cache , name = font_scale , value = 1.0
06-28 13:03:45.090  2167 19754 D SettingsInterface:  from settings cache , name = accessibility_display_magnification_enabled , value = 0
06-28 13:03:45.090  2167 19754 D SettingsInterface:  from settings cache , name = high_text_contrast_enabled , value = null
06-28 13:03:45.091   965   975 D PowerManagerService: acquireWakeLockInternal: lock=163020863, flags=0x1, tag="UlrDispSvcFastWL", ws=null, uid=10012, pid=2167
06-28 13:03:45.091   965   975 D PowerManagerService: updateWakeLockSummaryLocked: mWakefulness=Awake, mWakeLockSummary=0x23
06-28 13:03:45.091   965   975 D PowerManagerService: updateUserActivitySummaryLocked: mWakefulness=Awake, mUserActivitySummary=0x4, nextTimeout=-1 (56457419 ms ago)
06-28 13:03:45.091   965   975 D PowerManagerService: updateDisplayPowerStateLocked: mDisplayReady=true, policy=3, mWakefulness=1, mWakeLockSummary=0x23, mUserActivitySummary=0x4, mBootCompleted=true, mScreenBrightnessBoostInProgress=false
06-28 13:03:45.091   965   975 D PowerManagerNotifier: onWakeLockAcquired: flags=1, tag="UlrDispSvcFastWL", packageName=com.google.android.gms, ownerUid=10012, ownerPid=2167, workSource=null
06-28 13:03:45.091   965   975 D AppOps  : startOperation: allowing code 40 uid 10012 package com.google.android.gms
06-28 13:03:45.092   965  1693 V AlarmManager: APP set(PendingIntent{beefd0c: PendingIntentRecord{8d7b746 com.google.android.gms broadcastIntent}}) : type=2 triggerAtTime=110288202 win=80000 tElapsed=110288202 maxElapsed=110368202 interval=0 flags=0x0
06-28 13:03:45.093   965  1693 D AlarmManager:  whichBatch = 7
06-28 13:03:45.093   965  1693 D AlarmManager:  alarm = Alarm{9239655 type 2 when 110288202 com.google.android.gms} add to Batch{6b3186a num=1 start=110152139 end=110369688}
06-28 13:03:45.094  2167  5409 D SettingsInterface:  from settings cache , name = location_providers_allowed , value = 
06-28 13:03:45.094  2167  5409 D SettingsInterface:  from settings cache , name = location_providers_allowed , value = 
06-28 13:03:45.095   965  3767 D PowerManagerService: releaseWakeLockInternal: lock=83229081 [NlpWakeLock], flags=0x0, total_time=20ms
06-28 13:03:45.095   965  3767 D PowerManagerNotifier: onWakeLockReleased: flags=1, tag="NlpWakeLock", packageName=com.google.android.gms, ownerUid=10012, ownerPid=2167, workSource=WorkSource{10012 com.google.android.gms}
06-28 13:03:45.096   965  3767 D PowerManagerService: updateWakeLockSummaryLocked: mWakefulness=Awake, mWakeLockSummary=0x23
06-28 13:03:45.096  1697  2708 D SettingsInterface:  from settings cache , name = multi_sim_data_call , value = 1
06-28 13:03:45.096   965  3767 D PowerManagerService: updateUserActivitySummaryLocked: mWakefulness=Awake, mUserActivitySummary=0x4, nextTimeout=-1 (56457424 ms ago)
06-28 13:03:45.096   965  3767 D PowerManagerService: updateDisplayPowerStateLocked: mDisplayReady=true, policy=3, mWakefulness=1, mWakeLockSummary=0x23, mUserActivitySummary=0x4, mBootCompleted=true, mScreenBrightnessBoostInProgress=false
06-28 13:03:45.099   965  1776 D ConnectivityService: getActiveNetworkInfo networkInfo = [type: WIFI[], state: CONNECTED/CONNECTED, reason: (unspecified), extra: "Pinnacleseven 4", roaming: false, failover: false, isAvailable: true]
06-28 13:03:45.099  2167  5409 D SettingsInterface:  from settings cache , name = location_providers_allowed , value = 
06-28 13:03:45.099  2167  5409 D SettingsInterface:  from settings cache , name = location_providers_allowed , value = 
06-28 13:03:45.100  2167 19754 D SQLiteDatabase: beginTransaction()
06-28 13:03:45.101  2167  5409 D SettingsInterface:  from settings cache , name = location_providers_allowed , value = 
06-28 13:03:45.101  2167  5409 D SettingsInterface:  from settings cache , name = location_providers_allowed , value = 
06-28 13:03:45.102  2167 19754 D SQLiteDatabase: endTransaction()
06-28 13:03:45.102  2167  5409 D SettingsInterface:  from settings cache , name = location_providers_allowed , value = 
06-28 13:03:45.102  2167  5409 D SettingsInterface:  from settings cache , name = location_providers_allowed , value = 
06-28 13:03:45.103  2167 19754 D SQLiteDatabase: beginTransaction()
06-28 13:03:45.104  2167  5409 D SettingsInterface:  from settings cache , name = location_providers_allowed , value = 
06-28 13:03:45.104  2167  5409 D SettingsInterface:  from settings cache , name = location_providers_allowed , value = 
06-28 13:03:45.105  2167 19754 D SQLiteDatabase: beginTransaction()
06-28 13:03:45.106   965  1676 D PowerManagerService: releaseWakeLockInternal: lock=163020863 [UlrDispSvcFastWL], flags=0x0, total_time=15ms
06-28 13:03:45.106   965  1676 D PowerManagerNotifier: onWakeLockReleased: flags=1, tag="UlrDispSvcFastWL", packageName=com.google.android.gms, ownerUid=10012, ownerPid=2167, workSource=null
06-28 13:03:45.106  2167 19754 D SQLiteDatabase: endTransaction()
06-28 13:03:45.106   965  1676 D PowerManagerService: updateWakeLockSummaryLocked: mWakefulness=Awake, mWakeLockSummary=0x23
06-28 13:03:45.106   965  1676 D PowerManagerService: updateUserActivitySummaryLocked: mWakefulness=Awake, mUserActivitySummary=0x4, nextTimeout=-1 (56457434 ms ago)
06-28 13:03:45.106   965  1676 D PowerManagerService: updateDisplayPowerStateLocked: mDisplayReady=true, policy=3, mWakefulness=1, mWakeLockSummary=0x23, mUserActivitySummary=0x4, mBootCompleted=true, mScreenBrightnessBoostInProgress=false
06-28 13:03:45.107  2167 19754 D SQLiteDatabase: beginTransaction()
06-28 13:03:45.108  2167  5409 D SettingsInterface:  from settings cache , name = location_providers_allowed , value = 
06-28 13:03:45.108  2167  5409 D SettingsInterface:  from settings cache , name = location_providers_allowed , value = 
06-28 13:03:45.109  2167 19754 D SQLiteDatabase: endTransaction()
06-28 13:03:45.109  2167 19754 D SQLiteDatabase: endTransaction()
06-28 13:03:45.111  2167  5409 D SettingsInterface:  from settings cache , name = location_providers_allowed , value = 
06-28 13:03:45.111  2167  5409 D SettingsInterface:  from settings cache , name = location_providers_allowed , value = 
06-28 13:03:45.112  2167  5409 D SettingsInterface:  from settings cache , name = location_providers_allowed , value = 
06-28 13:03:45.112  2167  5409 D SettingsInterface:  from settings cache , name = location_providers_allowed , value = 
06-28 13:03:45.113  2167  5409 D SettingsInterface:  from settings cache , name = location_providers_allowed , value = 
06-28 13:03:45.113  2167  5409 D SettingsInterface:  from settings cache , name = location_providers_allowed , value = 
06-28 13:03:45.114  2167  5409 D SettingsInterface:  from settings cache , name = location_providers_allowed , value = 
06-28 13:03:45.114  2167  5409 D SettingsInterface:  from settings cache , name = location_providers_allowed , value = 
06-28 13:03:45.142   965  1368 W PackageManager: checkUidPermission(): com.android.chrome.permission.DEBUG of 2000 is denied.
06-28 13:03:45.143   965  1696 W PackageManager: checkUidPermission(): com.android.chrome.permission.DEBUG of 2000 is denied.
06-28 13:03:45.303   282   528 I BufferQueueProducer: [StatusBar](this:0x7fa9fea000,id:8,api:1,p:1333,c:282) queueBuffer: fps=0.33 dur=3009.70 max=3009.70 min=3009.70
06-28 13:03:45.317   282   282 I SurfaceFlinger: [Built-in Screen (type:0)] fps:0.331371,dur:3017.76,max:3017.76,min:3017.76
06-28 13:03:45.319   965  3767 V ActivityManager_MU: getIntentSenderLocked(): uid=10121
06-28 13:03:45.320   965  1776 D AlarmManager: manual remove option = PendingIntent{7ade15b: PendingIntentRecord{b3392e0 com.whatsapp broadcastIntent}}
06-28 13:03:45.321   965  1776 D AlarmManager: remove(operation) changed bounds; rebatching operation = PendingIntent{7ade15b: PendingIntentRecord{b3392e0 com.whatsapp broadcastIntent}}
06-28 13:03:45.321   965  1776 D AlarmManager: mAlarmBatches.size() is larger than 300 , do not rebatch
06-28 13:03:45.333   344   344 I thermal_src: wake up function 3
06-28 13:03:45.333   344   344 I thermal_src: TA_DAEMON_CMD_GET_TPCB cmd=0x5, len=4 PCB=35000
06-28 13:03:45.333   344   344 I thermal_src: TA_DAEMON_CMD_SET_TTJ cmd=0x4, len=4 Tj=85000
06-28 13:03:45.333   344   344 I thermal_src: waiting NOTIFY from kernel...
06-28 13:03:45.468   965   965 E WifiTrafficPoller: TRAFFIC_STATS_POLL true Token 667 num clients 16
06-28 13:03:45.469   965   965 E WifiTrafficPoller:  packet count Tx=227422 Rx=263745
06-28 13:03:45.529 27221 27221 W ps      : type=1400 audit(0.0:73976804): avc: denied { getattr } for path="/proc/301" dev="proc" ino=51918 scontext=u:r:untrusted_app:s0:c512,c768 tcontext=u:r:teei_daemon:s0 tclass=dir permissive=0
06-28 13:03:45.529 27221 27221 W ps      : type=1400 audit(0.0:73976805): avc: denied { search } for name="301" dev="proc" ino=51918 scontext=u:r:untrusted_app:s0:c512,c768 tcontext=u:r:teei_daemon:s0 tclass=dir permissive=0
06-28 13:03:45.529 27221 27221 W ps      : type=1400 audit(0.0:73976806): avc: denied { search } for name="301" dev="proc" ino=51918 scontext=u:r:untrusted_app:s0:c512,c768 tcontext=u:r:teei_daemon:s0 tclass=dir permissive=0
06-28 13:03:45.529 27221 27221 W ps      : type=1400 audit(0.0:73976807): avc: denied { getattr } for path="/proc/304" dev="proc" ino=51919 scontext=u:r:untrusted_app:s0:c512,c768 tcontext=u:r:em_svr:s0 tclass=dir permissive=0
06-28 13:03:45.529 27221 27221 W ps      : type=1400 audit(0.0:73976808): avc: denied { search } for name="304" dev="proc" ino=51919 scontext=u:r:untrusted_app:s0:c512,c768 tcontext=u:r:em_svr:s0 tclass=dir permissive=0
06-28 13:03:45.529 27221 27221 W ps      : type=1400 audit(0.0:73976809): avc: denied { search } for name="304" dev="proc" ino=51919 scontext=u:r:untrusted_app:s0:c512,c768 tcontext=u:r:em_svr:s0 tclass=dir permissive=0
06-28 13:03:45.529 27221 27221 W ps      : type=1400 audit(0.0:73976810): avc: denied { getattr } for path="/proc/305" dev="proc" ino=51920 scontext=u:r:untrusted_app:s0:c512,c768 tcontext=u:r:stp_dump3:s0 tclass=dir permissive=0
06-28 13:03:45.529 27221 27221 W ps      : type=1400 audit(0.0:73976811): avc: denied { search } for name="305" dev="proc" ino=51920 scontext=u:r:untrusted_app:s0:c512,c768 tcontext=u:r:stp_dump3:s0 tclass=dir permissive=0
06-28 13:03:45.529 27221 27221 W ps      : type=1400 audit(0.0:73976812): avc: denied { search } for name="305" dev="proc" ino=51920 scontext=u:r:untrusted_app:s0:c512,c768 tcontext=u:r:stp_dump3:s0 tclass=dir permissive=0
06-28 13:03:45.529 27221 27221 W ps      : type=1400 audit(0.0:73976813): avc: denied { getattr } for path="/proc/306" dev="proc" ino=51921 scontext=u:r:untrusted_app:s0:c512,c768 tcontext=u:r:atci_service:s0 tclass=dir permissive=0
06-28 13:03:45.529 27221 27221 W ps      : type=1400 audit(0.0:73976814): avc: denied { search } for name="306" dev="proc" ino=51921 scontext=u:r:untrusted_app:s0:c512,c768 tcontext=u:r:atci_service:s0 tclass=dir permissive=0
06-28 13:03:45.529 27221 27221 W ps      : type=1400 audit(0.0:73976815): avc: denied { search } for name="306" dev="proc" ino=51921 scontext=u:r:untrusted_app:s0:c512,c768 tcontext=u:r:atci_service:s0 tclass=dir permissive=0
06-28 13:03:45.529 27221 27221 W ps      : type=1400 audit(0.0:73976816): avc: denied { getattr } for path="/proc/307" dev="proc" ino=51922 scontext=u:r:untrusted_app:s0:c512,c768 tcontext=u:r:atcid:s0 tclass=dir permissive=0
06-28 13:03:45.529 27221 27221 W ps      : type=1400 audit(0.0:73976817): avc: denied { search } for name="307" dev="proc" ino=51922 scontext=u:r:untrusted_app:s0:c512,c768 tcontext=u:r:atcid:s0 tclass=dir permissive=0
06-28 13:03:45.529 27221 27221 W ps      : type=1400 audit(0.0:73976818): avc: denied { search } for name="307" dev="proc" ino=51922 scontext=u:r:untrusted_app:s0:c512,c768 tcontext=u:r:atcid:s0 tclass=dir permissive=0
06-28 13:03:45.529 27221 27221 W ps      : type=1400 audit(0.0:73976819): avc: denied { getattr } for path="/proc/308" dev="proc" ino=51923 scontext=u:r:untrusted_app:s0:c512,c768 tcontext=u:r:audiocmdservice_atci:s0 tclass=dir permissive=0
06-28 13:03:45.529 27221 27221 W ps      : type=1400 audit(0.0:73976820): avc: denied { search } for name="308" dev="proc" ino=51923 scontext=u:r:untrusted_app:s0:c512,c768 tcontext=u:r:audiocmdservice_atci:s0 tclass=dir permissive=0
06-28 13:03:45.529 27221 27221 W ps      : type=1400 audit(0.0:73976821): avc: denied { search } for name="308" dev="proc" ino=51923 scontext=u:r:untrusted_app:s0:c512,c768 tcontext=u:r:audiocmdservice_atci:s0 tclass=dir permissive=0
06-28 13:03:45.529 27221 27221 W ps      : type=1400 audit(0.0:73976822): avc: denied { getattr } for path="/proc/314" dev="proc" ino=51925 scontext=u:r:untrusted_app:s0:c512,c768 tcontext=u:r:kernel:s0 tclass=dir permissive=0
06-28 13:03:45.529 27221 27221 W ps      : type=1400 audit(0.0:73976823): avc: denied { search } for name="314" dev="proc" ino=51925 scontext=u:r:untrusted_app:s0:c512,c768 tcontext=u:r:kernel:s0 tclass=dir permissive=0
06-28 13:03:45.716   965  1267 D AlarmManager:  whichBatch = -2
06-28 13:03:45.716   965  1267 D AlarmManager: set alarm to RTC 110082724
06-28 13:03:45.716   965  1267 D AlarmManager: set alarm to RTC 110065013
06-28 13:03:45.716   965  1267 D SettingsInterface:  from settings cache , name = background_power_saving_enable , value = 1
06-28 13:03:45.717   965  1267 D DataShapingService: Alarm manager openLteDataUpLinkGate: false
06-28 13:03:45.717   965  1267 V AlarmManager: openLteGateSuccess = false
06-28 13:03:45.717   965  1267 V AlarmManager: socktUnblockingTimeElapsed(ms): 123103 < mMinimumPeriod_BlockSocket: 300000
06-28 13:03:45.717   965  1267 D AlarmManager: wakeup alarm = Alarm{714ddf8 type 0 when 1498635225716 com.commsource.beautyplus}; package = com.commsource.beautyplusneedGrouping = true
06-28 13:03:45.717   965  1267 V ActivityManager: Broadcast: Intent { act=com.mobpower.sdk.probe.action flg=0x114 cmp=com.commsource.beautyplus/com.mobpower.probe.PowerReceiver (has extras) } ordered=true userid=0 callerApp=null
06-28 13:03:45.717   965  1267 V RestrictedPackageService: filterBroadcastReceiver for com.mobpower.sdk.probe.action
06-28 13:03:45.718   965   980 V ActivityManager_MU: isSingleton(com.commsource.beautyplus, ApplicationInfo{35836cb com.commsource.beautyplus}, com.mobpower.probe.PowerReceiver, 0x0) = false
06-28 13:03:45.720   965  1368 D AppOps  : checkOperation(code = 43 uid = 10108 pkgName = com.UCMobile.intl) - op == null, return default mode = 3
06-28 13:03:45.735   965  1267 V AlarmManager: sending alarm Alarm{714ddf8 type 0 when 1498635225716 com.commsource.beautyplus} success
06-28 13:03:45.735   965  1267 D PowerManagerService: acquireWakeLockInternal: lock=95337606, flags=0x1, tag="*alarm*", ws=WorkSource{10126}, uid=1000, pid=965
06-28 13:03:45.735   965  1267 D PowerManagerService: updateWakeLockSummaryLocked: mWakefulness=Awake, mWakeLockSummary=0x23
06-28 13:03:45.735   965  1267 D PowerManagerService: updateUserActivitySummaryLocked: mWakefulness=Awake, mUserActivitySummary=0x4, nextTimeout=-1 (56458064 ms ago)
06-28 13:03:45.735   965  1267 D PowerManagerService: updateDisplayPowerStateLocked: mDisplayReady=true, policy=3, mWakefulness=1, mWakeLockSummary=0x23, mUserActivitySummary=0x4, mBootCompleted=true, mScreenBrightnessBoostInProgress=false
06-28 13:03:45.736   965  1267 D PowerManagerNotifier: onWakeLockAcquired: flags=1, tag="*alarm*", packageName=android, ownerUid=1000, ownerPid=965, workSource=WorkSource{10126}
06-28 13:03:45.737 20553 20553 D ActivityThread: BDC-Calling onReceive: intent=Intent { act=com.mobpower.sdk.probe.action flg=0x114 cmp=com.commsource.beautyplus/com.mobpower.probe.PowerReceiver (has extras) }, receiver=com.mobpower.probe.PowerReceiver@613c873
06-28 13:03:45.745   965  1696 D ConnectivityService: getActiveNetworkInfo networkInfo = [type: WIFI[], state: CONNECTED/CONNECTED, reason: (unspecified), extra: "Pinnacleseven 4", roaming: false, failover: false, isAvailable: true]
06-28 13:03:45.748 20553 20553 D ActivityThread: BDC-Calling onReceive end receiver=class com.mobpower.probe.PowerReceiver
06-28 13:03:45.750   965   965 D AlarmManager: onSendFinished begin
06-28 13:03:45.750   965   965 D PowerManagerService: releaseWakeLockInternal: lock=95337606 [*alarm*], flags=0x0, total_time=15ms
06-28 13:03:45.750   965   965 D PowerManagerNotifier: onWakeLockReleased: flags=1, tag="*alarm*", packageName=android, ownerUid=1000, ownerPid=965, workSource=WorkSource{10126}
06-28 13:03:45.750   965   965 D PowerManagerService: updateWakeLockSummaryLocked: mWakefulness=Awake, mWakeLockSummary=0x23
06-28 13:03:45.750   965   965 D PowerManagerService: updateUserActivitySummaryLocked: mWakefulness=Awake, mUserActivitySummary=0x4, nextTimeout=-1 (56458078 ms ago)
06-28 13:03:45.750   965   965 D PowerManagerService: updateDisplayPowerStateLocked: mDisplayReady=true, policy=3, mWakefulness=1, mWakeLockSummary=0x23, mUserActivitySummary=0x4, mBootCompleted=true, mScreenBrightnessBoostInProgress=false
06-28 13:03:45.754 20553 20553 D ActivityThread: BDC-RECEIVER handled : 0 / ReceiverData{intent=Intent { act=com.mobpower.sdk.probe.action flg=0x114 cmp=com.commsource.beautyplus/com.mobpower.probe.PowerReceiver (has extras) } packageName=com.commsource.beautyplus resultCode=0 resultData=null resultExtras=null}
06-28 13:03:45.755 20553 27225 I System.out: [CDS]rx timeout:1
06-28 13:03:45.755 20553 27225 I System.out: [CDS]rx timeout:0
06-28 13:03:45.756 20553 27225 I System.out: close [socket][/192.168.1.10:42884]
06-28 13:03:45.757 20553 27225 I System.out: [CDS][DNS] getAllByNameImpl netId = 0
06-28 13:03:45.759 20553 27225 D libc-netbsd: [getaddrinfo]: mtk hostname=upload.mobpowertech.com; servname=(null); netid=0; mark=0
06-28 13:03:45.759 20553 27225 D libc-netbsd: getaddrinfo( app_uid:10126
06-28 13:03:45.759 20553 27225 D libc-netbsd: getaddrinfo() uid prop:
06-28 13:03:45.759 20553 27225 D libc-netbsd: getaddrinfo() getuid():10126
06-28 13:03:45.759 20553 27225 D libc-netbsd: [getaddrinfo]: mtk ai_addrlen=0; ai_canonname=(null); ai_flags=4; ai_family=0
06-28 13:03:45.760 20553 27225 D libc-netbsd: [getaddrinfo]: mtk hostname=upload.mobpowertech.com; servname=(null); netid=0; mark=0
06-28 13:03:45.760 20553 27225 D libc-netbsd: getaddrinfo( app_uid:10126
06-28 13:03:45.760 20553 27225 D libc-netbsd: getaddrinfo() uid prop:
06-28 13:03:45.760 20553 27225 D libc-netbsd: getaddrinfo() getuid():10126
06-28 13:03:45.760 20553 27225 D libc-netbsd: [getaddrinfo]: mtk ai_addrlen=0; ai_canonname=(null); ai_flags=1024; ai_family=0
06-28 13:03:45.760   320   958 D FrameworkListener: dispatchCommand data = (getaddrinfo upload.mobpowertech.com ^ 1024 0 1 0 0)
06-28 13:03:45.761   320 27226 D libc-netbsd: [getaddrinfo]: mtk hostname=upload.mobpowertech.com; servname=(null); netid=1031; mark=1031
06-28 13:03:45.761   320 27226 D libc-netbsd: getaddrinfo( app_uid:0
06-28 13:03:45.761   320 27226 D libc-netbsd: [getaddrinfo]: mtk ai_addrlen=0; ai_canonname=(null); ai_flags=1024; ai_family=0
06-28 13:03:45.761   320 27226 D libc-netbsd: getaddrinfo: upload.mobpowertech.com get result from proxy gai_error = 11
06-28 13:03:45.762   320 27226 D libc-netbsd: default dns: query_ipv6=1, query_ipv4=1
06-28 13:03:45.762   320 27226 D libc-netbsd: res_queryN name = upload.mobpowertech.com, class = 1, type = 28
06-28 13:03:45.762   320 27226 D libc-netbsd: netid=1031, dns0:4.2.2.2
06-28 13:03:45.762   320 27226 D libc-netbsd: netid=1031, dns1:8.8.8.8
06-28 13:03:45.866   320 27226 D libc-netbsd: res_queryN name = upload.mobpowertech.com, class = 1, type = 1
06-28 13:03:45.866   320 27226 D libc-netbsd: netid=1031, dns0:4.2.2.2
06-28 13:03:45.866   320 27226 D libc-netbsd: netid=1031, dns1:8.8.8.8
06-28 13:03:45.957   320 27226 D libc-netbsd: res_queryN name = upload.mobpowertech.com succeed
06-28 13:03:45.958   320 27226 D SocketClient: SocketClient sendData done: 222
06-28 13:03:45.958   320 27226 D SocketClient: SocketClient sendData done: 
06-28 13:03:45.958   320 27226 D SocketClient: SocketClient sendData done: 
06-28 13:03:45.958   320 27226 D SocketClient: SocketClient sendData done: 
06-28 13:03:45.958   320 27226 D SocketClient: SocketClient sendData done: 
06-28 13:03:45.958   320 27226 D SocketClient: SocketClient sendData done: 
06-28 13:03:45.958   320 27226 D SocketClient: SocketClient sendData done: 
06-28 13:03:45.958   320 27226 D SocketClient: SocketClient sendData done: 
06-28 13:03:45.958   320 27226 D SocketClient: SocketClient sendData done: 
06-28 13:03:45.958   320 27226 D SocketClient: SocketClient sendData done: 
06-28 13:03:45.958   320 27226 D SocketClient: SocketClient sendData done: 
06-28 13:03:45.959   320 27226 D SocketClient: SocketClient sendData done: 
06-28 13:03:45.959   320 27226 D SocketClient: SocketClient sendData done: 
06-28 13:03:45.959   320 27226 D SocketClient: SocketClient sendData done: 
06-28 13:03:45.959   320 27226 D SocketClient: SocketClient sendData done: 
06-28 13:03:45.959   320 27226 D SocketClient: SocketClient sendData done: 
06-28 13:03:45.959   320 27226 D SocketClient: SocketClient sendData done: 
06-28 13:03:45.959   320 27226 D SocketClient: SocketClient sendData done: 
06-28 13:03:45.959   320 27226 D SocketClient: SocketClient sendData done: 
06-28 13:03:45.959   320 27226 D SocketClient: SocketClient sendData done: 
06-28 13:03:45.959   320 27226 D SocketClient: SocketClient sendData done: 
06-28 13:03:45.959   320 27226 D SocketClient: SocketClient sendData done: 
06-28 13:03:45.959   320 27226 D SocketClient: SocketClient sendData done: 
06-28 13:03:45.959   320 27226 D SocketClient: SocketClient sendData done: 
06-28 13:03:45.959   320 27226 D SocketClient: SocketClient sendData done: 
06-28 13:03:45.959   320 27226 D SocketClient: SocketClient sendData done: 
06-28 13:03:45.959   320 27226 D SocketClient: SocketClient sendData done: 
06-28 13:03:45.959   320 27226 D SocketClient: SocketClient sendData done: 
06-28 13:03:45.959   320 27226 D SocketClient: SocketClient sendData done: 
06-28 13:03:45.959   320 27226 D SocketClient: SocketClient sendData done: 
06-28 13:03:45.959   320 27226 D SocketClient: SocketClient sendData done: 
06-28 13:03:45.959   320 27226 D SocketClient: SocketClient sendData done: 
06-28 13:03:45.959   320 27226 D SocketClient: SocketClient sendData done: 
06-28 13:03:45.959   320 27226 D SocketClient: SocketClient sendData done: 
06-28 13:03:45.959   320 27226 D SocketClient: SocketClient sendData done: 
06-28 13:03:45.960   320 27226 D SocketClient: SocketClient sendData done: 
06-28 13:03:45.960   320 27226 D SocketClient: SocketClient sendData done: 
06-28 13:03:45.960   320 27226 D SocketClient: SocketClient sendData done: 
06-28 13:03:45.960   320 27226 D SocketClient: SocketClient sendData done: 
06-28 13:03:45.960   320 27226 D SocketClient: SocketClient sendData done: 
06-28 13:03:45.960   320 27226 D SocketClient: SocketClient sendData done: 
06-28 13:03:45.960   320 27226 D SocketClient: SocketClient sendData done: 
06-28 13:03:45.960   320 27226 D SocketClient: SocketClient sendData done: 
06-28 13:03:45.960   320 27226 D SocketClient: SocketClient sendData done: 
06-28 13:03:45.960   320 27226 D SocketClient: SocketClient sendData done: 
06-28 13:03:45.960   320 27226 D SocketClient: SocketClient sendData done: 
06-28 13:03:45.960   320 27226 D SocketClient: SocketClient sendData done: 
06-28 13:03:45.960   320 27226 D SocketClient: SocketClient sendData done: 
06-28 13:03:45.960   320 27226 D SocketClient: SocketClient sendData done: 
06-28 13:03:45.960   320 27226 D SocketClient: SocketClient sendData done: 
06-28 13:03:45.960   320 27226 D SocketClient: SocketClient sendData done: 
06-28 13:03:45.960   320 27226 D SocketClient: SocketClient sendData done: 
06-28 13:03:45.960   320 27226 D SocketClient: SocketClient sendData done: 
06-28 13:03:45.960   320 27226 D SocketClient: SocketClient sendData done: 
06-28 13:03:45.960   320 27226 D SocketClient: SocketClient sendData done: 
06-28 13:03:45.960   320 27226 D SocketClient: SocketClient sendData done: 
06-28 13:03:45.960   320 27226 D SocketClient: SocketClient sendData done: 
06-28 13:03:45.960   320 27226 D SocketClient: SocketClient sendData done: 
06-28 13:03:45.960   320 27226 D SocketClient: SocketClient sendData done: 
06-28 13:03:45.960   320 27226 D SocketClient: SocketClient sendData done: 
06-28 13:03:45.961   320 27226 D SocketClient: SocketClient sendData done: 
06-28 13:03:45.961   320 27226 D SocketClient: SocketClient sendData done: 
06-28 13:03:45.961   320 27226 D SocketClient: SocketClient sendData done: 
06-28 13:03:45.961   320 27226 D SocketClient: SocketClient sendData done: 
06-28 13:03:45.961   320 27226 D SocketClient: SocketClient sendData done: 
06-28 13:03:45.961   320 27226 D SocketClient: SocketClient sendData done: 
06-28 13:03:45.969 20553 27225 D libc-netbsd: getaddrinfo: upload.mobpowertech.com get result from proxy gai_error = 0
06-28 13:03:45.969 20553 27225 I System.out: [CDS]rx timeout:0
06-28 13:03:45.969 20553 27225 I System.out: [socket][321] connection upload.mobpowertech.com/52.77.44.210:80;LocalPort=52471(20000)
06-28 13:03:45.970 20553 27225 I System.out: [CDS]connect[upload.mobpowertech.com/52.77.44.210:80] tm:20
06-28 13:03:45.971 20553 27225 D Posix   : [Posix_connect Debug]Process com.commsource.beautyplus :80 
06-28 13:03:45.972   320   961 D SocketClient: SocketClient sendData done: 
06-28 13:03:45.975  1697  1697 D SettingsInterface:  from settings cache , name = pdp_watchdog_poll_interval_ms , value = null
06-28 13:03:46.024   965  1265 D LIGHT   : processEvent code=0,value=102
06-28 13:03:46.024   965   991 D AutoBrightnessLenovo.LightSensorSample: onSensorChanged: lux = 102.0
06-28 13:03:46.024   965   991 D AutoBrightnessLenovo: updateAmbientLux: Scheduling ambient lux update for 5645985156459851 (in 1500 ms)
06-28 13:03:46.068 20553 27225 I System.out: [socket][/192.168.1.10:52471] connected
06-28 13:03:46.068 20553 27225 I System.out: [CDS]rx timeout:0
06-28 13:03:46.068 20553 27225 I System.out: [CDS]SO_SND_TIMEOUT:0
06-28 13:03:46.069 20553 27225 I System.out: [OkHttp] sendRequest>>
06-28 13:03:46.069 20553 27225 I System.out: [OkHttp] sendRequest<<
06-28 13:03:46.364   965  1660 W PackageManager: checkUidPermission(): com.android.chrome.permission.DEBUG of 2000 is denied.
06-28 13:03:46.366   965  1749 W PackageManager: checkUidPermission(): com.android.chrome.permission.DEBUG of 2000 is denied.
06-28 13:03:46.371   287  2900 I MAL-Daemon:  (    ru_mdmngr_send_atcmd, 1931) [RDS-I][RDS][RU][ru_mdmngr_send_atcmd] try to send ATcmd : AT+ECSQ 
06-28 13:03:46.371   287  2900 I MAL-Daemon:  (    ru_mdmngr_send_atcmd, 1940) [RDS-I][RDS][RU][ru_mdmngr_send_atcmd] ru_check_ctx_ptr<0xf5c33c9c, 0xf5c33c9c>
06-28 13:03:46.371   287  2900 W MAL-Daemon:  (    mdfx_task_send_event,  636) mdfx_task_send_event(): [ACT] should NOT enter this leagcy API!!
06-28 13:03:46.371   287  2900 I MAL-Daemon:  (    ru_send_event_entity,  350) [RDS-I][RDS][RU][ru_send_event_entity] send event 101 to 101 with ret(0)
06-28 13:03:46.371   287   712 D MAL-Daemon:  (         mdmngr_task_hdl,   36) mdmngr_task_hdl(), receive event = 101 (vendor/mediatek/proprietary/frameworks/opt/mal/entity/mdmngr/mdmngr.c:36)
06-28 13:03:46.372   287   712 D MAL-Daemon:  (         mdmngr_task_hdl,   67) EVENT_MDMNGR_ATCMD_REQ@MDMNGR, priv_data = f3ce9580, channel = 1, cmd = (AT+ECSQ) (vendor/mediatek/proprietary/frameworks/opt/mal/entity/mdmngr/mdmngr.c:67)
06-28 13:03:46.372   287   712 W MAL-Daemon:  (    mdfx_task_send_event,  636) mdfx_task_send_event(): [ACT] should NOT enter this leagcy API!!
06-28 13:03:46.372   287   734 I MAL-Daemon:  ( mdfx_event_do_statistic,  153) mdfx_event_do_statistic(): [STATISTIC] TID = 734 has used 140795684 bytes!!
06-28 13:03:46.372   287   734 E MAL-Daemon:  (void* rilproxy_task_hdl(,  439) rilproxy_task_hdl(), receive event = 401
06-28 13:03:46.372   287   734 D MAL-Daemon:  (int rilproxy_send_ril_re,  320) send ril request, request_id = 2130, serial_no = 1d4f00, length = 18000000, send_size = 24(18), fd = 29
06-28 13:03:46.377   287   731 D MAL-Daemon:  (void* rilproxy_cmd_resp_,  670) recv ril resp, length = 64, type = 0, result = 0, serial_no = 1d4f00
06-28 13:03:46.377   287   731 D MAL-Daemon:  (void* rilproxy_cmd_resp_,  676) event_id = 401
06-28 13:03:46.378   287   712 D MAL-Daemon:  (         mdmngr_task_hdl,   36) mdmngr_task_hdl(), receive event = 103 (vendor/mediatek/proprietary/frameworks/opt/mal/entity/mdmngr/mdmngr.c:36)
06-28 13:03:46.378   287   712 D MAL-Daemon:  (         mdmngr_task_hdl,  115) EVENT_MDMNGR_ATCMD_RESP@MDMNGR (vendor/mediatek/proprietary/frameworks/opt/mal/entity/mdmngr/mdmngr.c:115)
06-28 13:03:46.378   287   712 D MAL-Daemon:  (         mdmngr_task_hdl,  122) event_req = f3ce9580, ID = 101 (vendor/mediatek/proprietary/frameworks/opt/mal/entity/mdmngr/mdmngr.c:122)
06-28 13:03:46.378   287   712 D MAL-Daemon:  (         mdmngr_task_hdl,  125) atcmd_resp->priv_data = f3c44340 (vendor/mediatek/proprietary/frameworks/opt/mal/entity/mdmngr/mdmngr.c:125)
06-28 13:03:46.378   287   727 I MAL-Daemon:  (             rds_ru_task,  445) [RDS-I][RU][rds_ru_task] RCV Event: 103 
06-28 13:03:46.378   287   727 I MAL-Daemon:  (rds_ru_mdmngr_atrsp_hndl, 2186) [RDS-I][RDS][RU][rds_ru_mdmngr_atrsp_hndl] get AT resp: +ECSQ: 16,37,1,1,1,-48,-413,7,10,40
06-28 13:03:46.378   287   727 I MAL-Daemon: 
06-28 13:03:46.378   287   727 I MAL-Daemon: OK
06-28 13:03:46.378   287   727 I MAL-Daemon: 
06-28 13:03:46.378   287   727 I MAL-Daemon:  (     ru_parse_3gppsigval, 1458) [RDS-I][RDS][ru_parse_3gppsigval] 3gppsigval #args act<7>
06-28 13:03:46.411   965  1278 D WifiStateMachine:  get link layer stats 0
06-28 13:03:46.412   965  1278 D WifiHW  : enter -->wifi_send_command cmd=IFNAME=wlan0 SIGNAL_POLL
06-28 13:03:46.412  1488  1488 D wpa_supplicant: wlan0: Control interface command 'SIGNAL_POLL'
06-28 13:03:46.413   965  1278 D WifiHW  : leave --> reply=RSSI=-33
06-28 13:03:46.413   965  1278 D WifiHW  : LINKSPEED=58
06-28 13:03:46.413   965  1278 D WifiHW  : NOISE=9999
06-28 13:03:46.413   965  1278 D WifiHW  : FREQUENCY=2452
06-28 13:03:46.413   965  1278 D WifiHW  : 
06-28 13:03:46.414   965  1278 I WifiStateMachine: fetchRssiLinkSpeedAndFrequencyNative, newRssi:-33, newLinkSpeed:58, SSID:"Pinnacleseven 4"
06-28 13:03:46.414   965  1278 D WifiStateMachine: mLastSignalLevel:4, newSignalLevel:4
06-28 13:03:46.414   965  1278 E WifiConfigStore: updateConfiguration freq=2452 BSSID=c8:3a:35:2b:57:59 RSSI=-34 "Pinnacleseven 4"WPA_PSK
06-28 13:03:46.511   965   965 E WifiTrafficPoller: TRAFFIC_STATS_POLL true Token 667 num clients 16
06-28 13:03:46.512   965   965 E WifiTrafficPoller:  packet count Tx=227430 Rx=263749
06-28 13:03:46.529 27246 27246 W ps      : type=1400 audit(0.0:73979157): avc: denied { search } for name="186" dev="proc" ino=51850 scontext=u:r:untrusted_app:s0:c512,c768 tcontext=u:r:kernel:s0 tclass=dir permissive=0
06-28 13:03:46.529 27246 27246 W ps      : type=1400 audit(0.0:73979158): avc: denied { getattr } for path="/proc/187" dev="proc" ino=51851 scontext=u:r:untrusted_app:s0:c512,c768 tcontext=u:r:kernel:s0 tclass=dir permissive=0
06-28 13:03:46.529 27246 27246 W ps      : type=1400 audit(0.0:73979159): avc: denied { search } for name="187" dev="proc" ino=51851 scontext=u:r:untrusted_app:s0:c512,c768 tcontext=u:r:kernel:s0 tclass=dir permissive=0
06-28 13:03:46.529 27246 27246 W ps      : type=1400 audit(0.0:73979160): avc: denied { search } for name="187" dev="proc" ino=51851 scontext=u:r:untrusted_app:s0:c512,c768 tcontext=u:r:kernel:s0 tclass=dir permissive=0
