06-28 13:03:32.712   965   965 D AlarmManager: onSendFinished begin
06-28 13:03:32.713   965   965 D PowerManagerService: releaseWakeLockInternal: lock=95337606 [*alarm*], flags=0x0, total_time=10ms
06-28 13:03:32.713   965   965 D PowerManagerNotifier: onWakeLockReleased: flags=1, tag="*alarm*", packageName=android, ownerUid=1000, ownerPid=965, workSource=WorkSource{10012 com.google.android.gms}
06-28 13:03:32.713   965   965 D PowerManagerService: updateWakeLockSummaryLocked: mWakefulness=Awake, mWakeLockSummary=0x23
06-28 13:03:32.713   965   965 D PowerManagerService: updateUserActivitySummaryLocked: mWakefulness=Awake, mUserActivitySummary=0x4, nextTimeout=-1 (56445041 ms ago)
06-28 13:03:32.713   965   965 D PowerManagerService: updateDisplayPowerStateLocked: mDisplayReady=true, policy=3, mWakefulness=1, mWakeLockSummary=0x23, mUserActivitySummary=0x4, mBootCompleted=true, mScreenBrightnessBoostInProgress=false
06-28 13:03:32.719  2167  2167 D ActivityThread: SVC-CREATE_SERVICE handled : 0 / CreateServiceData{token=android.os.BinderProxy@3892df2 className=com.google.android.gms.lockbox.LockboxService packageName=com.google.android.gms intent=null}
06-28 13:03:32.719  2167  2167 D ActivityThread: SVC-Calling onStartCommand: com.google.android.gms.lockbox.LockboxService@35abeb5, flags=0, startId=1
06-28 13:03:32.719  2167  2167 D ActivityThread: SVC-SERVICE_ARGS handled : 0 / ServiceArgsData{token=android.os.BinderProxy@3892df2 startId=1 args=Intent { cmp=com.google.android.gms/.lockbox.LockboxService }}
06-28 13:03:32.730   965  1677 V ActivityManager_MU: bringUpServiceLocked: appInfo.uid=10012 app=ProcessRecord{b06236d 2167:com.google.android.gms.persistent/u0a12}
06-28 13:03:32.730   965  1677 V ActivityManager_MU: realStartServiceLocked, ServiceRecord.uid = 10012, ProcessRecord.uid = 10012
06-28 13:03:32.733  2167  2167 D ActivityThread: SVC-Creating service: CreateServiceData{token=android.os.BinderProxy@2411bf0 className=com.google.android.gms.lockbox.service.LockboxBrokerService packageName=com.google.android.gms intent=null}
06-28 13:03:32.734  2167  2167 D ActivityThread: SVC-CREATE_SERVICE handled : 0 / CreateServiceData{token=android.os.BinderProxy@2411bf0 className=com.google.android.gms.lockbox.service.LockboxBrokerService packageName=com.google.android.gms intent=null}
06-28 13:03:32.734  2167  2167 V ActivityThread: handleBindService s=com.google.android.gms.lockbox.service.LockboxBrokerService@93eebee rebind=false
06-28 13:03:32.735   965   991 D AutoBrightnessLenovo: updateAmbientLux: Scheduling ambient lux update for 5644656156446561 (in 1499 ms)
06-28 13:03:32.736  2167  2167 D ActivityThread: SVC-BIND_SERVICE handled : 0 / BindServiceData{token=android.os.BinderProxy@2411bf0 intent=Intent { act=com.google.android.gms.lockbox.service.START pkg=com.google.android.gms }}
06-28 13:03:32.747   965  1676 V ActivityManager_MU: bringUpServiceLocked: appInfo.uid=10012 app=ProcessRecord{b06236d 2167:com.google.android.gms.persistent/u0a12}
06-28 13:03:32.747   965  1676 V ActivityManager_MU: realStartServiceLocked, ServiceRecord.uid = 10012, ProcessRecord.uid = 10012
06-28 13:03:32.750  2167  2167 D ActivityThread: SVC-Creating service: CreateServiceData{token=android.os.BinderProxy@c348ac6 className=com.google.android.gms.udc.service.UdcApiService packageName=com.google.android.gms intent=null}
06-28 13:03:32.750  2167  2167 D ActivityThread: SVC-CREATE_SERVICE handled : 0 / CreateServiceData{token=android.os.BinderProxy@c348ac6 className=com.google.android.gms.udc.service.UdcApiService packageName=com.google.android.gms intent=null}
06-28 13:03:32.750  2167  2167 V ActivityThread: handleBindService s=com.google.android.gms.udc.service.UdcApiService@fcb9a87 rebind=false
06-28 13:03:32.753  2167  2167 D ActivityThread: SVC-BIND_SERVICE handled : 0 / BindServiceData{token=android.os.BinderProxy@c348ac6 intent=Intent { act=com.google.android.gms.udc.service.START pkg=com.google.android.gms }}
06-28 13:03:32.757  2167  2167 D ActivityThread: SVC-Calling onStartCommand: com.google.android.gms.udc.service.UdcApiService@fcb9a87, flags=0, startId=1
06-28 13:03:32.758  2167  2167 D ActivityThread: SVC-SERVICE_ARGS handled : 0 / ServiceArgsData{token=android.os.BinderProxy@c348ac6 startId=1 args=Intent { cmp=com.google.android.gms/.udc.service.UdcApiService }}
06-28 13:03:32.764   965  1693 D PowerManagerService: acquireWakeLockInternal: lock=12363087, flags=0x1, tag="CMWakeLock", ws=WorkSource{10012 com.google.android.gms}, uid=10012, pid=2167
06-28 13:03:32.765   965  1693 D PowerManagerService: updateWakeLockSummaryLocked: mWakefulness=Awake, mWakeLockSummary=0x23
06-28 13:03:32.765   965  1693 D PowerManagerService: updateUserActivitySummaryLocked: mWakefulness=Awake, mUserActivitySummary=0x4, nextTimeout=-1 (56445093 ms ago)
06-28 13:03:32.765   965  1693 D PowerManagerService: updateDisplayPowerStateLocked: mDisplayReady=true, policy=3, mWakefulness=1, mWakeLockSummary=0x23, mUserActivitySummary=0x4, mBootCompleted=true, mScreenBrightnessBoostInProgress=false
06-28 13:03:32.765   965  1693 D PowerManagerNotifier: onWakeLockAcquired: flags=1, tag="CMWakeLock", packageName=com.google.android.gms, ownerUid=10012, ownerPid=2167, workSource=WorkSource{10012 com.google.android.gms}
06-28 13:03:32.770   965  1677 D PowerManagerService: releaseWakeLockInternal: lock=12363087 [CMWakeLock], flags=0x0, total_time=5ms
06-28 13:03:32.770   965  1677 D PowerManagerNotifier: onWakeLockReleased: flags=1, tag="CMWakeLock", packageName=com.google.android.gms, ownerUid=10012, ownerPid=2167, workSource=WorkSource{10012 com.google.android.gms}
06-28 13:03:32.770   965  1677 D PowerManagerService: updateWakeLockSummaryLocked: mWakefulness=Awake, mWakeLockSummary=0x23
06-28 13:03:32.770   965  1677 D PowerManagerService: updateUserActivitySummaryLocked: mWakefulness=Awake, mUserActivitySummary=0x4, nextTimeout=-1 (56445098 ms ago)
06-28 13:03:32.770   965  1677 D PowerManagerService: updateDisplayPowerStateLocked: mDisplayReady=true, policy=3, mWakefulness=1, mWakeLockSummary=0x23, mUserActivitySummary=0x4, mBootCompleted=true, mScreenBrightnessBoostInProgress=false
06-28 13:03:32.770   965   975 V ActivityManager_MU: getServiceByName(ComponentInfo{com.google.android.gms/com.google.android.gms.udc.service.UdcApiService}), callingUser = 0
06-28 13:03:32.773  2167  2167 D ActivityThread: SVC-Calling onStartCommand: com.google.android.gms.udc.service.UdcApiService@fcb9a87, flags=0, startId=2
06-28 13:03:32.773  2167  2167 D ActivityThread: SVC-SERVICE_ARGS handled : 0 / ServiceArgsData{token=android.os.BinderProxy@c348ac6 startId=2 args=Intent { cmp=com.google.android.gms/.udc.service.UdcApiService }}
06-28 13:03:32.782   965  2476 D ConnectivityService: getActiveNetworkInfo networkInfo = [type: WIFI[], state: CONNECTED/CONNECTED, reason: (unspecified), extra: "Pinnacleseven 4", roaming: false, failover: false, isAvailable: true]
06-28 13:03:32.782   965   976 D PowerManagerService: acquireWakeLockInternal: lock=12363087, flags=0x1, tag="CMWakeLock", ws=WorkSource{10012 com.google.android.gms}, uid=10012, pid=2167
06-28 13:03:32.782   965   976 D PowerManagerService: updateWakeLockSummaryLocked: mWakefulness=Awake, mWakeLockSummary=0x23
06-28 13:03:32.782   965   976 D PowerManagerService: updateUserActivitySummaryLocked: mWakefulness=Awake, mUserActivitySummary=0x4, nextTimeout=-1 (56445110 ms ago)
06-28 13:03:32.782   965   976 D PowerManagerService: updateDisplayPowerStateLocked: mDisplayReady=true, policy=3, mWakefulness=1, mWakeLockSummary=0x23, mUserActivitySummary=0x4, mBootCompleted=true, mScreenBrightnessBoostInProgress=false
06-28 13:03:32.782   965   976 D PowerManagerNotifier: onWakeLockAcquired: flags=1, tag="CMWakeLock", packageName=com.google.android.gms, ownerUid=10012, ownerPid=2167, workSource=WorkSource{10012 com.google.android.gms}
06-28 13:03:32.787   965  1778 D PowerManagerService: releaseWakeLockInternal: lock=12363087 [CMWakeLock], flags=0x0, total_time=5ms
06-28 13:03:32.787   965  1778 D PowerManagerNotifier: onWakeLockReleased: flags=1, tag="CMWakeLock", packageName=com.google.android.gms, ownerUid=10012, ownerPid=2167, workSource=WorkSource{10012 com.google.android.gms}
06-28 13:03:32.788   965  1778 D PowerManagerService: updateWakeLockSummaryLocked: mWakefulness=Awake, mWakeLockSummary=0x23
06-28 13:03:32.788   965  1778 D PowerManagerService: updateUserActivitySummaryLocked: mWakefulness=Awake, mUserActivitySummary=0x4, nextTimeout=-1 (56445116 ms ago)
06-28 13:03:32.788   965  1778 D PowerManagerService: updateDisplayPowerStateLocked: mDisplayReady=true, policy=3, mWakefulness=1, mWakeLockSummary=0x23, mUserActivitySummary=0x4, mBootCompleted=true, mScreenBrightnessBoostInProgress=false
06-28 13:03:32.799   965  1749 D PowerManagerService: acquireWakeLockInternal: lock=12363087, flags=0x1, tag="CMWakeLock", ws=WorkSource{10012 com.google.android.gms}, uid=10012, pid=2167
06-28 13:03:32.799   965  1749 D PowerManagerService: updateWakeLockSummaryLocked: mWakefulness=Awake, mWakeLockSummary=0x23
06-28 13:03:32.799   965  1749 D PowerManagerService: updateUserActivitySummaryLocked: mWakefulness=Awake, mUserActivitySummary=0x4, nextTimeout=-1 (56445127 ms ago)
06-28 13:03:32.799   965  1749 D PowerManagerService: updateDisplayPowerStateLocked: mDisplayReady=true, policy=3, mWakefulness=1, mWakeLockSummary=0x23, mUserActivitySummary=0x4, mBootCompleted=true, mScreenBrightnessBoostInProgress=false
06-28 13:03:32.799   965  1749 D PowerManagerNotifier: onWakeLockAcquired: flags=1, tag="CMWakeLock", packageName=com.google.android.gms, ownerUid=10012, ownerPid=2167, workSource=WorkSource{10012 com.google.android.gms}
06-28 13:03:32.803   965  1368 D PowerManagerService: releaseWakeLockInternal: lock=12363087 [CMWakeLock], flags=0x0, total_time=4ms
06-28 13:03:32.803   965  1368 D PowerManagerNotifier: onWakeLockReleased: flags=1, tag="CMWakeLock", packageName=com.google.android.gms, ownerUid=10012, ownerPid=2167, workSource=WorkSource{10012 com.google.android.gms}
06-28 13:03:32.803   965  1368 D PowerManagerService: updateWakeLockSummaryLocked: mWakefulness=Awake, mWakeLockSummary=0x23
06-28 13:03:32.803   965  1368 D PowerManagerService: updateUserActivitySummaryLocked: mWakefulness=Awake, mUserActivitySummary=0x4, nextTimeout=-1 (56445131 ms ago)
06-28 13:03:32.803   965  1368 D PowerManagerService: updateDisplayPowerStateLocked: mDisplayReady=true, policy=3, mWakefulness=1, mWakeLockSummary=0x23, mUserActivitySummary=0x4, mBootCompleted=true, mScreenBrightnessBoostInProgress=false
06-28 13:03:32.805   965  1693 V ActivityManager_MU: getServiceByName(ComponentInfo{com.google.android.gms/com.google.android.gms.udc.service.UdcApiService}), callingUser = 0
06-28 13:03:32.810  2167  2167 D ActivityThread: SVC-Calling onStartCommand: com.google.android.gms.udc.service.UdcApiService@fcb9a87, flags=0, startId=3
06-28 13:03:32.811  2167  2167 D ActivityThread: SVC-SERVICE_ARGS handled : 0 / ServiceArgsData{token=android.os.BinderProxy@c348ac6 startId=3 args=Intent { cmp=com.google.android.gms/.udc.service.UdcApiService }}
06-28 13:03:32.818   965  2473 D PowerManagerService: acquireWakeLockInternal: lock=12363087, flags=0x1, tag="CMWakeLock", ws=WorkSource{10012 com.google.android.gms}, uid=10012, pid=2167
06-28 13:03:32.818   965  2473 D PowerManagerService: updateWakeLockSummaryLocked: mWakefulness=Awake, mWakeLockSummary=0x23
06-28 13:03:32.819   965  2473 D PowerManagerService: updateUserActivitySummaryLocked: mWakefulness=Awake, mUserActivitySummary=0x4, nextTimeout=-1 (56445147 ms ago)
06-28 13:03:32.819   965  2473 D PowerManagerService: updateDisplayPowerStateLocked: mDisplayReady=true, policy=3, mWakefulness=1, mWakeLockSummary=0x23, mUserActivitySummary=0x4, mBootCompleted=true, mScreenBrightnessBoostInProgress=false
06-28 13:03:32.819   965  2473 D PowerManagerNotifier: onWakeLockAcquired: flags=1, tag="CMWakeLock", packageName=com.google.android.gms, ownerUid=10012, ownerPid=2167, workSource=WorkSource{10012 com.google.android.gms}
06-28 13:03:32.827   965  1676 D PowerManagerService: releaseWakeLockInternal: lock=12363087 [CMWakeLock], flags=0x0, total_time=9ms
06-28 13:03:32.827   965  1676 D PowerManagerNotifier: onWakeLockReleased: flags=1, tag="CMWakeLock", packageName=com.google.android.gms, ownerUid=10012, ownerPid=2167, workSource=WorkSource{10012 com.google.android.gms}
06-28 13:03:32.828   965  1676 D PowerManagerService: updateWakeLockSummaryLocked: mWakefulness=Awake, mWakeLockSummary=0x23
06-28 13:03:32.828   965  1676 D PowerManagerService: updateUserActivitySummaryLocked: mWakefulness=Awake, mUserActivitySummary=0x4, nextTimeout=-1 (56445156 ms ago)
06-28 13:03:32.828   965  1676 D PowerManagerService: updateDisplayPowerStateLocked: mDisplayReady=true, policy=3, mWakefulness=1, mWakeLockSummary=0x23, mUserActivitySummary=0x4, mBootCompleted=true, mScreenBrightnessBoostInProgress=false
06-28 13:03:32.832   965  1778 V ActivityManager_MU: getIntentSenderLocked(): uid=10012
06-28 13:03:32.833   965  3767 V AlarmManager: APP set(PendingIntent{4caa4dc: PendingIntentRecord{1e0a48 com.google.android.gms broadcastIntent}}) : type=3 triggerAtTime=110097845 win=-1 tElapsed=110097845 maxElapsed=110142844 interval=0 flags=0x0
06-28 13:03:32.834   965  3767 D AlarmManager:  whichBatch = -1
06-28 13:03:32.838   965  3767 V ActivityManager_MU: getServiceByName(ComponentInfo{com.google.android.gms/com.google.android.gms.udc.service.UdcApiService}), callingUser = 0
06-28 13:03:32.842   965  2473 V ActivityManager_MU: getServiceByName(ComponentInfo{com.google.android.gms/com.google.android.gms.lockbox.LockboxService}), callingUser = 0
06-28 13:03:32.843  2167  2167 D ActivityThread: SVC-Destroying service: com.google.android.gms.lockbox.LockboxService@35abeb5
06-28 13:03:32.844  2167  2167 D ActivityThread: SVC-STOP_SERVICE handled : 0 / android.os.BinderProxy@3892df2
06-28 13:03:32.944   965   991 D AutoBrightnessLenovo.LightSensorSample: onSensorChanged: lux = 103.0
06-28 13:03:32.944   965   991 D AutoBrightnessLenovo: updateAmbientLux: Scheduling ambient lux update for 5644677156446771 (in 1500 ms)
06-28 13:03:33.299   965  2472 W PackageManager: checkUidPermission(): com.android.chrome.permission.DEBUG of 2000 is denied.
06-28 13:03:33.301   965  1696 W PackageManager: checkUidPermission(): com.android.chrome.permission.DEBUG of 2000 is denied.
--------- beginning of main
06-28 13:03:33.445   965   965 E WifiTrafficPoller: TRAFFIC_STATS_POLL true Token 667 num clients 16
06-28 13:03:33.446   965   965 E WifiTrafficPoller:  packet count Tx=227418 Rx=263737
06-28 13:03:33.560  3013  3032 I System  : FinalizerDaemon: finalize objects = 332
06-28 13:03:33.945  1697  1697 D SettingsInterface:  from settings cache , name = pdp_watchdog_poll_interval_ms , value = null
06-28 13:03:34.085   965  1265 D LIGHT   : processEvent code=0,value=102
06-28 13:03:34.085   965   991 D AutoBrightnessLenovo.LightSensorSample: onSensorChanged: lux = 102.0
06-28 13:03:34.086   965   991 D AutoBrightnessLenovo: updateAmbientLux: Scheduling ambient lux update for 5644791256447912 (in 1499 ms)
06-28 13:03:34.324   965  1278 D WifiStateMachine:  get link layer stats 0
06-28 13:03:34.324   965  1278 D WifiHW  : enter -->wifi_send_command cmd=IFNAME=wlan0 SIGNAL_POLL
06-28 13:03:34.325  1488  1488 D wpa_supplicant: wlan0: Control interface command 'SIGNAL_POLL'
06-28 13:03:34.328   965  1278 D WifiHW  : leave --> reply=RSSI=-36
06-28 13:03:34.328   965  1278 D WifiHW  : LINKSPEED=58
06-28 13:03:34.328   965  1278 D WifiHW  : NOISE=9999
06-28 13:03:34.328   965  1278 D WifiHW  : FREQUENCY=2452
06-28 13:03:34.328   965  1278 D WifiHW  : 
06-28 13:03:34.328   965  1278 I WifiStateMachine: fetchRssiLinkSpeedAndFrequencyNative, newRssi:-36, newLinkSpeed:58, SSID:"Pinnacleseven 4"
06-28 13:03:34.329   965  1278 D WifiStateMachine: mLastSignalLevel:4, newSignalLevel:4
06-28 13:03:34.329   965  1278 E WifiConfigStore: updateConfiguration freq=2452 BSSID=c8:3a:35:2b:57:59 RSSI=-36 "Pinnacleseven 4"WPA_PSK
06-28 13:03:34.446   965   965 E WifiTrafficPoller: TRAFFIC_STATS_POLL true Token 667 num clients 16
06-28 13:03:34.447   965   965 E WifiTrafficPoller:  packet count Tx=227419 Rx=263740
06-28 13:03:34.468   282  1257 I BufferQueueProducer: [StatusBar](this:0x7fa9fea000,id:8,api:1,p:1333,c:282) queueBuffer: fps=0.84 dur=1189.18 max=1189.18 min=1189.18
06-28 13:03:34.486   282   282 I SurfaceFlinger: [Built-in Screen (type:0)] fps:0.834957,dur:1197.67,max:1197.67,min:1197.67
06-28 13:03:34.509 26941 26941 W ps      : type=1400 audit(0.0:73950806): avc: denied { getattr } for path="/proc/1" dev="proc" ino=51692 scontext=u:r:untrusted_app:s0:c512,c768 tcontext=u:r:init:s0 tclass=dir permissive=0
06-28 13:03:34.509 26941 26941 W ps      : type=1400 audit(0.0:73950807): avc: denied { search } for name="1" dev="proc" ino=51692 scontext=u:r:untrusted_app:s0:c512,c768 tcontext=u:r:init:s0 tclass=dir permissive=0
06-28 13:03:34.509 26941 26941 W ps      : type=1400 audit(0.0:73950808): avc: denied { search } for name="1" dev="proc" ino=51692 scontext=u:r:untrusted_app:s0:c512,c768 tcontext=u:r:init:s0 tclass=dir permissive=0
06-28 13:03:34.509 26941 26941 W ps      : type=1400 audit(0.0:73950809): avc: denied { getattr } for path="/proc/2" dev="proc" ino=51693 scontext=u:r:untrusted_app:s0:c512,c768 tcontext=u:r:kernel:s0 tclass=dir permissive=0
06-28 13:03:34.509 26941 26941 W ps      : type=1400 audit(0.0:73950810): avc: denied { search } for name="2" dev="proc" ino=51693 scontext=u:r:untrusted_app:s0:c512,c768 tcontext=u:r:kernel:s0 tclass=dir permissive=0
06-28 13:03:34.509 26941 26941 W ps      : type=1400 audit(0.0:73950811): avc: denied { search } for name="2" dev="proc" ino=51693 scontext=u:r:untrusted_app:s0:c512,c768 tcontext=u:r:kernel:s0 tclass=dir permissive=0
06-28 13:03:34.509 26941 26941 W ps      : type=1400 audit(0.0:73950812): avc: denied { getattr } for path="/proc/3" dev="proc" ino=51694 scontext=u:r:untrusted_app:s0:c512,c768 tcontext=u:r:kernel:s0 tclass=dir permissive=0
06-28 13:03:34.509 26941 26941 W ps      : type=1400 audit(0.0:73950813): avc: denied { search } for name="3" dev="proc" ino=51694 scontext=u:r:untrusted_app:s0:c512,c768 tcontext=u:r:kernel:s0 tclass=dir permissive=0
06-28 13:03:34.509 26941 26941 W ps      : type=1400 audit(0.0:73950814): avc: denied { search } for name="3" dev="proc" ino=51694 scontext=u:r:untrusted_app:s0:c512,c768 tcontext=u:r:kernel:s0 tclass=dir permissive=0
06-28 13:03:34.509 26941 26941 W ps      : type=1400 audit(0.0:73950815): avc: denied { getattr } for path="/proc/5" dev="proc" ino=51696 scontext=u:r:untrusted_app:s0:c512,c768 tcontext=u:r:kernel:s0 tclass=dir permissive=0
06-28 13:03:34.509 26941 26941 W ps      : type=1400 audit(0.0:73950816): avc: denied { search } for name="5" dev="proc" ino=51696 scontext=u:r:untrusted_app:s0:c512,c768 tcontext=u:r:kernel:s0 tclass=dir permissive=0
06-28 13:03:34.509 26941 26941 W ps      : type=1400 audit(0.0:73950817): avc: denied { search } for name="5" dev="proc" ino=51696 scontext=u:r:untrusted_app:s0:c512,c768 tcontext=u:r:kernel:s0 tclass=dir permissive=0
06-28 13:03:34.509 26941 26941 W ps      : type=1400 audit(0.0:73950818): avc: denied { getattr } for path="/proc/7" dev="proc" ino=51698 scontext=u:r:untrusted_app:s0:c512,c768 tcontext=u:r:kernel:s0 tclass=dir permissive=0
06-28 13:03:34.509 26941 26941 W ps      : type=1400 audit(0.0:73950819): avc: denied { search } for name="7" dev="proc" ino=51698 scontext=u:r:untrusted_app:s0:c512,c768 tcontext=u:r:kernel:s0 tclass=dir permissive=0
06-28 13:03:34.509 26941 26941 W ps      : type=1400 audit(0.0:73950820): avc: denied { search } for name="7" dev="proc" ino=51698 scontext=u:r:untrusted_app:s0:c512,c768 tcontext=u:r:kernel:s0 tclass=dir permissive=0
06-28 13:03:34.509 26941 26941 W ps      : type=1400 audit(0.0:73950821): avc: denied { getattr } for path="/proc/8" dev="proc" ino=51699 scontext=u:r:untrusted_app:s0:c512,c768 tcontext=u:r:kernel:s0 tclass=dir permissive=0
06-28 13:03:34.509 26941 26941 W ps      : type=1400 audit(0.0:73950822): avc: denied { search } for name="8" dev="proc" ino=51699 scontext=u:r:untrusted_app:s0:c512,c768 tcontext=u:r:kernel:s0 tclass=dir permissive=0
06-28 13:03:34.509 26941 26941 W ps      : type=1400 audit(0.0:73950823): avc: denied { search } for name="8" dev="proc" ino=51699 scontext=u:r:untrusted_app:s0:c512,c768 tcontext=u:r:kernel:s0 tclass=dir permissive=0
06-28 13:03:34.509 26941 26941 W ps      : type=1400 audit(0.0:73950824): avc: denied { getattr } for path="/proc/9" dev="proc" ino=51700 scontext=u:r:untrusted_app:s0:c512,c768 tcontext=u:r:kernel:s0 tclass=dir permissive=0
06-28 13:03:34.509 26941 26941 W ps      : type=1400 audit(0.0:73950825): avc: denied { search } for name="9" dev="proc" ino=51700 scontext=u:r:untrusted_app:s0:c512,c768 tcontext=u:r:kernel:s0 tclass=dir permissive=0
06-28 13:03:34.543   965  1776 W PackageManager: checkUidPermission(): com.android.chrome.permission.DEBUG of 2000 is denied.
06-28 13:03:34.546   965  2473 W PackageManager: checkUidPermission(): com.android.chrome.permission.DEBUG of 2000 is denied.
06-28 13:03:34.656   965  1265 D LIGHT   : processEvent code=0,value=103
06-28 13:03:34.657   965   991 D AutoBrightnessLenovo.LightSensorSample: onSensorChanged: lux = 103.0
06-28 13:03:34.657   965   991 D AutoBrightnessLenovo: updateAmbientLux: Scheduling ambient lux update for 5644848456448484 (in 1500 ms)
06-28 13:03:34.822   965  1676 V ActivityManager: Broadcast: Intent { act=com.mobpower.sdk.probe flg=0x10 (has extras) } ordered=false userid=0 callerApp=ProcessRecord{f2ff43b 20553:com.commsource.beautyplus/u0a126}
06-28 13:03:34.822   965  1676 V RestrictedPackageService: filterBroadcastReceiver for com.mobpower.sdk.probe
06-28 13:03:34.823   965   980 V ActivityManager_MU: isSingleton(com.commsource.beautyplus, ApplicationInfo{35836cb com.commsource.beautyplus}, com.mobpower.probe.PowerReceiver, 0x0) = false
06-28 13:03:34.831 20553 20553 D ActivityThread: BDC-Calling onReceive: intent=Intent { act=com.mobpower.sdk.probe flg=0x10 cmp=com.commsource.beautyplus/com.mobpower.probe.PowerReceiver (has extras) }, receiver=com.mobpower.probe.PowerReceiver@d9c4ec4
06-28 13:03:34.831 20553 20553 D ActivityThread: BDC-Calling onReceive end receiver=class com.mobpower.probe.PowerReceiver
06-28 13:03:34.832 20553 20553 D ActivityThread: BDC-RECEIVER handled : 0 / ReceiverData{intent=Intent { act=com.mobpower.sdk.probe flg=0x10 cmp=com.commsource.beautyplus/com.mobpower.probe.PowerReceiver (has extras) } packageName=com.commsource.beautyplus resultCode=-1 resultData=null resultExtras=null}
06-28 13:03:34.948  1697  1697 D SettingsInterface:  from settings cache , name = pdp_watchdog_poll_interval_ms , value = null
06-28 13:03:35.046   287 10673 I MAL-Daemon:  (        ru_syssig_hndler,  418) [RDS-I][ru_syssig_hndler] Send Event: 688 
06-28 13:03:35.046   287 10673 I MAL-Daemon:  (        ru_syssig_hndler,  419) [RDS-I][RDS][RU][ru_syssig_hndler] ru_check_ctx_ptr<0xf5c33c9c, 0xf5c33c9c>
06-28 13:03:35.046   287 10673 W MAL-Daemon:  (    mdfx_task_send_event,  636) mdfx_task_send_event(): [ACT] should NOT enter this leagcy API!!
06-28 13:03:35.046   287 10673 I MAL-Daemon:  (    ru_send_event_entity,  350) [RDS-I][RDS][RU][ru_send_event_entity] send event 688 to 602 with ret(0)
06-28 13:03:35.046   287   727 I MAL-Daemon:  (             rds_ru_task,  445) [RDS-I][RU][rds_ru_task] RCV Event: 688 
06-28 13:03:35.047  1488  1488 D wpa_supplicant: wlan0: Control interface command 'SIGNAL_POLL'
06-28 13:03:35.066   287   727 D MAL-Daemon:  (     ru_wsl_poll_wpainfo,  639) [RDS-D][RDS][RU][ru_wsl_poll_wpainfo]socket recv pktlen(48) 
06-28 13:03:35.066   287   727 D MAL-Daemon:  (rds_ru_ws_rssi_timer_exp,  752) [RDS-D][RU][rds_ru_ws_rssi_timer_expire_hdlr][RDS] get rssi = -35, snr = 9999 
06-28 13:03:35.066   287   727 I MAL-Daemon:  (  ru_wsl_wifi_status_ind,  734) [RDS-I][RDS][RU][ru_wsl_wifi_status_ind] ru_check_ctx_ptr<0xf5c33c9c, 0xf5c33c9c>
06-28 13:03:35.066   287   727 W MAL-Daemon:  (    mdfx_task_send_event,  636) mdfx_task_send_event(): [ACT] should NOT enter this leagcy API!!
06-28 13:03:35.066   287   727 I MAL-Daemon:  (    ru_send_event_entity,  350) [RDS-I][RDS][RU][ru_send_event_entity] send event 604 to 602 with ret(0)
06-28 13:03:35.067   287   727 I MAL-Daemon:  (          ru_get_netstat, 5285) [RDS-I][RU][ru_get_netstat] netstat <thrghpt, pkterrt>, wifi <484, 0%>, mobile <0, 0%>
06-28 13:03:35.067   287   727 I MAL-Daemon:  (    ru_send_event_entity,  350) [RDS-I][RDS][RU][ru_send_event_entity] send event 614 to 1234 with ret(0)
06-28 13:03:35.067   287   727 I MAL-Daemon:  (             rds_ru_task,  445) [RDS-I][RU][rds_ru_task] RCV Event: 604 
06-28 13:03:35.067   287   727 I MAL-Daemon:  (  rds_ru_wifi_status_ind, 1338) [RDS-I][RU][EVENT_RU_WS_WIFI_STATUS_IND] fgwifi_en:1(no use) i4wifirssi:0xffffffdd i4wifisnr:0x270f
06-28 13:03:35.067   287   727 I MAL-Daemon:  (    ru_send_event_entity,  350) [RDS-I][RDS][RU][ru_send_event_entity] send event 615 to 1234 with ret(0)
06-28 13:03:35.067   287   727 I MAL-Daemon:  (          rds_ru_rpl_gen, 4866) [RDS-I][RU][rds_ru_rpl_gen][RDS][OP18] TYPE : <0>, UI Policy : <3>, RDS Policy : <3>
06-28 13:03:35.067   287   727 I MAL-Daemon:  (      rds_cell_only_rjil, 3847) [RDS-I][RU][RDS IMS/MMS][rds_cell_only_rjil] 
06-28 13:03:35.067   287   727 I MAL-Daemon:  (          rds_ru_rpl_gen, 4877) [RDS-I][RU][rds_ru_rpl_gen][RDS][OP18] TYPE : <0>, RAN1 : <1> ,RAN2 : <254>
06-28 13:03:35.067   287   727 I MAL-Daemon:  (          rds_ru_rpl_gen, 4866) [RDS-I][RU][rds_ru_rpl_gen][RDS][OP18] TYPE : <1>, UI Policy : <3>, RDS Policy : <3>
06-28 13:03:35.067   287   727 I MAL-Daemon:  (      rds_cell_only_rjil, 3847) [RDS-I][RU][RDS IMS/MMS][rds_cell_only_rjil] 
06-28 13:03:35.067   287   727 I MAL-Daemon:  (          rds_ru_rpl_gen, 4877) [RDS-I][RU][rds_ru_rpl_gen][RDS][OP18] TYPE : <1>, RAN1 : <1> ,RAN2 : <254>
06-28 13:03:35.068   287   727 I MAL-Daemon:  (          rds_ru_rpl_gen, 4866) [RDS-I][RU][rds_ru_rpl_gen][RDS][OP18] TYPE : <2>, UI Policy : <3>, RDS Policy : <3>
06-28 13:03:35.068   287   727 I MAL-Daemon:  (      rds_cell_only_rjil, 3847) [RDS-I][RU][RDS IMS/MMS][rds_cell_only_rjil] 
06-28 13:03:35.068   287   727 I MAL-Daemon:  (          rds_ru_rpl_gen, 4877) [RDS-I][RU][rds_ru_rpl_gen][RDS][OP18] TYPE : <2>, RAN1 : <1> ,RAN2 : <254>
06-28 13:03:35.068   287   727 I MAL-Daemon:  (          rds_ru_rpl_gen, 4866) [RDS-I][RU][rds_ru_rpl_gen][RDS][OP18] TYPE : <3>, UI Policy : <3>, RDS Policy : <3>
06-28 13:03:35.068   287   727 I MAL-Daemon:  (          rds_ru_rpl_gen, 4877) [RDS-I][RU][rds_ru_rpl_gen][RDS][OP18] TYPE : <3>, RAN1 : <1> ,RAN2 : <255>
06-28 13:03:35.068   287   727 I MAL-Daemon:  (          rds_ru_rpl_gen, 4866) [RDS-I][RU][rds_ru_rpl_gen][RDS][OP18] TYPE : <4>, UI Policy : <3>, RDS Policy : <3>
06-28 13:03:35.068   287   727 I MAL-Daemon:  (          rds_ru_rpl_gen, 4877) [RDS-I][RU][rds_ru_rpl_gen][RDS][OP18] TYPE : <4>, RAN1 : <1> ,RAN2 : <255>
06-28 13:03:35.068   287   727 I MAL-Daemon:  (          rds_ru_rpl_gen, 4866) [RDS-I][RU][rds_ru_rpl_gen][RDS][OP18] TYPE : <5>, UI Policy : <3>, RDS Policy : <3>
06-28 13:03:35.069  1716  1847 I MFI-Conn:  (     mfia_task_bootstrap,  944) mfia_task_bootstrap(): an event 614 incoming
06-28 13:03:35.069  1716  1847 I MFI-Conn:  (     mfia_task_bootstrap,  944) mfia_task_bootstrap(): an event 615 incoming
06-28 13:03:35.069  1716  2696 I MFI-Conn:  (             rds_urc_hdl,  230) [RDS][rds_urc_hdl] RCV Event: 614 
06-28 13:03:35.069  1716  2696 I MFI-Conn:  (             rds_urc_hdl,  325) [RDS][IF][rds_urc_hdl] data_base update: pkterrt(0) 
06-28 13:03:35.069  1716  2696 I MFI-Conn:  (             rds_urc_hdl,  230) [RDS][rds_urc_hdl] RCV Event: 615 
06-28 13:03:35.070  1716  2696 I MFI-Conn:  (             rds_urc_hdl,  335) [RDS][IF][rds_urc_hdl] data_base update: i4wifirssi(-35) 
06-28 13:03:35.072   287   727 I MAL-Daemon:  (          rds_ru_rpl_gen, 4877) [RDS-I][RU][rds_ru_rpl_gen][RDS][OP18] TYPE : <5>, RAN1 : <1> ,RAN2 : <255>
06-28 13:03:35.072   287   727 I MAL-Daemon:  (          rds_ru_rpl_gen, 4877) [RDS-I][RU][rds_ru_rpl_gen][RDS][OP18] TYPE : <6>, RAN1 : <254> ,RAN2 : <254>
06-28 13:03:35.072   287   727 I MAL-Daemon:  (    rds_op_check_feature,  293) [RDS-I][RDS][OP][rds_op_check_feature] operator id(18) check feature<0>, curr_opmsk is <5>, sys_opmsk is <0x0005, 5>
06-28 13:03:35.072   287   727 I MAL-Daemon:  (          rds_ru_rpl_gen, 4901) [RDS-I][RU][rds_ru_rpl_gen][RDS] Current policy: fgimsolte_en<1>, fgwfc_en<0>, erdspolicy<3>, 
06-28 13:03:35.073   287   727 I MAL-Daemon:  (          rds_ru_rpl_gen, 4904) [RDS-I][RU][rds_ru_rpl_gen][RDS] Threshold i4wifirssih<-75>, i4wifirssil<-85>, i4wifirssih_ho<-78>, i4wifirssil_ho<-88>, i4wifisnrh<10>, i4wifisnrl<6>
06-28 13:03:35.074   287   727 I MAL-Daemon:  (          rds_ru_rpl_gen, 4907) [RDS-I][RU][rds_ru_rpl_gen][RDS] Threshold i4ltersrph<-106>, i4ltersrpm<-111>, i4ltersrpl<-116>, i4ltersrqh<5>, i4ltersrqm<3>, i4ltersrql<1>
06-28 13:03:35.074   287   727 I MAL-Daemon:  (          rds_ru_rpl_gen, 4910) [RDS-I][RU][rds_ru_rpl_gen][RDS] current rds ru status: i4wifirssi<-35>, i4wifisnr<9999>, i4ltersrp<-103>, i4ltersrq<14>, u4active_ran<65539> 
06-28 13:03:35.074   287   727 I MAL-Daemon:  (          rds_ru_rpl_gen, 4913) [RDS-I][RU][rds_ru_rpl_gen][RDS] current wifi backhaul : rtp_plr<0>, rtp_jitter<0>, ping_ind<0>
06-28 13:03:35.074   287   727 I MAL-Daemon:  (          rds_ru_rpl_gen, 4916) [RDS-I][RU][rds_ru_rpl_gen][RDS] Call stat : IR92<0>, IR94<0> 
06-28 13:03:35.075   287   727 I MAL-Daemon:  (          rds_ru_rpl_gen, 4922) [RDS-I][RU][RDS IMS/MMS][rds_ru_rpl_gen] Ori:(1,254)/(1,255) New:(1,254)/(1,255)
06-28 13:03:35.075   287   727 I MAL-Daemon:  (          rds_ru_rpl_gen, 4927) [RDS-I][RU][RDS IMS/MMS WIFI][rds_ru_rpl_gen] Ori:(1,254)/(1,255) New:(1,254)/(1,255)
06-28 13:03:35.075   287   727 I MAL-Daemon:  (          rds_ru_rpl_gen, 4932) [RDS-I][RU][RDS IMS/MMS CELL][rds_ru_rpl_gen] Ori:(1,254)/(1,255) New:(1,254)/(1,255)
06-28 13:03:35.075   287   727 I MAL-Daemon:  (          rds_ru_rpl_gen, 4936) [RDS-I][RU][RDS EMG][rds_ru_rpl_gen] Ori:(254,254) New:(254,254)
06-28 13:03:35.343   344   344 I thermal_src: wake up function 3
06-28 13:03:35.343   344   344 I thermal_src: TA_DAEMON_CMD_GET_TPCB cmd=0x5, len=4 PCB=35000
06-28 13:03:35.343   344   344 I thermal_src: TA_DAEMON_CMD_SET_TTJ cmd=0x4, len=4 Tj=85000
06-28 13:03:35.343   344   344 I thermal_src: waiting NOTIFY from kernel...
06-28 13:03:35.448   965   965 E WifiTrafficPoller: TRAFFIC_STATS_POLL true Token 667 num clients 16
06-28 13:03:35.449   965   965 E WifiTrafficPoller:  packet count Tx=227419 Rx=263740
06-28 13:03:35.473   282  9680 I BufferQueueProducer: [StatusBar](this:0x7fa9fea000,id:8,api:1,p:1333,c:282) queueBuffer: fps=1.00 dur=1005.02 max=1005.02 min=1005.02
06-28 13:03:35.496   282   282 I SurfaceFlinger: [Built-in Screen (type:0)] fps:0.989471,dur:1010.64,max:1010.64,min:1010.64
06-28 13:03:35.519 26963 26963 W ps      : type=1400 audit(0.0:73952980): avc: denied { getattr } for path="/proc/1" dev="proc" ino=51692 scontext=u:r:untrusted_app:s0:c512,c768 tcontext=u:r:init:s0 tclass=dir permissive=0
06-28 13:03:35.519 26963 26963 W ps      : type=1400 audit(0.0:73952981): avc: denied { search } for name="1" dev="proc" ino=51692 scontext=u:r:untrusted_app:s0:c512,c768 tcontext=u:r:init:s0 tclass=dir permissive=0
06-28 13:03:35.519 26963 26963 W ps      : type=1400 audit(0.0:73952982): avc: denied { search } for name="1" dev="proc" ino=51692 scontext=u:r:untrusted_app:s0:c512,c768 tcontext=u:r:init:s0 tclass=dir permissive=0
06-28 13:03:35.519 26963 26963 W ps      : type=1400 audit(0.0:73952983): avc: denied { getattr } for path="/proc/2" dev="proc" ino=51693 scontext=u:r:untrusted_app:s0:c512,c768 tcontext=u:r:kernel:s0 tclass=dir permissive=0
06-28 13:03:35.519 26963 26963 W ps      : type=1400 audit(0.0:73952984): avc: denied { search } for name="2" dev="proc" ino=51693 scontext=u:r:untrusted_app:s0:c512,c768 tcontext=u:r:kernel:s0 tclass=dir permissive=0
06-28 13:03:35.519 26963 26963 W ps      : type=1400 audit(0.0:73952985): avc: denied { search } for name="2" dev="proc" ino=51693 scontext=u:r:untrusted_app:s0:c512,c768 tcontext=u:r:kernel:s0 tclass=dir permissive=0
06-28 13:03:35.519 26963 26963 W ps      : type=1400 audit(0.0:73952986): avc: denied { getattr } for path="/proc/3" dev="proc" ino=51694 scontext=u:r:untrusted_app:s0:c512,c768 tcontext=u:r:kernel:s0 tclass=dir permissive=0
06-28 13:03:35.519 26963 26963 W ps      : type=1400 audit(0.0:73952987): avc: denied { search } for name="3" dev="proc" ino=51694 scontext=u:r:untrusted_app:s0:c512,c768 tcontext=u:r:kernel:s0 tclass=dir permissive=0
06-28 13:03:35.519 26963 26963 W ps      : type=1400 audit(0.0:73952988): avc: denied { search } for name="3" dev="proc" ino=51694 scontext=u:r:untrusted_app:s0:c512,c768 tcontext=u:r:kernel:s0 tclass=dir permissive=0
06-28 13:03:35.519 26963 26963 W ps      : type=1400 audit(0.0:73952989): avc: denied { getattr } for path="/proc/5" dev="proc" ino=51696 scontext=u:r:untrusted_app:s0:c512,c768 tcontext=u:r:kernel:s0 tclass=dir permissive=0
06-28 13:03:35.519 26963 26963 W ps      : type=1400 audit(0.0:73952990): avc: denied { search } for name="5" dev="proc" ino=51696 scontext=u:r:untrusted_app:s0:c512,c768 tcontext=u:r:kernel:s0 tclass=dir permissive=0
06-28 13:03:35.519 26963 26963 W ps      : type=1400 audit(0.0:73952991): avc: denied { search } for name="5" dev="proc" ino=51696 scontext=u:r:untrusted_app:s0:c512,c768 tcontext=u:r:kernel:s0 tclass=dir permissive=0
06-28 13:03:35.519 26963 26963 W ps      : type=1400 audit(0.0:73952992): avc: denied { getattr } for path="/proc/7" dev="proc" ino=51698 scontext=u:r:untrusted_app:s0:c512,c768 tcontext=u:r:kernel:s0 tclass=dir permissive=0
06-28 13:03:35.519 26963 26963 W ps      : type=1400 audit(0.0:73952993): avc: denied { search } for name="7" dev="proc" ino=51698 scontext=u:r:untrusted_app:s0:c512,c768 tcontext=u:r:kernel:s0 tclass=dir permissive=0
06-28 13:03:35.519 26963 26963 W ps      : type=1400 audit(0.0:73952994): avc: denied { search } for name="7" dev="proc" ino=51698 scontext=u:r:untrusted_app:s0:c512,c768 tcontext=u:r:kernel:s0 tclass=dir permissive=0
06-28 13:03:35.519 26963 26963 W ps      : type=1400 audit(0.0:73952995): avc: denied { getattr } for path="/proc/8" dev="proc" ino=51699 scontext=u:r:untrusted_app:s0:c512,c768 tcontext=u:r:kernel:s0 tclass=dir permissive=0
06-28 13:03:35.519 26963 26963 W ps      : type=1400 audit(0.0:73952996): avc: denied { search } for name="8" dev="proc" ino=51699 scontext=u:r:untrusted_app:s0:c512,c768 tcontext=u:r:kernel:s0 tclass=dir permissive=0
06-28 13:03:35.519 26963 26963 W ps      : type=1400 audit(0.0:73952997): avc: denied { search } for name="8" dev="proc" ino=51699 scontext=u:r:untrusted_app:s0:c512,c768 tcontext=u:r:kernel:s0 tclass=dir permissive=0
06-28 13:03:35.519 26963 26963 W ps      : type=1400 audit(0.0:73952998): avc: denied { getattr } for path="/proc/9" dev="proc" ino=51700 scontext=u:r:untrusted_app:s0:c512,c768 tcontext=u:r:kernel:s0 tclass=dir permissive=0
06-28 13:03:35.519 26963 26963 W ps      : type=1400 audit(0.0:73952999): avc: denied { search } for name="9" dev="proc" ino=51700 scontext=u:r:untrusted_app:s0:c512,c768 tcontext=u:r:kernel:s0 tclass=dir permissive=0
06-28 13:03:35.558   965  1677 D AppOps  : checkOperation(code = 43 uid = 10108 pkgName = com.UCMobile.intl) - op == null, return default mode = 3
06-28 13:03:35.745   965  2476 W PackageManager: checkUidPermission(): com.android.chrome.permission.DEBUG of 2000 is denied.
06-28 13:03:35.746   965   976 W PackageManager: checkUidPermission(): com.android.chrome.permission.DEBUG of 2000 is denied.
06-28 13:03:35.784   965  1265 D LIGHT   : processEvent code=0,value=104
06-28 13:03:35.784   965   991 D AutoBrightnessLenovo.LightSensorSample: onSensorChanged: lux = 104.0
06-28 13:03:35.784   965   991 D AutoBrightnessLenovo: updateAmbientLux: Scheduling ambient lux update for 5644961156449611 (in 1500 ms)
06-28 13:03:35.952  1697  1697 D SettingsInterface:  from settings cache , name = pdp_watchdog_poll_interval_ms , value = null
06-28 13:03:36.371   287  2900 I MAL-Daemon:  (    ru_mdmngr_send_atcmd, 1931) [RDS-I][RDS][RU][ru_mdmngr_send_atcmd] try to send ATcmd : AT+ECSQ 
06-28 13:03:36.371   287  2900 I MAL-Daemon:  (    ru_mdmngr_send_atcmd, 1940) [RDS-I][RDS][RU][ru_mdmngr_send_atcmd] ru_check_ctx_ptr<0xf5c33c9c, 0xf5c33c9c>
06-28 13:03:36.371   287  2900 W MAL-Daemon:  (    mdfx_task_send_event,  636) mdfx_task_send_event(): [ACT] should NOT enter this leagcy API!!
06-28 13:03:36.372   287  2900 I MAL-Daemon:  (    ru_send_event_entity,  350) [RDS-I][RDS][RU][ru_send_event_entity] send event 101 to 101 with ret(0)
06-28 13:03:36.372   287   712 D MAL-Daemon:  (         mdmngr_task_hdl,   36) mdmngr_task_hdl(), receive event = 101 (vendor/mediatek/proprietary/frameworks/opt/mal/entity/mdmngr/mdmngr.c:36)
06-28 13:03:36.372   287   712 D MAL-Daemon:  (         mdmngr_task_hdl,   67) EVENT_MDMNGR_ATCMD_REQ@MDMNGR, priv_data = f3ce9400, channel = 1, cmd = (AT+ECSQ) (vendor/mediatek/proprietary/frameworks/opt/mal/entity/mdmngr/mdmngr.c:67)
06-28 13:03:36.372   287   712 W MAL-Daemon:  (    mdfx_task_send_event,  636) mdfx_task_send_event(): [ACT] should NOT enter this leagcy API!!
06-28 13:03:36.372   287   734 I MAL-Daemon:  ( mdfx_event_do_statistic,  153) mdfx_event_do_statistic(): [STATISTIC] TID = 734 has used 140791576 bytes!!
06-28 13:03:36.373   287   734 E MAL-Daemon:  (void* rilproxy_task_hdl(,  439) rilproxy_task_hdl(), receive event = 401
06-28 13:03:36.373   287   734 D MAL-Daemon:  (int rilproxy_send_ril_re,  320) send ril request, request_id = 2130, serial_no = 1d4e00, length = 18000000, send_size = 24(18), fd = 29
06-28 13:03:36.383   287   731 D MAL-Daemon:  (void* rilproxy_cmd_resp_,  670) recv ril resp, length = 64, type = 0, result = 0, serial_no = 1d4e00
06-28 13:03:36.383   287   731 D MAL-Daemon:  (void* rilproxy_cmd_resp_,  676) event_id = 401
06-28 13:03:36.384   287   712 D MAL-Daemon:  (         mdmngr_task_hdl,   36) mdmngr_task_hdl(), receive event = 103 (vendor/mediatek/proprietary/frameworks/opt/mal/entity/mdmngr/mdmngr.c:36)
06-28 13:03:36.384   287   712 D MAL-Daemon:  (         mdmngr_task_hdl,  115) EVENT_MDMNGR_ATCMD_RESP@MDMNGR (vendor/mediatek/proprietary/frameworks/opt/mal/entity/mdmngr/mdmngr.c:115)
06-28 13:03:36.384   287   712 D MAL-Daemon:  (         mdmngr_task_hdl,  122) event_req = f3ce9400, ID = 101 (vendor/mediatek/proprietary/frameworks/opt/mal/entity/mdmngr/mdmngr.c:122)
06-28 13:03:36.384   287   712 D MAL-Daemon:  (         mdmngr_task_hdl,  125) atcmd_resp->priv_data = f3c44780 (vendor/mediatek/proprietary/frameworks/opt/mal/entity/mdmngr/mdmngr.c:125)
06-28 13:03:36.384   287   727 I MAL-Daemon:  (             rds_ru_task,  445) [RDS-I][RU][rds_ru_task] RCV Event: 103 
06-28 13:03:36.384   287   727 I MAL-Daemon:  (rds_ru_mdmngr_atrsp_hndl, 2186) [RDS-I][RDS][RU][rds_ru_mdmngr_atrsp_hndl] get AT resp: +ECSQ: 14,38,1,1,1,-51,-409,7,13,40
06-28 13:03:36.384   287   727 I MAL-Daemon: 
06-28 13:03:36.384   287   727 I MAL-Daemon: OK
06-28 13:03:36.384   287   727 I MAL-Daemon: 
06-28 13:03:36.384   287   727 I MAL-Daemon:  (     ru_parse_3gppsigval, 1458) [RDS-I][RDS][ru_parse_3gppsigval] 3gppsigval #args act<7>
06-28 13:03:36.450   965   965 E WifiTrafficPoller: TRAFFIC_STATS_POLL true Token 667 num clients 16
06-28 13:03:36.451   965   965 E WifiTrafficPoller:  packet count Tx=227419 Rx=263741
06-28 13:03:36.504   282   528 I BufferQueueProducer: [StatusBar](this:0x7fa9fea000,id:8,api:1,p:1333,c:282) queueBuffer: fps=1.94 dur=1030.87 max=818.17 min=212.70
06-28 13:03:36.515   282   282 I SurfaceFlinger: [Built-in Screen (type:0)] fps:1.962741,dur:1018.98,max:797.88,min:221.10
06-28 13:03:36.539 26990 26990 W ps      : type=1400 audit(0.0:73955528): avc: denied { getattr } for path="/proc/1" dev="proc" ino=51692 scontext=u:r:untrusted_app:s0:c512,c768 tcontext=u:r:init:s0 tclass=dir permissive=0
06-28 13:03:36.539 26990 26990 W ps      : type=1400 audit(0.0:73955529): avc: denied { search } for name="1" dev="proc" ino=51692 scontext=u:r:untrusted_app:s0:c512,c768 tcontext=u:r:init:s0 tclass=dir permissive=0
06-28 13:03:36.539 26990 26990 W ps      : type=1400 audit(0.0:73955530): avc: denied { search } for name="1" dev="proc" ino=51692 scontext=u:r:untrusted_app:s0:c512,c768 tcontext=u:r:init:s0 tclass=dir permissive=0
06-28 13:03:36.539 26990 26990 W ps      : type=1400 audit(0.0:73955531): avc: denied { getattr } for path="/proc/2" dev="proc" ino=51693 scontext=u:r:untrusted_app:s0:c512,c768 tcontext=u:r:kernel:s0 tclass=dir permissive=0
06-28 13:03:36.539 26990 26990 W ps      : type=1400 audit(0.0:73955532): avc: denied { search } for name="2" dev="proc" ino=51693 scontext=u:r:untrusted_app:s0:c512,c768 tcontext=u:r:kernel:s0 tclass=dir permissive=0
06-28 13:03:36.539 26990 26990 W ps      : type=1400 audit(0.0:73955533): avc: denied { search } for name="2" dev="proc" ino=51693 scontext=u:r:untrusted_app:s0:c512,c768 tcontext=u:r:kernel:s0 tclass=dir permissive=0
06-28 13:03:36.539 26990 26990 W ps      : type=1400 audit(0.0:73955534): avc: denied { getattr } for path="/proc/3" dev="proc" ino=51694 scontext=u:r:untrusted_app:s0:c512,c768 tcontext=u:r:kernel:s0 tclass=dir permissive=0
06-28 13:03:36.539 26990 26990 W ps      : type=1400 audit(0.0:73955535): avc: denied { search } for name="3" dev="proc" ino=51694 scontext=u:r:untrusted_app:s0:c512,c768 tcontext=u:r:kernel:s0 tclass=dir permissive=0
06-28 13:03:36.539 26990 26990 W ps      : type=1400 audit(0.0:73955536): avc: denied { search } for name="3" dev="proc" ino=51694 scontext=u:r:untrusted_app:s0:c512,c768 tcontext=u:r:kernel:s0 tclass=dir permissive=0
06-28 13:03:36.539 26990 26990 W ps      : type=1400 audit(0.0:73955537): avc: denied { getattr } for path="/proc/5" dev="proc" ino=51696 scontext=u:r:untrusted_app:s0:c512,c768 tcontext=u:r:kernel:s0 tclass=dir permissive=0
06-28 13:03:36.539 26990 26990 W ps      : type=1400 audit(0.0:73955538): avc: denied { search } for name="5" dev="proc" ino=51696 scontext=u:r:untrusted_app:s0:c512,c768 tcontext=u:r:kernel:s0 tclass=dir permissive=0
06-28 13:03:36.539 26990 26990 W ps      : type=1400 audit(0.0:73955539): avc: denied { search } for name="5" dev="proc" ino=51696 scontext=u:r:untrusted_app:s0:c512,c768 tcontext=u:r:kernel:s0 tclass=dir permissive=0
06-28 13:03:36.539 26990 26990 W ps      : type=1400 audit(0.0:73955540): avc: denied { getattr } for path="/proc/7" dev="proc" ino=51698 scontext=u:r:untrusted_app:s0:c512,c768 tcontext=u:r:kernel:s0 tclass=dir permissive=0
06-28 13:03:36.539 26990 26990 W ps      : type=1400 audit(0.0:73955541): avc: denied { search } for name="7" dev="proc" ino=51698 scontext=u:r:untrusted_app:s0:c512,c768 tcontext=u:r:kernel:s0 tclass=dir permissive=0
06-28 13:03:36.539 26990 26990 W ps      : type=1400 audit(0.0:73955542): avc: denied { search } for name="7" dev="proc" ino=51698 scontext=u:r:untrusted_app:s0:c512,c768 tcontext=u:r:kernel:s0 tclass=dir permissive=0
06-28 13:03:36.539 26990 26990 W ps      : type=1400 audit(0.0:73955543): avc: denied { getattr } for path="/proc/8" dev="proc" ino=51699 scontext=u:r:untrusted_app:s0:c512,c768 tcontext=u:r:kernel:s0 tclass=dir permissive=0
06-28 13:03:36.539 26990 26990 W ps      : type=1400 audit(0.0:73955544): avc: denied { search } for name="8" dev="proc" ino=51699 scontext=u:r:untrusted_app:s0:c512,c768 tcontext=u:r:kernel:s0 tclass=dir permissive=0
06-28 13:03:36.539 26990 26990 W ps      : type=1400 audit(0.0:73955545): avc: denied { search } for name="8" dev="proc" ino=51699 scontext=u:r:untrusted_app:s0:c512,c768 tcontext=u:r:kernel:s0 tclass=dir permissive=0
06-28 13:03:36.539 26990 26990 W ps      : type=1400 audit(0.0:73955546): avc: denied { getattr } for path="/proc/9" dev="proc" ino=51700 scontext=u:r:untrusted_app:s0:c512,c768 tcontext=u:r:kernel:s0 tclass=dir permissive=0
06-28 13:03:36.539 26990 26990 W ps      : type=1400 audit(0.0:73955547): avc: denied { search } for name="9" dev="proc" ino=51700 scontext=u:r:untrusted_app:s0:c512,c768 tcontext=u:r:kernel:s0 tclass=dir permissive=0
06-28 13:03:36.563   965  1660 W PackageManager: checkUidPermission(): android.permission.INTERACT_ACROSS_USERS_FULL of 10126 is denied.
06-28 13:03:36.563   965  1660 W PackageManager: checkUidPermission(): android.permission.REAL_GET_TASKS of 10126 is denied.
06-28 13:03:36.563   965  1660 W ActivityManager: getRunningAppProcesses: caller 10126 does not hold REAL_GET_TASKS; limiting output
06-28 13:03:36.729   346   346 I thermal_repeater: select timeout
06-28 13:03:36.930   965  2472 W PackageManager: checkUidPermission(): com.android.chrome.permission.DEBUG of 2000 is denied.
06-28 13:03:36.931   965  1696 W PackageManager: checkUidPermission(): com.android.chrome.permission.DEBUG of 2000 is denied.
06-28 13:03:36.954  1697  1697 D SettingsInterface:  from settings cache , name = pdp_watchdog_poll_interval_ms , value = null
06-28 13:03:37.286   965   991 D AutoBrightnessLenovo: updateAmbientLux: Scheduling ambient lux update for 5645111356451113 (in 1500 ms)
06-28 13:03:37.333   965  1278 D WifiStateMachine:  get link layer stats 0
06-28 13:03:37.333   965  1278 D WifiHW  : enter -->wifi_send_command cmd=IFNAME=wlan0 SIGNAL_POLL
06-28 13:03:37.334  1488  1488 D wpa_supplicant: wlan0: Control interface command 'SIGNAL_POLL'
06-28 13:03:37.356   965  1278 D WifiHW  : leave --> reply=RSSI=-39
06-28 13:03:37.356   965  1278 D WifiHW  : LINKSPEED=58
06-28 13:03:37.356   965  1278 D WifiHW  : NOISE=9999
06-28 13:03:37.356   965  1278 D WifiHW  : FREQUENCY=2452
06-28 13:03:37.356   965  1278 D WifiHW  : 
06-28 13:03:37.356   965  1278 I WifiStateMachine: fetchRssiLinkSpeedAndFrequencyNative, newRssi:-39, newLinkSpeed:58, SSID:"Pinnacleseven 4"
06-28 13:03:37.356   965  1278 D WifiStateMachine: mLastSignalLevel:4, newSignalLevel:4
06-28 13:03:37.357   965  1278 E WifiConfigStore: updateConfiguration freq=2452 BSSID=c8:3a:35:2b:57:59 RSSI=-37 "Pinnacleseven 4"WPA_PSK
06-28 13:03:37.452   965   965 E WifiTrafficPoller: TRAFFIC_STATS_POLL true Token 667 num clients 16
06-28 13:03:37.453   965   965 E WifiTrafficPoller:  packet count Tx=227419 Rx=263742
06-28 13:03:37.549 27009 27009 W ps      : type=1400 audit(0.0:73958378): avc: denied { getattr } for path="/proc/336" dev="proc" ino=51941 scontext=u:r:untrusted_app:s0:c512,c768 tcontext=u:r:mtk_agpsd:s0 tclass=dir permissive=0
06-28 13:03:37.549 27009 27009 W ps      : type=1400 audit(0.0:73958379): avc: denied { search } for name="336" dev="proc" ino=51941 scontext=u:r:untrusted_app:s0:c512,c768 tcontext=u:r:mtk_agpsd:s0 tclass=dir permissive=0
06-28 13:03:37.549 27009 27009 W ps      : type=1400 audit(0.0:73958380): avc: denied { search } for name="336" dev="proc" ino=51941 scontext=u:r:untrusted_app:s0:c512,c768 tcontext=u:r:mtk_agpsd:s0 tclass=dir permissive=0
06-28 13:03:37.549 27009 27009 W ps      : type=1400 audit(0.0:73958381): avc: denied { getattr } for path="/proc/337" dev="proc" ino=51942 scontext=u:r:untrusted_app:s0:c512,c768 tcontext=u:r:slpd:s0 tclass=dir permissive=0
06-28 13:03:37.549 27009 27009 W ps      : type=1400 audit(0.0:73958382): avc: denied { search } for name="337" dev="proc" ino=51942 scontext=u:r:untrusted_app:s0:c512,c768 tcontext=u:r:slpd:s0 tclass=dir permissive=0
06-28 13:03:37.549 27009 27009 W ps      : type=1400 audit(0.0:73958383): avc: denied { search } for name="337" dev="proc" ino=51942 scontext=u:r:untrusted_app:s0:c512,c768 tcontext=u:r:slpd:s0 tclass=dir permissive=0
06-28 13:03:37.549 27009 27009 W ps      : type=1400 audit(0.0:73958384): avc: denied { getattr } for path="/proc/338" dev="proc" ino=51943 scontext=u:r:untrusted_app:s0:c512,c768 tcontext=u:r:wifi2agps:s0 tclass=dir permissive=0
06-28 13:03:37.549 27009 27009 W ps      : type=1400 audit(0.0:73958385): avc: denied { search } for name="338" dev="proc" ino=51943 scontext=u:r:untrusted_app:s0:c512,c768 tcontext=u:r:wifi2agps:s0 tclass=dir permissive=0
06-28 13:03:37.549 27009 27009 W ps      : type=1400 audit(0.0:73958386): avc: denied { search } for name="338" dev="proc" ino=51943 scontext=u:r:untrusted_app:s0:c512,c768 tcontext=u:r:wifi2agps:s0 tclass=dir permissive=0
06-28 13:03:37.549 27009 27009 W ps      : type=1400 audit(0.0:73958387): avc: denied { getattr } for path="/proc/339" dev="proc" ino=51944 scontext=u:r:untrusted_app:s0:c512,c768 tcontext=u:r:mnld:s0 tclass=dir permissive=0
06-28 13:03:37.549 27009 27009 W ps      : type=1400 audit(0.0:73958388): avc: denied { search } for name="339" dev="proc" ino=51944 scontext=u:r:untrusted_app:s0:c512,c768 tcontext=u:r:mnld:s0 tclass=dir permissive=0
06-28 13:03:37.549 27009 27009 W ps      : type=1400 audit(0.0:73958389): avc: denied { search } for name="339" dev="proc" ino=51944 scontext=u:r:untrusted_app:s0:c512,c768 tcontext=u:r:mnld:s0 tclass=dir permissive=0
06-28 13:03:37.549 27009 27009 W ps      : type=1400 audit(0.0:73958390): avc: denied { getattr } for path="/proc/340" dev="proc" ino=51945 scontext=u:r:untrusted_app:s0:c512,c768 tcontext=u:r:MPED:s0 tclass=dir permissive=0
06-28 13:03:37.549 27009 27009 W ps      : type=1400 audit(0.0:73958391): avc: denied { search } for name="340" dev="proc" ino=51945 scontext=u:r:untrusted_app:s0:c512,c768 tcontext=u:r:MPED:s0 tclass=dir permissive=0
06-28 13:03:37.549 27009 27009 W ps      : type=1400 audit(0.0:73958392): avc: denied { search } for name="340" dev="proc" ino=51945 scontext=u:r:untrusted_app:s0:c512,c768 tcontext=u:r:MPED:s0 tclass=dir permissive=0
