06-28 13:08:16.024   965  1265 D LIGHT   : processEvent code=0,value=79
06-28 13:08:16.371   287  2900 I MAL-Daemon:  (    ru_mdmngr_send_atcmd, 1931) [RDS-I][RDS][RU][ru_mdmngr_send_atcmd] try to send ATcmd : AT+ECSQ 
06-28 13:08:16.371   287  2900 I MAL-Daemon:  (    ru_mdmngr_send_atcmd, 1940) [RDS-I][RDS][RU][ru_mdmngr_send_atcmd] ru_check_ctx_ptr<0xf5c33c9c, 0xf5c33c9c>
06-28 13:08:16.371   287  2900 W MAL-Daemon:  (    mdfx_task_send_event,  636) mdfx_task_send_event(): [ACT] should NOT enter this leagcy API!!
06-28 13:08:16.372   287  2900 I MAL-Daemon:  (    ru_send_event_entity,  350) [RDS-I][RDS][RU][ru_send_event_entity] send event 101 to 101 with ret(0)
06-28 13:08:16.372   287   712 D MAL-Daemon:  (         mdmngr_task_hdl,   36) mdmngr_task_hdl(), receive event = 101 (vendor/mediatek/proprietary/frameworks/opt/mal/entity/mdmngr/mdmngr.c:36)
06-28 13:08:16.372   287   712 D MAL-Daemon:  (         mdmngr_task_hdl,   67) EVENT_MDMNGR_ATCMD_REQ@MDMNGR, priv_data = f3ce9400, channel = 1, cmd = (AT+ECSQ) (vendor/mediatek/proprietary/frameworks/opt/mal/entity/mdmngr/mdmngr.c:67)
06-28 13:08:16.372   287   712 W MAL-Daemon:  (    mdfx_task_send_event,  636) mdfx_task_send_event(): [ACT] should NOT enter this leagcy API!!
06-28 13:08:16.372   287   734 I MAL-Daemon:  ( mdfx_event_do_statistic,  153) mdfx_event_do_statistic(): [STATISTIC] TID = 734 has used 141323240 bytes!!
06-28 13:08:16.372   287   734 E MAL-Daemon:  (void* rilproxy_task_hdl(,  439) rilproxy_task_hdl(), receive event = 401
06-28 13:08:16.373   287   734 D MAL-Daemon:  (int rilproxy_send_ril_re,  320) send ril request, request_id = 2130, serial_no = 1d6a00, length = 18000000, send_size = 24(18), fd = 29
06-28 13:08:16.383   287   731 D MAL-Daemon:  (void* rilproxy_cmd_resp_,  670) recv ril resp, length = 64, type = 0, result = 0, serial_no = 1d6a00
06-28 13:08:16.384   287   731 D MAL-Daemon:  (void* rilproxy_cmd_resp_,  676) event_id = 401
06-28 13:08:16.384   287   712 D MAL-Daemon:  (         mdmngr_task_hdl,   36) mdmngr_task_hdl(), receive event = 103 (vendor/mediatek/proprietary/frameworks/opt/mal/entity/mdmngr/mdmngr.c:36)
06-28 13:08:16.384   287   712 D MAL-Daemon:  (         mdmngr_task_hdl,  115) EVENT_MDMNGR_ATCMD_RESP@MDMNGR (vendor/mediatek/proprietary/frameworks/opt/mal/entity/mdmngr/mdmngr.c:115)
06-28 13:08:16.384   287   712 D MAL-Daemon:  (         mdmngr_task_hdl,  122) event_req = f3ce9400, ID = 101 (vendor/mediatek/proprietary/frameworks/opt/mal/entity/mdmngr/mdmngr.c:122)
06-28 13:08:16.384   287   712 D MAL-Daemon:  (         mdmngr_task_hdl,  125) atcmd_resp->priv_data = f3c44b70 (vendor/mediatek/proprietary/frameworks/opt/mal/entity/mdmngr/mdmngr.c:125)
06-28 13:08:16.384   287   727 I MAL-Daemon:  (             rds_ru_task,  445) [RDS-I][RU][rds_ru_task] RCV Event: 103 
06-28 13:08:16.384   287   727 I MAL-Daemon:  (rds_ru_mdmngr_atrsp_hndl, 2186) [RDS-I][RDS][RU][rds_ru_mdmngr_atrsp_hndl] get AT resp: +ECSQ: 17,37,1,1,1,-46,-413,7,13,40
06-28 13:08:16.384   287   727 I MAL-Daemon: 
06-28 13:08:16.384   287   727 I MAL-Daemon: OK
06-28 13:08:16.384   287   727 I MAL-Daemon: 
06-28 13:08:16.384   287   727 I MAL-Daemon:  (     ru_parse_3gppsigval, 1458) [RDS-I][RDS][ru_parse_3gppsigval] 3gppsigval #args act<7>
06-28 13:08:16.579 15014 15014 D ActivityThread: SVC-UNBIND_SERVICE handled : 0 / BindServiceData{token=android.os.BinderProxy@e87d152 intent=Intent { act=com.google.android.gms.checkin.START pkg=com.google.android.gms }}
06-28 13:08:16.579 15014 15014 D ActivityThread: SVC-Destroying service: com.google.android.gms.checkin.CheckinApiService@9074c23
06-28 13:08:16.584 15014 15014 D ActivityThread: SVC-STOP_SERVICE handled : 0 / android.os.BinderProxy@e87d152
06-28 13:08:16.838   965  1660 D PowerManagerService: acquireWakeLockInternal: lock=116355130, flags=0x1, tag="GCoreFlp", ws=WorkSource{10012 com.google.android.gms}, uid=10012, pid=2167
06-28 13:08:16.839   965  1660 D PowerManagerService: updateWakeLockSummaryLocked: mWakefulness=Asleep, mWakeLockSummary=0x1
06-28 13:08:16.839   965  1660 D PowerManagerService: updateUserActivitySummaryLocked: mWakefulness=Asleep, mUserActivitySummary=0x0, nextTimeout=0 (56729166 ms ago)
06-28 13:08:16.839   965  1660 D DisplayPowerController: requestPowerState: policy=OFF, useProximitySensor=false, screenBrightness=102, screenAutoBrightnessAdjustment=-1.0, brightnessSetByUser=true, useAutoBrightness=true, blockScreenOn=false, lowPowerMode=false, boostScreenBrightness=false, dozeScreenBrightness=-1, dozeScreenState=UNKNOWN, waitForNegativeProximity=false
06-28 13:08:16.839   965  1660 D PowerManagerService: updateDisplayPowerStateLocked: mDisplayReady=true, policy=0, mWakefulness=0, mWakeLockSummary=0x1, mUserActivitySummary=0x0, mBootCompleted=true, mScreenBrightnessBoostInProgress=false
06-28 13:08:16.840   965  1660 D PowerManagerService: Acquiring suspend blocker "PowerManagerService.WakeLocks".
06-28 13:08:16.840   965  1660 D PowerManagerNotifier: onWakeLockAcquired: flags=1, tag="GCoreFlp", packageName=com.google.android.gms, ownerUid=10012, ownerPid=2167, workSource=WorkSource{10012 com.google.android.gms}
06-28 13:08:16.842  2167  2365 W GCoreFlp: No location to return for getLastLocation()
06-28 13:08:16.843   965  1776 D PowerManagerService: releaseWakeLockInternal: lock=116355130 [GCoreFlp], flags=0x0, total_time=4ms
06-28 13:08:16.843   965  1776 D PowerManagerNotifier: onWakeLockReleased: flags=1, tag="GCoreFlp", packageName=com.google.android.gms, ownerUid=10012, ownerPid=2167, workSource=WorkSource{10012 com.google.android.gms}
06-28 13:08:16.844   965  1776 D PowerManagerService: updateWakeLockSummaryLocked: mWakefulness=Asleep, mWakeLockSummary=0x0
06-28 13:08:16.844   965  1776 D PowerManagerService: updateUserActivitySummaryLocked: mWakefulness=Asleep, mUserActivitySummary=0x0, nextTimeout=0 (56729171 ms ago)
06-28 13:08:16.844   965  1776 D DisplayPowerController: requestPowerState: policy=OFF, useProximitySensor=false, screenBrightness=102, screenAutoBrightnessAdjustment=-1.0, brightnessSetByUser=true, useAutoBrightness=true, blockScreenOn=false, lowPowerMode=false, boostScreenBrightness=false, dozeScreenBrightness=-1, dozeScreenState=UNKNOWN, waitForNegativeProximity=false
06-28 13:08:16.844   965  1776 D PowerManagerService: updateDisplayPowerStateLocked: mDisplayReady=true, policy=0, mWakefulness=0, mWakeLockSummary=0x0, mUserActivitySummary=0x0, mBootCompleted=true, mScreenBrightnessBoostInProgress=false
06-28 13:08:16.845   965  1776 D PowerManagerService: Releasing suspend blocker "PowerManagerService.WakeLocks".
06-28 13:08:16.887 15014 15014 D ActivityThread: SVC-UNBIND_SERVICE handled : 0 / BindServiceData{token=android.os.BinderProxy@95d9838 intent=Intent { act=com.google.android.gms.icing.APP_INDEXING_SERVICE pkg=com.google.android.gms }}
06-28 13:08:16.887 15014 15014 D ActivityThread: SVC-Destroying service: com.google.android.gms.icing.service.AppIndexingService@c413576
06-28 13:08:16.892 15014 15014 D ActivityThread: SVC-STOP_SERVICE handled : 0 / android.os.BinderProxy@95d9838
06-28 13:08:17.046   287 10673 I MAL-Daemon:  (        ru_syssig_hndler,  418) [RDS-I][ru_syssig_hndler] Send Event: 688 
06-28 13:08:17.046   287 10673 I MAL-Daemon:  (        ru_syssig_hndler,  419) [RDS-I][RDS][RU][ru_syssig_hndler] ru_check_ctx_ptr<0xf5c33c9c, 0xf5c33c9c>
06-28 13:08:17.046   287 10673 W MAL-Daemon:  (    mdfx_task_send_event,  636) mdfx_task_send_event(): [ACT] should NOT enter this leagcy API!!
06-28 13:08:17.046   287 10673 I MAL-Daemon:  (    ru_send_event_entity,  350) [RDS-I][RDS][RU][ru_send_event_entity] send event 688 to 602 with ret(0)
06-28 13:08:17.047   287   727 I MAL-Daemon:  (             rds_ru_task,  445) [RDS-I][RU][rds_ru_task] RCV Event: 688 
06-28 13:08:17.047  1488  1488 D wpa_supplicant: wlan0: Control interface command 'SIGNAL_POLL'
06-28 13:08:17.066   287   727 D MAL-Daemon:  (     ru_wsl_poll_wpainfo,  639) [RDS-D][RDS][RU][ru_wsl_poll_wpainfo]socket recv pktlen(48) 
06-28 13:08:17.066   287   727 D MAL-Daemon:  (rds_ru_ws_rssi_timer_exp,  752) [RDS-D][RU][rds_ru_ws_rssi_timer_expire_hdlr][RDS] get rssi = -40, snr = 9999 
06-28 13:08:17.067   287   727 I MAL-Daemon:  (          ru_get_netstat, 5285) [RDS-I][RU][ru_get_netstat] netstat <thrghpt, pkterrt>, wifi <0, 0%>, mobile <0, 0%>
06-28 13:08:17.067   287   727 I MAL-Daemon:  (    ru_send_event_entity,  350) [RDS-I][RDS][RU][ru_send_event_entity] send event 614 to 1234 with ret(0)
06-28 13:08:17.068  1716  1847 I MFI-Conn:  (     mfia_task_bootstrap,  944) mfia_task_bootstrap(): an event 614 incoming
06-28 13:08:17.068  1716  2696 I MFI-Conn:  (             rds_urc_hdl,  230) [RDS][rds_urc_hdl] RCV Event: 614 
06-28 13:08:17.068  1716  2696 I MFI-Conn:  (             rds_urc_hdl,  325) [RDS][IF][rds_urc_hdl] data_base update: pkterrt(0) 
06-28 13:08:17.157   346   346 I thermal_repeater: select timeout
06-28 13:08:17.568  2875 32609 I System.out: [CDS]rx timeout:1
06-28 13:08:17.568  2875 32609 D NativeCrypto: ssl=0x7f4294d780 sslRead buf=0x7f11936000 len=8192,timeo=1
06-28 13:08:17.568  2875 32609 D NativeCrypto: ssl=0x7f4294d780 info_callback where=0x4004 ret=256
06-28 13:08:17.568  2875 32609 D NativeCrypto: ssl=0x7f4294d780 SSL3 alert read:W:CN warning close notify
06-28 13:08:17.568  2875 32609 D NativeCrypto: ssl=0x7f4294d780 info_callback ignored
06-28 13:08:17.569  2875 32609 I System.out: [CDS]rx timeout:10000
06-28 13:08:17.569  2875 32609 D NativeCrypto: ssl=0x7f4294d780 NativeCrypto_SSL_interrupt
06-28 13:08:17.569  2875 32609 D NativeCrypto:  sslNotify, appData=0x7f154256e0 ret=1
06-28 13:08:17.569  2875 32609 D NativeCrypto:  sslNotify, appData=0x7f154256e0 ret=1
06-28 13:08:17.572  2875 32609 D NativeCrypto: ssl=0x7f4294d780 info_callback where=0x4008 ret=256
06-28 13:08:17.572  2875 32609 D NativeCrypto: ssl=0x7f4294d780 SSL3 alert write:W:CN warning close notify
06-28 13:08:17.572  2875 32609 D NativeCrypto: ssl=0x7f4294d780 info_callback ignored
06-28 13:08:17.574  2875 32609 I System.out: close [socket][/192.168.1.10:35311]
06-28 13:08:17.575  2875 32609 I System.out: [CDS][DNS] getAllByNameImpl netId = 0
06-28 13:08:17.576  2875 32609 D libc-netbsd: [getaddrinfo]: mtk hostname=mobile.arc.nasa.gov; servname=(null); netid=0; mark=0
06-28 13:08:17.576  2875 32609 D libc-netbsd: getaddrinfo( app_uid:10135
06-28 13:08:17.576  2875 32609 D libc-netbsd: getaddrinfo() uid prop:
06-28 13:08:17.576  2875 32609 D libc-netbsd: getaddrinfo() getuid():10135
06-28 13:08:17.576  2875 32609 D libc-netbsd: [getaddrinfo]: mtk ai_addrlen=0; ai_canonname=(null); ai_flags=4; ai_family=0
06-28 13:08:17.577  2875 32609 D libc-netbsd: [getaddrinfo]: mtk hostname=mobile.arc.nasa.gov; servname=(null); netid=0; mark=0
06-28 13:08:17.577  2875 32609 D libc-netbsd: getaddrinfo( app_uid:10135
06-28 13:08:17.577  2875 32609 D libc-netbsd: getaddrinfo() uid prop:
06-28 13:08:17.579  2875 32609 D libc-netbsd: getaddrinfo() getuid():10135
06-28 13:08:17.579  2875 32609 D libc-netbsd: [getaddrinfo]: mtk ai_addrlen=0; ai_canonname=(null); ai_flags=1024; ai_family=0
06-28 13:08:17.582   320   958 D FrameworkListener: dispatchCommand data = (getaddrinfo mobile.arc.nasa.gov ^ 1024 0 1 0 0)
06-28 13:08:17.585   320 31893 D libc-netbsd: [getaddrinfo]: mtk hostname=mobile.arc.nasa.gov; servname=(null); netid=1031; mark=1031
06-28 13:08:17.585   320 31893 D libc-netbsd: getaddrinfo( app_uid:0
06-28 13:08:17.585   320 31893 D libc-netbsd: [getaddrinfo]: mtk ai_addrlen=0; ai_canonname=(null); ai_flags=1024; ai_family=0
06-28 13:08:17.585   320 31893 D libc-netbsd: getaddrinfo: mobile.arc.nasa.gov get result from proxy gai_error = 11
06-28 13:08:17.586   320 31893 D libc-netbsd: default dns: query_ipv6=1, query_ipv4=1
06-28 13:08:17.586   320 31893 D libc-netbsd: res_queryN name = mobile.arc.nasa.gov, class = 1, type = 28
06-28 13:08:17.586   320 31893 D libc-netbsd: res_queryN name = mobile.arc.nasa.gov, class = 1, type = 1
06-28 13:08:17.586   320 31893 D libc-netbsd: res_queryN name = mobile.arc.nasa.gov succeed
06-28 13:08:17.589   320 31893 D SocketClient: SocketClient sendData done: 222
06-28 13:08:17.589   320 31893 D SocketClient: SocketClient sendData done: 
06-28 13:08:17.590   320 31893 D SocketClient: SocketClient sendData done: 
06-28 13:08:17.590   320 31893 D SocketClient: SocketClient sendData done: 
06-28 13:08:17.590   320 31893 D SocketClient: SocketClient sendData done: 
06-28 13:08:17.590   320 31893 D SocketClient: SocketClient sendData done: 
06-28 13:08:17.590   320 31893 D SocketClient: SocketClient sendData done: 
06-28 13:08:17.590   320 31893 D SocketClient: SocketClient sendData done: 
06-28 13:08:17.590   320 31893 D SocketClient: SocketClient sendData done: 
06-28 13:08:17.590   320 31893 D SocketClient: SocketClient sendData done: 
06-28 13:08:17.590   320 31893 D SocketClient: SocketClient sendData done: 
06-28 13:08:17.590   320 31893 D SocketClient: SocketClient sendData done: 
06-28 13:08:17.590   320 31893 D SocketClient: SocketClient sendData done: 
06-28 13:08:17.590   320 31893 D SocketClient: SocketClient sendData done: 
06-28 13:08:17.590   320 31893 D SocketClient: SocketClient sendData done: 
06-28 13:08:17.590   320 31893 D SocketClient: SocketClient sendData done: 
06-28 13:08:17.590   320 31893 D SocketClient: SocketClient sendData done: 
06-28 13:08:17.590   320 31893 D SocketClient: SocketClient sendData done: 
06-28 13:08:17.596   320   961 D SocketClient: SocketClient sendData done: 
06-28 13:08:17.598   320   961 D SocketClient: SocketClient sendData done: 
06-28 13:08:17.605   965  1693 W PackageManager: checkUidPermission(): android.permission.LOCAL_MAC_ADDRESS of 10104 is denied.
06-28 13:08:17.608  2875 32609 D libc-netbsd: getaddrinfo: mobile.arc.nasa.gov get result from proxy gai_error = 0
06-28 13:08:17.608  2875 32609 I System.out: [CDS][DNS] getAllByNameImpl netId = 0
06-28 13:08:17.608  2875 32609 D libc-netbsd: [getaddrinfo]: mtk hostname=mobile.arc.nasa.gov; servname=(null); netid=0; mark=0
06-28 13:08:17.608  2875 32609 D libc-netbsd: getaddrinfo( app_uid:10135
06-28 13:08:17.608  2875 32609 D libc-netbsd: getaddrinfo() uid prop:
06-28 13:08:17.608  2875 32609 D libc-netbsd: getaddrinfo() getuid():10135
06-28 13:08:17.608  2875 32609 D libc-netbsd: [getaddrinfo]: mtk ai_addrlen=0; ai_canonname=(null); ai_flags=4; ai_family=0
06-28 13:08:17.609  2875 32609 I System.out: [CDS]rx timeout:10000
06-28 13:08:17.609  2875 32609 I System.out: [socket][583] connection mobile.arc.nasa.gov:443;LocalPort=58329(10000)
06-28 13:08:17.609  2875 32609 I System.out: [CDS]connect[mobile.arc.nasa.gov/128.102.4.168:443] tm:10
06-28 13:08:17.609  2875 32609 D Posix   : [Posix_connect Debug]Process gov.nasa :443 
06-28 13:08:17.611   320   961 D SocketClient: SocketClient sendData done: 
06-28 13:08:17.876  2875 32609 I System.out: [socket][/192.168.1.10:58329] connected
06-28 13:08:17.877  2875 32609 D NativeCrypto: ssl=0x7f4294d780 NativeCrypto_SSL_do_handshake fd=0x7f42f7e3b8 shc=0x7f42f7e3bc timeout_millis=10000 client_mode=1 npn=0x0
06-28 13:08:17.877  2875 32609 D NativeCrypto: doing handshake ++
06-28 13:08:17.877  2875 32609 D NativeCrypto: ssl=0x7f4294d780 info_callback where=0x10 ret=1
06-28 13:08:17.878  2875 32609 D NativeCrypto: ssl=0x7f4294d780 handshake start in CINIT  before connect initialization
06-28 13:08:17.878  2875 32609 D NativeCrypto: ssl=0x7f4294d780 info_callback calling handshakeCompleted
06-28 13:08:17.880  2875 32609 D NativeCrypto: ssl=0x7f4294d780 info_callback completed
06-28 13:08:17.880  2875 32609 D NativeCrypto: ssl=0x7f4294d780 info_callback where=0x1001 ret=1
06-28 13:08:17.880  2875 32609 D NativeCrypto: ssl=0x7f4294d780 SSL_connect:CINIT  before connect initialization
06-28 13:08:17.880  2875 32609 D NativeCrypto: ssl=0x7f4294d780 info_callback ignored
06-28 13:08:17.882  2875 32609 D NativeCrypto: ssl=0x7f4294d780 info_callback where=0x1001 ret=1
06-28 13:08:17.882  2875 32609 D NativeCrypto: ssl=0x7f4294d780 SSL_connect:3WCH_A SSLv3 write client hello A
06-28 13:08:17.882  2875 32609 D NativeCrypto: ssl=0x7f4294d780 info_callback ignored
06-28 13:08:17.882  2875 32609 D NativeCrypto: ssl=0x7f4294d780 info_callback where=0x1002 ret=-1
06-28 13:08:17.882  2875 32609 D NativeCrypto: ssl=0x7f4294d780 SSL_connect:error exit in 3RSH_A SSLv3 read server hello A
06-28 13:08:17.882  2875 32609 D NativeCrypto: ssl=0x7f4294d780 info_callback ignored
06-28 13:08:17.882  2875 32609 D NativeCrypto: doing handshake -- ret=-1
06-28 13:08:17.882  2875 32609 D NativeCrypto: ssl=0x7f4294d780 NativeCrypto_SSL_do_handshake ret=-1 errno=11 sslError=2 timeout_millis=10000
06-28 13:08:17.917   965   979 D DeviceIdleController: handleMessage(5)
06-28 13:08:17.917   965   979 D DeviceIdleController: Removing UID 10012 from temp whitelist
06-28 13:08:17.917   965   979 D DeviceIdleController: Setting wakelock temp whitelist to []
06-28 13:08:17.918   965   979 V ActivityManager: Broadcast: Intent { act=android.os.action.POWER_SAVE_TEMP_WHITELIST_CHANGED flg=0x40000010 } ordered=false userid=0 callerApp=ProcessRecord{394e4fd 965:system/1000}
06-28 13:08:17.920   965   979 D NetworkManagement: oldRule = 0, newRule=0 for uid=10012
06-28 13:08:17.920   965   979 D NetworkManagement: !!!!! Skipping change
06-28 13:08:18.148  2875 32609 D NativeCrypto: doing handshake ++
06-28 13:08:18.149  2875 32609 D NativeCrypto: ssl=0x7f4294d780 info_callback where=0x1001 ret=1
06-28 13:08:18.149  2875 32609 D NativeCrypto: ssl=0x7f4294d780 SSL_connect:3RSH_A SSLv3 read server hello A
06-28 13:08:18.150  2875 32609 D NativeCrypto: ssl=0x7f4294d780 info_callback ignored
06-28 13:08:18.150  2875 32609 D NativeCrypto: ssl=0x7f4294d780 info_callback where=0x1001 ret=1
06-28 13:08:18.151  2875 32609 D NativeCrypto: ssl=0x7f4294d780 SSL_connect:3RCCS_ SSLv3 read change cipher spec
06-28 13:08:18.151  2875 32609 D NativeCrypto: ssl=0x7f4294d780 info_callback ignored
06-28 13:08:18.153  2875 32609 D NativeCrypto: ssl=0x7f4294d780 info_callback where=0x1001 ret=1
06-28 13:08:18.153  2875 32609 D NativeCrypto: ssl=0x7f4294d780 SSL_connect:3RFINA SSLv3 read finished A
06-28 13:08:18.153  2875 32609 D NativeCrypto: ssl=0x7f4294d780 info_callback ignored
06-28 13:08:18.155  2875 32609 D NativeCrypto: ssl=0x7f4294d780 info_callback where=0x1001 ret=1
06-28 13:08:18.155  2875 32609 D NativeCrypto: ssl=0x7f4294d780 SSL_connect:3WCCSA SSLv3 write change cipher spec A
06-28 13:08:18.156  2875 32609 D NativeCrypto: ssl=0x7f4294d780 info_callback ignored
06-28 13:08:18.157  2875 32609 D NativeCrypto: ssl=0x7f4294d780 info_callback where=0x1001 ret=1
06-28 13:08:18.158   965   993 I libsuspend: ws name: WLAN timeout, act_since: 299, act_cnt: 30375, ev_cnt: 676820, wakeup_cnt: 451
06-28 13:08:18.158   965   993 I libsuspend: ws name: battery suspend wakelock, act_since: 812762, act_cnt: 48, ev_cnt: 4345, wakeup_cnt: 54
06-28 13:08:18.159   965   993 I libsuspend: ws name: USB.lock, act_since: 812313, act_cnt: 47, ev_cnt: 47, wakeup_cnt: 2
06-28 13:08:18.159   965   993 I libsuspend: ws name: EINT wakelock, act_since: 11, act_cnt: 75354, ev_cnt: 729790, wakeup_cnt: 3430
06-28 13:08:18.160  2875 32609 D NativeCrypto: ssl=0x7f4294d780 SSL_connect:3WFINA SSLv3 write finished A
06-28 13:08:18.160  2875 32609 D NativeCrypto: ssl=0x7f4294d780 info_callback ignored
06-28 13:08:18.162  2875 32609 D NativeCrypto: ssl=0x7f4294d780 info_callback where=0x1001 ret=1
06-28 13:08:18.162  2875 32609 D NativeCrypto: ssl=0x7f4294d780 SSL_connect:3FLUSH SSLv3 flush data
06-28 13:08:18.162  2875 32609 D NativeCrypto: ssl=0x7f4294d780 info_callback ignored
06-28 13:08:18.162  2875 32609 D NativeCrypto: ssl=0x7f4294d780 info_callback where=0x20 ret=1
06-28 13:08:18.163  2875 32609 D NativeCrypto: ssl=0x7f4294d780 handshake done in SSLOK  SSL negotiation finished successfully
06-28 13:08:18.163  2875 32609 D NativeCrypto: ssl=0x7f4294d780 info_callback calling handshakeCompleted
06-28 13:08:18.163  2875 32609 D NativeCrypto: ssl=0x7f4294d780 info_callback completed
06-28 13:08:18.163  2875 32609 D NativeCrypto: ssl=0x7f4294d780 info_callback where=0x1002 ret=1
06-28 13:08:18.163  2875 32609 D NativeCrypto: ssl=0x7f4294d780 SSL_connect:ok exit in SSLOK  SSL negotiation finished successfully
06-28 13:08:18.163  2875 32609 D NativeCrypto: ssl=0x7f4294d780 info_callback ignored
06-28 13:08:18.163  2875 32609 D NativeCrypto: doing handshake -- ret=1
06-28 13:08:18.163  2875 32609 I System.out: gba_cipher_suite:TLS_ECDHE_RSA_WITH_AES_128_GCM_SHA256
06-28 13:08:18.166  2875 32609 I System.out: [CDS]rx timeout:10000
06-28 13:08:18.171  2875 32609 D NativeCrypto: ssl=0x7f4294d780 sslWrite buf=0x7f11936000 len=367 write_timeout_millis=0
06-28 13:08:18.174  2875 32609 D NativeCrypto: ssl=0x7f4294d780 sslRead buf=0x7f11936000 len=8192,timeo=10000
06-28 13:08:18.276   965  1696 W PackageManager: checkUidPermission(): com.android.chrome.permission.DEBUG of 2000 is denied.
06-28 13:08:18.277   965  1777 W PackageManager: checkUidPermission(): com.android.chrome.permission.DEBUG of 2000 is denied.
06-28 13:08:18.490  2875 32609 D NativeCrypto: ssl=0x7f4294d780 sslRead buf=0x7f11936000 len=8192,timeo=10000
06-28 13:08:18.557  2875  2887 I System  : FinalizerDaemon: finalize objects = 234
06-28 13:08:19.596   965  1542 W Watchdog: SWT Watchdog after wait current time:56731923
06-28 13:08:19.596   965  1542 D AES     : AEEIOCTL_GET/SET_SF_STATE IOCTL,cmd= 1074294797, lParam=0. 
06-28 13:08:19.596   965  1542 W Watchdog: **Get SF Time **1
06-28 13:08:19.596   965  1542 D AES     : AEEIOCTL_RT_MON_Kick IOCTL,cmd= -2147192822, lParam=300. 
06-28 13:08:19.597   965  1542 W Watchdog: SWT Watchdog before synchronized:56731924
06-28 13:08:19.597   965  1542 W Watchdog: SWT Watchdog after synchronized:56731924
06-28 13:08:19.597   965  1542 W Watchdog: SWT Watchdog before wait timeout:30000
06-28 13:08:19.597   965  1542 W Watchdog: SWT Watchdog before wait current time:56731924
06-28 13:08:19.597   965  1542 W Watchdog: SWT Watchdog before wait start:56731924
06-28 13:08:19.597   965  1542 W Watchdog: SWT Watchdog before wait CHECK_INTERVAL:30000
06-28 13:08:19.598   965   982 D InputReader: InputReader::monitor: lock
06-28 13:08:19.598   965   982 D InputReader: InputReader::monitor: wait 
06-28 13:08:19.600   965   982 D InputReader: InputReader::monitor: unlock
06-28 13:08:19.600   965   982 D InputReader: InputReader::monitor: done
06-28 13:08:20.046   287 10673 I MAL-Daemon:  (        ru_syssig_hndler,  418) [RDS-I][ru_syssig_hndler] Send Event: 688 
06-28 13:08:20.046   287 10673 I MAL-Daemon:  (        ru_syssig_hndler,  419) [RDS-I][RDS][RU][ru_syssig_hndler] ru_check_ctx_ptr<0xf5c33c9c, 0xf5c33c9c>
06-28 13:08:20.046   287 10673 W MAL-Daemon:  (    mdfx_task_send_event,  636) mdfx_task_send_event(): [ACT] should NOT enter this leagcy API!!
06-28 13:08:20.046   287 10673 I MAL-Daemon:  (    ru_send_event_entity,  350) [RDS-I][RDS][RU][ru_send_event_entity] send event 688 to 602 with ret(0)
06-28 13:08:20.047   287   727 I MAL-Daemon:  (             rds_ru_task,  445) [RDS-I][RU][rds_ru_task] RCV Event: 688 
06-28 13:08:20.047  1488  1488 D wpa_supplicant: wlan0: Control interface command 'SIGNAL_POLL'
06-28 13:08:20.066   287   727 D MAL-Daemon:  (     ru_wsl_poll_wpainfo,  639) [RDS-D][RDS][RU][ru_wsl_poll_wpainfo]socket recv pktlen(48) 
06-28 13:08:20.066   287   727 D MAL-Daemon:  (rds_ru_ws_rssi_timer_exp,  752) [RDS-D][RU][rds_ru_ws_rssi_timer_expire_hdlr][RDS] get rssi = -41, snr = 9999 
06-28 13:08:20.066   287   727 I MAL-Daemon:  (  ru_wsl_wifi_status_ind,  734) [RDS-I][RDS][RU][ru_wsl_wifi_status_ind] ru_check_ctx_ptr<0xf5c33c9c, 0xf5c33c9c>
06-28 13:08:20.066   287   727 W MAL-Daemon:  (    mdfx_task_send_event,  636) mdfx_task_send_event(): [ACT] should NOT enter this leagcy API!!
06-28 13:08:20.066   287   727 I MAL-Daemon:  (    ru_send_event_entity,  350) [RDS-I][RDS][RU][ru_send_event_entity] send event 604 to 602 with ret(0)
06-28 13:08:20.069   287   727 I MAL-Daemon:  (          ru_get_netstat, 5285) [RDS-I][RU][ru_get_netstat] netstat <thrghpt, pkterrt>, wifi <7400, 0%>, mobile <0, 0%>
06-28 13:08:20.069   287   727 I MAL-Daemon:  (    ru_send_event_entity,  350) [RDS-I][RDS][RU][ru_send_event_entity] send event 614 to 1234 with ret(0)
06-28 13:08:20.070  1716  1847 I MFI-Conn:  (     mfia_task_bootstrap,  944) mfia_task_bootstrap(): an event 614 incoming
06-28 13:08:20.070  1716  2696 I MFI-Conn:  (             rds_urc_hdl,  230) [RDS][rds_urc_hdl] RCV Event: 614 
06-28 13:08:20.070  1716  2696 I MFI-Conn:  (             rds_urc_hdl,  325) [RDS][IF][rds_urc_hdl] data_base update: pkterrt(0) 
06-28 13:08:20.072   287   727 I MAL-Daemon:  (             rds_ru_task,  445) [RDS-I][RU][rds_ru_task] RCV Event: 604 
06-28 13:08:20.072   287   727 I MAL-Daemon:  (  rds_ru_wifi_status_ind, 1338) [RDS-I][RU][EVENT_RU_WS_WIFI_STATUS_IND] fgwifi_en:1(no use) i4wifirssi:0xffffffd7 i4wifisnr:0x270f
06-28 13:08:20.073  1716  1847 I MFI-Conn:  (     mfia_task_bootstrap,  944) mfia_task_bootstrap(): an event 615 incoming
06-28 13:08:20.073  1716  2696 I MFI-Conn:  (             rds_urc_hdl,  230) [RDS][rds_urc_hdl] RCV Event: 615 
06-28 13:08:20.074  1716  2696 I MFI-Conn:  (             rds_urc_hdl,  335) [RDS][IF][rds_urc_hdl] data_base update: i4wifirssi(-41) 
06-28 13:08:20.072   287   727 I MAL-Daemon:  (    ru_send_event_entity,  350) [RDS-I][RDS][RU][ru_send_event_entity] send event 615 to 1234 with ret(0)
06-28 13:08:20.077   287   727 I MAL-Daemon:  (          rds_ru_rpl_gen, 4866) [RDS-I][RU][rds_ru_rpl_gen][RDS][OP18] TYPE : <0>, UI Policy : <3>, RDS Policy : <3>
06-28 13:08:20.079   287   727 I MAL-Daemon:  (      rds_cell_only_rjil, 3847) [RDS-I][RU][RDS IMS/MMS][rds_cell_only_rjil] 
06-28 13:08:20.079   287   727 I MAL-Daemon:  (          rds_ru_rpl_gen, 4877) [RDS-I][RU][rds_ru_rpl_gen][RDS][OP18] TYPE : <0>, RAN1 : <1> ,RAN2 : <254>
06-28 13:08:20.079   287   727 I MAL-Daemon:  (          rds_ru_rpl_gen, 4866) [RDS-I][RU][rds_ru_rpl_gen][RDS][OP18] TYPE : <1>, UI Policy : <3>, RDS Policy : <3>
06-28 13:08:20.079   287   727 I MAL-Daemon:  (      rds_cell_only_rjil, 3847) [RDS-I][RU][RDS IMS/MMS][rds_cell_only_rjil] 
06-28 13:08:20.079   287   727 I MAL-Daemon:  (          rds_ru_rpl_gen, 4877) [RDS-I][RU][rds_ru_rpl_gen][RDS][OP18] TYPE : <1>, RAN1 : <1> ,RAN2 : <254>
06-28 13:08:20.079   287   727 I MAL-Daemon:  (          rds_ru_rpl_gen, 4866) [RDS-I][RU][rds_ru_rpl_gen][RDS][OP18] TYPE : <2>, UI Policy : <3>, RDS Policy : <3>
06-28 13:08:20.079   287   727 I MAL-Daemon:  (      rds_cell_only_rjil, 3847) [RDS-I][RU][RDS IMS/MMS][rds_cell_only_rjil] 
06-28 13:08:20.081   287   727 I MAL-Daemon:  (          rds_ru_rpl_gen, 4877) [RDS-I][RU][rds_ru_rpl_gen][RDS][OP18] TYPE : <2>, RAN1 : <1> ,RAN2 : <254>
06-28 13:08:20.081   287   727 I MAL-Daemon:  (          rds_ru_rpl_gen, 4866) [RDS-I][RU][rds_ru_rpl_gen][RDS][OP18] TYPE : <3>, UI Policy : <3>, RDS Policy : <3>
06-28 13:08:20.081   287   727 I MAL-Daemon:  (          rds_ru_rpl_gen, 4877) [RDS-I][RU][rds_ru_rpl_gen][RDS][OP18] TYPE : <3>, RAN1 : <1> ,RAN2 : <255>
06-28 13:08:20.081   287   727 I MAL-Daemon:  (          rds_ru_rpl_gen, 4866) [RDS-I][RU][rds_ru_rpl_gen][RDS][OP18] TYPE : <4>, UI Policy : <3>, RDS Policy : <3>
06-28 13:08:20.082   287   727 I MAL-Daemon:  (          rds_ru_rpl_gen, 4877) [RDS-I][RU][rds_ru_rpl_gen][RDS][OP18] TYPE : <4>, RAN1 : <1> ,RAN2 : <255>
06-28 13:08:20.082   287   727 I MAL-Daemon:  (          rds_ru_rpl_gen, 4866) [RDS-I][RU][rds_ru_rpl_gen][RDS][OP18] TYPE : <5>, UI Policy : <3>, RDS Policy : <3>
06-28 13:08:20.084   287   727 I MAL-Daemon:  (          rds_ru_rpl_gen, 4877) [RDS-I][RU][rds_ru_rpl_gen][RDS][OP18] TYPE : <5>, RAN1 : <1> ,RAN2 : <255>
06-28 13:08:20.085   287   727 I MAL-Daemon:  (          rds_ru_rpl_gen, 4877) [RDS-I][RU][rds_ru_rpl_gen][RDS][OP18] TYPE : <6>, RAN1 : <254> ,RAN2 : <254>
06-28 13:08:20.085   287   727 I MAL-Daemon:  (    rds_op_check_feature,  293) [RDS-I][RDS][OP][rds_op_check_feature] operator id(18) check feature<0>, curr_opmsk is <5>, sys_opmsk is <0x0005, 5>
06-28 13:08:20.086   287   727 I MAL-Daemon:  (          rds_ru_rpl_gen, 4901) [RDS-I][RU][rds_ru_rpl_gen][RDS] Current policy: fgimsolte_en<1>, fgwfc_en<0>, erdspolicy<3>, 
06-28 13:08:20.086   287   727 I MAL-Daemon:  (          rds_ru_rpl_gen, 4904) [RDS-I][RU][rds_ru_rpl_gen][RDS] Threshold i4wifirssih<-75>, i4wifirssil<-85>, i4wifirssih_ho<-78>, i4wifirssil_ho<-88>, i4wifisnrh<10>, i4wifisnrl<6>
06-28 13:08:20.088   287   727 I MAL-Daemon:  (          rds_ru_rpl_gen, 4907) [RDS-I][RU][rds_ru_rpl_gen][RDS] Threshold i4ltersrph<-106>, i4ltersrpm<-111>, i4ltersrpl<-116>, i4ltersrqh<5>, i4ltersrqm<3>, i4ltersrql<1>
06-28 13:08:20.088   287   727 I MAL-Daemon:  (          rds_ru_rpl_gen, 4910) [RDS-I][RU][rds_ru_rpl_gen][RDS] current rds ru status: i4wifirssi<-41>, i4wifisnr<9999>, i4ltersrp<-104>, i4ltersrq<17>, u4active_ran<65539> 
06-28 13:08:20.091   287   727 I MAL-Daemon:  (          rds_ru_rpl_gen, 4913) [RDS-I][RU][rds_ru_rpl_gen][RDS] current wifi backhaul : rtp_plr<0>, rtp_jitter<0>, ping_ind<0>
06-28 13:08:20.092   287   727 I MAL-Daemon:  (          rds_ru_rpl_gen, 4916) [RDS-I][RU][rds_ru_rpl_gen][RDS] Call stat : IR92<0>, IR94<0> 
06-28 13:08:20.092   287   727 I MAL-Daemon:  (          rds_ru_rpl_gen, 4922) [RDS-I][RU][RDS IMS/MMS][rds_ru_rpl_gen] Ori:(1,254)/(1,255) New:(1,254)/(1,255)
06-28 13:08:20.092   287   727 I MAL-Daemon:  (          rds_ru_rpl_gen, 4927) [RDS-I][RU][RDS IMS/MMS WIFI][rds_ru_rpl_gen] Ori:(1,254)/(1,255) New:(1,254)/(1,255)
06-28 13:08:20.092   287   727 I MAL-Daemon:  (          rds_ru_rpl_gen, 4932) [RDS-I][RU][RDS IMS/MMS CELL][rds_ru_rpl_gen] Ori:(1,254)/(1,255) New:(1,254)/(1,255)
06-28 13:08:20.092   287   727 I MAL-Daemon:  (          rds_ru_rpl_gen, 4936) [RDS-I][RU][RDS EMG][rds_ru_rpl_gen] Ori:(254,254) New:(254,254)
06-28 13:08:20.553   344   344 I thermal_src: wake up function 3
06-28 13:08:20.553   344   344 I thermal_src: TA_DAEMON_CMD_GET_TPCB cmd=0x5, len=4 PCB=34000
06-28 13:08:20.553   344   344 I thermal_src: TA_DAEMON_CMD_SET_TTJ cmd=0x4, len=4 Tj=85000
06-28 13:08:20.553   344   344 I thermal_src: waiting NOTIFY from kernel...
06-28 13:08:20.584   965  1265 D LIGHT   : processEvent code=0,value=78
06-28 13:08:20.859   965  2472 W PackageManager: checkUidPermission(): com.android.chrome.permission.DEBUG of 2000 is denied.
06-28 13:08:20.862   965   975 W PackageManager: checkUidPermission(): com.android.chrome.permission.DEBUG of 2000 is denied.
06-28 13:08:21.154   965  1265 D LIGHT   : processEvent code=0,value=79
06-28 13:08:21.749 15014 15037 I System  : FinalizerDaemon: finalize objects = 110
06-28 13:08:22.158   346   346 I thermal_repeater: oh, queryMdThermalInfo (0)No such file or directory
06-28 13:08:22.171   346   346 I thermal_repeater: [recvMdThermalInfo] ret=25, strLen=127,  3, 40, -127, 0, 32767, 1
06-28 13:08:22.294   965  1265 D LIGHT   : processEvent code=0,value=78
06-28 13:08:22.864   965  1265 D LIGHT   : processEvent code=0,value=79
06-28 13:08:22.945   965  1696 W PackageManager: checkUidPermission(): com.android.chrome.permission.DEBUG of 2000 is denied.
06-28 13:08:22.946   965  1777 W PackageManager: checkUidPermission(): com.android.chrome.permission.DEBUG of 2000 is denied.
06-28 13:08:23.046   287 10673 I MAL-Daemon:  (        ru_syssig_hndler,  418) [RDS-I][ru_syssig_hndler] Send Event: 688 
06-28 13:08:23.046   287 10673 I MAL-Daemon:  (        ru_syssig_hndler,  419) [RDS-I][RDS][RU][ru_syssig_hndler] ru_check_ctx_ptr<0xf5c33c9c, 0xf5c33c9c>
06-28 13:08:23.046   287 10673 W MAL-Daemon:  (    mdfx_task_send_event,  636) mdfx_task_send_event(): [ACT] should NOT enter this leagcy API!!
06-28 13:08:23.046   287 10673 I MAL-Daemon:  (    ru_send_event_entity,  350) [RDS-I][RDS][RU][ru_send_event_entity] send event 688 to 602 with ret(0)
06-28 13:08:23.048   287   727 I MAL-Daemon:  (             rds_ru_task,  445) [RDS-I][RU][rds_ru_task] RCV Event: 688 
06-28 13:08:23.048  1488  1488 D wpa_supplicant: wlan0: Control interface command 'SIGNAL_POLL'
06-28 13:08:23.067   287   727 D MAL-Daemon:  (     ru_wsl_poll_wpainfo,  639) [RDS-D][RDS][RU][ru_wsl_poll_wpainfo]socket recv pktlen(48) 
06-28 13:08:23.067   287   727 D MAL-Daemon:  (rds_ru_ws_rssi_timer_exp,  752) [RDS-D][RU][rds_ru_ws_rssi_timer_expire_hdlr][RDS] get rssi = -39, snr = 9999 
06-28 13:08:23.067   287   727 I MAL-Daemon:  (  ru_wsl_wifi_status_ind,  734) [RDS-I][RDS][RU][ru_wsl_wifi_status_ind] ru_check_ctx_ptr<0xf5c33c9c, 0xf5c33c9c>
06-28 13:08:23.067   287   727 W MAL-Daemon:  (    mdfx_task_send_event,  636) mdfx_task_send_event(): [ACT] should NOT enter this leagcy API!!
06-28 13:08:23.067   287   727 I MAL-Daemon:  (    ru_send_event_entity,  350) [RDS-I][RDS][RU][ru_send_event_entity] send event 604 to 602 with ret(0)
06-28 13:08:23.068   287   727 I MAL-Daemon:  (          ru_get_netstat, 5285) [RDS-I][RU][ru_get_netstat] netstat <thrghpt, pkterrt>, wifi <0, 0%>, mobile <0, 0%>
06-28 13:08:23.068   287   727 I MAL-Daemon:  (    ru_send_event_entity,  350) [RDS-I][RDS][RU][ru_send_event_entity] send event 614 to 1234 with ret(0)
06-28 13:08:23.069   287   727 I MAL-Daemon:  (             rds_ru_task,  445) [RDS-I][RU][rds_ru_task] RCV Event: 604 
06-28 13:08:23.069   287   727 I MAL-Daemon:  (  rds_ru_wifi_status_ind, 1338) [RDS-I][RU][EVENT_RU_WS_WIFI_STATUS_IND] fgwifi_en:1(no use) i4wifirssi:0xffffffd9 i4wifisnr:0x270f
06-28 13:08:23.069   287   727 I MAL-Daemon:  (    ru_send_event_entity,  350) [RDS-I][RDS][RU][ru_send_event_entity] send event 615 to 1234 with ret(0)
06-28 13:08:23.069   287   727 I MAL-Daemon:  (          rds_ru_rpl_gen, 4866) [RDS-I][RU][rds_ru_rpl_gen][RDS][OP18] TYPE : <0>, UI Policy : <3>, RDS Policy : <3>
06-28 13:08:23.069   287   727 I MAL-Daemon:  (      rds_cell_only_rjil, 3847) [RDS-I][RU][RDS IMS/MMS][rds_cell_only_rjil] 
06-28 13:08:23.069   287   727 I MAL-Daemon:  (          rds_ru_rpl_gen, 4877) [RDS-I][RU][rds_ru_rpl_gen][RDS][OP18] TYPE : <0>, RAN1 : <1> ,RAN2 : <254>
06-28 13:08:23.069   287   727 I MAL-Daemon:  (          rds_ru_rpl_gen, 4866) [RDS-I][RU][rds_ru_rpl_gen][RDS][OP18] TYPE : <1>, UI Policy : <3>, RDS Policy : <3>
06-28 13:08:23.069   287   727 I MAL-Daemon:  (      rds_cell_only_rjil, 3847) [RDS-I][RU][RDS IMS/MMS][rds_cell_only_rjil] 
06-28 13:08:23.069   287   727 I MAL-Daemon:  (          rds_ru_rpl_gen, 4877) [RDS-I][RU][rds_ru_rpl_gen][RDS][OP18] TYPE : <1>, RAN1 : <1> ,RAN2 : <254>
06-28 13:08:23.069   287   727 I MAL-Daemon:  (          rds_ru_rpl_gen, 4866) [RDS-I][RU][rds_ru_rpl_gen][RDS][OP18] TYPE : <2>, UI Policy : <3>, RDS Policy : <3>
06-28 13:08:23.069   287   727 I MAL-Daemon:  (      rds_cell_only_rjil, 3847) [RDS-I][RU][RDS IMS/MMS][rds_cell_only_rjil] 
06-28 13:08:23.069   287   727 I MAL-Daemon:  (          rds_ru_rpl_gen, 4877) [RDS-I][RU][rds_ru_rpl_gen][RDS][OP18] TYPE : <2>, RAN1 : <1> ,RAN2 : <254>
06-28 13:08:23.069   287   727 I MAL-Daemon:  (          rds_ru_rpl_gen, 4866) [RDS-I][RU][rds_ru_rpl_gen][RDS][OP18] TYPE : <3>, UI Policy : <3>, RDS Policy : <3>
06-28 13:08:23.070   287   727 I MAL-Daemon:  (          rds_ru_rpl_gen, 4877) [RDS-I][RU][rds_ru_rpl_gen][RDS][OP18] TYPE : <3>, RAN1 : <1> ,RAN2 : <255>
06-28 13:08:23.070   287   727 I MAL-Daemon:  (          rds_ru_rpl_gen, 4866) [RDS-I][RU][rds_ru_rpl_gen][RDS][OP18] TYPE : <4>, UI Policy : <3>, RDS Policy : <3>
06-28 13:08:23.070   287   727 I MAL-Daemon:  (          rds_ru_rpl_gen, 4877) [RDS-I][RU][rds_ru_rpl_gen][RDS][OP18] TYPE : <4>, RAN1 : <1> ,RAN2 : <255>
06-28 13:08:23.070   287   727 I MAL-Daemon:  (          rds_ru_rpl_gen, 4866) [RDS-I][RU][rds_ru_rpl_gen][RDS][OP18] TYPE : <5>, UI Policy : <3>, RDS Policy : <3>
06-28 13:08:23.070   287   727 I MAL-Daemon:  (          rds_ru_rpl_gen, 4877) [RDS-I][RU][rds_ru_rpl_gen][RDS][OP18] TYPE : <5>, RAN1 : <1> ,RAN2 : <255>
06-28 13:08:23.070   287   727 I MAL-Daemon:  (          rds_ru_rpl_gen, 4877) [RDS-I][RU][rds_ru_rpl_gen][RDS][OP18] TYPE : <6>, RAN1 : <254> ,RAN2 : <254>
06-28 13:08:23.070   287   727 I MAL-Daemon:  (    rds_op_check_feature,  293) [RDS-I][RDS][OP][rds_op_check_feature] operator id(18) check feature<0>, curr_opmsk is <5>, sys_opmsk is <0x0005, 5>
06-28 13:08:23.070   287   727 I MAL-Daemon:  (          rds_ru_rpl_gen, 4901) [RDS-I][RU][rds_ru_rpl_gen][RDS] Current policy: fgimsolte_en<1>, fgwfc_en<0>, erdspolicy<3>, 
06-28 13:08:23.070   287   727 I MAL-Daemon:  (          rds_ru_rpl_gen, 4904) [RDS-I][RU][rds_ru_rpl_gen][RDS] Threshold i4wifirssih<-75>, i4wifirssil<-85>, i4wifirssih_ho<-78>, i4wifirssil_ho<-88>, i4wifisnrh<10>, i4wifisnrl<6>
06-28 13:08:23.070   287   727 I MAL-Daemon:  (          rds_ru_rpl_gen, 4907) [RDS-I][RU][rds_ru_rpl_gen][RDS] Threshold i4ltersrph<-106>, i4ltersrpm<-111>, i4ltersrpl<-116>, i4ltersrqh<5>, i4ltersrqm<3>, i4ltersrql<1>
06-28 13:08:23.070   287   727 I MAL-Daemon:  (          rds_ru_rpl_gen, 4910) [RDS-I][RU][rds_ru_rpl_gen][RDS] current rds ru status: i4wifirssi<-39>, i4wifisnr<9999>, i4ltersrp<-104>, i4ltersrq<17>, u4active_ran<65539> 
06-28 13:08:23.070   287   727 I MAL-Daemon:  (          rds_ru_rpl_gen, 4913) [RDS-I][RU][rds_ru_rpl_gen][RDS] current wifi backhaul : rtp_plr<0>, rtp_jitter<0>, ping_ind<0>
06-28 13:08:23.071   287   727 I MAL-Daemon:  (          rds_ru_rpl_gen, 4916) [RDS-I][RU][rds_ru_rpl_gen][RDS] Call stat : IR92<0>, IR94<0> 
06-28 13:08:23.071   287   727 I MAL-Daemon:  (          rds_ru_rpl_gen, 4922) [RDS-I][RU][RDS IMS/MMS][rds_ru_rpl_gen] Ori:(1,254)/(1,255) New:(1,254)/(1,255)
06-28 13:08:23.071   287   727 I MAL-Daemon:  (          rds_ru_rpl_gen, 4927) [RDS-I][RU][RDS IMS/MMS WIFI][rds_ru_rpl_gen] Ori:(1,254)/(1,255) New:(1,254)/(1,255)
06-28 13:08:23.071   287   727 I MAL-Daemon:  (          rds_ru_rpl_gen, 4932) [RDS-I][RU][RDS IMS/MMS CELL][rds_ru_rpl_gen] Ori:(1,254)/(1,255) New:(1,254)/(1,255)
06-28 13:08:23.071   287   727 I MAL-Daemon:  (          rds_ru_rpl_gen, 4936) [RDS-I][RU][RDS EMG][rds_ru_rpl_gen] Ori:(254,254) New:(254,254)
06-28 13:08:23.071  1716  1847 I MFI-Conn:  (     mfia_task_bootstrap,  944) mfia_task_bootstrap(): an event 614 incoming
06-28 13:08:23.071  1716  1847 I MFI-Conn:  (     mfia_task_bootstrap,  944) mfia_task_bootstrap(): an event 615 incoming
06-28 13:08:23.071  1716  2696 I MFI-Conn:  (             rds_urc_hdl,  230) [RDS][rds_urc_hdl] RCV Event: 614 
06-28 13:08:23.071  1716  2696 I MFI-Conn:  (             rds_urc_hdl,  325) [RDS][IF][rds_urc_hdl] data_base update: pkterrt(0) 
06-28 13:08:23.071  1716  2696 I MFI-Conn:  (             rds_urc_hdl,  230) [RDS][rds_urc_hdl] RCV Event: 615 
06-28 13:08:23.071  1716  2696 I MFI-Conn:  (             rds_urc_hdl,  335) [RDS][IF][rds_urc_hdl] data_base update: i4wifirssi(-39) 
06-28 13:08:24.004   965  1265 D LIGHT   : processEvent code=0,value=78
06-28 13:08:24.574   965  1265 D LIGHT   : processEvent code=0,value=79
06-28 13:08:24.868   965  3767 W PackageManager: checkUidPermission(): com.android.chrome.permission.DEBUG of 2000 is denied.
06-28 13:08:24.869   965   976 W PackageManager: checkUidPermission(): com.android.chrome.permission.DEBUG of 2000 is denied.
06-28 13:08:25.149   965  1265 D LIGHT   : processEvent code=0,value=78
06-28 13:08:25.183   965   975 V ActivityManager: Broadcast: Intent { act=com.mobpower.sdk.probe flg=0x10 (has extras) } ordered=false userid=0 callerApp=ProcessRecord{f2ff43b 20553:com.commsource.beautyplus/u0a126}
06-28 13:08:25.184   965   975 V RestrictedPackageService: filterBroadcastReceiver for com.mobpower.sdk.probe
06-28 13:08:25.184   965   980 V ActivityManager_MU: isSingleton(com.commsource.beautyplus, ApplicationInfo{35836cb com.commsource.beautyplus}, com.mobpower.probe.PowerReceiver, 0x0) = false
06-28 13:08:25.194 20553 20553 D ActivityThread: BDC-Calling onReceive: intent=Intent { act=com.mobpower.sdk.probe flg=0x10 cmp=com.commsource.beautyplus/com.mobpower.probe.PowerReceiver (has extras) }, receiver=com.mobpower.probe.PowerReceiver@326f0fd
06-28 13:08:25.194 20553 20553 D ActivityThread: BDC-Calling onReceive end receiver=class com.mobpower.probe.PowerReceiver
06-28 13:08:25.194 20553 20553 D ActivityThread: BDC-RECEIVER handled : 0 / ReceiverData{intent=Intent { act=com.mobpower.sdk.probe flg=0x10 cmp=com.commsource.beautyplus/com.mobpower.probe.PowerReceiver (has extras) } packageName=com.commsource.beautyplus resultCode=-1 resultData=null resultExtras=null}
06-28 13:08:25.474   965  1696 D ConnectivityService: getActiveNetworkInfo networkInfo = [type: WIFI[], state: CONNECTED/CONNECTED, reason: (unspecified), extra: "Pinnacleseven 4", roaming: false, failover: false, isAvailable: true]
06-28 13:08:25.563   344   344 I thermal_src: wake up function 3
06-28 13:08:25.563   344   344 I thermal_src: TA_DAEMON_CMD_GET_TPCB cmd=0x5, len=4 PCB=34000
06-28 13:08:25.563   344   344 I thermal_src: TA_DAEMON_CMD_SET_TTJ cmd=0x4, len=4 Tj=85000
06-28 13:08:25.563   344   344 I thermal_src: waiting NOTIFY from kernel...
06-28 13:08:25.714   965  1265 D LIGHT   : processEvent code=0,value=79
06-28 13:08:25.971   965  4106 D DhcpStateMachine: PollingState{ when=-27ms what=196616 target=com.android.internal.util.StateMachine$SmHandler }
06-28 13:08:25.971   965  4106 D DhcpStateMachine: GET_DHCP_RESULTS on wlan0
06-28 13:08:25.971   965  4106 D DhcpUtils: [dhcpv6_get_results] result_prop_name = dhcp.ipv6.wlan0.result; isrenew = 0
06-28 13:08:25.971   965  4106 D DhcpUtils: [dhcpv6_get_results] prop_value = 
06-28 13:08:25.971   965  4106 D NetUtils: dhcpv6_get_results failed : wlan0 ()
06-28 13:08:25.971   965  4106 D DhcpStateMachine: getDhcpv6Results failed, isRenew = false
06-28 13:08:26.046   287 10673 I MAL-Daemon:  (        ru_syssig_hndler,  418) [RDS-I][ru_syssig_hndler] Send Event: 688 
06-28 13:08:26.046   287 10673 I MAL-Daemon:  (        ru_syssig_hndler,  419) [RDS-I][RDS][RU][ru_syssig_hndler] ru_check_ctx_ptr<0xf5c33c9c, 0xf5c33c9c>
06-28 13:08:26.046   287 10673 W MAL-Daemon:  (    mdfx_task_send_event,  636) mdfx_task_send_event(): [ACT] should NOT enter this leagcy API!!
06-28 13:08:26.046   287 10673 I MAL-Daemon:  (    ru_send_event_entity,  350) [RDS-I][RDS][RU][ru_send_event_entity] send event 688 to 602 with ret(0)
06-28 13:08:26.047   287   727 I MAL-Daemon:  (             rds_ru_task,  445) [RDS-I][RU][rds_ru_task] RCV Event: 688 
06-28 13:08:26.047  1488  1488 D wpa_supplicant: wlan0: Control interface command 'SIGNAL_POLL'
06-28 13:08:26.066   287   727 D MAL-Daemon:  (     ru_wsl_poll_wpainfo,  639) [RDS-D][RDS][RU][ru_wsl_poll_wpainfo]socket recv pktlen(48) 
06-28 13:08:26.066   287   727 D MAL-Daemon:  (rds_ru_ws_rssi_timer_exp,  752) [RDS-D][RU][rds_ru_ws_rssi_timer_expire_hdlr][RDS] get rssi = -40, snr = 9999 
06-28 13:08:26.066   287   727 I MAL-Daemon:  (  ru_wsl_wifi_status_ind,  734) [RDS-I][RDS][RU][ru_wsl_wifi_status_ind] ru_check_ctx_ptr<0xf5c33c9c, 0xf5c33c9c>
06-28 13:08:26.066   287   727 W MAL-Daemon:  (    mdfx_task_send_event,  636) mdfx_task_send_event(): [ACT] should NOT enter this leagcy API!!
06-28 13:08:26.067   287   727 I MAL-Daemon:  (    ru_send_event_entity,  350) [RDS-I][RDS][RU][ru_send_event_entity] send event 604 to 602 with ret(0)
06-28 13:08:26.068   287   727 I MAL-Daemon:  (          ru_get_netstat, 5285) [RDS-I][RU][ru_get_netstat] netstat <thrghpt, pkterrt>, wifi <0, 0%>, mobile <0, 0%>
06-28 13:08:26.068   287   727 I MAL-Daemon:  (    ru_send_event_entity,  350) [RDS-I][RDS][RU][ru_send_event_entity] send event 614 to 1234 with ret(0)
06-28 13:08:26.068   287   727 I MAL-Daemon:  (             rds_ru_task,  445) [RDS-I][RU][rds_ru_task] RCV Event: 604 
06-28 13:08:26.068   287   727 I MAL-Daemon:  (  rds_ru_wifi_status_ind, 1338) [RDS-I][RU][EVENT_RU_WS_WIFI_STATUS_IND] fgwifi_en:1(no use) i4wifirssi:0xffffffd8 i4wifisnr:0x270f
06-28 13:08:26.068   287   727 I MAL-Daemon:  (    ru_send_event_entity,  350) [RDS-I][RDS][RU][ru_send_event_entity] send event 615 to 1234 with ret(0)
06-28 13:08:26.068   287   727 I MAL-Daemon:  (          rds_ru_rpl_gen, 4866) [RDS-I][RU][rds_ru_rpl_gen][RDS][OP18] TYPE : <0>, UI Policy : <3>, RDS Policy : <3>
06-28 13:08:26.068   287   727 I MAL-Daemon:  (      rds_cell_only_rjil, 3847) [RDS-I][RU][RDS IMS/MMS][rds_cell_only_rjil] 
06-28 13:08:26.068   287   727 I MAL-Daemon:  (          rds_ru_rpl_gen, 4877) [RDS-I][RU][rds_ru_rpl_gen][RDS][OP18] TYPE : <0>, RAN1 : <1> ,RAN2 : <254>
06-28 13:08:26.068   287   727 I MAL-Daemon:  (          rds_ru_rpl_gen, 4866) [RDS-I][RU][rds_ru_rpl_gen][RDS][OP18] TYPE : <1>, UI Policy : <3>, RDS Policy : <3>
06-28 13:08:26.068   287   727 I MAL-Daemon:  (      rds_cell_only_rjil, 3847) [RDS-I][RU][RDS IMS/MMS][rds_cell_only_rjil] 
06-28 13:08:26.068   287   727 I MAL-Daemon:  (          rds_ru_rpl_gen, 4877) [RDS-I][RU][rds_ru_rpl_gen][RDS][OP18] TYPE : <1>, RAN1 : <1> ,RAN2 : <254>
06-28 13:08:26.069   287   727 I MAL-Daemon:  (          rds_ru_rpl_gen, 4866) [RDS-I][RU][rds_ru_rpl_gen][RDS][OP18] TYPE : <2>, UI Policy : <3>, RDS Policy : <3>
06-28 13:08:26.069   287   727 I MAL-Daemon:  (      rds_cell_only_rjil, 3847) [RDS-I][RU][RDS IMS/MMS][rds_cell_only_rjil] 
06-28 13:08:26.069   287   727 I MAL-Daemon:  (          rds_ru_rpl_gen, 4877) [RDS-I][RU][rds_ru_rpl_gen][RDS][OP18] TYPE : <2>, RAN1 : <1> ,RAN2 : <254>
06-28 13:08:26.069   287   727 I MAL-Daemon:  (          rds_ru_rpl_gen, 4866) [RDS-I][RU][rds_ru_rpl_gen][RDS][OP18] TYPE : <3>, UI Policy : <3>, RDS Policy : <3>
06-28 13:08:26.069   287   727 I MAL-Daemon:  (          rds_ru_rpl_gen, 4877) [RDS-I][RU][rds_ru_rpl_gen][RDS][OP18] TYPE : <3>, RAN1 : <1> ,RAN2 : <255>
06-28 13:08:26.069   287   727 I MAL-Daemon:  (          rds_ru_rpl_gen, 4866) [RDS-I][RU][rds_ru_rpl_gen][RDS][OP18] TYPE : <4>, UI Policy : <3>, RDS Policy : <3>
06-28 13:08:26.069   287   727 I MAL-Daemon:  (          rds_ru_rpl_gen, 4877) [RDS-I][RU][rds_ru_rpl_gen][RDS][OP18] TYPE : <4>, RAN1 : <1> ,RAN2 : <255>
06-28 13:08:26.069   287   727 I MAL-Daemon:  (          rds_ru_rpl_gen, 4866) [RDS-I][RU][rds_ru_rpl_gen][RDS][OP18] TYPE : <5>, UI Policy : <3>, RDS Policy : <3>
06-28 13:08:26.069   287   727 I MAL-Daemon:  (          rds_ru_rpl_gen, 4877) [RDS-I][RU][rds_ru_rpl_gen][RDS][OP18] TYPE : <5>, RAN1 : <1> ,RAN2 : <255>
06-28 13:08:26.069   287   727 I MAL-Daemon:  (          rds_ru_rpl_gen, 4877) [RDS-I][RU][rds_ru_rpl_gen][RDS][OP18] TYPE : <6>, RAN1 : <254> ,RAN2 : <254>
06-28 13:08:26.069   287   727 I MAL-Daemon:  (    rds_op_check_feature,  293) [RDS-I][RDS][OP][rds_op_check_feature] operator id(18) check feature<0>, curr_opmsk is <5>, sys_opmsk is <0x0005, 5>
06-28 13:08:26.069   287   727 I MAL-Daemon:  (          rds_ru_rpl_gen, 4901) [RDS-I][RU][rds_ru_rpl_gen][RDS] Current policy: fgimsolte_en<1>, fgwfc_en<0>, erdspolicy<3>, 
06-28 13:08:26.069   287   727 I MAL-Daemon:  (          rds_ru_rpl_gen, 4904) [RDS-I][RU][rds_ru_rpl_gen][RDS] Threshold i4wifirssih<-75>, i4wifirssil<-85>, i4wifirssih_ho<-78>, i4wifirssil_ho<-88>, i4wifisnrh<10>, i4wifisnrl<6>
06-28 13:08:26.070   287   727 I MAL-Daemon:  (          rds_ru_rpl_gen, 4907) [RDS-I][RU][rds_ru_rpl_gen][RDS] Threshold i4ltersrph<-106>, i4ltersrpm<-111>, i4ltersrpl<-116>, i4ltersrqh<5>, i4ltersrqm<3>, i4ltersrql<1>
06-28 13:08:26.070   287   727 I MAL-Daemon:  (          rds_ru_rpl_gen, 4910) [RDS-I][RU][rds_ru_rpl_gen][RDS] current rds ru status: i4wifirssi<-40>, i4wifisnr<9999>, i4ltersrp<-104>, i4ltersrq<17>, u4active_ran<65539> 
06-28 13:08:26.070   287   727 I MAL-Daemon:  (          rds_ru_rpl_gen, 4913) [RDS-I][RU][rds_ru_rpl_gen][RDS] current wifi backhaul : rtp_plr<0>, rtp_jitter<0>, ping_ind<0>
06-28 13:08:26.070   287   727 I MAL-Daemon:  (          rds_ru_rpl_gen, 4916) [RDS-I][RU][rds_ru_rpl_gen][RDS] Call stat : IR92<0>, IR94<0> 
06-28 13:08:26.070   287   727 I MAL-Daemon:  (          rds_ru_rpl_gen, 4922) [RDS-I][RU][RDS IMS/MMS][rds_ru_rpl_gen] Ori:(1,254)/(1,255) New:(1,254)/(1,255)
06-28 13:08:26.070   287   727 I MAL-Daemon:  (          rds_ru_rpl_gen, 4927) [RDS-I][RU][RDS IMS/MMS WIFI][rds_ru_rpl_gen] Ori:(1,254)/(1,255) New:(1,254)/(1,255)
06-28 13:08:26.070   287   727 I MAL-Daemon:  (          rds_ru_rpl_gen, 4932) [RDS-I][RU][RDS IMS/MMS CELL][rds_ru_rpl_gen] Ori:(1,254)/(1,255) New:(1,254)/(1,255)
06-28 13:08:26.070   287   727 I MAL-Daemon:  (          rds_ru_rpl_gen, 4936) [RDS-I][RU][RDS EMG][rds_ru_rpl_gen] Ori:(254,254) New:(254,254)
06-28 13:08:26.070  1716  1847 I MFI-Conn:  (     mfia_task_bootstrap,  944) mfia_task_bootstrap(): an event 614 incoming
06-28 13:08:26.070  1716  1847 I MFI-Conn:  (     mfia_task_bootstrap,  944) mfia_task_bootstrap(): an event 615 incoming
06-28 13:08:26.071  1716  2696 I MFI-Conn:  (             rds_urc_hdl,  230) [RDS][rds_urc_hdl] RCV Event: 614 
06-28 13:08:26.071  1716  2696 I MFI-Conn:  (             rds_urc_hdl,  325) [RDS][IF][rds_urc_hdl] data_base update: pkterrt(0) 
06-28 13:08:26.071  1716  2696 I MFI-Conn:  (             rds_urc_hdl,  230) [RDS][rds_urc_hdl] RCV Event: 615 
06-28 13:08:26.071  1716  2696 I MFI-Conn:  (             rds_urc_hdl,  335) [RDS][IF][rds_urc_hdl] data_base update: i4wifirssi(-40) 
06-28 13:08:26.284   965  1265 D LIGHT   : processEvent code=0,value=78
06-28 13:08:26.371   287  2900 I MAL-Daemon:  (    ru_mdmngr_send_atcmd, 1931) [RDS-I][RDS][RU][ru_mdmngr_send_atcmd] try to send ATcmd : AT+ECSQ 
06-28 13:08:26.371   287  2900 I MAL-Daemon:  (    ru_mdmngr_send_atcmd, 1940) [RDS-I][RDS][RU][ru_mdmngr_send_atcmd] ru_check_ctx_ptr<0xf5c33c9c, 0xf5c33c9c>
06-28 13:08:26.371   287  2900 W MAL-Daemon:  (    mdfx_task_send_event,  636) mdfx_task_send_event(): [ACT] should NOT enter this leagcy API!!
06-28 13:08:26.372   287  2900 I MAL-Daemon:  (    ru_send_event_entity,  350) [RDS-I][RDS][RU][ru_send_event_entity] send event 101 to 101 with ret(0)
