06-28 13:08:33.553  2167 29699 D SettingsInterface:  from settings cache , name = font_scale , value = 1.0
06-28 13:08:33.553   965  2476 V ActivityManager_MU: getIntentSenderLocked(): uid=10012
06-28 13:08:33.553  2167 29699 D SettingsInterface:  from settings cache , name = accessibility_display_magnification_enabled , value = 0
06-28 13:08:33.553  2167 29699 D SettingsInterface:  from settings cache , name = high_text_contrast_enabled , value = null
06-28 13:08:33.554  2167 29699 D SQLiteDatabase: beginTransaction()
06-28 13:08:33.554   965  1778 V AlarmManager: APP set(PendingIntent{7c3c8e: PendingIntentRecord{1e0a48 com.google.android.gms broadcastIntent}}) : type=3 triggerAtTime=110398566 win=-1 tElapsed=110398566 maxElapsed=110443565 interval=0 flags=0x0
06-28 13:08:33.554  2167 29699 D SQLiteDatabase: beginTransaction()
06-28 13:08:33.555   965  1778 D AlarmManager:  whichBatch = -1
06-28 13:08:33.555  2167 29699 D SQLiteDatabase: endTransaction()
06-28 13:08:33.556  2167 29699 D SQLiteDatabase: beginTransaction()
06-28 13:08:33.557  2167 29699 D SQLiteDatabase: endTransaction()
06-28 13:08:33.557  2167 29699 D SQLiteDatabase: endTransaction()
06-28 13:08:33.559  2167 29699 D SettingsInterface:  from settings cache , name = enabled_accessibility_services , value = null
06-28 13:08:33.559  2167 29699 D SettingsInterface:  from settings cache , name = font_scale , value = 1.0
06-28 13:08:33.559  2167 29699 D SettingsInterface:  from settings cache , name = accessibility_display_magnification_enabled , value = 0
06-28 13:08:33.559  2167 29699 D SettingsInterface:  from settings cache , name = high_text_contrast_enabled , value = null
06-28 13:08:33.559  2167 29699 D SQLiteDatabase: beginTransaction()
06-28 13:08:33.559   965  1696 D AppOps  : checkOperation(code = 43 uid = 10012 pkgName = com.google.android.gms) - op == null, return default mode = 3
06-28 13:08:33.560  2167 29699 D SQLiteDatabase: beginTransaction()
06-28 13:08:33.560   965  1676 V ActivityManager_MU: getServiceByName(ComponentInfo{com.google.android.gms/com.google.android.gms.lockbox.LockboxService}), callingUser = 0
06-28 13:08:33.561  2167 29699 D SQLiteDatabase: endTransaction()
06-28 13:08:33.561  2167 29699 D SQLiteDatabase: beginTransaction()
06-28 13:08:33.562  2167  2167 D ActivityThread: SVC-Destroying service: com.google.android.gms.lockbox.LockboxService@c3e3f1f
06-28 13:08:33.562  2167  2167 D ActivityThread: SVC-STOP_SERVICE handled : 0 / android.os.BinderProxy@cbf3ce6
06-28 13:08:33.563  2167 29699 D SQLiteDatabase: endTransaction()
06-28 13:08:33.563  2167 29699 D SQLiteDatabase: endTransaction()
06-28 13:08:33.564  2167 29699 D SettingsInterface:  from settings cache , name = enabled_accessibility_services , value = null
06-28 13:08:33.564  2167 29699 D SettingsInterface:  from settings cache , name = font_scale , value = 1.0
06-28 13:08:33.564  2167 29699 D SettingsInterface:  from settings cache , name = accessibility_display_magnification_enabled , value = 0
06-28 13:08:33.564  2167 29699 D SettingsInterface:  from settings cache , name = high_text_contrast_enabled , value = null
06-28 13:08:33.565  2167 29699 D SQLiteDatabase: beginTransaction()
06-28 13:08:33.567  2167 29699 D SQLiteDatabase: endTransaction()
06-28 13:08:33.568  2167 29699 D SQLiteDatabase: beginTransaction()
06-28 13:08:33.568  2167 29699 D SQLiteDatabase: beginTransaction()
06-28 13:08:33.569  2167 29699 D SQLiteDatabase: endTransaction()
06-28 13:08:33.570  2167 29699 D SQLiteDatabase: beginTransaction()
06-28 13:08:33.571  2167 29699 D SQLiteDatabase: endTransaction()
06-28 13:08:33.571  2167 29699 D SQLiteDatabase: endTransaction()
06-28 13:08:33.572  2167 29699 D SettingsInterface:  from settings cache , name = enabled_accessibility_services , value = null
06-28 13:08:33.572  2167 29699 D SettingsInterface:  from settings cache , name = font_scale , value = 1.0
06-28 13:08:33.572  2167 29699 D SettingsInterface:  from settings cache , name = accessibility_display_magnification_enabled , value = 0
06-28 13:08:33.573  2167 29699 D SettingsInterface:  from settings cache , name = high_text_contrast_enabled , value = null
06-28 13:08:33.573  2167 29699 D SQLiteDatabase: beginTransaction()
06-28 13:08:33.574  2167 29699 D SQLiteDatabase: beginTransaction()
06-28 13:08:33.575  2167 29699 D SQLiteDatabase: endTransaction()
06-28 13:08:33.575  2167 29699 D SQLiteDatabase: beginTransaction()
06-28 13:08:33.576  2167 29699 D SQLiteDatabase: endTransaction()
06-28 13:08:33.576  2167 29699 D SQLiteDatabase: endTransaction()
06-28 13:08:33.578  2167 29699 D SettingsInterface:  from settings cache , name = enabled_accessibility_services , value = null
06-28 13:08:33.578  2167 29699 D SettingsInterface:  from settings cache , name = font_scale , value = 1.0
06-28 13:08:33.578  2167 29699 D SettingsInterface:  from settings cache , name = accessibility_display_magnification_enabled , value = 0
06-28 13:08:33.578  2167 29699 D SettingsInterface:  from settings cache , name = high_text_contrast_enabled , value = null
06-28 13:08:33.578  2167 29699 D SQLiteDatabase: beginTransaction()
06-28 13:08:33.582  2167 29699 D SQLiteDatabase: endTransaction()
06-28 13:08:33.582  2167 29699 D SQLiteDatabase: beginTransaction()
06-28 13:08:33.583  2167 29699 D SQLiteDatabase: beginTransaction()
06-28 13:08:33.584  2167 29699 D SQLiteDatabase: endTransaction()
06-28 13:08:33.584  2167 29699 D SQLiteDatabase: beginTransaction()
06-28 13:08:33.585  2167 29699 D SQLiteDatabase: endTransaction()
06-28 13:08:33.585  2167 29699 D SQLiteDatabase: endTransaction()
06-28 13:08:33.587  2167 29699 D SettingsInterface:  from settings cache , name = enabled_accessibility_services , value = null
06-28 13:08:33.587  2167 29699 D SettingsInterface:  from settings cache , name = font_scale , value = 1.0
06-28 13:08:33.587  2167 29699 D SettingsInterface:  from settings cache , name = accessibility_display_magnification_enabled , value = 0
06-28 13:08:33.587  2167 29699 D SettingsInterface:  from settings cache , name = high_text_contrast_enabled , value = null
06-28 13:08:33.588  2167 29699 D SQLiteDatabase: beginTransaction()
06-28 13:08:33.588  2167 29699 D SQLiteDatabase: beginTransaction()
06-28 13:08:33.589  2167 29699 D SQLiteDatabase: endTransaction()
06-28 13:08:33.590  2167 29699 D SQLiteDatabase: beginTransaction()
06-28 13:08:33.591  2167 29699 D SQLiteDatabase: endTransaction()
06-28 13:08:33.591  2167 29699 D SQLiteDatabase: endTransaction()
06-28 13:08:33.667  2167  2201 I System  : FinalizerDaemon: finalize objects = 840
06-28 13:08:33.704  2612  2627 D FRR     : buff=0x7f8b277240, len=193
06-28 13:08:33.704  2612  2627 D FRR     : uevent[0]=0x7f8b277240, len=43, "change@/devices/virtual/xt_idletimer/timers"
06-28 13:08:33.704  2612  2627 D FRR     : voteFps(60, 0)
06-28 13:08:33.704  2612  2627 D FRR     : ThermalListener loop:
06-28 13:08:33.704   320   954 D SocketClient: SocketClient sendData done: 613 IfaceClass active 1 110338717028211 0
06-28 13:08:33.705   965  1274 D NetdConnector: RCV <- {613 IfaceClass active 1 110338717028211 0}
06-28 13:08:33.705   965   982 D NetworkManagement: onEvent:613 IfaceClass active 1 110338717028211 0:6
06-28 13:08:33.706   965  1265 D LIGHT   : processEvent code=0,value=75
06-28 13:08:33.708   965   982 V ActivityManager: Broadcast: Intent { act=android.net.conn.DATA_ACTIVITY_CHANGE flg=0x10 (has extras) } ordered=true userid=-1 callerApp=ProcessRecord{394e4fd 965:system/1000}
06-28 13:08:33.708   965   982 V ActivityManager: Broadcast sticky: Intent { act=android.net.conn.DATA_ACTIVITY_CHANGE_CT flg=0x10 (has extras) } ordered=false userid=-1 callerApp=ProcessRecord{394e4fd 965:system/1000}
06-28 13:08:33.710  2167  2167 D ActivityThread: BDC-Calling onReceive end receiver=class qyj
06-28 13:08:33.710  2167  2167 D ActivityThread: BDC-Calling finishReceiver: IIntentReceiver=15c73f0
06-28 13:08:34.268   965  2472 W PackageManager: checkUidPermission(): com.android.chrome.permission.DEBUG of 2000 is denied.
06-28 13:08:34.271   965  1693 W PackageManager: checkUidPermission(): com.android.chrome.permission.DEBUG of 2000 is denied.
06-28 13:08:34.274   965  1265 D LIGHT   : processEvent code=0,value=78
06-28 13:08:35.003   965  1267 D AlarmManager: set alarm to RTC 110395217
06-28 13:08:35.003   965  1267 D AlarmManager: set alarm to RTC 110365013
06-28 13:08:35.003   965  1267 D SettingsInterface:  from settings cache , name = background_power_saving_enable , value = 1
06-28 13:08:35.003   965  1267 D DataShapingService: Alarm manager openLteDataUpLinkGate: false
06-28 13:08:35.003   965  1267 V AlarmManager: openLteGateSuccess = false
06-28 13:08:35.003   965  1267 V AlarmManager: socktUnblockingTimeElapsed(ms): 112389 < mMinimumPeriod_BlockSocket: 300000
06-28 13:08:35.003   965  1267 D AlarmManager: wakeup alarm = Alarm{32d3caf type 2 when 110340016 android}; package = androidneedGrouping = false
06-28 13:08:35.004   965  1267 V ActivityManager: Broadcast: Intent { act=android.content.syncmanager.SYNC_ALARM flg=0x114 (has extras) } ordered=true userid=0 callerApp=null
06-28 13:08:35.006   965   965 D PowerManagerService: acquireWakeLockInternal: lock=80771749, flags=0x1, tag="SyncManagerHandleSyncAlarm", ws=null, uid=1000, pid=965
06-28 13:08:35.006   965   965 D PowerManagerService: updateWakeLockSummaryLocked: mWakefulness=Asleep, mWakeLockSummary=0x1
06-28 13:08:35.007   965   965 D PowerManagerService: updateUserActivitySummaryLocked: mWakefulness=Asleep, mUserActivitySummary=0x0, nextTimeout=0 (56747334 ms ago)
06-28 13:08:35.007   965   965 D DisplayPowerController: requestPowerState: policy=OFF, useProximitySensor=false, screenBrightness=102, screenAutoBrightnessAdjustment=-1.0, brightnessSetByUser=true, useAutoBrightness=true, blockScreenOn=false, lowPowerMode=false, boostScreenBrightness=false, dozeScreenBrightness=-1, dozeScreenState=UNKNOWN, waitForNegativeProximity=false
06-28 13:08:35.007   965   965 D PowerManagerService: updateDisplayPowerStateLocked: mDisplayReady=true, policy=0, mWakefulness=0, mWakeLockSummary=0x1, mUserActivitySummary=0x0, mBootCompleted=true, mScreenBrightnessBoostInProgress=false
06-28 13:08:35.007   965   965 D PowerManagerService: Acquiring suspend blocker "PowerManagerService.WakeLocks".
06-28 13:08:35.007   965   965 D PowerManagerNotifier: onWakeLockAcquired: flags=1, tag="SyncManagerHandleSyncAlarm", packageName=android, ownerUid=1000, ownerPid=965, workSource=null
06-28 13:08:35.007   965   965 D AppOps  : startOperation: allowing code 40 uid 1000 package android
06-28 13:08:35.007   965   965 D ActivityThread: BDC-Calling finishReceiver: IIntentReceiver=924813
06-28 13:08:35.010   965   965 D AlarmManager: onSendFinished begin
06-28 13:08:35.013   965  1267 V AlarmManager: sending alarm Alarm{32d3caf type 2 when 110340016 android} success
06-28 13:08:35.013   965  1267 D PowerManagerService: acquireWakeLockInternal: lock=95337606, flags=0x1, tag="*alarm*", ws=WorkSource{1000}, uid=1000, pid=965
06-28 13:08:35.013   965  1267 D PowerManagerService: updateWakeLockSummaryLocked: mWakefulness=Asleep, mWakeLockSummary=0x1
06-28 13:08:35.013   965  1267 D PowerManagerService: updateUserActivitySummaryLocked: mWakefulness=Asleep, mUserActivitySummary=0x0, nextTimeout=0 (56747340 ms ago)
06-28 13:08:35.013   965  1267 D DisplayPowerController: requestPowerState: policy=OFF, useProximitySensor=false, screenBrightness=102, screenAutoBrightnessAdjustment=-1.0, brightnessSetByUser=true, useAutoBrightness=true, blockScreenOn=false, lowPowerMode=false, boostScreenBrightness=false, dozeScreenBrightness=-1, dozeScreenState=UNKNOWN, waitForNegativeProximity=false
06-28 13:08:35.013   965  1267 D PowerManagerService: updateDisplayPowerStateLocked: mDisplayReady=true, policy=0, mWakefulness=0, mWakeLockSummary=0x1, mUserActivitySummary=0x0, mBootCompleted=true, mScreenBrightnessBoostInProgress=false
06-28 13:08:35.015   965  1267 D PowerManagerNotifier: onWakeLockAcquired: flags=1, tag="*alarm*", packageName=android, ownerUid=1000, ownerPid=965, workSource=WorkSource{1000}
06-28 13:08:35.017   965   965 D PowerManagerService: releaseWakeLockInternal: lock=95337606 [*alarm*], flags=0x0, total_time=4ms
06-28 13:08:35.017   965   965 D PowerManagerNotifier: onWakeLockReleased: flags=1, tag="*alarm*", packageName=android, ownerUid=1000, ownerPid=965, workSource=WorkSource{1000}
06-28 13:08:35.017   965   965 D PowerManagerService: updateWakeLockSummaryLocked: mWakefulness=Asleep, mWakeLockSummary=0x1
06-28 13:08:35.018   965   965 D PowerManagerService: updateUserActivitySummaryLocked: mWakefulness=Asleep, mUserActivitySummary=0x0, nextTimeout=0 (56747345 ms ago)
06-28 13:08:35.018   965   965 D DisplayPowerController: requestPowerState: policy=OFF, useProximitySensor=false, screenBrightness=102, screenAutoBrightnessAdjustment=-1.0, brightnessSetByUser=true, useAutoBrightness=true, blockScreenOn=false, lowPowerMode=false, boostScreenBrightness=false, dozeScreenBrightness=-1, dozeScreenState=UNKNOWN, waitForNegativeProximity=false
06-28 13:08:35.018   965   965 D PowerManagerService: updateDisplayPowerStateLocked: mDisplayReady=true, policy=0, mWakefulness=0, mWakeLockSummary=0x1, mUserActivitySummary=0x0, mBootCompleted=true, mScreenBrightnessBoostInProgress=false
06-28 13:08:35.021   965   979 D ConnectivityService: getActiveNetworkInfo networkInfo = [type: WIFI[], state: CONNECTED/CONNECTED, reason: (unspecified), extra: "Pinnacleseven 4", roaming: false, failover: false, isAvailable: true]
06-28 13:08:35.021   965   979 D PowerManagerService: acquireWakeLockInternal: lock=38432642, flags=0x1, tag="SyncLoopWakeLock", ws=null, uid=1000, pid=965
06-28 13:08:35.021   965   979 D PowerManagerService: updateWakeLockSummaryLocked: mWakefulness=Asleep, mWakeLockSummary=0x1
06-28 13:08:35.022   965   979 D PowerManagerService: updateUserActivitySummaryLocked: mWakefulness=Asleep, mUserActivitySummary=0x0, nextTimeout=0 (56747349 ms ago)
06-28 13:08:35.022   965   979 D DisplayPowerController: requestPowerState: policy=OFF, useProximitySensor=false, screenBrightness=102, screenAutoBrightnessAdjustment=-1.0, brightnessSetByUser=true, useAutoBrightness=true, blockScreenOn=false, lowPowerMode=false, boostScreenBrightness=false, dozeScreenBrightness=-1, dozeScreenState=UNKNOWN, waitForNegativeProximity=false
06-28 13:08:35.022   965   979 D PowerManagerService: updateDisplayPowerStateLocked: mDisplayReady=true, policy=0, mWakefulness=0, mWakeLockSummary=0x1, mUserActivitySummary=0x0, mBootCompleted=true, mScreenBrightnessBoostInProgress=false
06-28 13:08:35.025   965   979 D PowerManagerNotifier: onWakeLockAcquired: flags=1, tag="SyncLoopWakeLock", packageName=android, ownerUid=1000, ownerPid=965, workSource=null
06-28 13:08:35.025   965   979 D AppOps  : startOperation: allowing code 40 uid 1000 package android
06-28 13:08:35.030   965   979 D PowerManagerService: releaseWakeLockInternal: lock=80771749 [SyncManagerHandleSyncAlarm], flags=0x0, total_time=24ms
06-28 13:08:35.030   965   979 D PowerManagerNotifier: onWakeLockReleased: flags=1, tag="SyncManagerHandleSyncAlarm", packageName=android, ownerUid=1000, ownerPid=965, workSource=null
06-28 13:08:35.030   965   979 D PowerManagerService: updateWakeLockSummaryLocked: mWakefulness=Asleep, mWakeLockSummary=0x1
06-28 13:08:35.031   965   979 D PowerManagerService: updateUserActivitySummaryLocked: mWakefulness=Asleep, mUserActivitySummary=0x0, nextTimeout=0 (56747358 ms ago)
06-28 13:08:35.031   965   979 D DisplayPowerController: requestPowerState: policy=OFF, useProximitySensor=false, screenBrightness=102, screenAutoBrightnessAdjustment=-1.0, brightnessSetByUser=true, useAutoBrightness=true, blockScreenOn=false, lowPowerMode=false, boostScreenBrightness=false, dozeScreenBrightness=-1, dozeScreenState=UNKNOWN, waitForNegativeProximity=false
06-28 13:08:35.031   965   979 D PowerManagerService: updateDisplayPowerStateLocked: mDisplayReady=true, policy=0, mWakefulness=0, mWakeLockSummary=0x1, mUserActivitySummary=0x0, mBootCompleted=true, mScreenBrightnessBoostInProgress=false
06-28 13:08:35.032   965   979 V AlarmManager: APP set(PendingIntent{84a45e3: PendingIntentRecord{97d1be0 android broadcastIntent}}) : type=2 triggerAtTime=111986826 win=0 tElapsed=111986826 maxElapsed=111986826 interval=0 flags=0x9
06-28 13:08:35.034   965   979 D AlarmManager:  whichBatch = -1
06-28 13:08:35.034   965   979 D PowerManagerService: releaseWakeLockInternal: lock=38432642 [SyncLoopWakeLock], flags=0x0, total_time=13ms
06-28 13:08:35.035   965   979 D PowerManagerNotifier: onWakeLockReleased: flags=1, tag="SyncLoopWakeLock", packageName=android, ownerUid=1000, ownerPid=965, workSource=null
06-28 13:08:35.035   965   979 D PowerManagerService: updateWakeLockSummaryLocked: mWakefulness=Asleep, mWakeLockSummary=0x0
06-28 13:08:35.035   965   979 D PowerManagerService: updateUserActivitySummaryLocked: mWakefulness=Asleep, mUserActivitySummary=0x0, nextTimeout=0 (56747362 ms ago)
06-28 13:08:35.035   965   979 D DisplayPowerController: requestPowerState: policy=OFF, useProximitySensor=false, screenBrightness=102, screenAutoBrightnessAdjustment=-1.0, brightnessSetByUser=true, useAutoBrightness=true, blockScreenOn=false, lowPowerMode=false, boostScreenBrightness=false, dozeScreenBrightness=-1, dozeScreenState=UNKNOWN, waitForNegativeProximity=false
06-28 13:08:35.035   965   979 D PowerManagerService: updateDisplayPowerStateLocked: mDisplayReady=true, policy=0, mWakefulness=0, mWakeLockSummary=0x0, mUserActivitySummary=0x0, mBootCompleted=true, mScreenBrightnessBoostInProgress=false
06-28 13:08:35.036   965   979 D PowerManagerService: Releasing suspend blocker "PowerManagerService.WakeLocks".
06-28 13:08:35.046   287 10673 I MAL-Daemon:  (        ru_syssig_hndler,  418) [RDS-I][ru_syssig_hndler] Send Event: 688 
06-28 13:08:35.046   287 10673 I MAL-Daemon:  (        ru_syssig_hndler,  419) [RDS-I][RDS][RU][ru_syssig_hndler] ru_check_ctx_ptr<0xf5c33c9c, 0xf5c33c9c>
06-28 13:08:35.046   287 10673 W MAL-Daemon:  (    mdfx_task_send_event,  636) mdfx_task_send_event(): [ACT] should NOT enter this leagcy API!!
06-28 13:08:35.046   287 10673 I MAL-Daemon:  (    ru_send_event_entity,  350) [RDS-I][RDS][RU][ru_send_event_entity] send event 688 to 602 with ret(0)
06-28 13:08:35.047   287   727 I MAL-Daemon:  (             rds_ru_task,  445) [RDS-I][RU][rds_ru_task] RCV Event: 688 
06-28 13:08:35.047  1488  1488 D wpa_supplicant: wlan0: Control interface command 'SIGNAL_POLL'
06-28 13:08:35.066   287   727 D MAL-Daemon:  (     ru_wsl_poll_wpainfo,  639) [RDS-D][RDS][RU][ru_wsl_poll_wpainfo]socket recv pktlen(48) 
06-28 13:08:35.066   287   727 D MAL-Daemon:  (rds_ru_ws_rssi_timer_exp,  752) [RDS-D][RU][rds_ru_ws_rssi_timer_expire_hdlr][RDS] get rssi = -39, snr = 9999 
06-28 13:08:35.066   287   727 I MAL-Daemon:  (  ru_wsl_wifi_status_ind,  734) [RDS-I][RDS][RU][ru_wsl_wifi_status_ind] ru_check_ctx_ptr<0xf5c33c9c, 0xf5c33c9c>
06-28 13:08:35.066   287   727 W MAL-Daemon:  (    mdfx_task_send_event,  636) mdfx_task_send_event(): [ACT] should NOT enter this leagcy API!!
06-28 13:08:35.066   287   727 I MAL-Daemon:  (    ru_send_event_entity,  350) [RDS-I][RDS][RU][ru_send_event_entity] send event 604 to 602 with ret(0)
06-28 13:08:35.068   287   727 I MAL-Daemon:  (          ru_get_netstat, 5285) [RDS-I][RU][ru_get_netstat] netstat <thrghpt, pkterrt>, wifi <295, 0%>, mobile <0, 0%>
06-28 13:08:35.068   287   727 I MAL-Daemon:  (    ru_send_event_entity,  350) [RDS-I][RDS][RU][ru_send_event_entity] send event 614 to 1234 with ret(0)
06-28 13:08:35.068   287   727 I MAL-Daemon:  (             rds_ru_task,  445) [RDS-I][RU][rds_ru_task] RCV Event: 604 
06-28 13:08:35.068   287   727 I MAL-Daemon:  (  rds_ru_wifi_status_ind, 1338) [RDS-I][RU][EVENT_RU_WS_WIFI_STATUS_IND] fgwifi_en:1(no use) i4wifirssi:0xffffffd9 i4wifisnr:0x270f
06-28 13:08:35.068   287   727 I MAL-Daemon:  (    ru_send_event_entity,  350) [RDS-I][RDS][RU][ru_send_event_entity] send event 615 to 1234 with ret(0)
06-28 13:08:35.068   287   727 I MAL-Daemon:  (          rds_ru_rpl_gen, 4866) [RDS-I][RU][rds_ru_rpl_gen][RDS][OP18] TYPE : <0>, UI Policy : <3>, RDS Policy : <3>
06-28 13:08:35.069   287   727 I MAL-Daemon:  (      rds_cell_only_rjil, 3847) [RDS-I][RU][RDS IMS/MMS][rds_cell_only_rjil] 
06-28 13:08:35.069   287   727 I MAL-Daemon:  (          rds_ru_rpl_gen, 4877) [RDS-I][RU][rds_ru_rpl_gen][RDS][OP18] TYPE : <0>, RAN1 : <1> ,RAN2 : <254>
06-28 13:08:35.069   287   727 I MAL-Daemon:  (          rds_ru_rpl_gen, 4866) [RDS-I][RU][rds_ru_rpl_gen][RDS][OP18] TYPE : <1>, UI Policy : <3>, RDS Policy : <3>
06-28 13:08:35.069   287   727 I MAL-Daemon:  (      rds_cell_only_rjil, 3847) [RDS-I][RU][RDS IMS/MMS][rds_cell_only_rjil] 
06-28 13:08:35.069   287   727 I MAL-Daemon:  (          rds_ru_rpl_gen, 4877) [RDS-I][RU][rds_ru_rpl_gen][RDS][OP18] TYPE : <1>, RAN1 : <1> ,RAN2 : <254>
06-28 13:08:35.069   287   727 I MAL-Daemon:  (          rds_ru_rpl_gen, 4866) [RDS-I][RU][rds_ru_rpl_gen][RDS][OP18] TYPE : <2>, UI Policy : <3>, RDS Policy : <3>
06-28 13:08:35.069   287   727 I MAL-Daemon:  (      rds_cell_only_rjil, 3847) [RDS-I][RU][RDS IMS/MMS][rds_cell_only_rjil] 
06-28 13:08:35.069   287   727 I MAL-Daemon:  (          rds_ru_rpl_gen, 4877) [RDS-I][RU][rds_ru_rpl_gen][RDS][OP18] TYPE : <2>, RAN1 : <1> ,RAN2 : <254>
06-28 13:08:35.069   287   727 I MAL-Daemon:  (          rds_ru_rpl_gen, 4866) [RDS-I][RU][rds_ru_rpl_gen][RDS][OP18] TYPE : <3>, UI Policy : <3>, RDS Policy : <3>
06-28 13:08:35.069   287   727 I MAL-Daemon:  (          rds_ru_rpl_gen, 4877) [RDS-I][RU][rds_ru_rpl_gen][RDS][OP18] TYPE : <3>, RAN1 : <1> ,RAN2 : <255>
06-28 13:08:35.069   287   727 I MAL-Daemon:  (          rds_ru_rpl_gen, 4866) [RDS-I][RU][rds_ru_rpl_gen][RDS][OP18] TYPE : <4>, UI Policy : <3>, RDS Policy : <3>
06-28 13:08:35.069   287   727 I MAL-Daemon:  (          rds_ru_rpl_gen, 4877) [RDS-I][RU][rds_ru_rpl_gen][RDS][OP18] TYPE : <4>, RAN1 : <1> ,RAN2 : <255>
06-28 13:08:35.069   287   727 I MAL-Daemon:  (          rds_ru_rpl_gen, 4866) [RDS-I][RU][rds_ru_rpl_gen][RDS][OP18] TYPE : <5>, UI Policy : <3>, RDS Policy : <3>
06-28 13:08:35.069   287   727 I MAL-Daemon:  (          rds_ru_rpl_gen, 4877) [RDS-I][RU][rds_ru_rpl_gen][RDS][OP18] TYPE : <5>, RAN1 : <1> ,RAN2 : <255>
06-28 13:08:35.069   287   727 I MAL-Daemon:  (          rds_ru_rpl_gen, 4877) [RDS-I][RU][rds_ru_rpl_gen][RDS][OP18] TYPE : <6>, RAN1 : <254> ,RAN2 : <254>
06-28 13:08:35.069   287   727 I MAL-Daemon:  (    rds_op_check_feature,  293) [RDS-I][RDS][OP][rds_op_check_feature] operator id(18) check feature<0>, curr_opmsk is <5>, sys_opmsk is <0x0005, 5>
06-28 13:08:35.069   287   727 I MAL-Daemon:  (          rds_ru_rpl_gen, 4901) [RDS-I][RU][rds_ru_rpl_gen][RDS] Current policy: fgimsolte_en<1>, fgwfc_en<0>, erdspolicy<3>, 
06-28 13:08:35.069   287   727 I MAL-Daemon:  (          rds_ru_rpl_gen, 4904) [RDS-I][RU][rds_ru_rpl_gen][RDS] Threshold i4wifirssih<-75>, i4wifirssil<-85>, i4wifirssih_ho<-78>, i4wifirssil_ho<-88>, i4wifisnrh<10>, i4wifisnrl<6>
06-28 13:08:35.070   287   727 I MAL-Daemon:  (          rds_ru_rpl_gen, 4907) [RDS-I][RU][rds_ru_rpl_gen][RDS] Threshold i4ltersrph<-106>, i4ltersrpm<-111>, i4ltersrpl<-116>, i4ltersrqh<5>, i4ltersrqm<3>, i4ltersrql<1>
06-28 13:08:35.070   287   727 I MAL-Daemon:  (          rds_ru_rpl_gen, 4910) [RDS-I][RU][rds_ru_rpl_gen][RDS] current rds ru status: i4wifirssi<-39>, i4wifisnr<9999>, i4ltersrp<-104>, i4ltersrq<17>, u4active_ran<65539> 
06-28 13:08:35.070   287   727 I MAL-Daemon:  (          rds_ru_rpl_gen, 4913) [RDS-I][RU][rds_ru_rpl_gen][RDS] current wifi backhaul : rtp_plr<0>, rtp_jitter<0>, ping_ind<0>
06-28 13:08:35.070   287   727 I MAL-Daemon:  (          rds_ru_rpl_gen, 4916) [RDS-I][RU][rds_ru_rpl_gen][RDS] Call stat : IR92<0>, IR94<0> 
06-28 13:08:35.070   287   727 I MAL-Daemon:  (          rds_ru_rpl_gen, 4922) [RDS-I][RU][RDS IMS/MMS][rds_ru_rpl_gen] Ori:(1,254)/(1,255) New:(1,254)/(1,255)
06-28 13:08:35.070   287   727 I MAL-Daemon:  (          rds_ru_rpl_gen, 4927) [RDS-I][RU][RDS IMS/MMS WIFI][rds_ru_rpl_gen] Ori:(1,254)/(1,255) New:(1,254)/(1,255)
06-28 13:08:35.070   287   727 I MAL-Daemon:  (          rds_ru_rpl_gen, 4932) [RDS-I][RU][RDS IMS/MMS CELL][rds_ru_rpl_gen] Ori:(1,254)/(1,255) New:(1,254)/(1,255)
06-28 13:08:35.070   287   727 I MAL-Daemon:  (          rds_ru_rpl_gen, 4936) [RDS-I][RU][RDS EMG][rds_ru_rpl_gen] Ori:(254,254) New:(254,254)
06-28 13:08:35.070  1716  1847 I MFI-Conn:  (     mfia_task_bootstrap,  944) mfia_task_bootstrap(): an event 614 incoming
06-28 13:08:35.070  1716  1847 I MFI-Conn:  (     mfia_task_bootstrap,  944) mfia_task_bootstrap(): an event 615 incoming
06-28 13:08:35.070  1716  2696 I MFI-Conn:  (             rds_urc_hdl,  230) [RDS][rds_urc_hdl] RCV Event: 614 
06-28 13:08:35.070  1716  2696 I MFI-Conn:  (             rds_urc_hdl,  325) [RDS][IF][rds_urc_hdl] data_base update: pkterrt(0) 
06-28 13:08:35.070  1716  2696 I MFI-Conn:  (             rds_urc_hdl,  230) [RDS][rds_urc_hdl] RCV Event: 615 
06-28 13:08:35.071  1716  2696 I MFI-Conn:  (             rds_urc_hdl,  335) [RDS][IF][rds_urc_hdl] data_base update: i4wifirssi(-39) 
06-28 13:08:35.197   965   975 V ActivityManager: Broadcast: Intent { act=com.mobpower.sdk.probe flg=0x10 (has extras) } ordered=false userid=0 callerApp=ProcessRecord{f2ff43b 20553:com.commsource.beautyplus/u0a126}
06-28 13:08:35.198   965   975 V RestrictedPackageService: filterBroadcastReceiver for com.mobpower.sdk.probe
06-28 13:08:35.198   965   980 V ActivityManager_MU: isSingleton(com.commsource.beautyplus, ApplicationInfo{35836cb com.commsource.beautyplus}, com.mobpower.probe.PowerReceiver, 0x0) = false
06-28 13:08:35.210 20553 20553 D ActivityThread: BDC-Calling onReceive: intent=Intent { act=com.mobpower.sdk.probe flg=0x10 cmp=com.commsource.beautyplus/com.mobpower.probe.PowerReceiver (has extras) }, receiver=com.mobpower.probe.PowerReceiver@5afe1f2
06-28 13:08:35.210 20553 20553 D ActivityThread: BDC-Calling onReceive end receiver=class com.mobpower.probe.PowerReceiver
06-28 13:08:35.217 20553 20553 D ActivityThread: BDC-RECEIVER handled : 0 / ReceiverData{intent=Intent { act=com.mobpower.sdk.probe flg=0x10 cmp=com.commsource.beautyplus/com.mobpower.probe.PowerReceiver (has extras) } packageName=com.commsource.beautyplus resultCode=-1 resultData=null resultExtras=null}
06-28 13:08:35.415   965  1265 D LIGHT   : processEvent code=0,value=77
06-28 13:08:35.583   344   344 I thermal_src: wake up function 3
06-28 13:08:35.583   344   344 I thermal_src: TA_DAEMON_CMD_GET_TPCB cmd=0x5, len=4 PCB=34000
06-28 13:08:35.583   344   344 I thermal_src: TA_DAEMON_CMD_SET_TTJ cmd=0x4, len=4 Tj=85000
06-28 13:08:35.583   344   344 I thermal_src: waiting NOTIFY from kernel...
06-28 13:08:35.865   965  1776 W PackageManager: checkUidPermission(): com.android.chrome.permission.DEBUG of 2000 is denied.
06-28 13:08:35.867   965  1660 W PackageManager: checkUidPermission(): com.android.chrome.permission.DEBUG of 2000 is denied.
06-28 13:08:35.984   965  1265 D LIGHT   : processEvent code=0,value=79
06-28 13:08:36.371   287  2900 I MAL-Daemon:  (    ru_mdmngr_send_atcmd, 1931) [RDS-I][RDS][RU][ru_mdmngr_send_atcmd] try to send ATcmd : AT+ECSQ 
06-28 13:08:36.371   287  2900 I MAL-Daemon:  (    ru_mdmngr_send_atcmd, 1940) [RDS-I][RDS][RU][ru_mdmngr_send_atcmd] ru_check_ctx_ptr<0xf5c33c9c, 0xf5c33c9c>
06-28 13:08:36.371   287  2900 W MAL-Daemon:  (    mdfx_task_send_event,  636) mdfx_task_send_event(): [ACT] should NOT enter this leagcy API!!
06-28 13:08:36.372   287  2900 I MAL-Daemon:  (    ru_send_event_entity,  350) [RDS-I][RDS][RU][ru_send_event_entity] send event 101 to 101 with ret(0)
06-28 13:08:36.372   287   712 D MAL-Daemon:  (         mdmngr_task_hdl,   36) mdmngr_task_hdl(), receive event = 101 (vendor/mediatek/proprietary/frameworks/opt/mal/entity/mdmngr/mdmngr.c:36)
06-28 13:08:36.372   287   712 D MAL-Daemon:  (         mdmngr_task_hdl,   67) EVENT_MDMNGR_ATCMD_REQ@MDMNGR, priv_data = f3ce9400, channel = 1, cmd = (AT+ECSQ) (vendor/mediatek/proprietary/frameworks/opt/mal/entity/mdmngr/mdmngr.c:67)
06-28 13:08:36.372   287   712 W MAL-Daemon:  (    mdfx_task_send_event,  636) mdfx_task_send_event(): [ACT] should NOT enter this leagcy API!!
06-28 13:08:36.372   287   734 I MAL-Daemon:  ( mdfx_event_do_statistic,  153) mdfx_event_do_statistic(): [STATISTIC] TID = 734 has used 141414784 bytes!!
06-28 13:08:36.373   287   734 E MAL-Daemon:  (void* rilproxy_task_hdl(,  439) rilproxy_task_hdl(), receive event = 401
06-28 13:08:36.373   287   734 D MAL-Daemon:  (int rilproxy_send_ril_re,  320) send ril request, request_id = 2130, serial_no = 1d6c00, length = 18000000, send_size = 24(18), fd = 29
06-28 13:08:36.382   287   731 D MAL-Daemon:  (void* rilproxy_cmd_resp_,  670) recv ril resp, length = 64, type = 0, result = 0, serial_no = 1d6c00
06-28 13:08:36.383   287   731 D MAL-Daemon:  (void* rilproxy_cmd_resp_,  676) event_id = 401
06-28 13:08:36.383   287   712 D MAL-Daemon:  (         mdmngr_task_hdl,   36) mdmngr_task_hdl(), receive event = 103 (vendor/mediatek/proprietary/frameworks/opt/mal/entity/mdmngr/mdmngr.c:36)
06-28 13:08:36.383   287   712 D MAL-Daemon:  (         mdmngr_task_hdl,  115) EVENT_MDMNGR_ATCMD_RESP@MDMNGR (vendor/mediatek/proprietary/frameworks/opt/mal/entity/mdmngr/mdmngr.c:115)
06-28 13:08:36.383   287   712 D MAL-Daemon:  (         mdmngr_task_hdl,  122) event_req = f3ce9400, ID = 101 (vendor/mediatek/proprietary/frameworks/opt/mal/entity/mdmngr/mdmngr.c:122)
06-28 13:08:36.383   287   712 D MAL-Daemon:  (         mdmngr_task_hdl,  125) atcmd_resp->priv_data = f3c44750 (vendor/mediatek/proprietary/frameworks/opt/mal/entity/mdmngr/mdmngr.c:125)
06-28 13:08:36.383   287   727 I MAL-Daemon:  (             rds_ru_task,  445) [RDS-I][RU][rds_ru_task] RCV Event: 103 
06-28 13:08:36.383   287   727 I MAL-Daemon:  (rds_ru_mdmngr_atrsp_hndl, 2186) [RDS-I][RDS][RU][rds_ru_mdmngr_atrsp_hndl] get AT resp: +ECSQ: 17,37,1,1,1,-46,-413,7,13,40
06-28 13:08:36.383   287   727 I MAL-Daemon: 
06-28 13:08:36.383   287   727 I MAL-Daemon: OK
06-28 13:08:36.383   287   727 I MAL-Daemon: 
06-28 13:08:36.384   287   727 I MAL-Daemon:  (     ru_parse_3gppsigval, 1458) [RDS-I][RDS][ru_parse_3gppsigval] 3gppsigval #args act<7>
06-28 13:08:36.554   965  1265 D LIGHT   : processEvent code=0,value=78
06-28 13:08:36.863   965   975 D PowerManagerService: acquireWakeLockInternal: lock=116355130, flags=0x1, tag="GCoreFlp", ws=WorkSource{10012 com.google.android.gms}, uid=10012, pid=2167
06-28 13:08:36.864   965   975 D PowerManagerService: updateWakeLockSummaryLocked: mWakefulness=Asleep, mWakeLockSummary=0x1
06-28 13:08:36.864   965   975 D PowerManagerService: updateUserActivitySummaryLocked: mWakefulness=Asleep, mUserActivitySummary=0x0, nextTimeout=0 (56749191 ms ago)
06-28 13:08:36.864   965   975 D DisplayPowerController: requestPowerState: policy=OFF, useProximitySensor=false, screenBrightness=102, screenAutoBrightnessAdjustment=-1.0, brightnessSetByUser=true, useAutoBrightness=true, blockScreenOn=false, lowPowerMode=false, boostScreenBrightness=false, dozeScreenBrightness=-1, dozeScreenState=UNKNOWN, waitForNegativeProximity=false
06-28 13:08:36.864   965   975 D PowerManagerService: updateDisplayPowerStateLocked: mDisplayReady=true, policy=0, mWakefulness=0, mWakeLockSummary=0x1, mUserActivitySummary=0x0, mBootCompleted=true, mScreenBrightnessBoostInProgress=false
06-28 13:08:36.866   965   975 D PowerManagerService: Acquiring suspend blocker "PowerManagerService.WakeLocks".
06-28 13:08:36.866   965   975 D PowerManagerNotifier: onWakeLockAcquired: flags=1, tag="GCoreFlp", packageName=com.google.android.gms, ownerUid=10012, ownerPid=2167, workSource=WorkSource{10012 com.google.android.gms}
06-28 13:08:36.868  2167  2365 W GCoreFlp: No location to return for getLastLocation()
06-28 13:08:36.868   965  1696 D PowerManagerService: releaseWakeLockInternal: lock=116355130 [GCoreFlp], flags=0x0, total_time=4ms
06-28 13:08:36.869   965  1696 D PowerManagerNotifier: onWakeLockReleased: flags=1, tag="GCoreFlp", packageName=com.google.android.gms, ownerUid=10012, ownerPid=2167, workSource=WorkSource{10012 com.google.android.gms}
06-28 13:08:36.869   965  1696 D PowerManagerService: updateWakeLockSummaryLocked: mWakefulness=Asleep, mWakeLockSummary=0x0
06-28 13:08:36.869   965  1696 D PowerManagerService: updateUserActivitySummaryLocked: mWakefulness=Asleep, mUserActivitySummary=0x0, nextTimeout=0 (56749196 ms ago)
06-28 13:08:36.869   965  1696 D DisplayPowerController: requestPowerState: policy=OFF, useProximitySensor=false, screenBrightness=102, screenAutoBrightnessAdjustment=-1.0, brightnessSetByUser=true, useAutoBrightness=true, blockScreenOn=false, lowPowerMode=false, boostScreenBrightness=false, dozeScreenBrightness=-1, dozeScreenState=UNKNOWN, waitForNegativeProximity=false
06-28 13:08:36.869   965  1696 D PowerManagerService: updateDisplayPowerStateLocked: mDisplayReady=true, policy=0, mWakefulness=0, mWakeLockSummary=0x0, mUserActivitySummary=0x0, mBootCompleted=true, mScreenBrightnessBoostInProgress=false
06-28 13:08:36.871   965  1696 D PowerManagerService: Releasing suspend blocker "PowerManagerService.WakeLocks".
06-28 13:08:37.189   346   346 I thermal_repeater: select timeout
06-28 13:08:37.617   965  1777 W PackageManager: checkUidPermission(): android.permission.INTERACT_ACROSS_USERS_FULL of 10126 is denied.
06-28 13:08:37.618   965  1777 W PackageManager: checkUidPermission(): android.permission.REAL_GET_TASKS of 10126 is denied.
06-28 13:08:37.618   965  1777 W ActivityManager: getRunningAppProcesses: caller 10126 does not hold REAL_GET_TASKS; limiting output
06-28 13:08:37.694   965  1265 D LIGHT   : processEvent code=0,value=76
06-28 13:08:38.046   287 10673 I MAL-Daemon:  (        ru_syssig_hndler,  418) [RDS-I][ru_syssig_hndler] Send Event: 688 
06-28 13:08:38.046   287 10673 I MAL-Daemon:  (        ru_syssig_hndler,  419) [RDS-I][RDS][RU][ru_syssig_hndler] ru_check_ctx_ptr<0xf5c33c9c, 0xf5c33c9c>
06-28 13:08:38.046   287 10673 W MAL-Daemon:  (    mdfx_task_send_event,  636) mdfx_task_send_event(): [ACT] should NOT enter this leagcy API!!
06-28 13:08:38.046   287 10673 I MAL-Daemon:  (    ru_send_event_entity,  350) [RDS-I][RDS][RU][ru_send_event_entity] send event 688 to 602 with ret(0)
06-28 13:08:38.046   287   727 I MAL-Daemon:  (             rds_ru_task,  445) [RDS-I][RU][rds_ru_task] RCV Event: 688 
06-28 13:08:38.047  1488  1488 D wpa_supplicant: wlan0: Control interface command 'SIGNAL_POLL'
06-28 13:08:38.063   965  1368 W PackageManager: checkUidPermission(): com.android.chrome.permission.DEBUG of 2000 is denied.
06-28 13:08:38.065   965   976 W PackageManager: checkUidPermission(): com.android.chrome.permission.DEBUG of 2000 is denied.
06-28 13:08:38.066   287   727 D MAL-Daemon:  (     ru_wsl_poll_wpainfo,  639) [RDS-D][RDS][RU][ru_wsl_poll_wpainfo]socket recv pktlen(48) 
06-28 13:08:38.066   287   727 D MAL-Daemon:  (rds_ru_ws_rssi_timer_exp,  752) [RDS-D][RU][rds_ru_ws_rssi_timer_expire_hdlr][RDS] get rssi = -39, snr = 9999 
06-28 13:08:38.067   287   727 I MAL-Daemon:  (          ru_get_netstat, 5285) [RDS-I][RU][ru_get_netstat] netstat <thrghpt, pkterrt>, wifi <0, 0%>, mobile <0, 0%>
06-28 13:08:38.067   287   727 I MAL-Daemon:  (    ru_send_event_entity,  350) [RDS-I][RDS][RU][ru_send_event_entity] send event 614 to 1234 with ret(0)
06-28 13:08:38.067  1716  1847 I MFI-Conn:  (     mfia_task_bootstrap,  944) mfia_task_bootstrap(): an event 614 incoming
06-28 13:08:38.068  1716  2696 I MFI-Conn:  (             rds_urc_hdl,  230) [RDS][rds_urc_hdl] RCV Event: 614 
06-28 13:08:38.068  1716  2696 I MFI-Conn:  (             rds_urc_hdl,  325) [RDS][IF][rds_urc_hdl] data_base update: pkterrt(0) 
06-28 13:08:38.501  2167  2167 D ActivityThread: SVC-UNBIND_SERVICE handled : 0 / BindServiceData{token=android.os.BinderProxy@ec1bc7a intent=Intent { act=com.google.android.gms.udc.service.START pkg=com.google.android.gms }}
06-28 13:08:38.501  2167  2167 D ActivityThread: SVC-Destroying service: com.google.android.gms.udc.service.UdcApiService@469c2b
06-28 13:08:38.501  2167  2167 D ActivityThread: SVC-STOP_SERVICE handled : 0 / android.os.BinderProxy@ec1bc7a
06-28 13:08:38.564  2167  2167 D ActivityThread: SVC-UNBIND_SERVICE handled : 0 / BindServiceData{token=android.os.BinderProxy@8e2f317 intent=Intent { act=com.google.android.gms.lockbox.service.START pkg=com.google.android.gms }}
06-28 13:08:38.564  2167  2167 D ActivityThread: SVC-Destroying service: com.google.android.gms.lockbox.service.LockboxBrokerService@c39eb22
06-28 13:08:38.564  2167  2167 D ActivityThread: SVC-STOP_SERVICE handled : 0 / android.os.BinderProxy@8e2f317
06-28 13:08:39.404   965  1265 D LIGHT   : processEvent code=0,value=77
06-28 13:08:39.862   965  1676 W PackageManager: checkUidPermission(): com.android.chrome.permission.DEBUG of 2000 is denied.
06-28 13:08:39.864   965  1777 W PackageManager: checkUidPermission(): com.android.chrome.permission.DEBUG of 2000 is denied.
06-28 13:08:39.974   965  1265 D LIGHT   : processEvent code=0,value=78
06-28 13:08:40.593   344   344 I thermal_src: wake up function 3
06-28 13:08:40.593   344   344 I thermal_src: TA_DAEMON_CMD_GET_TPCB cmd=0x5, len=4 PCB=34000
06-28 13:08:40.593   344   344 I thermal_src: TA_DAEMON_CMD_SET_TTJ cmd=0x4, len=4 Tj=85000
06-28 13:08:40.593   344   344 I thermal_src: waiting NOTIFY from kernel...
06-28 13:08:41.046   287 10673 I MAL-Daemon:  (        ru_syssig_hndler,  418) [RDS-I][ru_syssig_hndler] Send Event: 688 
06-28 13:08:41.046   287 10673 I MAL-Daemon:  (        ru_syssig_hndler,  419) [RDS-I][RDS][RU][ru_syssig_hndler] ru_check_ctx_ptr<0xf5c33c9c, 0xf5c33c9c>
06-28 13:08:41.046   287 10673 W MAL-Daemon:  (    mdfx_task_send_event,  636) mdfx_task_send_event(): [ACT] should NOT enter this leagcy API!!
06-28 13:08:41.046   287 10673 I MAL-Daemon:  (    ru_send_event_entity,  350) [RDS-I][RDS][RU][ru_send_event_entity] send event 688 to 602 with ret(0)
06-28 13:08:41.046   287   727 I MAL-Daemon:  (             rds_ru_task,  445) [RDS-I][RU][rds_ru_task] RCV Event: 688 
06-28 13:08:41.047  1488  1488 D wpa_supplicant: wlan0: Control interface command 'SIGNAL_POLL'
06-28 13:08:41.066   287   727 D MAL-Daemon:  (     ru_wsl_poll_wpainfo,  639) [RDS-D][RDS][RU][ru_wsl_poll_wpainfo]socket recv pktlen(48) 
06-28 13:08:41.066   287   727 D MAL-Daemon:  (rds_ru_ws_rssi_timer_exp,  752) [RDS-D][RU][rds_ru_ws_rssi_timer_expire_hdlr][RDS] get rssi = -41, snr = 9999 
06-28 13:08:41.066   287   727 I MAL-Daemon:  (  ru_wsl_wifi_status_ind,  734) [RDS-I][RDS][RU][ru_wsl_wifi_status_ind] ru_check_ctx_ptr<0xf5c33c9c, 0xf5c33c9c>
06-28 13:08:41.066   287   727 W MAL-Daemon:  (    mdfx_task_send_event,  636) mdfx_task_send_event(): [ACT] should NOT enter this leagcy API!!
06-28 13:08:41.066   287   727 I MAL-Daemon:  (    ru_send_event_entity,  350) [RDS-I][RDS][RU][ru_send_event_entity] send event 604 to 602 with ret(0)
06-28 13:08:41.067   287   727 I MAL-Daemon:  (          ru_get_netstat, 5285) [RDS-I][RU][ru_get_netstat] netstat <thrghpt, pkterrt>, wifi <84, 0%>, mobile <0, 0%>
06-28 13:08:41.067   287   727 I MAL-Daemon:  (    ru_send_event_entity,  350) [RDS-I][RDS][RU][ru_send_event_entity] send event 614 to 1234 with ret(0)
06-28 13:08:41.067   287   727 I MAL-Daemon:  (             rds_ru_task,  445) [RDS-I][RU][rds_ru_task] RCV Event: 604 
06-28 13:08:41.067   287   727 I MAL-Daemon:  (  rds_ru_wifi_status_ind, 1338) [RDS-I][RU][EVENT_RU_WS_WIFI_STATUS_IND] fgwifi_en:1(no use) i4wifirssi:0xffffffd7 i4wifisnr:0x270f
06-28 13:08:41.067   287   727 I MAL-Daemon:  (    ru_send_event_entity,  350) [RDS-I][RDS][RU][ru_send_event_entity] send event 615 to 1234 with ret(0)
06-28 13:08:41.067   287   727 I MAL-Daemon:  (          rds_ru_rpl_gen, 4866) [RDS-I][RU][rds_ru_rpl_gen][RDS][OP18] TYPE : <0>, UI Policy : <3>, RDS Policy : <3>
06-28 13:08:41.067   287   727 I MAL-Daemon:  (      rds_cell_only_rjil, 3847) [RDS-I][RU][RDS IMS/MMS][rds_cell_only_rjil] 
06-28 13:08:41.067   287   727 I MAL-Daemon:  (          rds_ru_rpl_gen, 4877) [RDS-I][RU][rds_ru_rpl_gen][RDS][OP18] TYPE : <0>, RAN1 : <1> ,RAN2 : <254>
06-28 13:08:41.067   287   727 I MAL-Daemon:  (          rds_ru_rpl_gen, 4866) [RDS-I][RU][rds_ru_rpl_gen][RDS][OP18] TYPE : <1>, UI Policy : <3>, RDS Policy : <3>
06-28 13:08:41.067   287   727 I MAL-Daemon:  (      rds_cell_only_rjil, 3847) [RDS-I][RU][RDS IMS/MMS][rds_cell_only_rjil] 
06-28 13:08:41.067   287   727 I MAL-Daemon:  (          rds_ru_rpl_gen, 4877) [RDS-I][RU][rds_ru_rpl_gen][RDS][OP18] TYPE : <1>, RAN1 : <1> ,RAN2 : <254>
06-28 13:08:41.067   287   727 I MAL-Daemon:  (          rds_ru_rpl_gen, 4866) [RDS-I][RU][rds_ru_rpl_gen][RDS][OP18] TYPE : <2>, UI Policy : <3>, RDS Policy : <3>
06-28 13:08:41.067   287   727 I MAL-Daemon:  (      rds_cell_only_rjil, 3847) [RDS-I][RU][RDS IMS/MMS][rds_cell_only_rjil] 
06-28 13:08:41.067   287   727 I MAL-Daemon:  (          rds_ru_rpl_gen, 4877) [RDS-I][RU][rds_ru_rpl_gen][RDS][OP18] TYPE : <2>, RAN1 : <1> ,RAN2 : <254>
06-28 13:08:41.067   287   727 I MAL-Daemon:  (          rds_ru_rpl_gen, 4866) [RDS-I][RU][rds_ru_rpl_gen][RDS][OP18] TYPE : <3>, UI Policy : <3>, RDS Policy : <3>
06-28 13:08:41.068   287   727 I MAL-Daemon:  (          rds_ru_rpl_gen, 4877) [RDS-I][RU][rds_ru_rpl_gen][RDS][OP18] TYPE : <3>, RAN1 : <1> ,RAN2 : <255>
06-28 13:08:41.068   287   727 I MAL-Daemon:  (          rds_ru_rpl_gen, 4866) [RDS-I][RU][rds_ru_rpl_gen][RDS][OP18] TYPE : <4>, UI Policy : <3>, RDS Policy : <3>
06-28 13:08:41.068   287   727 I MAL-Daemon:  (          rds_ru_rpl_gen, 4877) [RDS-I][RU][rds_ru_rpl_gen][RDS][OP18] TYPE : <4>, RAN1 : <1> ,RAN2 : <255>
06-28 13:08:41.068   287   727 I MAL-Daemon:  (          rds_ru_rpl_gen, 4866) [RDS-I][RU][rds_ru_rpl_gen][RDS][OP18] TYPE : <5>, UI Policy : <3>, RDS Policy : <3>
06-28 13:08:41.068   287   727 I MAL-Daemon:  (          rds_ru_rpl_gen, 4877) [RDS-I][RU][rds_ru_rpl_gen][RDS][OP18] TYPE : <5>, RAN1 : <1> ,RAN2 : <255>
06-28 13:08:41.068   287   727 I MAL-Daemon:  (          rds_ru_rpl_gen, 4877) [RDS-I][RU][rds_ru_rpl_gen][RDS][OP18] TYPE : <6>, RAN1 : <254> ,RAN2 : <254>
06-28 13:08:41.068   287   727 I MAL-Daemon:  (    rds_op_check_feature,  293) [RDS-I][RDS][OP][rds_op_check_feature] operator id(18) check feature<0>, curr_opmsk is <5>, sys_opmsk is <0x0005, 5>
06-28 13:08:41.068   287   727 I MAL-Daemon:  (          rds_ru_rpl_gen, 4901) [RDS-I][RU][rds_ru_rpl_gen][RDS] Current policy: fgimsolte_en<1>, fgwfc_en<0>, erdspolicy<3>, 
06-28 13:08:41.068   287   727 I MAL-Daemon:  (          rds_ru_rpl_gen, 4904) [RDS-I][RU][rds_ru_rpl_gen][RDS] Threshold i4wifirssih<-75>, i4wifirssil<-85>, i4wifirssih_ho<-78>, i4wifirssil_ho<-88>, i4wifisnrh<10>, i4wifisnrl<6>
06-28 13:08:41.068   287   727 I MAL-Daemon:  (          rds_ru_rpl_gen, 4907) [RDS-I][RU][rds_ru_rpl_gen][RDS] Threshold i4ltersrph<-106>, i4ltersrpm<-111>, i4ltersrpl<-116>, i4ltersrqh<5>, i4ltersrqm<3>, i4ltersrql<1>
06-28 13:08:41.068   287   727 I MAL-Daemon:  (          rds_ru_rpl_gen, 4910) [RDS-I][RU][rds_ru_rpl_gen][RDS] current rds ru status: i4wifirssi<-41>, i4wifisnr<9999>, i4ltersrp<-104>, i4ltersrq<17>, u4active_ran<65539> 
06-28 13:08:41.068   287   727 I MAL-Daemon:  (          rds_ru_rpl_gen, 4913) [RDS-I][RU][rds_ru_rpl_gen][RDS] current wifi backhaul : rtp_plr<0>, rtp_jitter<0>, ping_ind<0>
06-28 13:08:41.068   287   727 I MAL-Daemon:  (          rds_ru_rpl_gen, 4916) [RDS-I][RU][rds_ru_rpl_gen][RDS] Call stat : IR92<0>, IR94<0> 
06-28 13:08:41.068   287   727 I MAL-Daemon:  (          rds_ru_rpl_gen, 4922) [RDS-I][RU][RDS IMS/MMS][rds_ru_rpl_gen] Ori:(1,254)/(1,255) New:(1,254)/(1,255)
06-28 13:08:41.068   287   727 I MAL-Daemon:  (          rds_ru_rpl_gen, 4927) [RDS-I][RU][RDS IMS/MMS WIFI][rds_ru_rpl_gen] Ori:(1,254)/(1,255) New:(1,254)/(1,255)
06-28 13:08:41.068   287   727 I MAL-Daemon:  (          rds_ru_rpl_gen, 4932) [RDS-I][RU][RDS IMS/MMS CELL][rds_ru_rpl_gen] Ori:(1,254)/(1,255) New:(1,254)/(1,255)
06-28 13:08:41.068   287   727 I MAL-Daemon:  (          rds_ru_rpl_gen, 4936) [RDS-I][RU][RDS EMG][rds_ru_rpl_gen] Ori:(254,254) New:(254,254)
06-28 13:08:41.069  1716  1847 I MFI-Conn:  (     mfia_task_bootstrap,  944) mfia_task_bootstrap(): an event 614 incoming
06-28 13:08:41.070  1716  1847 I MFI-Conn:  (     mfia_task_bootstrap,  944) mfia_task_bootstrap(): an event 615 incoming
06-28 13:08:41.070  1716  2696 I MFI-Conn:  (             rds_urc_hdl,  230) [RDS][rds_urc_hdl] RCV Event: 614 
06-28 13:08:41.070  1716  2696 I MFI-Conn:  (             rds_urc_hdl,  325) [RDS][IF][rds_urc_hdl] data_base update: pkterrt(0) 
06-28 13:08:41.070  1716  2696 I MFI-Conn:  (             rds_urc_hdl,  230) [RDS][rds_urc_hdl] RCV Event: 615 
06-28 13:08:41.070  1716  2696 I MFI-Conn:  (             rds_urc_hdl,  335) [RDS][IF][rds_urc_hdl] data_base update: i4wifirssi(-41) 
06-28 13:08:41.115   965  1265 D LIGHT   : processEvent code=0,value=77
06-28 13:08:41.461   965  3767 W PackageManager: checkUidPermission(): com.android.chrome.permission.DEBUG of 2000 is denied.
06-28 13:08:41.463   965  1677 W PackageManager: checkUidPermission(): com.android.chrome.permission.DEBUG of 2000 is denied.
06-28 13:08:41.684   965  1265 D LIGHT   : processEvent code=0,value=76
06-28 13:08:42.190   346   346 I thermal_repeater: oh, queryMdThermalInfo (0)No such file or directory
06-28 13:08:42.202   346   346 I thermal_repeater: [recvMdThermalInfo] ret=25, strLen=127,  3, 40, -127, 0, 32767, 1
06-28 13:08:42.254   965  1265 D LIGHT   : processEvent code=0,value=75
06-28 13:08:42.303   965   965 D SettingsInterface:  from settings cache , name = sys_free_storage_log_interval , value = null
06-28 13:08:42.304   965   965 D SettingsInterface:  from settings cache , name = disk_free_change_reporting_threshold , value = null
06-28 13:08:42.829   965  1265 D LIGHT   : processEvent code=0,value=76
06-28 13:08:42.862   965  1676 W PackageManager: checkUidPermission(): com.android.chrome.permission.DEBUG of 2000 is denied.
06-28 13:08:42.863   965  1777 W PackageManager: checkUidPermission(): com.android.chrome.permission.DEBUG of 2000 is denied.
06-28 13:08:42.890   965   972 I System  : FinalizerDaemon: finalize objects = 178
06-28 13:08:44.046   287 10673 I MAL-Daemon:  (        ru_syssig_hndler,  418) [RDS-I][ru_syssig_hndler] Send Event: 688 
06-28 13:08:44.046   287 10673 I MAL-Daemon:  (        ru_syssig_hndler,  419) [RDS-I][RDS][RU][ru_syssig_hndler] ru_check_ctx_ptr<0xf5c33c9c, 0xf5c33c9c>
06-28 13:08:44.046   287 10673 W MAL-Daemon:  (    mdfx_task_send_event,  636) mdfx_task_send_event(): [ACT] should NOT enter this leagcy API!!
06-28 13:08:44.046   287 10673 I MAL-Daemon:  (    ru_send_event_entity,  350) [RDS-I][RDS][RU][ru_send_event_entity] send event 688 to 602 with ret(0)
06-28 13:08:44.046   287   727 I MAL-Daemon:  (             rds_ru_task,  445) [RDS-I][RU][rds_ru_task] RCV Event: 688 
06-28 13:08:44.046  1488  1488 D wpa_supplicant: wlan0: Control interface command 'SIGNAL_POLL'
06-28 13:08:44.066   287   727 D MAL-Daemon:  (     ru_wsl_poll_wpainfo,  639) [RDS-D][RDS][RU][ru_wsl_poll_wpainfo]socket recv pktlen(48) 
06-28 13:08:44.066   287   727 D MAL-Daemon:  (rds_ru_ws_rssi_timer_exp,  752) [RDS-D][RU][rds_ru_ws_rssi_timer_expire_hdlr][RDS] get rssi = -39, snr = 9999 
06-28 13:08:44.066   287   727 I MAL-Daemon:  (  ru_wsl_wifi_status_ind,  734) [RDS-I][RDS][RU][ru_wsl_wifi_status_ind] ru_check_ctx_ptr<0xf5c33c9c, 0xf5c33c9c>
06-28 13:08:44.066   287   727 W MAL-Daemon:  (    mdfx_task_send_event,  636) mdfx_task_send_event(): [ACT] should NOT enter this leagcy API!!
06-28 13:08:44.066   287   727 I MAL-Daemon:  (    ru_send_event_entity,  350) [RDS-I][RDS][RU][ru_send_event_entity] send event 604 to 602 with ret(0)
06-28 13:08:44.068   287   727 I MAL-Daemon:  (          ru_get_netstat, 5285) [RDS-I][RU][ru_get_netstat] netstat <thrghpt, pkterrt>, wifi <0, 0%>, mobile <0, 0%>
06-28 13:08:44.068   287   727 I MAL-Daemon:  (    ru_send_event_entity,  350) [RDS-I][RDS][RU][ru_send_event_entity] send event 614 to 1234 with ret(0)
06-28 13:08:44.068   287   727 I MAL-Daemon:  (             rds_ru_task,  445) [RDS-I][RU][rds_ru_task] RCV Event: 604 
06-28 13:08:44.068   287   727 I MAL-Daemon:  (  rds_ru_wifi_status_ind, 1338) [RDS-I][RU][EVENT_RU_WS_WIFI_STATUS_IND] fgwifi_en:1(no use) i4wifirssi:0xffffffd9 i4wifisnr:0x270f
06-28 13:08:44.068   287   727 I MAL-Daemon:  (    ru_send_event_entity,  350) [RDS-I][RDS][RU][ru_send_event_entity] send event 615 to 1234 with ret(0)
06-28 13:08:44.069   287   727 I MAL-Daemon:  (          rds_ru_rpl_gen, 4866) [RDS-I][RU][rds_ru_rpl_gen][RDS][OP18] TYPE : <0>, UI Policy : <3>, RDS Policy : <3>
06-28 13:08:44.069   287   727 I MAL-Daemon:  (      rds_cell_only_rjil, 3847) [RDS-I][RU][RDS IMS/MMS][rds_cell_only_rjil] 
06-28 13:08:44.069   287   727 I MAL-Daemon:  (          rds_ru_rpl_gen, 4877) [RDS-I][RU][rds_ru_rpl_gen][RDS][OP18] TYPE : <0>, RAN1 : <1> ,RAN2 : <254>
06-28 13:08:44.069   287   727 I MAL-Daemon:  (          rds_ru_rpl_gen, 4866) [RDS-I][RU][rds_ru_rpl_gen][RDS][OP18] TYPE : <1>, UI Policy : <3>, RDS Policy : <3>
06-28 13:08:44.069   287   727 I MAL-Daemon:  (      rds_cell_only_rjil, 3847) [RDS-I][RU][RDS IMS/MMS][rds_cell_only_rjil] 
06-28 13:08:44.069   287   727 I MAL-Daemon:  (          rds_ru_rpl_gen, 4877) [RDS-I][RU][rds_ru_rpl_gen][RDS][OP18] TYPE : <1>, RAN1 : <1> ,RAN2 : <254>
06-28 13:08:44.069   287   727 I MAL-Daemon:  (          rds_ru_rpl_gen, 4866) [RDS-I][RU][rds_ru_rpl_gen][RDS][OP18] TYPE : <2>, UI Policy : <3>, RDS Policy : <3>
06-28 13:08:44.069   287   727 I MAL-Daemon:  (      rds_cell_only_rjil, 3847) [RDS-I][RU][RDS IMS/MMS][rds_cell_only_rjil] 
