06-28 13:08:26.372   287   712 D MAL-Daemon:  (         mdmngr_task_hdl,   36) mdmngr_task_hdl(), receive event = 101 (vendor/mediatek/proprietary/frameworks/opt/mal/entity/mdmngr/mdmngr.c:36)
06-28 13:08:26.372   287   712 D MAL-Daemon:  (         mdmngr_task_hdl,   67) EVENT_MDMNGR_ATCMD_REQ@MDMNGR, priv_data = f3ce9500, channel = 1, cmd = (AT+ECSQ) (vendor/mediatek/proprietary/frameworks/opt/mal/entity/mdmngr/mdmngr.c:67)
06-28 13:08:26.372   287   712 W MAL-Daemon:  (    mdfx_task_send_event,  636) mdfx_task_send_event(): [ACT] should NOT enter this leagcy API!!
06-28 13:08:26.372   287   734 I MAL-Daemon:  ( mdfx_event_do_statistic,  153) mdfx_event_do_statistic(): [STATISTIC] TID = 734 has used 141369012 bytes!!
06-28 13:08:26.372   287   734 E MAL-Daemon:  (void* rilproxy_task_hdl(,  439) rilproxy_task_hdl(), receive event = 401
06-28 13:08:26.372   287   734 D MAL-Daemon:  (int rilproxy_send_ril_re,  320) send ril request, request_id = 2130, serial_no = 1d6b00, length = 18000000, send_size = 24(18), fd = 29
06-28 13:08:26.382   287   731 D MAL-Daemon:  (void* rilproxy_cmd_resp_,  670) recv ril resp, length = 64, type = 0, result = 0, serial_no = 1d6b00
06-28 13:08:26.382   287   731 D MAL-Daemon:  (void* rilproxy_cmd_resp_,  676) event_id = 401
06-28 13:08:26.382   287   712 D MAL-Daemon:  (         mdmngr_task_hdl,   36) mdmngr_task_hdl(), receive event = 103 (vendor/mediatek/proprietary/frameworks/opt/mal/entity/mdmngr/mdmngr.c:36)
06-28 13:08:26.383   287   712 D MAL-Daemon:  (         mdmngr_task_hdl,  115) EVENT_MDMNGR_ATCMD_RESP@MDMNGR (vendor/mediatek/proprietary/frameworks/opt/mal/entity/mdmngr/mdmngr.c:115)
06-28 13:08:26.383   287   712 D MAL-Daemon:  (         mdmngr_task_hdl,  122) event_req = f3ce9500, ID = 101 (vendor/mediatek/proprietary/frameworks/opt/mal/entity/mdmngr/mdmngr.c:122)
06-28 13:08:26.383   287   712 D MAL-Daemon:  (         mdmngr_task_hdl,  125) atcmd_resp->priv_data = f3c44350 (vendor/mediatek/proprietary/frameworks/opt/mal/entity/mdmngr/mdmngr.c:125)
06-28 13:08:26.383   287   727 I MAL-Daemon:  (             rds_ru_task,  445) [RDS-I][RU][rds_ru_task] RCV Event: 103 
06-28 13:08:26.383   287   727 I MAL-Daemon:  (rds_ru_mdmngr_atrsp_hndl, 2186) [RDS-I][RDS][RU][rds_ru_mdmngr_atrsp_hndl] get AT resp: +ECSQ: 17,37,1,1,1,-46,-413,7,13,40
06-28 13:08:26.383   287   727 I MAL-Daemon: 
06-28 13:08:26.383   287   727 I MAL-Daemon: OK
06-28 13:08:26.383   287   727 I MAL-Daemon: 
06-28 13:08:26.383   287   727 I MAL-Daemon:  (     ru_parse_3gppsigval, 1458) [RDS-I][RDS][ru_parse_3gppsigval] 3gppsigval #args act<7>
06-28 13:08:26.854   965  1265 D LIGHT   : processEvent code=0,value=79
06-28 13:08:27.173   346   346 I thermal_repeater: select timeout
06-28 13:08:27.301   965  1368 W PackageManager: checkUidPermission(): com.android.chrome.permission.DEBUG of 2000 is denied.
06-28 13:08:27.303   965  1778 W PackageManager: checkUidPermission(): com.android.chrome.permission.DEBUG of 2000 is denied.
06-28 13:08:27.994   965  1265 D LIGHT   : processEvent code=0,value=73
06-28 13:08:28.564   965  1265 D LIGHT   : processEvent code=0,value=78
06-28 13:08:28.861   965  2472 W PackageManager: checkUidPermission(): com.android.chrome.permission.DEBUG of 2000 is denied.
06-28 13:08:28.864   965   975 W PackageManager: checkUidPermission(): com.android.chrome.permission.DEBUG of 2000 is denied.
06-28 13:08:29.046   287 10673 I MAL-Daemon:  (        ru_syssig_hndler,  418) [RDS-I][ru_syssig_hndler] Send Event: 688 
06-28 13:08:29.046   287 10673 I MAL-Daemon:  (        ru_syssig_hndler,  419) [RDS-I][RDS][RU][ru_syssig_hndler] ru_check_ctx_ptr<0xf5c33c9c, 0xf5c33c9c>
06-28 13:08:29.046   287 10673 W MAL-Daemon:  (    mdfx_task_send_event,  636) mdfx_task_send_event(): [ACT] should NOT enter this leagcy API!!
06-28 13:08:29.046   287 10673 I MAL-Daemon:  (    ru_send_event_entity,  350) [RDS-I][RDS][RU][ru_send_event_entity] send event 688 to 602 with ret(0)
06-28 13:08:29.047   287   727 I MAL-Daemon:  (             rds_ru_task,  445) [RDS-I][RU][rds_ru_task] RCV Event: 688 
06-28 13:08:29.047  1488  1488 D wpa_supplicant: wlan0: Control interface command 'SIGNAL_POLL'
06-28 13:08:29.065   287   727 D MAL-Daemon:  (     ru_wsl_poll_wpainfo,  639) [RDS-D][RDS][RU][ru_wsl_poll_wpainfo]socket recv pktlen(48) 
06-28 13:08:29.065   287   727 D MAL-Daemon:  (rds_ru_ws_rssi_timer_exp,  752) [RDS-D][RU][rds_ru_ws_rssi_timer_expire_hdlr][RDS] get rssi = -38, snr = 9999 
06-28 13:08:29.065   287   727 I MAL-Daemon:  (  ru_wsl_wifi_status_ind,  734) [RDS-I][RDS][RU][ru_wsl_wifi_status_ind] ru_check_ctx_ptr<0xf5c33c9c, 0xf5c33c9c>
06-28 13:08:29.066   287   727 W MAL-Daemon:  (    mdfx_task_send_event,  636) mdfx_task_send_event(): [ACT] should NOT enter this leagcy API!!
06-28 13:08:29.066   287   727 I MAL-Daemon:  (    ru_send_event_entity,  350) [RDS-I][RDS][RU][ru_send_event_entity] send event 604 to 602 with ret(0)
06-28 13:08:29.067   287   727 I MAL-Daemon:  (          ru_get_netstat, 5285) [RDS-I][RU][ru_get_netstat] netstat <thrghpt, pkterrt>, wifi <0, 0%>, mobile <0, 0%>
06-28 13:08:29.067   287   727 I MAL-Daemon:  (    ru_send_event_entity,  350) [RDS-I][RDS][RU][ru_send_event_entity] send event 614 to 1234 with ret(0)
06-28 13:08:29.067   287   727 I MAL-Daemon:  (             rds_ru_task,  445) [RDS-I][RU][rds_ru_task] RCV Event: 604 
06-28 13:08:29.067   287   727 I MAL-Daemon:  (  rds_ru_wifi_status_ind, 1338) [RDS-I][RU][EVENT_RU_WS_WIFI_STATUS_IND] fgwifi_en:1(no use) i4wifirssi:0xffffffda i4wifisnr:0x270f
06-28 13:08:29.067   287   727 I MAL-Daemon:  (    ru_send_event_entity,  350) [RDS-I][RDS][RU][ru_send_event_entity] send event 615 to 1234 with ret(0)
06-28 13:08:29.067   287   727 I MAL-Daemon:  (          rds_ru_rpl_gen, 4866) [RDS-I][RU][rds_ru_rpl_gen][RDS][OP18] TYPE : <0>, UI Policy : <3>, RDS Policy : <3>
06-28 13:08:29.067   287   727 I MAL-Daemon:  (      rds_cell_only_rjil, 3847) [RDS-I][RU][RDS IMS/MMS][rds_cell_only_rjil] 
06-28 13:08:29.067   287   727 I MAL-Daemon:  (          rds_ru_rpl_gen, 4877) [RDS-I][RU][rds_ru_rpl_gen][RDS][OP18] TYPE : <0>, RAN1 : <1> ,RAN2 : <254>
06-28 13:08:29.068   287   727 I MAL-Daemon:  (          rds_ru_rpl_gen, 4866) [RDS-I][RU][rds_ru_rpl_gen][RDS][OP18] TYPE : <1>, UI Policy : <3>, RDS Policy : <3>
06-28 13:08:29.068   287   727 I MAL-Daemon:  (      rds_cell_only_rjil, 3847) [RDS-I][RU][RDS IMS/MMS][rds_cell_only_rjil] 
06-28 13:08:29.068   287   727 I MAL-Daemon:  (          rds_ru_rpl_gen, 4877) [RDS-I][RU][rds_ru_rpl_gen][RDS][OP18] TYPE : <1>, RAN1 : <1> ,RAN2 : <254>
06-28 13:08:29.068   287   727 I MAL-Daemon:  (          rds_ru_rpl_gen, 4866) [RDS-I][RU][rds_ru_rpl_gen][RDS][OP18] TYPE : <2>, UI Policy : <3>, RDS Policy : <3>
06-28 13:08:29.068   287   727 I MAL-Daemon:  (      rds_cell_only_rjil, 3847) [RDS-I][RU][RDS IMS/MMS][rds_cell_only_rjil] 
06-28 13:08:29.068   287   727 I MAL-Daemon:  (          rds_ru_rpl_gen, 4877) [RDS-I][RU][rds_ru_rpl_gen][RDS][OP18] TYPE : <2>, RAN1 : <1> ,RAN2 : <254>
06-28 13:08:29.068   287   727 I MAL-Daemon:  (          rds_ru_rpl_gen, 4866) [RDS-I][RU][rds_ru_rpl_gen][RDS][OP18] TYPE : <3>, UI Policy : <3>, RDS Policy : <3>
06-28 13:08:29.068   287   727 I MAL-Daemon:  (          rds_ru_rpl_gen, 4877) [RDS-I][RU][rds_ru_rpl_gen][RDS][OP18] TYPE : <3>, RAN1 : <1> ,RAN2 : <255>
06-28 13:08:29.068   287   727 I MAL-Daemon:  (          rds_ru_rpl_gen, 4866) [RDS-I][RU][rds_ru_rpl_gen][RDS][OP18] TYPE : <4>, UI Policy : <3>, RDS Policy : <3>
06-28 13:08:29.068   287   727 I MAL-Daemon:  (          rds_ru_rpl_gen, 4877) [RDS-I][RU][rds_ru_rpl_gen][RDS][OP18] TYPE : <4>, RAN1 : <1> ,RAN2 : <255>
06-28 13:08:29.068   287   727 I MAL-Daemon:  (          rds_ru_rpl_gen, 4866) [RDS-I][RU][rds_ru_rpl_gen][RDS][OP18] TYPE : <5>, UI Policy : <3>, RDS Policy : <3>
06-28 13:08:29.068   287   727 I MAL-Daemon:  (          rds_ru_rpl_gen, 4877) [RDS-I][RU][rds_ru_rpl_gen][RDS][OP18] TYPE : <5>, RAN1 : <1> ,RAN2 : <255>
06-28 13:08:29.068   287   727 I MAL-Daemon:  (          rds_ru_rpl_gen, 4877) [RDS-I][RU][rds_ru_rpl_gen][RDS][OP18] TYPE : <6>, RAN1 : <254> ,RAN2 : <254>
06-28 13:08:29.068   287   727 I MAL-Daemon:  (    rds_op_check_feature,  293) [RDS-I][RDS][OP][rds_op_check_feature] operator id(18) check feature<0>, curr_opmsk is <5>, sys_opmsk is <0x0005, 5>
06-28 13:08:29.068   287   727 I MAL-Daemon:  (          rds_ru_rpl_gen, 4901) [RDS-I][RU][rds_ru_rpl_gen][RDS] Current policy: fgimsolte_en<1>, fgwfc_en<0>, erdspolicy<3>, 
06-28 13:08:29.069   287   727 I MAL-Daemon:  (          rds_ru_rpl_gen, 4904) [RDS-I][RU][rds_ru_rpl_gen][RDS] Threshold i4wifirssih<-75>, i4wifirssil<-85>, i4wifirssih_ho<-78>, i4wifirssil_ho<-88>, i4wifisnrh<10>, i4wifisnrl<6>
06-28 13:08:29.069   287   727 I MAL-Daemon:  (          rds_ru_rpl_gen, 4907) [RDS-I][RU][rds_ru_rpl_gen][RDS] Threshold i4ltersrph<-106>, i4ltersrpm<-111>, i4ltersrpl<-116>, i4ltersrqh<5>, i4ltersrqm<3>, i4ltersrql<1>
06-28 13:08:29.069   287   727 I MAL-Daemon:  (          rds_ru_rpl_gen, 4910) [RDS-I][RU][rds_ru_rpl_gen][RDS] current rds ru status: i4wifirssi<-38>, i4wifisnr<9999>, i4ltersrp<-104>, i4ltersrq<17>, u4active_ran<65539> 
06-28 13:08:29.069   287   727 I MAL-Daemon:  (          rds_ru_rpl_gen, 4913) [RDS-I][RU][rds_ru_rpl_gen][RDS] current wifi backhaul : rtp_plr<0>, rtp_jitter<0>, ping_ind<0>
06-28 13:08:29.069   287   727 I MAL-Daemon:  (          rds_ru_rpl_gen, 4916) [RDS-I][RU][rds_ru_rpl_gen][RDS] Call stat : IR92<0>, IR94<0> 
06-28 13:08:29.069   287   727 I MAL-Daemon:  (          rds_ru_rpl_gen, 4922) [RDS-I][RU][RDS IMS/MMS][rds_ru_rpl_gen] Ori:(1,254)/(1,255) New:(1,254)/(1,255)
06-28 13:08:29.069   287   727 I MAL-Daemon:  (          rds_ru_rpl_gen, 4927) [RDS-I][RU][RDS IMS/MMS WIFI][rds_ru_rpl_gen] Ori:(1,254)/(1,255) New:(1,254)/(1,255)
06-28 13:08:29.069   287   727 I MAL-Daemon:  (          rds_ru_rpl_gen, 4932) [RDS-I][RU][RDS IMS/MMS CELL][rds_ru_rpl_gen] Ori:(1,254)/(1,255) New:(1,254)/(1,255)
06-28 13:08:29.069   287   727 I MAL-Daemon:  (          rds_ru_rpl_gen, 4936) [RDS-I][RU][RDS EMG][rds_ru_rpl_gen] Ori:(254,254) New:(254,254)
06-28 13:08:29.071  1716  1847 I MFI-Conn:  (     mfia_task_bootstrap,  944) mfia_task_bootstrap(): an event 614 incoming
06-28 13:08:29.071  1716  1847 I MFI-Conn:  (     mfia_task_bootstrap,  944) mfia_task_bootstrap(): an event 615 incoming
06-28 13:08:29.072  1716  2696 I MFI-Conn:  (             rds_urc_hdl,  230) [RDS][rds_urc_hdl] RCV Event: 614 
06-28 13:08:29.072  1716  2696 I MFI-Conn:  (             rds_urc_hdl,  325) [RDS][IF][rds_urc_hdl] data_base update: pkterrt(0) 
06-28 13:08:29.072  1716  2696 I MFI-Conn:  (             rds_urc_hdl,  230) [RDS][rds_urc_hdl] RCV Event: 615 
06-28 13:08:29.072  1716  2696 I MFI-Conn:  (             rds_urc_hdl,  335) [RDS][IF][rds_urc_hdl] data_base update: i4wifirssi(-38) 
06-28 13:08:29.837  2055  2150 D VoLTE SOC: soc_add_2_fdsets: socket id: 20, idx: 3932178 (0xf6577400) (vendor/mediatek/proprietary/frameworks/opt/volte/volte_stack/src/soc/soc_data.c:407)
06-28 13:08:29.837  2055  2150 D VoLTE SOC: soc_add_2_fdsets: socket id: 24, idx: 3866641 (0xf6577000) (vendor/mediatek/proprietary/frameworks/opt/volte/volte_stack/src/soc/soc_data.c:407)
06-28 13:08:29.837  2055  2150 D VoLTE SOC: soc_add_2_fdsets: socket id: 23, idx: 3801104 (0xf655c200) (vendor/mediatek/proprietary/frameworks/opt/volte/volte_stack/src/soc/soc_data.c:407)
06-28 13:08:29.837  2055  2150 D VoLTE SOC: soc_add_2_fdsets: socket id: 22, idx: 3735567 (0xf655b400) (vendor/mediatek/proprietary/frameworks/opt/volte/volte_stack/src/soc/soc_data.c:407)
06-28 13:08:29.837  2055  2150 D VoLTE SOC: soc_add_2_fdsets: socket id: 19, idx: 3538956 (0xf633f200) (vendor/mediatek/proprietary/frameworks/opt/volte/volte_stack/src/soc/soc_data.c:407)
06-28 13:08:29.837  2055  2150 D VoLTE SOC: soc_add_2_fdsets: socket id: 18, idx: 3473419 (0xf633bc00) (vendor/mediatek/proprietary/frameworks/opt/volte/volte_stack/src/soc/soc_data.c:407)
06-28 13:08:29.838  2055  2150 D VoLTE SOC: soc_add_2_fdsets: socket id: 21, idx: 5177349 (0xf655b800) (vendor/mediatek/proprietary/frameworks/opt/volte/volte_stack/src/soc/soc_data.c:407)
06-28 13:08:29.838  2055  2150 D VoLTE SOC: soc_add_2_fdsets: socket id: 28, idx: 5111812 (0xf655b200) (vendor/mediatek/proprietary/frameworks/opt/volte/volte_stack/src/soc/soc_data.c:407)
06-28 13:08:29.838  2055  2150 D VoLTE SOC: soc_add_2_fdsets: socket id: 27, idx: 5046275 (0xf633fc00) (vendor/mediatek/proprietary/frameworks/opt/volte/volte_stack/src/soc/soc_data.c:407)
06-28 13:08:30.455   965  1368 W PackageManager: checkUidPermission(): com.android.chrome.permission.DEBUG of 2000 is denied.
06-28 13:08:30.457   965  1778 W PackageManager: checkUidPermission(): com.android.chrome.permission.DEBUG of 2000 is denied.
06-28 13:08:30.573   344   344 I thermal_src: wake up function 3
06-28 13:08:30.573   344   344 I thermal_src: TA_DAEMON_CMD_GET_TPCB cmd=0x5, len=4 PCB=34000
06-28 13:08:30.573   344   344 I thermal_src: TA_DAEMON_CMD_SET_TTJ cmd=0x4, len=4 Tj=85000
06-28 13:08:30.573   344   344 I thermal_src: waiting NOTIFY from kernel...
06-28 13:08:30.854   965  1265 D LIGHT   : processEvent code=0,value=76
06-28 13:08:31.424   965  1265 D LIGHT   : processEvent code=0,value=78
06-28 13:08:31.994   965  1265 D LIGHT   : processEvent code=0,value=75
06-28 13:08:32.046   287 10673 I MAL-Daemon:  (        ru_syssig_hndler,  418) [RDS-I][ru_syssig_hndler] Send Event: 688 
06-28 13:08:32.046   287 10673 I MAL-Daemon:  (        ru_syssig_hndler,  419) [RDS-I][RDS][RU][ru_syssig_hndler] ru_check_ctx_ptr<0xf5c33c9c, 0xf5c33c9c>
06-28 13:08:32.046   287 10673 W MAL-Daemon:  (    mdfx_task_send_event,  636) mdfx_task_send_event(): [ACT] should NOT enter this leagcy API!!
06-28 13:08:32.046   287 10673 I MAL-Daemon:  (    ru_send_event_entity,  350) [RDS-I][RDS][RU][ru_send_event_entity] send event 688 to 602 with ret(0)
06-28 13:08:32.046   287   727 I MAL-Daemon:  (             rds_ru_task,  445) [RDS-I][RU][rds_ru_task] RCV Event: 688 
06-28 13:08:32.047  1488  1488 D wpa_supplicant: wlan0: Control interface command 'SIGNAL_POLL'
06-28 13:08:32.066   287   727 D MAL-Daemon:  (     ru_wsl_poll_wpainfo,  639) [RDS-D][RDS][RU][ru_wsl_poll_wpainfo]socket recv pktlen(48) 
06-28 13:08:32.066   287   727 D MAL-Daemon:  (rds_ru_ws_rssi_timer_exp,  752) [RDS-D][RU][rds_ru_ws_rssi_timer_expire_hdlr][RDS] get rssi = -40, snr = 9999 
06-28 13:08:32.066   287   727 I MAL-Daemon:  (  ru_wsl_wifi_status_ind,  734) [RDS-I][RDS][RU][ru_wsl_wifi_status_ind] ru_check_ctx_ptr<0xf5c33c9c, 0xf5c33c9c>
06-28 13:08:32.066   287   727 W MAL-Daemon:  (    mdfx_task_send_event,  636) mdfx_task_send_event(): [ACT] should NOT enter this leagcy API!!
06-28 13:08:32.066   287   727 I MAL-Daemon:  (    ru_send_event_entity,  350) [RDS-I][RDS][RU][ru_send_event_entity] send event 604 to 602 with ret(0)
06-28 13:08:32.067   287   727 I MAL-Daemon:  (          ru_get_netstat, 5285) [RDS-I][RU][ru_get_netstat] netstat <thrghpt, pkterrt>, wifi <0, 0%>, mobile <0, 0%>
06-28 13:08:32.067   287   727 I MAL-Daemon:  (    ru_send_event_entity,  350) [RDS-I][RDS][RU][ru_send_event_entity] send event 614 to 1234 with ret(0)
06-28 13:08:32.067   287   727 I MAL-Daemon:  (             rds_ru_task,  445) [RDS-I][RU][rds_ru_task] RCV Event: 604 
06-28 13:08:32.067   287   727 I MAL-Daemon:  (  rds_ru_wifi_status_ind, 1338) [RDS-I][RU][EVENT_RU_WS_WIFI_STATUS_IND] fgwifi_en:1(no use) i4wifirssi:0xffffffd8 i4wifisnr:0x270f
06-28 13:08:32.067   287   727 I MAL-Daemon:  (    ru_send_event_entity,  350) [RDS-I][RDS][RU][ru_send_event_entity] send event 615 to 1234 with ret(0)
06-28 13:08:32.067   287   727 I MAL-Daemon:  (          rds_ru_rpl_gen, 4866) [RDS-I][RU][rds_ru_rpl_gen][RDS][OP18] TYPE : <0>, UI Policy : <3>, RDS Policy : <3>
06-28 13:08:32.067   287   727 I MAL-Daemon:  (      rds_cell_only_rjil, 3847) [RDS-I][RU][RDS IMS/MMS][rds_cell_only_rjil] 
06-28 13:08:32.067   287   727 I MAL-Daemon:  (          rds_ru_rpl_gen, 4877) [RDS-I][RU][rds_ru_rpl_gen][RDS][OP18] TYPE : <0>, RAN1 : <1> ,RAN2 : <254>
06-28 13:08:32.067   287   727 I MAL-Daemon:  (          rds_ru_rpl_gen, 4866) [RDS-I][RU][rds_ru_rpl_gen][RDS][OP18] TYPE : <1>, UI Policy : <3>, RDS Policy : <3>
06-28 13:08:32.067   287   727 I MAL-Daemon:  (      rds_cell_only_rjil, 3847) [RDS-I][RU][RDS IMS/MMS][rds_cell_only_rjil] 
06-28 13:08:32.067   287   727 I MAL-Daemon:  (          rds_ru_rpl_gen, 4877) [RDS-I][RU][rds_ru_rpl_gen][RDS][OP18] TYPE : <1>, RAN1 : <1> ,RAN2 : <254>
06-28 13:08:32.067   287   727 I MAL-Daemon:  (          rds_ru_rpl_gen, 4866) [RDS-I][RU][rds_ru_rpl_gen][RDS][OP18] TYPE : <2>, UI Policy : <3>, RDS Policy : <3>
06-28 13:08:32.067   287   727 I MAL-Daemon:  (      rds_cell_only_rjil, 3847) [RDS-I][RU][RDS IMS/MMS][rds_cell_only_rjil] 
06-28 13:08:32.067   287   727 I MAL-Daemon:  (          rds_ru_rpl_gen, 4877) [RDS-I][RU][rds_ru_rpl_gen][RDS][OP18] TYPE : <2>, RAN1 : <1> ,RAN2 : <254>
06-28 13:08:32.067   287   727 I MAL-Daemon:  (          rds_ru_rpl_gen, 4866) [RDS-I][RU][rds_ru_rpl_gen][RDS][OP18] TYPE : <3>, UI Policy : <3>, RDS Policy : <3>
06-28 13:08:32.067   287   727 I MAL-Daemon:  (          rds_ru_rpl_gen, 4877) [RDS-I][RU][rds_ru_rpl_gen][RDS][OP18] TYPE : <3>, RAN1 : <1> ,RAN2 : <255>
06-28 13:08:32.067   287   727 I MAL-Daemon:  (          rds_ru_rpl_gen, 4866) [RDS-I][RU][rds_ru_rpl_gen][RDS][OP18] TYPE : <4>, UI Policy : <3>, RDS Policy : <3>
06-28 13:08:32.067   287   727 I MAL-Daemon:  (          rds_ru_rpl_gen, 4877) [RDS-I][RU][rds_ru_rpl_gen][RDS][OP18] TYPE : <4>, RAN1 : <1> ,RAN2 : <255>
06-28 13:08:32.067   287   727 I MAL-Daemon:  (          rds_ru_rpl_gen, 4866) [RDS-I][RU][rds_ru_rpl_gen][RDS][OP18] TYPE : <5>, UI Policy : <3>, RDS Policy : <3>
06-28 13:08:32.068   287   727 I MAL-Daemon:  (          rds_ru_rpl_gen, 4877) [RDS-I][RU][rds_ru_rpl_gen][RDS][OP18] TYPE : <5>, RAN1 : <1> ,RAN2 : <255>
06-28 13:08:32.068   287   727 I MAL-Daemon:  (          rds_ru_rpl_gen, 4877) [RDS-I][RU][rds_ru_rpl_gen][RDS][OP18] TYPE : <6>, RAN1 : <254> ,RAN2 : <254>
06-28 13:08:32.068   287   727 I MAL-Daemon:  (    rds_op_check_feature,  293) [RDS-I][RDS][OP][rds_op_check_feature] operator id(18) check feature<0>, curr_opmsk is <5>, sys_opmsk is <0x0005, 5>
06-28 13:08:32.068   287   727 I MAL-Daemon:  (          rds_ru_rpl_gen, 4901) [RDS-I][RU][rds_ru_rpl_gen][RDS] Current policy: fgimsolte_en<1>, fgwfc_en<0>, erdspolicy<3>, 
06-28 13:08:32.068   287   727 I MAL-Daemon:  (          rds_ru_rpl_gen, 4904) [RDS-I][RU][rds_ru_rpl_gen][RDS] Threshold i4wifirssih<-75>, i4wifirssil<-85>, i4wifirssih_ho<-78>, i4wifirssil_ho<-88>, i4wifisnrh<10>, i4wifisnrl<6>
06-28 13:08:32.068   287   727 I MAL-Daemon:  (          rds_ru_rpl_gen, 4907) [RDS-I][RU][rds_ru_rpl_gen][RDS] Threshold i4ltersrph<-106>, i4ltersrpm<-111>, i4ltersrpl<-116>, i4ltersrqh<5>, i4ltersrqm<3>, i4ltersrql<1>
06-28 13:08:32.068   287   727 I MAL-Daemon:  (          rds_ru_rpl_gen, 4910) [RDS-I][RU][rds_ru_rpl_gen][RDS] current rds ru status: i4wifirssi<-40>, i4wifisnr<9999>, i4ltersrp<-104>, i4ltersrq<17>, u4active_ran<65539> 
06-28 13:08:32.068   287   727 I MAL-Daemon:  (          rds_ru_rpl_gen, 4913) [RDS-I][RU][rds_ru_rpl_gen][RDS] current wifi backhaul : rtp_plr<0>, rtp_jitter<0>, ping_ind<0>
06-28 13:08:32.068   287   727 I MAL-Daemon:  (          rds_ru_rpl_gen, 4916) [RDS-I][RU][rds_ru_rpl_gen][RDS] Call stat : IR92<0>, IR94<0> 
06-28 13:08:32.068   287   727 I MAL-Daemon:  (          rds_ru_rpl_gen, 4922) [RDS-I][RU][RDS IMS/MMS][rds_ru_rpl_gen] Ori:(1,254)/(1,255) New:(1,254)/(1,255)
06-28 13:08:32.068   287   727 I MAL-Daemon:  (          rds_ru_rpl_gen, 4927) [RDS-I][RU][RDS IMS/MMS WIFI][rds_ru_rpl_gen] Ori:(1,254)/(1,255) New:(1,254)/(1,255)
06-28 13:08:32.068   287   727 I MAL-Daemon:  (          rds_ru_rpl_gen, 4932) [RDS-I][RU][RDS IMS/MMS CELL][rds_ru_rpl_gen] Ori:(1,254)/(1,255) New:(1,254)/(1,255)
06-28 13:08:32.068   287   727 I MAL-Daemon:  (          rds_ru_rpl_gen, 4936) [RDS-I][RU][RDS EMG][rds_ru_rpl_gen] Ori:(254,254) New:(254,254)
06-28 13:08:32.071  1716  1847 I MFI-Conn:  (     mfia_task_bootstrap,  944) mfia_task_bootstrap(): an event 614 incoming
06-28 13:08:32.071  1716  1847 I MFI-Conn:  (     mfia_task_bootstrap,  944) mfia_task_bootstrap(): an event 615 incoming
06-28 13:08:32.071  1716  2696 I MFI-Conn:  (             rds_urc_hdl,  230) [RDS][rds_urc_hdl] RCV Event: 614 
06-28 13:08:32.071  1716  2696 I MFI-Conn:  (             rds_urc_hdl,  325) [RDS][IF][rds_urc_hdl] data_base update: pkterrt(0) 
06-28 13:08:32.072  1716  2696 I MFI-Conn:  (             rds_urc_hdl,  230) [RDS][rds_urc_hdl] RCV Event: 615 
06-28 13:08:32.072  1716  2696 I MFI-Conn:  (             rds_urc_hdl,  335) [RDS][IF][rds_urc_hdl] data_base update: i4wifirssi(-40) 
06-28 13:08:32.139   965  2472 W PackageManager: checkUidPermission(): com.android.chrome.permission.DEBUG of 2000 is denied.
06-28 13:08:32.141   965   975 W PackageManager: checkUidPermission(): com.android.chrome.permission.DEBUG of 2000 is denied.
06-28 13:08:32.174   346   346 I thermal_repeater: oh, queryMdThermalInfo (0)No such file or directory
06-28 13:08:32.183   346   346 I thermal_repeater: [recvMdThermalInfo] ret=25, strLen=127,  3, 40, -127, 0, 32767, 1
06-28 13:08:32.564   965  1265 D LIGHT   : processEvent code=0,value=77
06-28 13:08:33.134   965  1265 D LIGHT   : processEvent code=0,value=74
06-28 13:08:33.160   965   993 I libsuspend: ws name: battery suspend wakelock, act_since: 827763, act_cnt: 48, ev_cnt: 4346, wakeup_cnt: 54
06-28 13:08:33.160   965   993 I libsuspend: ws name: ttyC0, act_since: 978, act_cnt: 18257, ev_cnt: 76608, wakeup_cnt: 1818
06-28 13:08:33.160   965   993 I libsuspend: ws name: USB.lock, act_since: 827314, act_cnt: 47, ev_cnt: 47, wakeup_cnt: 2
06-28 13:08:33.406   965  1267 D SettingsInterface:  from settings cache , name = background_power_saving_enable , value = 1
06-28 13:08:33.406   965  1267 D DataShapingService: Alarm manager openLteDataUpLinkGate: false
06-28 13:08:33.406   965  1267 V AlarmManager: openLteGateSuccess = false
06-28 13:08:33.406   965  1267 V ActivityManager: Broadcast: Intent { flg=0x114 cmp=com.google.android.gms/.lockbox.LockboxAlarmReceiver (has extras) } ordered=true userid=0 callerApp=null
06-28 13:08:33.407   965  1267 V AlarmManager: sending alarm Alarm{e49b7d5 type 3 when 110338419 com.google.android.gms} success
06-28 13:08:33.407   965  1267 D PowerManagerService: acquireWakeLockInternal: lock=95337606, flags=0x1, tag="*alarm*", ws=WorkSource{10012 com.google.android.gms}, uid=1000, pid=965
06-28 13:08:33.407   965  1267 D PowerManagerService: updateWakeLockSummaryLocked: mWakefulness=Asleep, mWakeLockSummary=0x1
06-28 13:08:33.407   965  1267 D PowerManagerService: updateUserActivitySummaryLocked: mWakefulness=Asleep, mUserActivitySummary=0x0, nextTimeout=0 (56745734 ms ago)
06-28 13:08:33.407   965  1267 D DisplayPowerController: requestPowerState: policy=OFF, useProximitySensor=false, screenBrightness=102, screenAutoBrightnessAdjustment=-1.0, brightnessSetByUser=true, useAutoBrightness=true, blockScreenOn=false, lowPowerMode=false, boostScreenBrightness=false, dozeScreenBrightness=-1, dozeScreenState=UNKNOWN, waitForNegativeProximity=false
06-28 13:08:33.407   965  1267 D PowerManagerService: updateDisplayPowerStateLocked: mDisplayReady=true, policy=0, mWakefulness=0, mWakeLockSummary=0x1, mUserActivitySummary=0x0, mBootCompleted=true, mScreenBrightnessBoostInProgress=false
06-28 13:08:33.408   965   980 V ActivityManager_MU: isSingleton(com.google.android.gms.persistent, ApplicationInfo{f245bea com.google.android.gms}, com.google.android.gms.lockbox.LockboxAlarmReceiver, 0x0) = false
06-28 13:08:33.416  2167  2167 D ActivityThread: BDC-Calling onReceive: intent=Intent { flg=0x114 cmp=com.google.android.gms/.lockbox.LockboxAlarmReceiver (has extras) }, receiver=com.google.android.gms.lockbox.LockboxAlarmReceiver@707cf41
06-28 13:08:33.419   965  1660 V ActivityManager_MU: bringUpServiceLocked: appInfo.uid=10012 app=ProcessRecord{b06236d 2167:com.google.android.gms.persistent/u0a12}
06-28 13:08:33.419   965  1660 V ActivityManager_MU: realStartServiceLocked, ServiceRecord.uid = 10012, ProcessRecord.uid = 10012
06-28 13:08:33.423   965  1267 D PowerManagerService: Acquiring suspend blocker "PowerManagerService.WakeLocks".
06-28 13:08:33.423   965  1267 D PowerManagerNotifier: onWakeLockAcquired: flags=1, tag="*alarm*", packageName=android, ownerUid=1000, ownerPid=965, workSource=WorkSource{10012 com.google.android.gms}
06-28 13:08:33.428  2167  2167 D ActivityThread: BDC-Calling onReceive end receiver=class com.google.android.gms.lockbox.LockboxAlarmReceiver
06-28 13:08:33.428  2167  2167 D ActivityThread: BDC-RECEIVER handled : 0 / ReceiverData{intent=Intent { flg=0x114 cmp=com.google.android.gms/.lockbox.LockboxAlarmReceiver (has extras) } packageName=com.google.android.gms resultCode=0 resultData=null resultExtras=null}
06-28 13:08:33.429  2167  2167 D ActivityThread: SVC-Creating service: CreateServiceData{token=android.os.BinderProxy@cbf3ce6 className=com.google.android.gms.lockbox.LockboxService packageName=com.google.android.gms intent=null}
06-28 13:08:33.433   965   965 D AlarmManager: onSendFinished begin
06-28 13:08:33.434   965   965 D PowerManagerService: releaseWakeLockInternal: lock=95337606 [*alarm*], flags=0x0, total_time=27ms
06-28 13:08:33.434   965   965 D PowerManagerNotifier: onWakeLockReleased: flags=1, tag="*alarm*", packageName=android, ownerUid=1000, ownerPid=965, workSource=WorkSource{10012 com.google.android.gms}
06-28 13:08:33.434   965   965 D PowerManagerService: updateWakeLockSummaryLocked: mWakefulness=Asleep, mWakeLockSummary=0x0
06-28 13:08:33.434   965   965 D PowerManagerService: updateUserActivitySummaryLocked: mWakefulness=Asleep, mUserActivitySummary=0x0, nextTimeout=0 (56745761 ms ago)
06-28 13:08:33.434   965   965 D DisplayPowerController: requestPowerState: policy=OFF, useProximitySensor=false, screenBrightness=102, screenAutoBrightnessAdjustment=-1.0, brightnessSetByUser=true, useAutoBrightness=true, blockScreenOn=false, lowPowerMode=false, boostScreenBrightness=false, dozeScreenBrightness=-1, dozeScreenState=UNKNOWN, waitForNegativeProximity=false
06-28 13:08:33.434   965   965 D PowerManagerService: updateDisplayPowerStateLocked: mDisplayReady=true, policy=0, mWakefulness=0, mWakeLockSummary=0x0, mUserActivitySummary=0x0, mBootCompleted=true, mScreenBrightnessBoostInProgress=false
06-28 13:08:33.434   965   965 D PowerManagerService: Releasing suspend blocker "PowerManagerService.WakeLocks".
06-28 13:08:33.451  2167  2167 D ActivityThread: SVC-CREATE_SERVICE handled : 0 / CreateServiceData{token=android.os.BinderProxy@cbf3ce6 className=com.google.android.gms.lockbox.LockboxService packageName=com.google.android.gms intent=null}
06-28 13:08:33.451  2167  2167 D ActivityThread: SVC-Calling onStartCommand: com.google.android.gms.lockbox.LockboxService@c3e3f1f, flags=0, startId=1
06-28 13:08:33.451  2167  2167 D ActivityThread: SVC-SERVICE_ARGS handled : 0 / ServiceArgsData{token=android.os.BinderProxy@cbf3ce6 startId=1 args=Intent { cmp=com.google.android.gms/.lockbox.LockboxService }}
06-28 13:08:33.458   965  1693 V ActivityManager_MU: bringUpServiceLocked: appInfo.uid=10012 app=ProcessRecord{b06236d 2167:com.google.android.gms.persistent/u0a12}
06-28 13:08:33.458   965  1693 V ActivityManager_MU: realStartServiceLocked, ServiceRecord.uid = 10012, ProcessRecord.uid = 10012
06-28 13:08:33.461  2167  2167 D ActivityThread: SVC-Creating service: CreateServiceData{token=android.os.BinderProxy@8e2f317 className=com.google.android.gms.lockbox.service.LockboxBrokerService packageName=com.google.android.gms intent=null}
06-28 13:08:33.462  2167  2167 D ActivityThread: SVC-CREATE_SERVICE handled : 0 / CreateServiceData{token=android.os.BinderProxy@8e2f317 className=com.google.android.gms.lockbox.service.LockboxBrokerService packageName=com.google.android.gms intent=null}
06-28 13:08:33.462  2167  2167 V ActivityThread: handleBindService s=com.google.android.gms.lockbox.service.LockboxBrokerService@c39eb22 rebind=false
06-28 13:08:33.465  2167  2167 D ActivityThread: SVC-BIND_SERVICE handled : 0 / BindServiceData{token=android.os.BinderProxy@8e2f317 intent=Intent { act=com.google.android.gms.lockbox.service.START pkg=com.google.android.gms }}
06-28 13:08:33.470   965  1777 I AccountManagerService: getTypesVisibleToCaller: isPermitted? true
06-28 13:08:33.476   965  1776 V ActivityManager_MU: bringUpServiceLocked: appInfo.uid=10012 app=ProcessRecord{b06236d 2167:com.google.android.gms.persistent/u0a12}
06-28 13:08:33.476   965  1776 V ActivityManager_MU: realStartServiceLocked, ServiceRecord.uid = 10012, ProcessRecord.uid = 10012
06-28 13:08:33.479  2167  2167 D ActivityThread: SVC-Creating service: CreateServiceData{token=android.os.BinderProxy@ec1bc7a className=com.google.android.gms.udc.service.UdcApiService packageName=com.google.android.gms intent=null}
06-28 13:08:33.480  2167  2167 D ActivityThread: SVC-CREATE_SERVICE handled : 0 / CreateServiceData{token=android.os.BinderProxy@ec1bc7a className=com.google.android.gms.udc.service.UdcApiService packageName=com.google.android.gms intent=null}
06-28 13:08:33.480  2167  2167 V ActivityThread: handleBindService s=com.google.android.gms.udc.service.UdcApiService@469c2b rebind=false
06-28 13:08:33.482  2167  2167 D ActivityThread: SVC-BIND_SERVICE handled : 0 / BindServiceData{token=android.os.BinderProxy@ec1bc7a intent=Intent { act=com.google.android.gms.udc.service.START pkg=com.google.android.gms }}
06-28 13:08:33.486  2167  2167 D ActivityThread: SVC-Calling onStartCommand: com.google.android.gms.udc.service.UdcApiService@469c2b, flags=0, startId=1
06-28 13:08:33.486  2167  2167 D ActivityThread: SVC-SERVICE_ARGS handled : 0 / ServiceArgsData{token=android.os.BinderProxy@ec1bc7a startId=1 args=Intent { cmp=com.google.android.gms/.udc.service.UdcApiService }}
06-28 13:08:33.491   965  1749 D PowerManagerService: acquireWakeLockInternal: lock=239600200, flags=0x1, tag="CMWakeLock", ws=WorkSource{10012 com.google.android.gms}, uid=10012, pid=2167
06-28 13:08:33.491   965  1749 D PowerManagerService: updateWakeLockSummaryLocked: mWakefulness=Asleep, mWakeLockSummary=0x1
06-28 13:08:33.492   965  1749 D PowerManagerService: updateUserActivitySummaryLocked: mWakefulness=Asleep, mUserActivitySummary=0x0, nextTimeout=0 (56745819 ms ago)
06-28 13:08:33.492   965  1749 D DisplayPowerController: requestPowerState: policy=OFF, useProximitySensor=false, screenBrightness=102, screenAutoBrightnessAdjustment=-1.0, brightnessSetByUser=true, useAutoBrightness=true, blockScreenOn=false, lowPowerMode=false, boostScreenBrightness=false, dozeScreenBrightness=-1, dozeScreenState=UNKNOWN, waitForNegativeProximity=false
06-28 13:08:33.492   965  1749 D PowerManagerService: updateDisplayPowerStateLocked: mDisplayReady=true, policy=0, mWakefulness=0, mWakeLockSummary=0x1, mUserActivitySummary=0x0, mBootCompleted=true, mScreenBrightnessBoostInProgress=false
06-28 13:08:33.492   965  1749 D PowerManagerService: Acquiring suspend blocker "PowerManagerService.WakeLocks".
06-28 13:08:33.492   965  1749 D PowerManagerNotifier: onWakeLockAcquired: flags=1, tag="CMWakeLock", packageName=com.google.android.gms, ownerUid=10012, ownerPid=2167, workSource=WorkSource{10012 com.google.android.gms}
06-28 13:08:33.495   965  1693 D PowerManagerService: releaseWakeLockInternal: lock=239600200 [CMWakeLock], flags=0x0, total_time=4ms
06-28 13:08:33.495   965  1693 D PowerManagerNotifier: onWakeLockReleased: flags=1, tag="CMWakeLock", packageName=com.google.android.gms, ownerUid=10012, ownerPid=2167, workSource=WorkSource{10012 com.google.android.gms}
06-28 13:08:33.495   965  1693 D PowerManagerService: updateWakeLockSummaryLocked: mWakefulness=Asleep, mWakeLockSummary=0x0
06-28 13:08:33.495   965  1693 D PowerManagerService: updateUserActivitySummaryLocked: mWakefulness=Asleep, mUserActivitySummary=0x0, nextTimeout=0 (56745822 ms ago)
06-28 13:08:33.495   965  1693 D DisplayPowerController: requestPowerState: policy=OFF, useProximitySensor=false, screenBrightness=102, screenAutoBrightnessAdjustment=-1.0, brightnessSetByUser=true, useAutoBrightness=true, blockScreenOn=false, lowPowerMode=false, boostScreenBrightness=false, dozeScreenBrightness=-1, dozeScreenState=UNKNOWN, waitForNegativeProximity=false
06-28 13:08:33.495   965  1693 D PowerManagerService: updateDisplayPowerStateLocked: mDisplayReady=true, policy=0, mWakefulness=0, mWakeLockSummary=0x0, mUserActivitySummary=0x0, mBootCompleted=true, mScreenBrightnessBoostInProgress=false
06-28 13:08:33.496   965  1693 D PowerManagerService: Releasing suspend blocker "PowerManagerService.WakeLocks".
06-28 13:08:33.498  2167 19754 D SettingsInterface:  from settings cache , name = enabled_accessibility_services , value = null
06-28 13:08:33.498  2167 19754 D SettingsInterface:  from settings cache , name = font_scale , value = 1.0
06-28 13:08:33.498  2167 19754 D SettingsInterface:  from settings cache , name = accessibility_display_magnification_enabled , value = 0
06-28 13:08:33.499  2167 19754 D SettingsInterface:  from settings cache , name = high_text_contrast_enabled , value = null
06-28 13:08:33.500  1697  2667 D SettingsInterface:  from settings cache , name = multi_sim_data_call , value = 1
06-28 13:08:33.502   965   975 D ConnectivityService: getActiveNetworkInfo networkInfo = [type: WIFI[], state: CONNECTED/CONNECTED, reason: (unspecified), extra: "Pinnacleseven 4", roaming: false, failover: false, isAvailable: true]
06-28 13:08:33.503  2167 19754 D SQLiteDatabase: beginTransaction()
06-28 13:08:33.504  2167 19754 D SQLiteDatabase: endTransaction()
06-28 13:08:33.505  2167 19754 D SQLiteDatabase: beginTransaction()
06-28 13:08:33.505   965  1777 D PowerManagerService: acquireWakeLockInternal: lock=239600200, flags=0x1, tag="CMWakeLock", ws=WorkSource{10012 com.google.android.gms}, uid=10012, pid=2167
06-28 13:08:33.505   965  1777 D PowerManagerService: updateWakeLockSummaryLocked: mWakefulness=Asleep, mWakeLockSummary=0x1
06-28 13:08:33.505   965  1777 D PowerManagerService: updateUserActivitySummaryLocked: mWakefulness=Asleep, mUserActivitySummary=0x0, nextTimeout=0 (56745832 ms ago)
06-28 13:08:33.505   965  1777 D DisplayPowerController: requestPowerState: policy=OFF, useProximitySensor=false, screenBrightness=102, screenAutoBrightnessAdjustment=-1.0, brightnessSetByUser=true, useAutoBrightness=true, blockScreenOn=false, lowPowerMode=false, boostScreenBrightness=false, dozeScreenBrightness=-1, dozeScreenState=UNKNOWN, waitForNegativeProximity=false
06-28 13:08:33.505   965  1777 D PowerManagerService: updateDisplayPowerStateLocked: mDisplayReady=true, policy=0, mWakefulness=0, mWakeLockSummary=0x1, mUserActivitySummary=0x0, mBootCompleted=true, mScreenBrightnessBoostInProgress=false
06-28 13:08:33.505   965  1777 D PowerManagerService: Acquiring suspend blocker "PowerManagerService.WakeLocks".
06-28 13:08:33.505  2167 19754 D SQLiteDatabase: beginTransaction()
06-28 13:08:33.506   965  1777 D PowerManagerNotifier: onWakeLockAcquired: flags=1, tag="CMWakeLock", packageName=com.google.android.gms, ownerUid=10012, ownerPid=2167, workSource=WorkSource{10012 com.google.android.gms}
06-28 13:08:33.506  2167 19754 D SQLiteDatabase: endTransaction()
06-28 13:08:33.507  2167 19754 D SQLiteDatabase: beginTransaction()
06-28 13:08:33.508   965  1776 D PowerManagerService: releaseWakeLockInternal: lock=239600200 [CMWakeLock], flags=0x0, total_time=3ms
06-28 13:08:33.508   965  1776 D PowerManagerNotifier: onWakeLockReleased: flags=1, tag="CMWakeLock", packageName=com.google.android.gms, ownerUid=10012, ownerPid=2167, workSource=WorkSource{10012 com.google.android.gms}
06-28 13:08:33.509   965  1776 D PowerManagerService: updateWakeLockSummaryLocked: mWakefulness=Asleep, mWakeLockSummary=0x0
06-28 13:08:33.509   965  1776 D PowerManagerService: updateUserActivitySummaryLocked: mWakefulness=Asleep, mUserActivitySummary=0x0, nextTimeout=0 (56745836 ms ago)
06-28 13:08:33.509   965  1776 D DisplayPowerController: requestPowerState: policy=OFF, useProximitySensor=false, screenBrightness=102, screenAutoBrightnessAdjustment=-1.0, brightnessSetByUser=true, useAutoBrightness=true, blockScreenOn=false, lowPowerMode=false, boostScreenBrightness=false, dozeScreenBrightness=-1, dozeScreenState=UNKNOWN, waitForNegativeProximity=false
06-28 13:08:33.509   965  1776 D PowerManagerService: updateDisplayPowerStateLocked: mDisplayReady=true, policy=0, mWakefulness=0, mWakeLockSummary=0x0, mUserActivitySummary=0x0, mBootCompleted=true, mScreenBrightnessBoostInProgress=false
06-28 13:08:33.509   965  1776 D PowerManagerService: Releasing suspend blocker "PowerManagerService.WakeLocks".
06-28 13:08:33.510  2167 19754 D SQLiteDatabase: endTransaction()
06-28 13:08:33.510  2167 19754 D SQLiteDatabase: endTransaction()
06-28 13:08:33.511   965  1660 V ActivityManager_MU: getServiceByName(ComponentInfo{com.google.android.gms/com.google.android.gms.udc.service.UdcApiService}), callingUser = 0
06-28 13:08:33.512  2167 19754 D SettingsInterface:  from settings cache , name = enabled_accessibility_services , value = null
06-28 13:08:33.512  2167 19754 D SettingsInterface:  from settings cache , name = font_scale , value = 1.0
06-28 13:08:33.512  2167 19754 D SettingsInterface:  from settings cache , name = accessibility_display_magnification_enabled , value = 0
06-28 13:08:33.512  2167 19754 D SettingsInterface:  from settings cache , name = high_text_contrast_enabled , value = null
06-28 13:08:33.513  2167 19754 D SQLiteDatabase: beginTransaction()
06-28 13:08:33.514  2167 19754 D SQLiteDatabase: endTransaction()
06-28 13:08:33.515  2167 19754 D SQLiteDatabase: beginTransaction()
06-28 13:08:33.515  2167  2167 D ActivityThread: SVC-Calling onStartCommand: com.google.android.gms.udc.service.UdcApiService@469c2b, flags=0, startId=2
06-28 13:08:33.516  2167  2167 D ActivityThread: SVC-SERVICE_ARGS handled : 0 / ServiceArgsData{token=android.os.BinderProxy@ec1bc7a startId=2 args=Intent { cmp=com.google.android.gms/.udc.service.UdcApiService }}
06-28 13:08:33.516  2167 19754 D SQLiteDatabase: beginTransaction()
06-28 13:08:33.517  2167 19754 D SQLiteDatabase: endTransaction()
06-28 13:08:33.518  2167 19754 D SQLiteDatabase: beginTransaction()
06-28 13:08:33.519  2167 19754 D SQLiteDatabase: endTransaction()
06-28 13:08:33.520  2167 19754 D SQLiteDatabase: endTransaction()
06-28 13:08:33.521   965  1677 D PowerManagerService: acquireWakeLockInternal: lock=239600200, flags=0x1, tag="CMWakeLock", ws=WorkSource{10012 com.google.android.gms}, uid=10012, pid=2167
06-28 13:08:33.521   965  1677 D PowerManagerService: updateWakeLockSummaryLocked: mWakefulness=Asleep, mWakeLockSummary=0x1
06-28 13:08:33.521   965  1677 D PowerManagerService: updateUserActivitySummaryLocked: mWakefulness=Asleep, mUserActivitySummary=0x0, nextTimeout=0 (56745848 ms ago)
06-28 13:08:33.521   965  1677 D DisplayPowerController: requestPowerState: policy=OFF, useProximitySensor=false, screenBrightness=102, screenAutoBrightnessAdjustment=-1.0, brightnessSetByUser=true, useAutoBrightness=true, blockScreenOn=false, lowPowerMode=false, boostScreenBrightness=false, dozeScreenBrightness=-1, dozeScreenState=UNKNOWN, waitForNegativeProximity=false
06-28 13:08:33.522   965  1677 D PowerManagerService: updateDisplayPowerStateLocked: mDisplayReady=true, policy=0, mWakefulness=0, mWakeLockSummary=0x1, mUserActivitySummary=0x0, mBootCompleted=true, mScreenBrightnessBoostInProgress=false
06-28 13:08:33.522   965  1677 D PowerManagerService: Acquiring suspend blocker "PowerManagerService.WakeLocks".
06-28 13:08:33.522  2167 19754 D SettingsInterface:  from settings cache , name = enabled_accessibility_services , value = null
06-28 13:08:33.522  2167 19754 D SettingsInterface:  from settings cache , name = font_scale , value = 1.0
06-28 13:08:33.522   965  1677 D PowerManagerNotifier: onWakeLockAcquired: flags=1, tag="CMWakeLock", packageName=com.google.android.gms, ownerUid=10012, ownerPid=2167, workSource=WorkSource{10012 com.google.android.gms}
06-28 13:08:33.522  2167 19754 D SettingsInterface:  from settings cache , name = accessibility_display_magnification_enabled , value = 0
06-28 13:08:33.522  2167 19754 D SettingsInterface:  from settings cache , name = high_text_contrast_enabled , value = null
06-28 13:08:33.522  2167 19754 D SQLiteDatabase: beginTransaction()
06-28 13:08:33.523  2167 19754 D SQLiteDatabase: beginTransaction()
06-28 13:08:33.524  2167 19754 D SQLiteDatabase: endTransaction()
06-28 13:08:33.524  2167 19754 D SQLiteDatabase: beginTransaction()
06-28 13:08:33.525  2167 19754 D SQLiteDatabase: endTransaction()
06-28 13:08:33.525  2167 19754 D SQLiteDatabase: endTransaction()
06-28 13:08:33.527  2167 19754 D SettingsInterface:  from settings cache , name = enabled_accessibility_services , value = null
06-28 13:08:33.527  2167 19754 D SettingsInterface:  from settings cache , name = font_scale , value = 1.0
06-28 13:08:33.527  2167 19754 D SettingsInterface:  from settings cache , name = accessibility_display_magnification_enabled , value = 0
06-28 13:08:33.527  2167 19754 D SettingsInterface:  from settings cache , name = high_text_contrast_enabled , value = null
06-28 13:08:33.528  2167 19754 D SQLiteDatabase: beginTransaction()
06-28 13:08:33.528  2167 19754 D SQLiteDatabase: beginTransaction()
06-28 13:08:33.529  2167 19754 D SQLiteDatabase: endTransaction()
06-28 13:08:33.529  2167 19754 D SQLiteDatabase: beginTransaction()
06-28 13:08:33.530  2167 19754 D SQLiteDatabase: endTransaction()
06-28 13:08:33.531  2167 19754 D SQLiteDatabase: endTransaction()
06-28 13:08:33.533  2612  2627 D FRR     : buff=0x7f8b277240, len=194
06-28 13:08:33.533  2612  2627 D FRR     : uevent[0]=0x7f8b277240, len=43, "change@/devices/virtual/xt_idletimer/timers"
06-28 13:08:33.533  2612  2627 D FRR     : voteFps(60, 0)
06-28 13:08:33.533  2612  2627 D FRR     : ThermalListener loop:
06-28 13:08:33.533   320   954 D SocketClient: SocketClient sendData done: 613 IfaceClass idle 1 110338546151903
06-28 13:08:33.534   965  1274 D NetdConnector: RCV <- {613 IfaceClass idle 1 110338546151903}
06-28 13:08:33.534   965  1749 D PowerManagerService: releaseWakeLockInternal: lock=239600200 [CMWakeLock], flags=0x0, total_time=13ms
06-28 13:08:33.534   965  1749 D PowerManagerNotifier: onWakeLockReleased: flags=1, tag="CMWakeLock", packageName=com.google.android.gms, ownerUid=10012, ownerPid=2167, workSource=WorkSource{10012 com.google.android.gms}
06-28 13:08:33.534   965  1749 D PowerManagerService: updateWakeLockSummaryLocked: mWakefulness=Asleep, mWakeLockSummary=0x0
06-28 13:08:33.534   965  1749 D PowerManagerService: updateUserActivitySummaryLocked: mWakefulness=Asleep, mUserActivitySummary=0x0, nextTimeout=0 (56745862 ms ago)
06-28 13:08:33.535   965  1749 D DisplayPowerController: requestPowerState: policy=OFF, useProximitySensor=false, screenBrightness=102, screenAutoBrightnessAdjustment=-1.0, brightnessSetByUser=true, useAutoBrightness=true, blockScreenOn=false, lowPowerMode=false, boostScreenBrightness=false, dozeScreenBrightness=-1, dozeScreenState=UNKNOWN, waitForNegativeProximity=false
06-28 13:08:33.535   965   982 D NetworkManagement: onEvent:613 IfaceClass idle 1 110338546151903:5
06-28 13:08:33.535   965  1749 D PowerManagerService: updateDisplayPowerStateLocked: mDisplayReady=true, policy=0, mWakefulness=0, mWakeLockSummary=0x0, mUserActivitySummary=0x0, mBootCompleted=true, mScreenBrightnessBoostInProgress=false
06-28 13:08:33.535   965  1693 V ActivityManager_MU: getServiceByName(ComponentInfo{com.google.android.gms/com.google.android.gms.udc.service.UdcApiService}), callingUser = 0
06-28 13:08:33.536   965  1749 D PowerManagerService: Releasing suspend blocker "PowerManagerService.WakeLocks".
06-28 13:08:33.537   965   982 V ActivityManager: Broadcast: Intent { act=android.net.conn.DATA_ACTIVITY_CHANGE flg=0x10 (has extras) } ordered=true userid=-1 callerApp=ProcessRecord{394e4fd 965:system/1000}
06-28 13:08:33.537   965   982 V ActivityManager: Broadcast sticky: Intent { act=android.net.conn.DATA_ACTIVITY_CHANGE_CT flg=0x10 (has extras) } ordered=false userid=-1 callerApp=ProcessRecord{394e4fd 965:system/1000}
06-28 13:08:33.539  2167  2167 D ActivityThread: BDC-Calling onReceive end receiver=class qyj
06-28 13:08:33.539  2167  2167 D ActivityThread: BDC-Calling finishReceiver: IIntentReceiver=15c73f0
06-28 13:08:33.540  2167 29699 D SettingsInterface:  from settings cache , name = enabled_accessibility_services , value = null
06-28 13:08:33.540  2167 29699 D SettingsInterface:  from settings cache , name = font_scale , value = 1.0
06-28 13:08:33.540  2167 29699 D SettingsInterface:  from settings cache , name = accessibility_display_magnification_enabled , value = 0
06-28 13:08:33.540  2167 29699 D SettingsInterface:  from settings cache , name = high_text_contrast_enabled , value = null
06-28 13:08:33.540  2167 29699 D SQLiteDatabase: beginTransaction()
06-28 13:08:33.541  2167  2167 D ActivityThread: SVC-Calling onStartCommand: com.google.android.gms.udc.service.UdcApiService@469c2b, flags=0, startId=3
06-28 13:08:33.541  2167  2167 D ActivityThread: SVC-SERVICE_ARGS handled : 0 / ServiceArgsData{token=android.os.BinderProxy@ec1bc7a startId=3 args=Intent { cmp=com.google.android.gms/.udc.service.UdcApiService }}
06-28 13:08:33.543  2167 29699 D SQLiteDatabase: beginTransaction()
06-28 13:08:33.544  2167 29699 D SQLiteDatabase: endTransaction()
06-28 13:08:33.544  2167 29699 D SQLiteDatabase: beginTransaction()
06-28 13:08:33.545  2167 29699 D SQLiteDatabase: endTransaction()
06-28 13:08:33.545  2167 29699 D SQLiteDatabase: endTransaction()
06-28 13:08:33.546   965  1368 D PowerManagerService: acquireWakeLockInternal: lock=239600200, flags=0x1, tag="CMWakeLock", ws=WorkSource{10012 com.google.android.gms}, uid=10012, pid=2167
06-28 13:08:33.546   965  1368 D PowerManagerService: updateWakeLockSummaryLocked: mWakefulness=Asleep, mWakeLockSummary=0x1
06-28 13:08:33.546   965  1368 D PowerManagerService: updateUserActivitySummaryLocked: mWakefulness=Asleep, mUserActivitySummary=0x0, nextTimeout=0 (56745874 ms ago)
06-28 13:08:33.547   965  1368 D DisplayPowerController: requestPowerState: policy=OFF, useProximitySensor=false, screenBrightness=102, screenAutoBrightnessAdjustment=-1.0, brightnessSetByUser=true, useAutoBrightness=true, blockScreenOn=false, lowPowerMode=false, boostScreenBrightness=false, dozeScreenBrightness=-1, dozeScreenState=UNKNOWN, waitForNegativeProximity=false
06-28 13:08:33.547   965  1368 D PowerManagerService: updateDisplayPowerStateLocked: mDisplayReady=true, policy=0, mWakefulness=0, mWakeLockSummary=0x1, mUserActivitySummary=0x0, mBootCompleted=true, mScreenBrightnessBoostInProgress=false
06-28 13:08:33.547   965  1368 D PowerManagerService: Acquiring suspend blocker "PowerManagerService.WakeLocks".
06-28 13:08:33.547   965  1368 D PowerManagerNotifier: onWakeLockAcquired: flags=1, tag="CMWakeLock", packageName=com.google.android.gms, ownerUid=10012, ownerPid=2167, workSource=WorkSource{10012 com.google.android.gms}
06-28 13:08:33.547  2167 29699 D SettingsInterface:  from settings cache , name = enabled_accessibility_services , value = null
06-28 13:08:33.547  2167 29699 D SettingsInterface:  from settings cache , name = font_scale , value = 1.0
06-28 13:08:33.547  2167 29699 D SettingsInterface:  from settings cache , name = accessibility_display_magnification_enabled , value = 0
06-28 13:08:33.547  2167 29699 D SettingsInterface:  from settings cache , name = high_text_contrast_enabled , value = null
06-28 13:08:33.548  2167 29699 D SQLiteDatabase: beginTransaction()
06-28 13:08:33.548  2167 29699 D SQLiteDatabase: beginTransaction()
06-28 13:08:33.549   965   976 D PowerManagerService: releaseWakeLockInternal: lock=239600200 [CMWakeLock], flags=0x0, total_time=3ms
06-28 13:08:33.549  2167 29699 D SQLiteDatabase: endTransaction()
06-28 13:08:33.549   965   976 D PowerManagerNotifier: onWakeLockReleased: flags=1, tag="CMWakeLock", packageName=com.google.android.gms, ownerUid=10012, ownerPid=2167, workSource=WorkSource{10012 com.google.android.gms}
06-28 13:08:33.550   965   976 D PowerManagerService: updateWakeLockSummaryLocked: mWakefulness=Asleep, mWakeLockSummary=0x0
06-28 13:08:33.550   965   976 D PowerManagerService: updateUserActivitySummaryLocked: mWakefulness=Asleep, mUserActivitySummary=0x0, nextTimeout=0 (56745877 ms ago)
06-28 13:08:33.550  2167 29699 D SQLiteDatabase: beginTransaction()
06-28 13:08:33.550   965   976 D DisplayPowerController: requestPowerState: policy=OFF, useProximitySensor=false, screenBrightness=102, screenAutoBrightnessAdjustment=-1.0, brightnessSetByUser=true, useAutoBrightness=true, blockScreenOn=false, lowPowerMode=false, boostScreenBrightness=false, dozeScreenBrightness=-1, dozeScreenState=UNKNOWN, waitForNegativeProximity=false
06-28 13:08:33.550   965   976 D PowerManagerService: updateDisplayPowerStateLocked: mDisplayReady=true, policy=0, mWakefulness=0, mWakeLockSummary=0x0, mUserActivitySummary=0x0, mBootCompleted=true, mScreenBrightnessBoostInProgress=false
06-28 13:08:33.550   965   976 D PowerManagerService: Releasing suspend blocker "PowerManagerService.WakeLocks".
06-28 13:08:33.551  2167 29699 D SQLiteDatabase: endTransaction()
06-28 13:08:33.551  2167 29699 D SQLiteDatabase: endTransaction()
06-28 13:08:33.553   965  2473 V ActivityManager_MU: getServiceByName(ComponentInfo{com.google.android.gms/com.google.android.gms.udc.service.UdcApiService}), callingUser = 0
06-28 13:08:33.553  2167 29699 D SettingsInterface:  from settings cache , name = enabled_accessibility_services , value = null
