06-28 13:08:02.049  1780  1780 W System.err: 	at android.content.ContentResolver.openInputStream(ContentResolver.java:678)
06-28 13:08:02.049  1780  1780 W System.err: 	at android.widget.lenovoweather.CodeThemeScript1Plug.getZipThemeConfigFileDir(CodeThemeScript1Plug.java:283)
06-28 13:08:02.049  1780  1780 W System.err: 	at android.widget.lenovoweather.CodeThemeScript1Plug.create(CodeThemeScript1Plug.java:315)
06-28 13:08:02.049  1780  1780 W System.err: 	at android.widget.lenovoweather.CodeThemeScript1Plug.onAttachedToWindow(CodeThemeScript1Plug.java:1207)
06-28 13:08:02.049  1780  1780 W System.err: 	at android.view.View.dispatchAttachedToWindow(View.java:14717)
06-28 13:08:02.049  1780  1780 W System.err: 	at android.view.ViewGroup.dispatchAttachedToWindow(ViewGroup.java:2967)
06-28 13:08:02.049  1780  1780 W System.err: 	at android.view.ViewGroup.addViewInner(ViewGroup.java:4482)
06-28 13:08:02.049  1780  1780 W System.err: 	at android.view.ViewGroup.addView(ViewGroup.java:4279)
06-28 13:08:02.049  1780  1780 W System.err: 	at android.view.ViewGroup.addView(ViewGroup.java:4220)
06-28 13:08:02.049  1780  1780 W System.err: 	at android.view.ViewGroup.addView(ViewGroup.java:4193)
06-28 13:08:02.049  1780  1780 W System.err: 	at android.widget.RemoteViews$ViewGroupAction.apply(RemoteViews.java:1373)
06-28 13:08:02.049  1780  1780 W System.err: 	at android.widget.RemoteViews.performApply(RemoteViews.java:2804)
06-28 13:08:02.049  1780  1780 W System.err: 	at android.widget.RemoteViews.reapply(RemoteViews.java:2795)
06-28 13:08:02.049  1780  1780 W System.err: 	at android.appwidget.AppWidgetHostView.updateAppWidget(AppWidgetHostView.java:381)
06-28 13:08:02.049  1780  1780 W System.err: 	at com.android.launcher3.LauncherAppWidgetHostView.updateAppWidget(LauncherAppWidgetHostView.java:66)
06-28 13:08:02.050  2167 31727 D SQLiteDatabase: beginTransaction()
06-28 13:08:02.050  1780  1780 W System.err: 	at android.appwidget.AppWidgetHost.updateAppWidgetView(AppWidgetHost.java:421)
06-28 13:08:02.050  1780  1780 W System.err: 	at android.appwidget.AppWidgetHost$UpdateHandler.handleMessage(AppWidgetHost.java:138)
06-28 13:08:02.050  1780  1780 W System.err: 	at android.os.Handler.dispatchMessage(Handler.java:111)
06-28 13:08:02.050  1780  1780 W System.err: 	at android.os.Looper.loop(Looper.java:207)
06-28 13:08:02.050  1780  1780 W System.err: 	at android.app.ActivityThread.main(ActivityThread.java:5740)
06-28 13:08:02.050   965  1696 D SettingsInterface:  from settings cache , name = network_scorer_app , value = null
06-28 13:08:02.050  1780  1780 W System.err: 	at java.lang.reflect.Method.invoke(Native Method)
06-28 13:08:02.050  1780  1780 W System.err: 	at com.android.internal.os.ZygoteInit$MethodAndArgsCaller.run(ZygoteInit.java:905)
06-28 13:08:02.050  1780  1780 W System.err: 	at com.android.internal.os.ZygoteInit.main(ZygoteInit.java:766)
06-28 13:08:02.050  1780  1780 D CodeThemeScript1Plug: mPath:drawable-xxhdpi;mIconPath=drawable-xxhdpi
06-28 13:08:02.051  1780  1780 V CodeThemeScript1Plug: mPlugView = android.widget.FrameLayout{5809dac V.E...... ......I. 0,0-0,0}
06-28 13:08:02.051  1780  1780 I codeTheme: (1780.0/main/1.5)[CodeThemeScript1Plug]{configurationChange}
06-28 13:08:02.051  2167 31727 D SQLiteDatabase: endTransaction()
06-28 13:08:02.051  2167 31727 D SQLiteDatabase: endTransaction()
06-28 13:08:02.051  1780  1780 I codeTheme: (1780.0/main/1.5)[CodeThemeScript1Plug]{configurationChange}<language en-rIN>
06-28 13:08:02.051  1780  1780 I codeTheme: (1780.0/main/1.5)[CodeThemeScript1Plug]{loadData}
06-28 13:08:02.052  1780  1780 I codeTheme: (1780.0/main/1.5)[CodeThemeScript1Plug]{loadData}<documentBuilder org.apache.harmony.xml.parsers.DocumentBuilderImpl@34e3a0a>
06-28 13:08:02.052   965   976 V ActivityManager: getContentProviderImpl: can't get cpi from packagemanager
06-28 13:08:02.052  1780  1780 E ActivityThread: Failed to find provider info for com.lenovo.themecenter.fileprovider
06-28 13:08:02.053  1780  1780 W System.err: java.io.FileNotFoundException: No content provider: content://com.lenovo.themecenter.fileprovider/res/drawable-xxhdpi/weatherconfig.xml
06-28 13:08:02.053  1780  1780 W System.err: 	at android.content.ContentResolver.openTypedAssetFileDescriptor(ContentResolver.java:1123)
06-28 13:08:02.053  1780  1780 W System.err: 	at android.content.ContentResolver.openAssetFileDescriptor(ContentResolver.java:958)
06-28 13:08:02.053  1780  1780 W System.err: 	at android.content.ContentResolver.openInputStream(ContentResolver.java:678)
06-28 13:08:02.053  1780  1780 W System.err: 	at android.widget.lenovoweather.CodeThemeScript1Plug.loadData(CodeThemeScript1Plug.java:433)
06-28 13:08:02.053  1780  1780 W System.err: 	at android.widget.lenovoweather.CodeThemeScript1Plug.create(CodeThemeScript1Plug.java:348)
06-28 13:08:02.054  1780  1780 W System.err: 	at android.widget.lenovoweather.CodeThemeScript1Plug.onAttachedToWindow(CodeThemeScript1Plug.java:1207)
06-28 13:08:02.054  1780  1780 W System.err: 	at android.view.View.dispatchAttachedToWindow(View.java:14717)
06-28 13:08:02.054  1780  1780 W System.err: 	at android.view.ViewGroup.dispatchAttachedToWindow(ViewGroup.java:2967)
06-28 13:08:02.054  1780  1780 W System.err: 	at android.view.ViewGroup.addViewInner(ViewGroup.java:4482)
06-28 13:08:02.054  1780  1780 W System.err: 	at android.view.ViewGroup.addView(ViewGroup.java:4279)
06-28 13:08:02.054  1780  1780 W System.err: 	at android.view.ViewGroup.addView(ViewGroup.java:4220)
06-28 13:08:02.054  1780  1780 W System.err: 	at android.view.ViewGroup.addView(ViewGroup.java:4193)
06-28 13:08:02.054  1780  1780 W System.err: 	at android.widget.RemoteViews$ViewGroupAction.apply(RemoteViews.java:1373)
06-28 13:08:02.054  1780  1780 W System.err: 	at android.widget.RemoteViews.performApply(RemoteViews.java:2804)
06-28 13:08:02.054  1780  1780 W System.err: 	at android.widget.RemoteViews.reapply(RemoteViews.java:2795)
06-28 13:08:02.054  1780  1780 W System.err: 	at android.appwidget.AppWidgetHostView.updateAppWidget(AppWidgetHostView.java:381)
06-28 13:08:02.054  1780  1780 W System.err: 	at com.android.launcher3.LauncherAppWidgetHostView.updateAppWidget(LauncherAppWidgetHostView.java:66)
06-28 13:08:02.054  1780  1780 W System.err: 	at android.appwidget.AppWidgetHost.updateAppWidgetView(AppWidgetHost.java:421)
06-28 13:08:02.054  1780  1780 W System.err: 	at android.appwidget.AppWidgetHost$UpdateHandler.handleMessage(AppWidgetHost.java:138)
06-28 13:08:02.054  1780  1780 W System.err: 	at android.os.Handler.dispatchMessage(Handler.java:111)
06-28 13:08:02.054  1780  1780 W System.err: 	at android.os.Looper.loop(Looper.java:207)
06-28 13:08:02.054  1780  1780 W System.err: 	at android.app.ActivityThread.main(ActivityThread.java:5740)
06-28 13:08:02.054   965  2476 D SettingsInterface:  from settings cache , name = network_scorer_app , value = null
06-28 13:08:02.054  1780  1780 W System.err: 	at java.lang.reflect.Method.invoke(Native Method)
06-28 13:08:02.054  1780  1780 W System.err: 	at com.android.internal.os.ZygoteInit$MethodAndArgsCaller.run(ZygoteInit.java:905)
06-28 13:08:02.054  1780  1780 W System.err: 	at com.android.internal.os.ZygoteInit.main(ZygoteInit.java:766)
06-28 13:08:02.055  1780  1780 D CodeThemeScript1Plug: NO weather resource in Theme
06-28 13:08:02.055  1780  1780 I codeTheme: (1780.0/main/1.5)[CodeThemeScript1Plug]{onDestroy}
06-28 13:08:02.055  1780  1780 I codeTheme: (1780.0/main/1.5)[CodeThemeScript1Plug]{recycleBitmap}
06-28 13:08:02.055  1780  1780 I codeTheme: (1780.0/main/1.5)[CodeThemeScript1Plug]{deinitDrawItemClassList}
06-28 13:08:02.055  1780  1780 I codeTheme: (1780.0/main/1.5)[CodeThemeScript1Plug]{timeChange}
06-28 13:08:02.055  1780  1780 D SettingsInterface:  from settings cache , name = time_12_24 , value = null
06-28 13:08:02.055  1780  1780 D SettingsInterface:  from settings cache , name = date_format , value = null
06-28 13:08:02.056  1780  1780 D CodeThemeScript1Plug:  date:28/06/2017
06-28 13:08:02.056  1780  1780 D SettingsInterface:  from settings cache , name = time_12_24 , value = null
06-28 13:08:02.056  1780  1780 D QING    : is Show AM PM
06-28 13:08:02.056  1780  1780 I codeTheme: (1780.0/main/1.5)[CodeThemeScript1Plug]{updateWeatherContent}
06-28 13:08:02.058  1780  1780 D AppWidgetHost: updateAppWidgetView HANDLE_UPDATE 
06-28 13:08:02.058  1780  1780 D AppWidgetHost: updateAppWidgetView appWidgetId 3 com.android.launcher3.LauncherAppWidgetHost@c6063f3
06-28 13:08:02.060   965  1778 D SettingsInterface:  from settings cache , name = network_scorer_app , value = null
06-28 13:08:02.063   965  3767 D SettingsInterface:  from settings cache , name = network_scorer_app , value = null
06-28 13:08:02.066   965  1693 D SettingsInterface:  from settings cache , name = network_scorer_app , value = null
06-28 13:08:02.066   287   727 D MAL-Daemon:  (     ru_wsl_poll_wpainfo,  639) [RDS-D][RDS][RU][ru_wsl_poll_wpainfo]socket recv pktlen(48) 
06-28 13:08:02.066   287   727 D MAL-Daemon:  (rds_ru_ws_rssi_timer_exp,  752) [RDS-D][RU][rds_ru_ws_rssi_timer_expire_hdlr][RDS] get rssi = -37, snr = 9999 
06-28 13:08:02.066   287   727 I MAL-Daemon:  (  ru_wsl_wifi_status_ind,  734) [RDS-I][RDS][RU][ru_wsl_wifi_status_ind] ru_check_ctx_ptr<0xf5c33c9c, 0xf5c33c9c>
06-28 13:08:02.066   287   727 W MAL-Daemon:  (    mdfx_task_send_event,  636) mdfx_task_send_event(): [ACT] should NOT enter this leagcy API!!
06-28 13:08:02.066   287   727 I MAL-Daemon:  (    ru_send_event_entity,  350) [RDS-I][RDS][RU][ru_send_event_entity] send event 604 to 602 with ret(0)
06-28 13:08:02.067   287   727 I MAL-Daemon:  (          ru_get_netstat, 5285) [RDS-I][RU][ru_get_netstat] netstat <thrghpt, pkterrt>, wifi <0, 0%>, mobile <0, 0%>
06-28 13:08:02.067   287   727 I MAL-Daemon:  (    ru_send_event_entity,  350) [RDS-I][RDS][RU][ru_send_event_entity] send event 614 to 1234 with ret(0)
06-28 13:08:02.067   287   727 I MAL-Daemon:  (             rds_ru_task,  445) [RDS-I][RU][rds_ru_task] RCV Event: 604 
06-28 13:08:02.067   287   727 I MAL-Daemon:  (  rds_ru_wifi_status_ind, 1338) [RDS-I][RU][EVENT_RU_WS_WIFI_STATUS_IND] fgwifi_en:1(no use) i4wifirssi:0xffffffdb i4wifisnr:0x270f
06-28 13:08:02.067   287   727 I MAL-Daemon:  (    ru_send_event_entity,  350) [RDS-I][RDS][RU][ru_send_event_entity] send event 615 to 1234 with ret(0)
06-28 13:08:02.067  1716  1847 I MFI-Conn:  (     mfia_task_bootstrap,  944) mfia_task_bootstrap(): an event 614 incoming
06-28 13:08:02.067   287   727 I MAL-Daemon:  (          rds_ru_rpl_gen, 4866) [RDS-I][RU][rds_ru_rpl_gen][RDS][OP18] TYPE : <0>, UI Policy : <3>, RDS Policy : <3>
06-28 13:08:02.067   287   727 I MAL-Daemon:  (      rds_cell_only_rjil, 3847) [RDS-I][RU][RDS IMS/MMS][rds_cell_only_rjil] 
06-28 13:08:02.067   287   727 I MAL-Daemon:  (          rds_ru_rpl_gen, 4877) [RDS-I][RU][rds_ru_rpl_gen][RDS][OP18] TYPE : <0>, RAN1 : <1> ,RAN2 : <254>
06-28 13:08:02.067  1716  1847 I MFI-Conn:  (     mfia_task_bootstrap,  944) mfia_task_bootstrap(): an event 615 incoming
06-28 13:08:02.067   287   727 I MAL-Daemon:  (          rds_ru_rpl_gen, 4866) [RDS-I][RU][rds_ru_rpl_gen][RDS][OP18] TYPE : <1>, UI Policy : <3>, RDS Policy : <3>
06-28 13:08:02.067   287   727 I MAL-Daemon:  (      rds_cell_only_rjil, 3847) [RDS-I][RU][RDS IMS/MMS][rds_cell_only_rjil] 
06-28 13:08:02.067  1716  2696 I MFI-Conn:  (             rds_urc_hdl,  230) [RDS][rds_urc_hdl] RCV Event: 614 
06-28 13:08:02.067   287   727 I MAL-Daemon:  (          rds_ru_rpl_gen, 4877) [RDS-I][RU][rds_ru_rpl_gen][RDS][OP18] TYPE : <1>, RAN1 : <1> ,RAN2 : <254>
06-28 13:08:02.067  1716  2696 I MFI-Conn:  (             rds_urc_hdl,  325) [RDS][IF][rds_urc_hdl] data_base update: pkterrt(0) 
06-28 13:08:02.068   287   727 I MAL-Daemon:  (          rds_ru_rpl_gen, 4866) [RDS-I][RU][rds_ru_rpl_gen][RDS][OP18] TYPE : <2>, UI Policy : <3>, RDS Policy : <3>
06-28 13:08:02.068  1716  2696 I MFI-Conn:  (             rds_urc_hdl,  230) [RDS][rds_urc_hdl] RCV Event: 615 
06-28 13:08:02.068   287   727 I MAL-Daemon:  (      rds_cell_only_rjil, 3847) [RDS-I][RU][RDS IMS/MMS][rds_cell_only_rjil] 
06-28 13:08:02.068  1716  2696 I MFI-Conn:  (             rds_urc_hdl,  335) [RDS][IF][rds_urc_hdl] data_base update: i4wifirssi(-37) 
06-28 13:08:02.068   287   727 I MAL-Daemon:  (          rds_ru_rpl_gen, 4877) [RDS-I][RU][rds_ru_rpl_gen][RDS][OP18] TYPE : <2>, RAN1 : <1> ,RAN2 : <254>
06-28 13:08:02.068   287   727 I MAL-Daemon:  (          rds_ru_rpl_gen, 4866) [RDS-I][RU][rds_ru_rpl_gen][RDS][OP18] TYPE : <3>, UI Policy : <3>, RDS Policy : <3>
06-28 13:08:02.068   287   727 I MAL-Daemon:  (          rds_ru_rpl_gen, 4877) [RDS-I][RU][rds_ru_rpl_gen][RDS][OP18] TYPE : <3>, RAN1 : <1> ,RAN2 : <255>
06-28 13:08:02.068   287   727 I MAL-Daemon:  (          rds_ru_rpl_gen, 4866) [RDS-I][RU][rds_ru_rpl_gen][RDS][OP18] TYPE : <4>, UI Policy : <3>, RDS Policy : <3>
06-28 13:08:02.068   287   727 I MAL-Daemon:  (          rds_ru_rpl_gen, 4877) [RDS-I][RU][rds_ru_rpl_gen][RDS][OP18] TYPE : <4>, RAN1 : <1> ,RAN2 : <255>
06-28 13:08:02.068   287   727 I MAL-Daemon:  (          rds_ru_rpl_gen, 4866) [RDS-I][RU][rds_ru_rpl_gen][RDS][OP18] TYPE : <5>, UI Policy : <3>, RDS Policy : <3>
06-28 13:08:02.068   287   727 I MAL-Daemon:  (          rds_ru_rpl_gen, 4877) [RDS-I][RU][rds_ru_rpl_gen][RDS][OP18] TYPE : <5>, RAN1 : <1> ,RAN2 : <255>
06-28 13:08:02.068   287   727 I MAL-Daemon:  (          rds_ru_rpl_gen, 4877) [RDS-I][RU][rds_ru_rpl_gen][RDS][OP18] TYPE : <6>, RAN1 : <254> ,RAN2 : <254>
06-28 13:08:02.068   287   727 I MAL-Daemon:  (    rds_op_check_feature,  293) [RDS-I][RDS][OP][rds_op_check_feature] operator id(18) check feature<0>, curr_opmsk is <5>, sys_opmsk is <0x0005, 5>
06-28 13:08:02.068   287   727 I MAL-Daemon:  (          rds_ru_rpl_gen, 4901) [RDS-I][RU][rds_ru_rpl_gen][RDS] Current policy: fgimsolte_en<1>, fgwfc_en<0>, erdspolicy<3>, 
06-28 13:08:02.068   287   727 I MAL-Daemon:  (          rds_ru_rpl_gen, 4904) [RDS-I][RU][rds_ru_rpl_gen][RDS] Threshold i4wifirssih<-75>, i4wifirssil<-85>, i4wifirssih_ho<-78>, i4wifirssil_ho<-88>, i4wifisnrh<10>, i4wifisnrl<6>
06-28 13:08:02.068   287   727 I MAL-Daemon:  (          rds_ru_rpl_gen, 4907) [RDS-I][RU][rds_ru_rpl_gen][RDS] Threshold i4ltersrph<-106>, i4ltersrpm<-111>, i4ltersrpl<-116>, i4ltersrqh<5>, i4ltersrqm<3>, i4ltersrql<1>
06-28 13:08:02.068   287   727 I MAL-Daemon:  (          rds_ru_rpl_gen, 4910) [RDS-I][RU][rds_ru_rpl_gen][RDS] current rds ru status: i4wifirssi<-37>, i4wifisnr<9999>, i4ltersrp<-104>, i4ltersrq<17>, u4active_ran<65539> 
06-28 13:08:02.068   287   727 I MAL-Daemon:  (          rds_ru_rpl_gen, 4913) [RDS-I][RU][rds_ru_rpl_gen][RDS] current wifi backhaul : rtp_plr<0>, rtp_jitter<0>, ping_ind<0>
06-28 13:08:02.068   287   727 I MAL-Daemon:  (          rds_ru_rpl_gen, 4916) [RDS-I][RU][rds_ru_rpl_gen][RDS] Call stat : IR92<0>, IR94<0> 
06-28 13:08:02.068   287   727 I MAL-Daemon:  (          rds_ru_rpl_gen, 4922) [RDS-I][RU][RDS IMS/MMS][rds_ru_rpl_gen] Ori:(1,254)/(1,255) New:(1,254)/(1,255)
06-28 13:08:02.068   287   727 I MAL-Daemon:  (          rds_ru_rpl_gen, 4927) [RDS-I][RU][RDS IMS/MMS WIFI][rds_ru_rpl_gen] Ori:(1,254)/(1,255) New:(1,254)/(1,255)
06-28 13:08:02.069   287   727 I MAL-Daemon:  (          rds_ru_rpl_gen, 4932) [RDS-I][RU][RDS IMS/MMS CELL][rds_ru_rpl_gen] Ori:(1,254)/(1,255) New:(1,254)/(1,255)
06-28 13:08:02.069   287   727 I MAL-Daemon:  (          rds_ru_rpl_gen, 4936) [RDS-I][RU][RDS EMG][rds_ru_rpl_gen] Ori:(254,254) New:(254,254)
06-28 13:08:02.070   965  1777 D SettingsInterface:  from settings cache , name = network_scorer_app , value = null
06-28 13:08:02.073   965  1660 D SettingsInterface:  from settings cache , name = network_scorer_app , value = null
06-28 13:08:02.076   965   976 D SettingsInterface:  from settings cache , name = network_scorer_app , value = null
06-28 13:08:02.079   965  2473 D SettingsInterface:  from settings cache , name = network_scorer_app , value = null
06-28 13:08:02.082   965  1368 D SettingsInterface:  from settings cache , name = network_scorer_app , value = null
06-28 13:08:02.083   965   975 V AlarmManager: APP set(PendingIntent{e158f2e: PendingIntentRecord{468ceaf com.google.android.gms broadcastIntent}}) : type=2 triggerAtTime=110367036 win=-1 tElapsed=110367036 maxElapsed=110411991 interval=0 flags=0x0
06-28 13:08:02.084   965   975 D AlarmManager:  whichBatch = -1
06-28 13:08:02.085   965  3767 D PowerManagerService: releaseWakeLockInternal: lock=113062829 [*net_scheduler*], flags=0x0, total_time=61ms
06-28 13:08:02.085   965  3767 D PowerManagerNotifier: onWakeLockReleased: flags=1, tag="*net_scheduler*", packageName=com.google.android.gms, ownerUid=10012, ownerPid=2167, workSource=WorkSource{10012 com.google.android.gms}
06-28 13:08:02.085   965  3767 D PowerManagerService: updateWakeLockSummaryLocked: mWakefulness=Asleep, mWakeLockSummary=0x0
06-28 13:08:02.085   965  3767 D PowerManagerService: updateUserActivitySummaryLocked: mWakefulness=Asleep, mUserActivitySummary=0x0, nextTimeout=0 (56714412 ms ago)
06-28 13:08:02.085   965  3767 D DisplayPowerController: requestPowerState: policy=OFF, useProximitySensor=false, screenBrightness=102, screenAutoBrightnessAdjustment=-1.0, brightnessSetByUser=true, useAutoBrightness=true, blockScreenOn=false, lowPowerMode=false, boostScreenBrightness=false, dozeScreenBrightness=-1, dozeScreenState=UNKNOWN, waitForNegativeProximity=false
06-28 13:08:02.085   965  3767 D PowerManagerService: updateDisplayPowerStateLocked: mDisplayReady=true, policy=0, mWakefulness=0, mWakeLockSummary=0x0, mUserActivitySummary=0x0, mBootCompleted=true, mScreenBrightnessBoostInProgress=false
06-28 13:08:02.085   965  3767 D PowerManagerService: Releasing suspend blocker "PowerManagerService.WakeLocks".
06-28 13:08:02.086   965  1676 D PowerManagerService: acquireWakeLockInternal: lock=113062829, flags=0x1, tag="*net_scheduler*", ws=WorkSource{10012 com.google.android.gms}, uid=10012, pid=2167
06-28 13:08:02.086   965  1676 D PowerManagerService: updateWakeLockSummaryLocked: mWakefulness=Asleep, mWakeLockSummary=0x1
06-28 13:08:02.086   965  1676 D PowerManagerService: updateUserActivitySummaryLocked: mWakefulness=Asleep, mUserActivitySummary=0x0, nextTimeout=0 (56714413 ms ago)
06-28 13:08:02.086   965  1676 D DisplayPowerController: requestPowerState: policy=OFF, useProximitySensor=false, screenBrightness=102, screenAutoBrightnessAdjustment=-1.0, brightnessSetByUser=true, useAutoBrightness=true, blockScreenOn=false, lowPowerMode=false, boostScreenBrightness=false, dozeScreenBrightness=-1, dozeScreenState=UNKNOWN, waitForNegativeProximity=false
06-28 13:08:02.086   965  1676 D PowerManagerService: updateDisplayPowerStateLocked: mDisplayReady=true, policy=0, mWakefulness=0, mWakeLockSummary=0x1, mUserActivitySummary=0x0, mBootCompleted=true, mScreenBrightnessBoostInProgress=false
06-28 13:08:02.087   965  1676 D PowerManagerService: Acquiring suspend blocker "PowerManagerService.WakeLocks".
06-28 13:08:02.087   965  1676 D PowerManagerNotifier: onWakeLockAcquired: flags=1, tag="*net_scheduler*", packageName=com.google.android.gms, ownerUid=10012, ownerPid=2167, workSource=WorkSource{10012 com.google.android.gms}
06-28 13:08:02.087   965  1693 D ConnectivityService: getActiveNetworkInfo networkInfo = [type: WIFI[], state: CONNECTED/CONNECTED, reason: (unspecified), extra: "Pinnacleseven 4", roaming: false, failover: false, isAvailable: true]
06-28 13:08:02.088   965  1677 I NetworkIdentity: buildNetworkIdentity:
06-28 13:08:02.088   965  1677 I NetworkIdentity: networkId = Pinnacleseven 4
06-28 13:08:02.090   965  1660 D AlarmManager: manual remove option = PendingIntent{c622acf: PendingIntentRecord{468ceaf com.google.android.gms broadcastIntent}}
06-28 13:08:02.091   965  1660 D AlarmManager: remove(operation) changed bounds; rebatching operation = PendingIntent{c622acf: PendingIntentRecord{468ceaf com.google.android.gms broadcastIntent}}
06-28 13:08:02.091   965  1660 D AlarmManager: mAlarmBatches.size() is larger than 300 , do not rebatch
06-28 13:08:02.096   965  1676 D SettingsInterface:  from settings cache , name = network_scorer_app , value = null
06-28 13:08:02.099   965  1677 D SettingsInterface:  from settings cache , name = network_scorer_app , value = null
06-28 13:08:02.101   965  1777 D SettingsInterface:  from settings cache , name = network_scorer_app , value = null
06-28 13:08:02.105   965  1660 D SettingsInterface:  from settings cache , name = network_scorer_app , value = null
06-28 13:08:02.108   965   976 D SettingsInterface:  from settings cache , name = network_scorer_app , value = null
06-28 13:08:02.111   965  2473 D SettingsInterface:  from settings cache , name = network_scorer_app , value = null
06-28 13:08:02.114   965  1749 D SettingsInterface:  from settings cache , name = network_scorer_app , value = null
06-28 13:08:02.117   965  3767 D SettingsInterface:  from settings cache , name = network_scorer_app , value = null
06-28 13:08:02.120   965  1693 D SettingsInterface:  from settings cache , name = network_scorer_app , value = null
06-28 13:08:02.122   965  2472 D SettingsInterface:  from settings cache , name = network_scorer_app , value = null
06-28 13:08:02.125   965  1696 D SettingsInterface:  from settings cache , name = network_scorer_app , value = null
06-28 13:08:02.126   965  1660 V AlarmManager: APP set(PendingIntent{9f17c5c: PendingIntentRecord{468ceaf com.google.android.gms broadcastIntent}}) : type=2 triggerAtTime=112188593 win=-1 tElapsed=112188593 maxElapsed=113599683 interval=0 flags=0x0
06-28 13:08:02.127   965  1660 D AlarmManager:  whichBatch = -1
06-28 13:08:02.128   965  1776 D PowerManagerService: releaseWakeLockInternal: lock=113062829 [*net_scheduler*], flags=0x0, total_time=42ms
06-28 13:08:02.128   965  1776 D PowerManagerNotifier: onWakeLockReleased: flags=1, tag="*net_scheduler*", packageName=com.google.android.gms, ownerUid=10012, ownerPid=2167, workSource=WorkSource{10012 com.google.android.gms}
06-28 13:08:02.128   965  1776 D PowerManagerService: updateWakeLockSummaryLocked: mWakefulness=Asleep, mWakeLockSummary=0x0
06-28 13:08:02.129   965  1776 D PowerManagerService: updateUserActivitySummaryLocked: mWakefulness=Asleep, mUserActivitySummary=0x0, nextTimeout=0 (56714456 ms ago)
06-28 13:08:02.129   965  1776 D DisplayPowerController: requestPowerState: policy=OFF, useProximitySensor=false, screenBrightness=102, screenAutoBrightnessAdjustment=-1.0, brightnessSetByUser=true, useAutoBrightness=true, blockScreenOn=false, lowPowerMode=false, boostScreenBrightness=false, dozeScreenBrightness=-1, dozeScreenState=UNKNOWN, waitForNegativeProximity=false
06-28 13:08:02.129   965  1776 D PowerManagerService: updateDisplayPowerStateLocked: mDisplayReady=true, policy=0, mWakefulness=0, mWakeLockSummary=0x0, mUserActivitySummary=0x0, mBootCompleted=true, mScreenBrightnessBoostInProgress=false
06-28 13:08:02.129   965  1776 D PowerManagerService: Releasing suspend blocker "PowerManagerService.WakeLocks".
06-28 13:08:02.130   346   346 I thermal_repeater: oh, queryMdThermalInfo (0)No such file or directory
06-28 13:08:02.138   346   346 I thermal_repeater: [recvMdThermalInfo] ret=25, strLen=127,  3, 40, -127, 0, 32767, 1
06-28 13:08:02.345   965  1265 D LIGHT   : processEvent code=0,value=79
06-28 13:08:02.859   965  2473 W PackageManager: checkUidPermission(): com.android.chrome.permission.DEBUG of 2000 is denied.
06-28 13:08:02.861   965  1368 W PackageManager: checkUidPermission(): com.android.chrome.permission.DEBUG of 2000 is denied.
06-28 13:08:03.157   965   993 I libsuspend: ws name: battery suspend wakelock, act_since: 797761, act_cnt: 48, ev_cnt: 4343, wakeup_cnt: 54
06-28 13:08:03.158   965   993 I libsuspend: ws name: USB.lock, act_since: 797311, act_cnt: 47, ev_cnt: 47, wakeup_cnt: 2
06-28 13:08:03.163   965  1267 D SettingsInterface:  from settings cache , name = background_power_saving_enable , value = 1
06-28 13:08:03.163   965  1267 D DataShapingService: Alarm manager openLteDataUpLinkGate: false
06-28 13:08:03.163   965  1267 V AlarmManager: openLteGateSuccess = false
06-28 13:08:03.163   965  1267 V ActivityManager: Broadcast: Intent { act=com.android.server.am.clean_restricted_apps flg=0x114 (has extras) } ordered=true userid=0 callerApp=null
06-28 13:08:03.164   965  1267 V AlarmManager: sending alarm Alarm{ade2b65 type 3 when 110308176 android} success
06-28 13:08:03.164   965  1267 D PowerManagerService: acquireWakeLockInternal: lock=95337606, flags=0x1, tag="*alarm*", ws=WorkSource{1000}, uid=1000, pid=965
06-28 13:08:03.164   965  1267 D PowerManagerService: updateWakeLockSummaryLocked: mWakefulness=Asleep, mWakeLockSummary=0x1
06-28 13:08:03.164   965  1267 D PowerManagerService: updateUserActivitySummaryLocked: mWakefulness=Asleep, mUserActivitySummary=0x0, nextTimeout=0 (56715491 ms ago)
06-28 13:08:03.164   965  1267 D DisplayPowerController: requestPowerState: policy=OFF, useProximitySensor=false, screenBrightness=102, screenAutoBrightnessAdjustment=-1.0, brightnessSetByUser=true, useAutoBrightness=true, blockScreenOn=false, lowPowerMode=false, boostScreenBrightness=false, dozeScreenBrightness=-1, dozeScreenState=UNKNOWN, waitForNegativeProximity=false
06-28 13:08:03.164   965  1267 D PowerManagerService: updateDisplayPowerStateLocked: mDisplayReady=true, policy=0, mWakefulness=0, mWakeLockSummary=0x1, mUserActivitySummary=0x0, mBootCompleted=true, mScreenBrightnessBoostInProgress=false
06-28 13:08:03.165   965   980 D RestrictedPackageService: handleBroadcast com.android.server.am.clean_restricted_apps
06-28 13:08:03.167   965  1267 D PowerManagerService: Acquiring suspend blocker "PowerManagerService.WakeLocks".
06-28 13:08:03.167   965  1267 D PowerManagerNotifier: onWakeLockAcquired: flags=1, tag="*alarm*", packageName=android, ownerUid=1000, ownerPid=965, workSource=WorkSource{1000}
06-28 13:08:03.169   965   980 D PowerManagerService: acquireWakeLockInternal: lock=250876918, flags=0x1, tag="RestrictedPackageService", ws=null, uid=1000, pid=965
06-28 13:08:03.169   965   980 D PowerManagerService: updateWakeLockSummaryLocked: mWakefulness=Asleep, mWakeLockSummary=0x1
06-28 13:08:03.169   965   980 D PowerManagerService: updateUserActivitySummaryLocked: mWakefulness=Asleep, mUserActivitySummary=0x0, nextTimeout=0 (56715496 ms ago)
06-28 13:08:03.169   965   980 D DisplayPowerController: requestPowerState: policy=OFF, useProximitySensor=false, screenBrightness=102, screenAutoBrightnessAdjustment=-1.0, brightnessSetByUser=true, useAutoBrightness=true, blockScreenOn=false, lowPowerMode=false, boostScreenBrightness=false, dozeScreenBrightness=-1, dozeScreenState=UNKNOWN, waitForNegativeProximity=false
06-28 13:08:03.169   965   980 D PowerManagerService: updateDisplayPowerStateLocked: mDisplayReady=true, policy=0, mWakefulness=0, mWakeLockSummary=0x1, mUserActivitySummary=0x0, mBootCompleted=true, mScreenBrightnessBoostInProgress=false
06-28 13:08:03.169   965   980 D PowerManagerNotifier: onWakeLockAcquired: flags=1, tag="RestrictedPackageService", packageName=android, ownerUid=1000, ownerPid=965, workSource=null
06-28 13:08:03.170   965   980 D AppOps  : startOperation: allowing code 40 uid 1000 package android
06-28 13:08:03.170   965   980 W RestrictedPackageService: cleanUserPackages 0
06-28 13:08:03.170   965   980 W RestrictedPackageService: Done, 0 killed, 0 left.
06-28 13:08:03.170   965   980 D PowerManagerService: releaseWakeLockInternal: lock=250876918 [RestrictedPackageService], flags=0x0, total_time=1ms
06-28 13:08:03.170   965   980 D PowerManagerNotifier: onWakeLockReleased: flags=1, tag="RestrictedPackageService", packageName=android, ownerUid=1000, ownerPid=965, workSource=null
06-28 13:08:03.170   965   980 D PowerManagerService: updateWakeLockSummaryLocked: mWakefulness=Asleep, mWakeLockSummary=0x1
06-28 13:08:03.170   965   980 D PowerManagerService: updateUserActivitySummaryLocked: mWakefulness=Asleep, mUserActivitySummary=0x0, nextTimeout=0 (56715497 ms ago)
06-28 13:08:03.170   965   980 D DisplayPowerController: requestPowerState: policy=OFF, useProximitySensor=false, screenBrightness=102, screenAutoBrightnessAdjustment=-1.0, brightnessSetByUser=true, useAutoBrightness=true, blockScreenOn=false, lowPowerMode=false, boostScreenBrightness=false, dozeScreenBrightness=-1, dozeScreenState=UNKNOWN, waitForNegativeProximity=false
06-28 13:08:03.170   965   980 D PowerManagerService: updateDisplayPowerStateLocked: mDisplayReady=true, policy=0, mWakefulness=0, mWakeLockSummary=0x1, mUserActivitySummary=0x0, mBootCompleted=true, mScreenBrightnessBoostInProgress=false
06-28 13:08:03.171   965   980 W RestrictedPackageService: schedule next clean after 10min
06-28 13:08:03.174   965   980 V AlarmManager: APP set(PendingIntent{43a2db1: PendingIntentRecord{e979296 android broadcastIntent}}) : type=3 triggerAtTime=110908184 win=-1 tElapsed=110908184 maxElapsed=111358184 interval=0 flags=0x8
06-28 13:08:03.175   965   980 D AlarmManager:  whichBatch = -1
06-28 13:08:03.176   965   965 D AlarmManager: onSendFinished begin
06-28 13:08:03.176   965   965 D PowerManagerService: releaseWakeLockInternal: lock=95337606 [*alarm*], flags=0x0, total_time=12ms
06-28 13:08:03.176   965   965 D PowerManagerNotifier: onWakeLockReleased: flags=1, tag="*alarm*", packageName=android, ownerUid=1000, ownerPid=965, workSource=WorkSource{1000}
06-28 13:08:03.176   965   965 D PowerManagerService: updateWakeLockSummaryLocked: mWakefulness=Asleep, mWakeLockSummary=0x0
06-28 13:08:03.177   965   965 D PowerManagerService: updateUserActivitySummaryLocked: mWakefulness=Asleep, mUserActivitySummary=0x0, nextTimeout=0 (56715504 ms ago)
06-28 13:08:03.177   965   965 D DisplayPowerController: requestPowerState: policy=OFF, useProximitySensor=false, screenBrightness=102, screenAutoBrightnessAdjustment=-1.0, brightnessSetByUser=true, useAutoBrightness=true, blockScreenOn=false, lowPowerMode=false, boostScreenBrightness=false, dozeScreenBrightness=-1, dozeScreenState=UNKNOWN, waitForNegativeProximity=false
06-28 13:08:03.177   965   965 D PowerManagerService: updateDisplayPowerStateLocked: mDisplayReady=true, policy=0, mWakefulness=0, mWakeLockSummary=0x0, mUserActivitySummary=0x0, mBootCompleted=true, mScreenBrightnessBoostInProgress=false
06-28 13:08:03.177   965   965 D PowerManagerService: Releasing suspend blocker "PowerManagerService.WakeLocks".
06-28 13:08:03.682  9581  9637 I PlayCommon: [4179] PlayEventLogger.uploadEventsImpl: Preparing logs for uploading
06-28 13:08:03.684  9581  9637 I PlayCommon: [4179] PlayEventLogger.uploadEventsImpl: No file ready to send
06-28 13:08:04.624   965  1265 D LIGHT   : processEvent code=0,value=78
06-28 13:08:05.046   287 10673 I MAL-Daemon:  (        ru_syssig_hndler,  418) [RDS-I][ru_syssig_hndler] Send Event: 688 
06-28 13:08:05.046   287 10673 I MAL-Daemon:  (        ru_syssig_hndler,  419) [RDS-I][RDS][RU][ru_syssig_hndler] ru_check_ctx_ptr<0xf5c33c9c, 0xf5c33c9c>
06-28 13:08:05.046   287 10673 W MAL-Daemon:  (    mdfx_task_send_event,  636) mdfx_task_send_event(): [ACT] should NOT enter this leagcy API!!
06-28 13:08:05.046   287 10673 I MAL-Daemon:  (    ru_send_event_entity,  350) [RDS-I][RDS][RU][ru_send_event_entity] send event 688 to 602 with ret(0)
06-28 13:08:05.046   287   727 I MAL-Daemon:  (             rds_ru_task,  445) [RDS-I][RU][rds_ru_task] RCV Event: 688 
06-28 13:08:05.047  1488  1488 D wpa_supplicant: wlan0: Control interface command 'SIGNAL_POLL'
06-28 13:08:05.059   965  1696 W PackageManager: checkUidPermission(): com.android.chrome.permission.DEBUG of 2000 is denied.
06-28 13:08:05.061   965  1660 W PackageManager: checkUidPermission(): com.android.chrome.permission.DEBUG of 2000 is denied.
06-28 13:08:05.066   287   727 D MAL-Daemon:  (     ru_wsl_poll_wpainfo,  639) [RDS-D][RDS][RU][ru_wsl_poll_wpainfo]socket recv pktlen(48) 
06-28 13:08:05.066   287   727 D MAL-Daemon:  (rds_ru_ws_rssi_timer_exp,  752) [RDS-D][RU][rds_ru_ws_rssi_timer_expire_hdlr][RDS] get rssi = -40, snr = 9999 
06-28 13:08:05.066   287   727 I MAL-Daemon:  (  ru_wsl_wifi_status_ind,  734) [RDS-I][RDS][RU][ru_wsl_wifi_status_ind] ru_check_ctx_ptr<0xf5c33c9c, 0xf5c33c9c>
06-28 13:08:05.066   287   727 W MAL-Daemon:  (    mdfx_task_send_event,  636) mdfx_task_send_event(): [ACT] should NOT enter this leagcy API!!
06-28 13:08:05.066   287   727 I MAL-Daemon:  (    ru_send_event_entity,  350) [RDS-I][RDS][RU][ru_send_event_entity] send event 604 to 602 with ret(0)
06-28 13:08:05.067   287   727 I MAL-Daemon:  (          ru_get_netstat, 5285) [RDS-I][RU][ru_get_netstat] netstat <thrghpt, pkterrt>, wifi <0, 0%>, mobile <0, 0%>
06-28 13:08:05.067   287   727 I MAL-Daemon:  (    ru_send_event_entity,  350) [RDS-I][RDS][RU][ru_send_event_entity] send event 614 to 1234 with ret(0)
06-28 13:08:05.067   287   727 I MAL-Daemon:  (             rds_ru_task,  445) [RDS-I][RU][rds_ru_task] RCV Event: 604 
06-28 13:08:05.067   287   727 I MAL-Daemon:  (  rds_ru_wifi_status_ind, 1338) [RDS-I][RU][EVENT_RU_WS_WIFI_STATUS_IND] fgwifi_en:1(no use) i4wifirssi:0xffffffd8 i4wifisnr:0x270f
06-28 13:08:05.067  1716  1847 I MFI-Conn:  (     mfia_task_bootstrap,  944) mfia_task_bootstrap(): an event 614 incoming
06-28 13:08:05.067   287   727 I MAL-Daemon:  (    ru_send_event_entity,  350) [RDS-I][RDS][RU][ru_send_event_entity] send event 615 to 1234 with ret(0)
06-28 13:08:05.067  1716  1847 I MFI-Conn:  (     mfia_task_bootstrap,  944) mfia_task_bootstrap(): an event 615 incoming
06-28 13:08:05.067   287   727 I MAL-Daemon:  (          rds_ru_rpl_gen, 4866) [RDS-I][RU][rds_ru_rpl_gen][RDS][OP18] TYPE : <0>, UI Policy : <3>, RDS Policy : <3>
06-28 13:08:05.067   287   727 I MAL-Daemon:  (      rds_cell_only_rjil, 3847) [RDS-I][RU][RDS IMS/MMS][rds_cell_only_rjil] 
06-28 13:08:05.067   287   727 I MAL-Daemon:  (          rds_ru_rpl_gen, 4877) [RDS-I][RU][rds_ru_rpl_gen][RDS][OP18] TYPE : <0>, RAN1 : <1> ,RAN2 : <254>
06-28 13:08:05.067   287   727 I MAL-Daemon:  (          rds_ru_rpl_gen, 4866) [RDS-I][RU][rds_ru_rpl_gen][RDS][OP18] TYPE : <1>, UI Policy : <3>, RDS Policy : <3>
06-28 13:08:05.067   287   727 I MAL-Daemon:  (      rds_cell_only_rjil, 3847) [RDS-I][RU][RDS IMS/MMS][rds_cell_only_rjil] 
06-28 13:08:05.067   287   727 I MAL-Daemon:  (          rds_ru_rpl_gen, 4877) [RDS-I][RU][rds_ru_rpl_gen][RDS][OP18] TYPE : <1>, RAN1 : <1> ,RAN2 : <254>
06-28 13:08:05.067   287   727 I MAL-Daemon:  (          rds_ru_rpl_gen, 4866) [RDS-I][RU][rds_ru_rpl_gen][RDS][OP18] TYPE : <2>, UI Policy : <3>, RDS Policy : <3>
06-28 13:08:05.067   287   727 I MAL-Daemon:  (      rds_cell_only_rjil, 3847) [RDS-I][RU][RDS IMS/MMS][rds_cell_only_rjil] 
06-28 13:08:05.067   287   727 I MAL-Daemon:  (          rds_ru_rpl_gen, 4877) [RDS-I][RU][rds_ru_rpl_gen][RDS][OP18] TYPE : <2>, RAN1 : <1> ,RAN2 : <254>
06-28 13:08:05.067   287   727 I MAL-Daemon:  (          rds_ru_rpl_gen, 4866) [RDS-I][RU][rds_ru_rpl_gen][RDS][OP18] TYPE : <3>, UI Policy : <3>, RDS Policy : <3>
06-28 13:08:05.068  1716  2696 I MFI-Conn:  (             rds_urc_hdl,  230) [RDS][rds_urc_hdl] RCV Event: 614 
06-28 13:08:05.068   287   727 I MAL-Daemon:  (          rds_ru_rpl_gen, 4877) [RDS-I][RU][rds_ru_rpl_gen][RDS][OP18] TYPE : <3>, RAN1 : <1> ,RAN2 : <255>
06-28 13:08:05.068  1716  2696 I MFI-Conn:  (             rds_urc_hdl,  325) [RDS][IF][rds_urc_hdl] data_base update: pkterrt(0) 
06-28 13:08:05.068   287   727 I MAL-Daemon:  (          rds_ru_rpl_gen, 4866) [RDS-I][RU][rds_ru_rpl_gen][RDS][OP18] TYPE : <4>, UI Policy : <3>, RDS Policy : <3>
06-28 13:08:05.068  1716  2696 I MFI-Conn:  (             rds_urc_hdl,  230) [RDS][rds_urc_hdl] RCV Event: 615 
06-28 13:08:05.068   287   727 I MAL-Daemon:  (          rds_ru_rpl_gen, 4877) [RDS-I][RU][rds_ru_rpl_gen][RDS][OP18] TYPE : <4>, RAN1 : <1> ,RAN2 : <255>
06-28 13:08:05.068  1716  2696 I MFI-Conn:  (             rds_urc_hdl,  335) [RDS][IF][rds_urc_hdl] data_base update: i4wifirssi(-40) 
06-28 13:08:05.068   287   727 I MAL-Daemon:  (          rds_ru_rpl_gen, 4866) [RDS-I][RU][rds_ru_rpl_gen][RDS][OP18] TYPE : <5>, UI Policy : <3>, RDS Policy : <3>
06-28 13:08:05.068   287   727 I MAL-Daemon:  (          rds_ru_rpl_gen, 4877) [RDS-I][RU][rds_ru_rpl_gen][RDS][OP18] TYPE : <5>, RAN1 : <1> ,RAN2 : <255>
06-28 13:08:05.068   287   727 I MAL-Daemon:  (          rds_ru_rpl_gen, 4877) [RDS-I][RU][rds_ru_rpl_gen][RDS][OP18] TYPE : <6>, RAN1 : <254> ,RAN2 : <254>
06-28 13:08:05.068   287   727 I MAL-Daemon:  (    rds_op_check_feature,  293) [RDS-I][RDS][OP][rds_op_check_feature] operator id(18) check feature<0>, curr_opmsk is <5>, sys_opmsk is <0x0005, 5>
06-28 13:08:05.068   287   727 I MAL-Daemon:  (          rds_ru_rpl_gen, 4901) [RDS-I][RU][rds_ru_rpl_gen][RDS] Current policy: fgimsolte_en<1>, fgwfc_en<0>, erdspolicy<3>, 
06-28 13:08:05.068   287   727 I MAL-Daemon:  (          rds_ru_rpl_gen, 4904) [RDS-I][RU][rds_ru_rpl_gen][RDS] Threshold i4wifirssih<-75>, i4wifirssil<-85>, i4wifirssih_ho<-78>, i4wifirssil_ho<-88>, i4wifisnrh<10>, i4wifisnrl<6>
06-28 13:08:05.068   287   727 I MAL-Daemon:  (          rds_ru_rpl_gen, 4907) [RDS-I][RU][rds_ru_rpl_gen][RDS] Threshold i4ltersrph<-106>, i4ltersrpm<-111>, i4ltersrpl<-116>, i4ltersrqh<5>, i4ltersrqm<3>, i4ltersrql<1>
06-28 13:08:05.068   287   727 I MAL-Daemon:  (          rds_ru_rpl_gen, 4910) [RDS-I][RU][rds_ru_rpl_gen][RDS] current rds ru status: i4wifirssi<-40>, i4wifisnr<9999>, i4ltersrp<-104>, i4ltersrq<17>, u4active_ran<65539> 
06-28 13:08:05.068   287   727 I MAL-Daemon:  (          rds_ru_rpl_gen, 4913) [RDS-I][RU][rds_ru_rpl_gen][RDS] current wifi backhaul : rtp_plr<0>, rtp_jitter<0>, ping_ind<0>
06-28 13:08:05.068   287   727 I MAL-Daemon:  (          rds_ru_rpl_gen, 4916) [RDS-I][RU][rds_ru_rpl_gen][RDS] Call stat : IR92<0>, IR94<0> 
06-28 13:08:05.068   287   727 I MAL-Daemon:  (          rds_ru_rpl_gen, 4922) [RDS-I][RU][RDS IMS/MMS][rds_ru_rpl_gen] Ori:(1,254)/(1,255) New:(1,254)/(1,255)
06-28 13:08:05.068   287   727 I MAL-Daemon:  (          rds_ru_rpl_gen, 4927) [RDS-I][RU][RDS IMS/MMS WIFI][rds_ru_rpl_gen] Ori:(1,254)/(1,255) New:(1,254)/(1,255)
06-28 13:08:05.068   287   727 I MAL-Daemon:  (          rds_ru_rpl_gen, 4932) [RDS-I][RU][RDS IMS/MMS CELL][rds_ru_rpl_gen] Ori:(1,254)/(1,255) New:(1,254)/(1,255)
06-28 13:08:05.068   287   727 I MAL-Daemon:  (          rds_ru_rpl_gen, 4936) [RDS-I][RU][RDS EMG][rds_ru_rpl_gen] Ori:(254,254) New:(254,254)
06-28 13:08:05.154   965   976 V ActivityManager: Broadcast: Intent { act=com.mobpower.sdk.probe flg=0x10 (has extras) } ordered=false userid=0 callerApp=ProcessRecord{f2ff43b 20553:com.commsource.beautyplus/u0a126}
06-28 13:08:05.155   965   976 V RestrictedPackageService: filterBroadcastReceiver for com.mobpower.sdk.probe
06-28 13:08:05.155   965   980 V ActivityManager_MU: isSingleton(com.commsource.beautyplus, ApplicationInfo{35836cb com.commsource.beautyplus}, com.mobpower.probe.PowerReceiver, 0x0) = false
06-28 13:08:05.162 20553 20553 D ActivityThread: BDC-Calling onReceive: intent=Intent { act=com.mobpower.sdk.probe flg=0x10 cmp=com.commsource.beautyplus/com.mobpower.probe.PowerReceiver (has extras) }, receiver=com.mobpower.probe.PowerReceiver@4fd79c1
06-28 13:08:05.162 20553 20553 D ActivityThread: BDC-Calling onReceive end receiver=class com.mobpower.probe.PowerReceiver
06-28 13:08:05.167 20553 20553 D ActivityThread: BDC-RECEIVER handled : 0 / ReceiverData{intent=Intent { act=com.mobpower.sdk.probe flg=0x10 cmp=com.commsource.beautyplus/com.mobpower.probe.PowerReceiver (has extras) } packageName=com.commsource.beautyplus resultCode=-1 resultData=null resultExtras=null}
06-28 13:08:05.194   965  1265 D LIGHT   : processEvent code=0,value=79
06-28 13:08:05.523   344   344 I thermal_src: wake up function 3
06-28 13:08:05.523   344   344 I thermal_src: TA_DAEMON_CMD_GET_TPCB cmd=0x5, len=4 PCB=34000
06-28 13:08:05.523   344   344 I thermal_src: TA_DAEMON_CMD_SET_TTJ cmd=0x4, len=4 Tj=85000
06-28 13:08:05.523   344   344 I thermal_src: waiting NOTIFY from kernel...
06-28 13:08:06.371   287  2900 I MAL-Daemon:  (    ru_mdmngr_send_atcmd, 1931) [RDS-I][RDS][RU][ru_mdmngr_send_atcmd] try to send ATcmd : AT+ECSQ 
06-28 13:08:06.371   287  2900 I MAL-Daemon:  (    ru_mdmngr_send_atcmd, 1940) [RDS-I][RDS][RU][ru_mdmngr_send_atcmd] ru_check_ctx_ptr<0xf5c33c9c, 0xf5c33c9c>
06-28 13:08:06.371   287  2900 W MAL-Daemon:  (    mdfx_task_send_event,  636) mdfx_task_send_event(): [ACT] should NOT enter this leagcy API!!
06-28 13:08:06.372   287  2900 I MAL-Daemon:  (    ru_send_event_entity,  350) [RDS-I][RDS][RU][ru_send_event_entity] send event 101 to 101 with ret(0)
06-28 13:08:06.372   287   712 D MAL-Daemon:  (         mdmngr_task_hdl,   36) mdmngr_task_hdl(), receive event = 101 (vendor/mediatek/proprietary/frameworks/opt/mal/entity/mdmngr/mdmngr.c:36)
06-28 13:08:06.372   287   712 D MAL-Daemon:  (         mdmngr_task_hdl,   67) EVENT_MDMNGR_ATCMD_REQ@MDMNGR, priv_data = f3ce9500, channel = 1, cmd = (AT+ECSQ) (vendor/mediatek/proprietary/frameworks/opt/mal/entity/mdmngr/mdmngr.c:67)
06-28 13:08:06.372   287   712 W MAL-Daemon:  (    mdfx_task_send_event,  636) mdfx_task_send_event(): [ACT] should NOT enter this leagcy API!!
06-28 13:08:06.372   287   734 I MAL-Daemon:  ( mdfx_event_do_statistic,  153) mdfx_event_do_statistic(): [STATISTIC] TID = 734 has used 141277468 bytes!!
06-28 13:08:06.372   287   734 E MAL-Daemon:  (void* rilproxy_task_hdl(,  439) rilproxy_task_hdl(), receive event = 401
06-28 13:08:06.373   287   734 D MAL-Daemon:  (int rilproxy_send_ril_re,  320) send ril request, request_id = 2130, serial_no = 1d6900, length = 18000000, send_size = 24(18), fd = 29
06-28 13:08:06.383   287   731 D MAL-Daemon:  (void* rilproxy_cmd_resp_,  670) recv ril resp, length = 64, type = 0, result = 0, serial_no = 1d6900
06-28 13:08:06.383   287   731 D MAL-Daemon:  (void* rilproxy_cmd_resp_,  676) event_id = 401
06-28 13:08:06.383   287   712 D MAL-Daemon:  (         mdmngr_task_hdl,   36) mdmngr_task_hdl(), receive event = 103 (vendor/mediatek/proprietary/frameworks/opt/mal/entity/mdmngr/mdmngr.c:36)
06-28 13:08:06.383   287   712 D MAL-Daemon:  (         mdmngr_task_hdl,  115) EVENT_MDMNGR_ATCMD_RESP@MDMNGR (vendor/mediatek/proprietary/frameworks/opt/mal/entity/mdmngr/mdmngr.c:115)
06-28 13:08:06.383   287   712 D MAL-Daemon:  (         mdmngr_task_hdl,  122) event_req = f3ce9500, ID = 101 (vendor/mediatek/proprietary/frameworks/opt/mal/entity/mdmngr/mdmngr.c:122)
06-28 13:08:06.383   287   712 D MAL-Daemon:  (         mdmngr_task_hdl,  125) atcmd_resp->priv_data = f3c44b60 (vendor/mediatek/proprietary/frameworks/opt/mal/entity/mdmngr/mdmngr.c:125)
06-28 13:08:06.383   287   727 I MAL-Daemon:  (             rds_ru_task,  445) [RDS-I][RU][rds_ru_task] RCV Event: 103 
06-28 13:08:06.384   287   727 I MAL-Daemon:  (rds_ru_mdmngr_atrsp_hndl, 2186) [RDS-I][RDS][RU][rds_ru_mdmngr_atrsp_hndl] get AT resp: +ECSQ: 17,37,1,1,1,-46,-413,7,13,40
06-28 13:08:06.384   287   727 I MAL-Daemon: 
06-28 13:08:06.384   287   727 I MAL-Daemon: OK
06-28 13:08:06.384   287   727 I MAL-Daemon: 
06-28 13:08:06.384   287   727 I MAL-Daemon:  (     ru_parse_3gppsigval, 1458) [RDS-I][RDS][ru_parse_3gppsigval] 3gppsigval #args act<7>
06-28 13:08:06.466  2167  2167 D ActivityThread: SVC-UNBIND_SERVICE handled : 0 / BindServiceData{token=android.os.BinderProxy@f3a717f intent=Intent { act=com.google.android.gms.auth.DATA_PROXY pkg=com.google.android.gms }}
06-28 13:08:06.466  2167  2167 D ActivityThread: SVC-Destroying service: com.google.android.gms.auth.account.be.legacy.GoogleAccountDataService@1b1354c
06-28 13:08:06.467  2167  2167 D ActivityThread: SVC-STOP_SERVICE handled : 0 / android.os.BinderProxy@f3a717f
06-28 13:08:06.475  2167  2167 D ActivityThread: SVC-UNBIND_SERVICE handled : 0 / BindServiceData{token=android.os.BinderProxy@1e13cab intent=Intent { cmp=com.google.android.gms/.auth.GetToken }}
06-28 13:08:06.475  2167  2167 D ActivityThread: SVC-Destroying service: com.google.android.gms.auth.GetToken@350a0c6
06-28 13:08:06.475  2167  2167 D ActivityThread: SVC-STOP_SERVICE handled : 0 / android.os.BinderProxy@1e13cab
06-28 13:08:06.616  2167  2167 D ActivityThread: SVC-UNBIND_SERVICE handled : 0 / BindServiceData{token=android.os.BinderProxy@8308205 intent=Intent { act=com.google.android.gms.config.START pkg=com.google.android.gms }}
06-28 13:08:06.616  2167  2167 D ActivityThread: SVC-Destroying service: com.google.android.gms.config.ConfigService@923125a
06-28 13:08:06.617  2167  2167 D ActivityThread: SVC-STOP_SERVICE handled : 0 / android.os.BinderProxy@8308205
06-28 13:08:06.745 15014 15014 D ActivityThread: SVC-UNBIND_SERVICE handled : 0 / BindServiceData{token=android.os.BinderProxy@bbd197 intent=Intent { act=com.google.android.gms.mdm.services.START pkg=com.google.android.gms }}
06-28 13:08:06.746 15014 15014 D ActivityThread: SVC-Destroying service: com.google.android.gms.mdm.services.NetworkQualityAndroidService@9415c8f
06-28 13:08:06.746 15014 15014 D ActivityThread: SVC-STOP_SERVICE handled : 0 / android.os.BinderProxy@bbd197
06-28 13:08:06.813   965  1749 D PowerManagerService: acquireWakeLockInternal: lock=116355130, flags=0x1, tag="GCoreFlp", ws=WorkSource{10012 com.google.android.gms}, uid=10012, pid=2167
06-28 13:08:06.813   965  1749 D PowerManagerService: updateWakeLockSummaryLocked: mWakefulness=Asleep, mWakeLockSummary=0x1
06-28 13:08:06.813   965  1749 D PowerManagerService: updateUserActivitySummaryLocked: mWakefulness=Asleep, mUserActivitySummary=0x0, nextTimeout=0 (56719140 ms ago)
06-28 13:08:06.813   965  1749 D DisplayPowerController: requestPowerState: policy=OFF, useProximitySensor=false, screenBrightness=102, screenAutoBrightnessAdjustment=-1.0, brightnessSetByUser=true, useAutoBrightness=true, blockScreenOn=false, lowPowerMode=false, boostScreenBrightness=false, dozeScreenBrightness=-1, dozeScreenState=UNKNOWN, waitForNegativeProximity=false
06-28 13:08:06.813   965  1749 D PowerManagerService: updateDisplayPowerStateLocked: mDisplayReady=true, policy=0, mWakefulness=0, mWakeLockSummary=0x1, mUserActivitySummary=0x0, mBootCompleted=true, mScreenBrightnessBoostInProgress=false
06-28 13:08:06.815   965  1749 D PowerManagerService: Acquiring suspend blocker "PowerManagerService.WakeLocks".
06-28 13:08:06.815   965  1749 D PowerManagerNotifier: onWakeLockAcquired: flags=1, tag="GCoreFlp", packageName=com.google.android.gms, ownerUid=10012, ownerPid=2167, workSource=WorkSource{10012 com.google.android.gms}
06-28 13:08:06.817  2167  2365 W GCoreFlp: No location to return for getLastLocation()
06-28 13:08:06.818   965  3767 D PowerManagerService: releaseWakeLockInternal: lock=116355130 [GCoreFlp], flags=0x0, total_time=5ms
06-28 13:08:06.818   965  3767 D PowerManagerNotifier: onWakeLockReleased: flags=1, tag="GCoreFlp", packageName=com.google.android.gms, ownerUid=10012, ownerPid=2167, workSource=WorkSource{10012 com.google.android.gms}
06-28 13:08:06.818   965  3767 D PowerManagerService: updateWakeLockSummaryLocked: mWakefulness=Asleep, mWakeLockSummary=0x0
06-28 13:08:06.818   965  3767 D PowerManagerService: updateUserActivitySummaryLocked: mWakefulness=Asleep, mUserActivitySummary=0x0, nextTimeout=0 (56719145 ms ago)
06-28 13:08:06.819   965  3767 D DisplayPowerController: requestPowerState: policy=OFF, useProximitySensor=false, screenBrightness=102, screenAutoBrightnessAdjustment=-1.0, brightnessSetByUser=true, useAutoBrightness=true, blockScreenOn=false, lowPowerMode=false, boostScreenBrightness=false, dozeScreenBrightness=-1, dozeScreenState=UNKNOWN, waitForNegativeProximity=false
06-28 13:08:06.819   965  3767 D PowerManagerService: updateDisplayPowerStateLocked: mDisplayReady=true, policy=0, mWakefulness=0, mWakeLockSummary=0x0, mUserActivitySummary=0x0, mBootCompleted=true, mScreenBrightnessBoostInProgress=false
06-28 13:08:06.821   965  3767 D PowerManagerService: Releasing suspend blocker "PowerManagerService.WakeLocks".
06-28 13:08:06.919  2167  2167 D ActivityThread: SVC-UNBIND_SERVICE handled : 0 / BindServiceData{token=android.os.BinderProxy@5c53bdd intent=Intent { act=com.google.android.gms.location.places.PlaceDetectionApi pkg=com.google.android.gms }}
06-28 13:08:06.919  2167  2167 D ActivityThread: SVC-Destroying service: com.google.android.location.places.service.PlaceDetectionService@7260352
06-28 13:08:06.920  2167  2167 D ActivityThread: SVC-STOP_SERVICE handled : 0 / android.os.BinderProxy@5c53bdd
06-28 13:08:06.930 15014 15014 D ActivityThread: SVC-UNBIND_SERVICE handled : 0 / BindServiceData{token=android.os.BinderProxy@f264dd8 intent=Intent { act=com.google.android.gms.location.places.GeoDataApi pkg=com.google.android.gms }}
06-28 13:08:06.930 15014 15014 D ActivityThread: SVC-Destroying service: com.google.android.location.places.service.GeoDataService@c172531
06-28 13:08:06.932 15014 15014 D ActivityThread: SVC-STOP_SERVICE handled : 0 / android.os.BinderProxy@f264dd8
06-28 13:08:06.949 15014 15014 D ActivityThread: SVC-UNBIND_SERVICE handled : 0 / BindServiceData{token=android.os.BinderProxy@a1f3650 intent=Intent { act=com.google.android.gms.icing.INDEX_SERVICE pkg=com.google.android.gms }}
06-28 13:08:06.950 15014 15014 D ActivityThread: SVC-Destroying service: com.google.android.gms.icing.service.IndexService@3b6b049
06-28 13:08:06.950 15014 15014 D ActivityThread: SVC-STOP_SERVICE handled : 0 / android.os.BinderProxy@a1f3650
06-28 13:08:06.959 15014 15014 D ActivityThread: SVC-UNBIND_SERVICE handled : 0 / BindServiceData{token=android.os.BinderProxy@6184d4a intent=Intent { act=com.google.android.gms.people.service.START pkg=com.google.android.gms }}
06-28 13:08:06.959 15014 15014 D ActivityThread: SVC-Destroying service: com.google.android.gms.people.service.PeopleService@121a4bb
06-28 13:08:06.959 15014 15014 D ActivityThread: SVC-STOP_SERVICE handled : 0 / android.os.BinderProxy@6184d4a
