--------- beginning of system
06-28 13:07:33.378   965  1693 V ActivityManager_MU: getServiceByName(ComponentInfo{com.google.android.gms/com.google.android.gms.udc.service.UdcApiService}), callingUser = 0
06-28 13:07:33.380  2167  2167 D ActivityThread: SVC-Calling onStartCommand: com.google.android.gms.udc.service.UdcApiService@ef1fd7, flags=0, startId=3
06-28 13:07:33.380  2167  2167 D ActivityThread: SVC-SERVICE_ARGS handled : 0 / ServiceArgsData{token=android.os.BinderProxy@1689356 startId=3 args=Intent { cmp=com.google.android.gms/.udc.service.UdcApiService }}
06-28 13:07:33.386   965  3767 D PowerManagerService: acquireWakeLockInternal: lock=252735267, flags=0x1, tag="CMWakeLock", ws=WorkSource{10012 com.google.android.gms}, uid=10012, pid=2167
06-28 13:07:33.386   965  3767 D PowerManagerService: updateWakeLockSummaryLocked: mWakefulness=Asleep, mWakeLockSummary=0x1
06-28 13:07:33.386   965  3767 D PowerManagerService: updateUserActivitySummaryLocked: mWakefulness=Asleep, mUserActivitySummary=0x0, nextTimeout=0 (56685713 ms ago)
06-28 13:07:33.386   965  3767 D DisplayPowerController: requestPowerState: policy=OFF, useProximitySensor=false, screenBrightness=102, screenAutoBrightnessAdjustment=-1.0, brightnessSetByUser=true, useAutoBrightness=true, blockScreenOn=false, lowPowerMode=false, boostScreenBrightness=false, dozeScreenBrightness=-1, dozeScreenState=UNKNOWN, waitForNegativeProximity=false
06-28 13:07:33.386   965  3767 D PowerManagerService: updateDisplayPowerStateLocked: mDisplayReady=true, policy=0, mWakefulness=0, mWakeLockSummary=0x1, mUserActivitySummary=0x0, mBootCompleted=true, mScreenBrightnessBoostInProgress=false
06-28 13:07:33.386   965  3767 D PowerManagerService: Acquiring suspend blocker "PowerManagerService.WakeLocks".
06-28 13:07:33.386   965  3767 D PowerManagerNotifier: onWakeLockAcquired: flags=1, tag="CMWakeLock", packageName=com.google.android.gms, ownerUid=10012, ownerPid=2167, workSource=WorkSource{10012 com.google.android.gms}
06-28 13:07:33.389   965   975 D PowerManagerService: releaseWakeLockInternal: lock=252735267 [CMWakeLock], flags=0x0, total_time=3ms
06-28 13:07:33.389   965   975 D PowerManagerNotifier: onWakeLockReleased: flags=1, tag="CMWakeLock", packageName=com.google.android.gms, ownerUid=10012, ownerPid=2167, workSource=WorkSource{10012 com.google.android.gms}
06-28 13:07:33.389   965   975 D PowerManagerService: updateWakeLockSummaryLocked: mWakefulness=Asleep, mWakeLockSummary=0x0
06-28 13:07:33.389   965   975 D PowerManagerService: updateUserActivitySummaryLocked: mWakefulness=Asleep, mUserActivitySummary=0x0, nextTimeout=0 (56685716 ms ago)
06-28 13:07:33.389   965   975 D DisplayPowerController: requestPowerState: policy=OFF, useProximitySensor=false, screenBrightness=102, screenAutoBrightnessAdjustment=-1.0, brightnessSetByUser=true, useAutoBrightness=true, blockScreenOn=false, lowPowerMode=false, boostScreenBrightness=false, dozeScreenBrightness=-1, dozeScreenState=UNKNOWN, waitForNegativeProximity=false
06-28 13:07:33.389   965   975 D PowerManagerService: updateDisplayPowerStateLocked: mDisplayReady=true, policy=0, mWakefulness=0, mWakeLockSummary=0x0, mUserActivitySummary=0x0, mBootCompleted=true, mScreenBrightnessBoostInProgress=false
06-28 13:07:33.389   965   975 D PowerManagerService: Releasing suspend blocker "PowerManagerService.WakeLocks".
06-28 13:07:33.390   965  1696 V ActivityManager_MU: getServiceByName(ComponentInfo{com.google.android.gms/com.google.android.gms.udc.service.UdcApiService}), callingUser = 0
06-28 13:07:33.393  2167  2167 D ActivityThread: SVC-Calling onStartCommand: com.google.android.gms.udc.service.UdcApiService@ef1fd7, flags=0, startId=4
06-28 13:07:33.393  2167  2167 D ActivityThread: SVC-SERVICE_ARGS handled : 0 / ServiceArgsData{token=android.os.BinderProxy@1689356 startId=4 args=Intent { cmp=com.google.android.gms/.udc.service.UdcApiService }}
06-28 13:07:33.398   965  2476 D PowerManagerService: acquireWakeLockInternal: lock=252735267, flags=0x1, tag="CMWakeLock", ws=WorkSource{10012 com.google.android.gms}, uid=10012, pid=2167
06-28 13:07:33.398   965  2476 D PowerManagerService: updateWakeLockSummaryLocked: mWakefulness=Asleep, mWakeLockSummary=0x1
06-28 13:07:33.398   965  2476 D PowerManagerService: updateUserActivitySummaryLocked: mWakefulness=Asleep, mUserActivitySummary=0x0, nextTimeout=0 (56685726 ms ago)
06-28 13:07:33.399   965  2476 D DisplayPowerController: requestPowerState: policy=OFF, useProximitySensor=false, screenBrightness=102, screenAutoBrightnessAdjustment=-1.0, brightnessSetByUser=true, useAutoBrightness=true, blockScreenOn=false, lowPowerMode=false, boostScreenBrightness=false, dozeScreenBrightness=-1, dozeScreenState=UNKNOWN, waitForNegativeProximity=false
06-28 13:07:33.399   965  2476 D PowerManagerService: updateDisplayPowerStateLocked: mDisplayReady=true, policy=0, mWakefulness=0, mWakeLockSummary=0x1, mUserActivitySummary=0x0, mBootCompleted=true, mScreenBrightnessBoostInProgress=false
06-28 13:07:33.399   965  2476 D PowerManagerService: Acquiring suspend blocker "PowerManagerService.WakeLocks".
06-28 13:07:33.399   965  2476 D PowerManagerNotifier: onWakeLockAcquired: flags=1, tag="CMWakeLock", packageName=com.google.android.gms, ownerUid=10012, ownerPid=2167, workSource=WorkSource{10012 com.google.android.gms}
06-28 13:07:33.405   965  2473 V ActivityManager_MU: getServiceByName(ComponentInfo{com.google.android.gms/com.google.android.gms.udc.service.UdcApiService}), callingUser = 0
06-28 13:07:33.405   965  1778 D PowerManagerService: releaseWakeLockInternal: lock=252735267 [CMWakeLock], flags=0x0, total_time=7ms
06-28 13:07:33.405   965  1778 D PowerManagerNotifier: onWakeLockReleased: flags=1, tag="CMWakeLock", packageName=com.google.android.gms, ownerUid=10012, ownerPid=2167, workSource=WorkSource{10012 com.google.android.gms}
06-28 13:07:33.405   965  1778 D PowerManagerService: updateWakeLockSummaryLocked: mWakefulness=Asleep, mWakeLockSummary=0x0
06-28 13:07:33.405   965  1778 D PowerManagerService: updateUserActivitySummaryLocked: mWakefulness=Asleep, mUserActivitySummary=0x0, nextTimeout=0 (56685732 ms ago)
06-28 13:07:33.406   965  1778 D DisplayPowerController: requestPowerState: policy=OFF, useProximitySensor=false, screenBrightness=102, screenAutoBrightnessAdjustment=-1.0, brightnessSetByUser=true, useAutoBrightness=true, blockScreenOn=false, lowPowerMode=false, boostScreenBrightness=false, dozeScreenBrightness=-1, dozeScreenState=UNKNOWN, waitForNegativeProximity=false
06-28 13:07:33.406   965  1778 D PowerManagerService: updateDisplayPowerStateLocked: mDisplayReady=true, policy=0, mWakefulness=0, mWakeLockSummary=0x0, mUserActivitySummary=0x0, mBootCompleted=true, mScreenBrightnessBoostInProgress=false
06-28 13:07:33.406   965  1778 D PowerManagerService: Releasing suspend blocker "PowerManagerService.WakeLocks".
06-28 13:07:33.406   965  1778 V ActivityManager_MU: getIntentSenderLocked(): uid=10012
06-28 13:07:33.407   965  1660 V AlarmManager: APP set(PendingIntent{3ee2c20: PendingIntentRecord{1e0a48 com.google.android.gms broadcastIntent}}) : type=3 triggerAtTime=110338419 win=-1 tElapsed=110338419 maxElapsed=110383418 interval=0 flags=0x0
06-28 13:07:33.408   965  1660 D AlarmManager:  whichBatch = -1
06-28 13:07:33.414   965  1676 V ActivityManager_MU: getServiceByName(ComponentInfo{com.google.android.gms/com.google.android.gms.lockbox.LockboxService}), callingUser = 0
06-28 13:07:33.416  2167  2167 D ActivityThread: SVC-Destroying service: com.google.android.gms.lockbox.LockboxService@fac4e85
06-28 13:07:33.419  2167  2167 D ActivityThread: SVC-STOP_SERVICE handled : 0 / android.os.BinderProxy@e42c064
06-28 13:07:35.117   965  1776 V ActivityManager: Broadcast: Intent { act=com.mobpower.sdk.probe flg=0x10 (has extras) } ordered=false userid=0 callerApp=ProcessRecord{f2ff43b 20553:com.commsource.beautyplus/u0a126}
06-28 13:07:35.118   965  1776 V RestrictedPackageService: filterBroadcastReceiver for com.mobpower.sdk.probe
06-28 13:07:35.118   965   980 V ActivityManager_MU: isSingleton(com.commsource.beautyplus, ApplicationInfo{35836cb com.commsource.beautyplus}, com.mobpower.probe.PowerReceiver, 0x0) = false
06-28 13:07:35.133 20553 20553 D ActivityThread: BDC-Calling onReceive: intent=Intent { act=com.mobpower.sdk.probe flg=0x10 cmp=com.commsource.beautyplus/com.mobpower.probe.PowerReceiver (has extras) }, receiver=com.mobpower.probe.PowerReceiver@6f23e45
06-28 13:07:35.133 20553 20553 D ActivityThread: BDC-Calling onReceive end receiver=class com.mobpower.probe.PowerReceiver
06-28 13:07:35.140 20553 20553 D ActivityThread: BDC-RECEIVER handled : 0 / ReceiverData{intent=Intent { act=com.mobpower.sdk.probe flg=0x10 cmp=com.commsource.beautyplus/com.mobpower.probe.PowerReceiver (has extras) } packageName=com.commsource.beautyplus resultCode=-1 resultData=null resultExtras=null}
06-28 13:07:35.876   965  1677 W PackageManager: checkUidPermission(): com.android.chrome.permission.DEBUG of 2000 is denied.
06-28 13:07:35.877   965  1696 W PackageManager: checkUidPermission(): com.android.chrome.permission.DEBUG of 2000 is denied.
06-28 13:07:37.433   965  2476 W PackageManager: checkUidPermission(): android.permission.INTERACT_ACROSS_USERS_FULL of 10126 is denied.
06-28 13:07:37.433   965  2476 W PackageManager: checkUidPermission(): android.permission.REAL_GET_TASKS of 10126 is denied.
06-28 13:07:37.433   965  2476 W ActivityManager: getRunningAppProcesses: caller 10126 does not hold REAL_GET_TASKS; limiting output
06-28 13:07:38.361  2167  2167 D ActivityThread: SVC-UNBIND_SERVICE handled : 0 / BindServiceData{token=android.os.BinderProxy@1689356 intent=Intent { act=com.google.android.gms.udc.service.START pkg=com.google.android.gms }}
06-28 13:07:38.361  2167  2167 D ActivityThread: SVC-Destroying service: com.google.android.gms.udc.service.UdcApiService@ef1fd7
06-28 13:07:38.361  2167  2167 D ActivityThread: SVC-STOP_SERVICE handled : 0 / android.os.BinderProxy@1689356
06-28 13:07:38.418  2167  2167 D ActivityThread: SVC-UNBIND_SERVICE handled : 0 / BindServiceData{token=android.os.BinderProxy@c967532 intent=Intent { act=com.google.android.gms.lockbox.service.START pkg=com.google.android.gms }}
06-28 13:07:38.418  2167  2167 D ActivityThread: SVC-Destroying service: com.google.android.gms.lockbox.service.LockboxBrokerService@a715283
06-28 13:07:38.419  2167  2167 D ActivityThread: SVC-STOP_SERVICE handled : 0 / android.os.BinderProxy@c967532
06-28 13:07:39.860   965  1749 W PackageManager: checkUidPermission(): com.android.chrome.permission.DEBUG of 2000 is denied.
06-28 13:07:39.862   965  1676 W PackageManager: checkUidPermission(): com.android.chrome.permission.DEBUG of 2000 is denied.
06-28 13:07:43.189   965  1267 D AlarmManager: set alarm to RTC 110297971
06-28 13:07:43.189   965  1267 D DataShapingService: Alarm manager openLteDataUpLinkGate: false
06-28 13:07:43.189   965  1267 V AlarmManager: openLteGateSuccess = false
06-28 13:07:43.189   965  1267 V AlarmManager: socktUnblockingTimeElapsed(ms): 60575 < mMinimumPeriod_BlockSocket: 300000
06-28 13:07:43.189   965  1267 D AlarmManager: wakeup alarm = Alarm{9239655 type 2 when 110288202 com.google.android.gms}; package = com.google.android.gmsneedGrouping = true
06-28 13:07:43.190   965  1267 V ActivityManager: Broadcast: Intent { act=com.google.android.location.ALARM_WAKEUP_ACTIVITY_DETECTION flg=0x114 (has extras) } ordered=true userid=0 callerApp=null
06-28 13:07:43.195   965  1267 V AlarmManager: sending alarm Alarm{9239655 type 2 when 110288202 com.google.android.gms} success
06-28 13:07:43.195   965  1267 D PowerManagerService: acquireWakeLockInternal: lock=95337606, flags=0x1, tag="*alarm*", ws=WorkSource{10012 com.google.android.gms}, uid=1000, pid=965
06-28 13:07:43.195   965  1267 D PowerManagerService: updateWakeLockSummaryLocked: mWakefulness=Asleep, mWakeLockSummary=0x1
06-28 13:07:43.195   965  1267 D PowerManagerService: updateUserActivitySummaryLocked: mWakefulness=Asleep, mUserActivitySummary=0x0, nextTimeout=0 (56695522 ms ago)
06-28 13:07:43.196   965  1267 D DisplayPowerController: requestPowerState: policy=OFF, useProximitySensor=false, screenBrightness=102, screenAutoBrightnessAdjustment=-1.0, brightnessSetByUser=true, useAutoBrightness=true, blockScreenOn=false, lowPowerMode=false, boostScreenBrightness=false, dozeScreenBrightness=-1, dozeScreenState=UNKNOWN, waitForNegativeProximity=false
06-28 13:07:43.196   965  1267 D PowerManagerService: updateDisplayPowerStateLocked: mDisplayReady=true, policy=0, mWakefulness=0, mWakeLockSummary=0x1, mUserActivitySummary=0x0, mBootCompleted=true, mScreenBrightnessBoostInProgress=false
06-28 13:07:43.197   965  1267 D PowerManagerService: Acquiring suspend blocker "PowerManagerService.WakeLocks".
06-28 13:07:43.199   965  1267 D PowerManagerNotifier: onWakeLockAcquired: flags=1, tag="*alarm*", packageName=android, ownerUid=1000, ownerPid=965, workSource=WorkSource{10012 com.google.android.gms}
06-28 13:07:43.205   965  1677 D PowerManagerService: acquireWakeLockInternal: lock=245021145, flags=0x1, tag="NlpCollectorWakeLock", ws=WorkSource{10012 com.google.android.gms}, uid=10012, pid=2167
06-28 13:07:43.206   965  1677 D PowerManagerService: updateWakeLockSummaryLocked: mWakefulness=Asleep, mWakeLockSummary=0x1
06-28 13:07:43.206   965  1677 D PowerManagerService: updateUserActivitySummaryLocked: mWakefulness=Asleep, mUserActivitySummary=0x0, nextTimeout=0 (56695533 ms ago)
06-28 13:07:43.206   965  1677 D DisplayPowerController: requestPowerState: policy=OFF, useProximitySensor=false, screenBrightness=102, screenAutoBrightnessAdjustment=-1.0, brightnessSetByUser=true, useAutoBrightness=true, blockScreenOn=false, lowPowerMode=false, boostScreenBrightness=false, dozeScreenBrightness=-1, dozeScreenState=UNKNOWN, waitForNegativeProximity=false
06-28 13:07:43.206   965  1677 D PowerManagerService: updateDisplayPowerStateLocked: mDisplayReady=true, policy=0, mWakefulness=0, mWakeLockSummary=0x1, mUserActivitySummary=0x0, mBootCompleted=true, mScreenBrightnessBoostInProgress=false
06-28 13:07:43.208   965  1677 D PowerManagerNotifier: onWakeLockAcquired: flags=1, tag="NlpCollectorWakeLock", packageName=com.google.android.gms, ownerUid=10012, ownerPid=2167, workSource=WorkSource{10012 com.google.android.gms}
06-28 13:07:43.214   965  2476 D PowerManagerService: acquireWakeLockInternal: lock=56061854, flags=0x1, tag="NlpCollectorWakeLock", ws=WorkSource{10012 com.google.android.gms}, uid=10012, pid=2167
06-28 13:07:43.215   965  2476 D PowerManagerService: updateWakeLockSummaryLocked: mWakefulness=Asleep, mWakeLockSummary=0x1
06-28 13:07:43.215   965  2476 D PowerManagerService: updateUserActivitySummaryLocked: mWakefulness=Asleep, mUserActivitySummary=0x0, nextTimeout=0 (56695542 ms ago)
06-28 13:07:43.215   965  2476 D DisplayPowerController: requestPowerState: policy=OFF, useProximitySensor=false, screenBrightness=102, screenAutoBrightnessAdjustment=-1.0, brightnessSetByUser=true, useAutoBrightness=true, blockScreenOn=false, lowPowerMode=false, boostScreenBrightness=false, dozeScreenBrightness=-1, dozeScreenState=UNKNOWN, waitForNegativeProximity=false
06-28 13:07:43.215   965  2476 D PowerManagerService: updateDisplayPowerStateLocked: mDisplayReady=true, policy=0, mWakefulness=0, mWakeLockSummary=0x1, mUserActivitySummary=0x0, mBootCompleted=true, mScreenBrightnessBoostInProgress=false
06-28 13:07:43.216   965  2476 D PowerManagerNotifier: onWakeLockAcquired: flags=1, tag="NlpCollectorWakeLock", packageName=com.google.android.gms, ownerUid=10012, ownerPid=2167, workSource=WorkSource{10012 com.google.android.gms}
06-28 13:07:43.220   965  2473 D PowerManagerService: acquireWakeLockInternal: lock=40950399, flags=0x1, tag="NlpCollectorWakeLock", ws=WorkSource{10012 com.google.android.gms}, uid=10012, pid=2167
06-28 13:07:43.220   965  2473 D PowerManagerService: updateWakeLockSummaryLocked: mWakefulness=Asleep, mWakeLockSummary=0x1
06-28 13:07:43.220   965  2473 D PowerManagerService: updateUserActivitySummaryLocked: mWakefulness=Asleep, mUserActivitySummary=0x0, nextTimeout=0 (56695547 ms ago)
06-28 13:07:43.220   965  2473 D DisplayPowerController: requestPowerState: policy=OFF, useProximitySensor=false, screenBrightness=102, screenAutoBrightnessAdjustment=-1.0, brightnessSetByUser=true, useAutoBrightness=true, blockScreenOn=false, lowPowerMode=false, boostScreenBrightness=false, dozeScreenBrightness=-1, dozeScreenState=UNKNOWN, waitForNegativeProximity=false
06-28 13:07:43.220   965  2473 D PowerManagerService: updateDisplayPowerStateLocked: mDisplayReady=true, policy=0, mWakefulness=0, mWakeLockSummary=0x1, mUserActivitySummary=0x0, mBootCompleted=true, mScreenBrightnessBoostInProgress=false
06-28 13:07:43.221   965  2473 D PowerManagerNotifier: onWakeLockAcquired: flags=1, tag="NlpCollectorWakeLock", packageName=com.google.android.gms, ownerUid=10012, ownerPid=2167, workSource=WorkSource{10012 com.google.android.gms}
06-28 13:07:43.230   965  1660 D PowerManagerService: acquireWakeLockInternal: lock=165276236, flags=0x1, tag="NlpWakeLock", ws=WorkSource{10012 com.google.android.gms}, uid=10012, pid=2167
06-28 13:07:43.230   965  1660 D PowerManagerService: updateWakeLockSummaryLocked: mWakefulness=Asleep, mWakeLockSummary=0x1
06-28 13:07:43.230   965  1660 D PowerManagerService: updateUserActivitySummaryLocked: mWakefulness=Asleep, mUserActivitySummary=0x0, nextTimeout=0 (56695557 ms ago)
06-28 13:07:43.230   965  1660 D DisplayPowerController: requestPowerState: policy=OFF, useProximitySensor=false, screenBrightness=102, screenAutoBrightnessAdjustment=-1.0, brightnessSetByUser=true, useAutoBrightness=true, blockScreenOn=false, lowPowerMode=false, boostScreenBrightness=false, dozeScreenBrightness=-1, dozeScreenState=UNKNOWN, waitForNegativeProximity=false
06-28 13:07:43.231   965  1660 D PowerManagerService: updateDisplayPowerStateLocked: mDisplayReady=true, policy=0, mWakefulness=0, mWakeLockSummary=0x1, mUserActivitySummary=0x0, mBootCompleted=true, mScreenBrightnessBoostInProgress=false
06-28 13:07:43.232   965  1660 D PowerManagerNotifier: onWakeLockAcquired: flags=1, tag="NlpWakeLock", packageName=com.google.android.gms, ownerUid=10012, ownerPid=2167, workSource=WorkSource{10012 com.google.android.gms}
06-28 13:07:43.234  2167  2678 D ActivityThread: BDC-Calling onReceive end receiver=class akhg
06-28 13:07:43.234  2167  2678 D ActivityThread: BDC-Calling finishReceiver: IIntentReceiver=f1a93c4
06-28 13:07:43.237   965  3767 D PowerManagerService: releaseWakeLockInternal: lock=165276236 [NlpWakeLock], flags=0x0, total_time=7ms
06-28 13:07:43.237   965  3767 D PowerManagerNotifier: onWakeLockReleased: flags=1, tag="NlpWakeLock", packageName=com.google.android.gms, ownerUid=10012, ownerPid=2167, workSource=WorkSource{10012 com.google.android.gms}
06-28 13:07:43.237   965  3767 D PowerManagerService: updateWakeLockSummaryLocked: mWakefulness=Asleep, mWakeLockSummary=0x1
06-28 13:07:43.237   965  3767 D PowerManagerService: updateUserActivitySummaryLocked: mWakefulness=Asleep, mUserActivitySummary=0x0, nextTimeout=0 (56695564 ms ago)
06-28 13:07:43.237   965  3767 D DisplayPowerController: requestPowerState: policy=OFF, useProximitySensor=false, screenBrightness=102, screenAutoBrightnessAdjustment=-1.0, brightnessSetByUser=true, useAutoBrightness=true, blockScreenOn=false, lowPowerMode=false, boostScreenBrightness=false, dozeScreenBrightness=-1, dozeScreenState=UNKNOWN, waitForNegativeProximity=false
06-28 13:07:43.237   965  3767 D PowerManagerService: updateDisplayPowerStateLocked: mDisplayReady=true, policy=0, mWakefulness=0, mWakeLockSummary=0x1, mUserActivitySummary=0x0, mBootCompleted=true, mScreenBrightnessBoostInProgress=false
06-28 13:07:43.238   965   965 D AlarmManager: onSendFinished begin
06-28 13:07:43.238   965   965 D PowerManagerService: releaseWakeLockInternal: lock=95337606 [*alarm*], flags=0x0, total_time=43ms
06-28 13:07:43.238   965   965 D PowerManagerNotifier: onWakeLockReleased: flags=1, tag="*alarm*", packageName=android, ownerUid=1000, ownerPid=965, workSource=WorkSource{10012 com.google.android.gms}
06-28 13:07:43.238   965   965 D PowerManagerService: updateWakeLockSummaryLocked: mWakefulness=Asleep, mWakeLockSummary=0x1
06-28 13:07:43.238   965   965 D PowerManagerService: updateUserActivitySummaryLocked: mWakefulness=Asleep, mUserActivitySummary=0x0, nextTimeout=0 (56695565 ms ago)
06-28 13:07:43.238   965   965 D DisplayPowerController: requestPowerState: policy=OFF, useProximitySensor=false, screenBrightness=102, screenAutoBrightnessAdjustment=-1.0, brightnessSetByUser=true, useAutoBrightness=true, blockScreenOn=false, lowPowerMode=false, boostScreenBrightness=false, dozeScreenBrightness=-1, dozeScreenState=UNKNOWN, waitForNegativeProximity=false
06-28 13:07:43.238   965   965 D PowerManagerService: updateDisplayPowerStateLocked: mDisplayReady=true, policy=0, mWakefulness=0, mWakeLockSummary=0x1, mUserActivitySummary=0x0, mBootCompleted=true, mScreenBrightnessBoostInProgress=false
06-28 13:07:43.743   965  1696 D PowerManagerService: acquireWakeLockInternal: lock=165276236, flags=0x1, tag="NlpWakeLock", ws=WorkSource{10012 com.google.android.gms}, uid=10012, pid=2167
06-28 13:07:43.743   965  1696 D PowerManagerService: updateWakeLockSummaryLocked: mWakefulness=Asleep, mWakeLockSummary=0x1
06-28 13:07:43.743   965  1696 D PowerManagerService: updateUserActivitySummaryLocked: mWakefulness=Asleep, mUserActivitySummary=0x0, nextTimeout=0 (56696070 ms ago)
06-28 13:07:43.743   965  1696 D DisplayPowerController: requestPowerState: policy=OFF, useProximitySensor=false, screenBrightness=102, screenAutoBrightnessAdjustment=-1.0, brightnessSetByUser=true, useAutoBrightness=true, blockScreenOn=false, lowPowerMode=false, boostScreenBrightness=false, dozeScreenBrightness=-1, dozeScreenState=UNKNOWN, waitForNegativeProximity=false
06-28 13:07:43.743   965  1696 D PowerManagerService: updateDisplayPowerStateLocked: mDisplayReady=true, policy=0, mWakefulness=0, mWakeLockSummary=0x1, mUserActivitySummary=0x0, mBootCompleted=true, mScreenBrightnessBoostInProgress=false
06-28 13:07:43.745   965  1696 D PowerManagerNotifier: onWakeLockAcquired: flags=1, tag="NlpWakeLock", packageName=com.google.android.gms, ownerUid=10012, ownerPid=2167, workSource=WorkSource{10012 com.google.android.gms}
06-28 13:07:43.748   965  1368 D PowerManagerService: releaseWakeLockInternal: lock=40950399 [NlpCollectorWakeLock], flags=0x0, total_time=528ms
06-28 13:07:43.748   965  1368 D PowerManagerNotifier: onWakeLockReleased: flags=1, tag="NlpCollectorWakeLock", packageName=com.google.android.gms, ownerUid=10012, ownerPid=2167, workSource=WorkSource{10012 com.google.android.gms}
06-28 13:07:43.748   965  1368 D PowerManagerService: updateWakeLockSummaryLocked: mWakefulness=Asleep, mWakeLockSummary=0x1
06-28 13:07:43.748   965  1368 D PowerManagerService: updateUserActivitySummaryLocked: mWakefulness=Asleep, mUserActivitySummary=0x0, nextTimeout=0 (56696075 ms ago)
06-28 13:07:43.748   965  1368 D DisplayPowerController: requestPowerState: policy=OFF, useProximitySensor=false, screenBrightness=102, screenAutoBrightnessAdjustment=-1.0, brightnessSetByUser=true, useAutoBrightness=true, blockScreenOn=false, lowPowerMode=false, boostScreenBrightness=false, dozeScreenBrightness=-1, dozeScreenState=UNKNOWN, waitForNegativeProximity=false
06-28 13:07:43.748   965  1368 D PowerManagerService: updateDisplayPowerStateLocked: mDisplayReady=true, policy=0, mWakefulness=0, mWakeLockSummary=0x1, mUserActivitySummary=0x0, mBootCompleted=true, mScreenBrightnessBoostInProgress=false
06-28 13:07:43.751   965  1749 D PowerManagerService: releaseWakeLockInternal: lock=56061854 [NlpCollectorWakeLock], flags=0x0, total_time=536ms
06-28 13:07:43.751   965  1749 D PowerManagerNotifier: onWakeLockReleased: flags=1, tag="NlpCollectorWakeLock", packageName=com.google.android.gms, ownerUid=10012, ownerPid=2167, workSource=WorkSource{10012 com.google.android.gms}
06-28 13:07:43.751   965  1749 D PowerManagerService: updateWakeLockSummaryLocked: mWakefulness=Asleep, mWakeLockSummary=0x1
06-28 13:07:43.751   965  1749 D PowerManagerService: updateUserActivitySummaryLocked: mWakefulness=Asleep, mUserActivitySummary=0x0, nextTimeout=0 (56696078 ms ago)
06-28 13:07:43.751   965  1749 D DisplayPowerController: requestPowerState: policy=OFF, useProximitySensor=false, screenBrightness=102, screenAutoBrightnessAdjustment=-1.0, brightnessSetByUser=true, useAutoBrightness=true, blockScreenOn=false, lowPowerMode=false, boostScreenBrightness=false, dozeScreenBrightness=-1, dozeScreenState=UNKNOWN, waitForNegativeProximity=false
06-28 13:07:43.751   965  1749 D PowerManagerService: updateDisplayPowerStateLocked: mDisplayReady=true, policy=0, mWakefulness=0, mWakeLockSummary=0x1, mUserActivitySummary=0x0, mBootCompleted=true, mScreenBrightnessBoostInProgress=false
06-28 13:07:43.753   965  1749 D PowerManagerService: releaseWakeLockInternal: lock=165276236 [NlpWakeLock], flags=0x0, total_time=10ms
06-28 13:07:43.754   965  1749 D PowerManagerNotifier: onWakeLockReleased: flags=1, tag="NlpWakeLock", packageName=com.google.android.gms, ownerUid=10012, ownerPid=2167, workSource=WorkSource{10012 com.google.android.gms}
06-28 13:07:43.754   965  1749 D PowerManagerService: updateWakeLockSummaryLocked: mWakefulness=Asleep, mWakeLockSummary=0x1
06-28 13:07:43.754   965  1749 D PowerManagerService: updateUserActivitySummaryLocked: mWakefulness=Asleep, mUserActivitySummary=0x0, nextTimeout=0 (56696081 ms ago)
06-28 13:07:43.754   965  1749 D DisplayPowerController: requestPowerState: policy=OFF, useProximitySensor=false, screenBrightness=102, screenAutoBrightnessAdjustment=-1.0, brightnessSetByUser=true, useAutoBrightness=true, blockScreenOn=false, lowPowerMode=false, boostScreenBrightness=false, dozeScreenBrightness=-1, dozeScreenState=UNKNOWN, waitForNegativeProximity=false
06-28 13:07:43.754   965  1749 D PowerManagerService: updateDisplayPowerStateLocked: mDisplayReady=true, policy=0, mWakefulness=0, mWakeLockSummary=0x1, mUserActivitySummary=0x0, mBootCompleted=true, mScreenBrightnessBoostInProgress=false
06-28 13:07:43.757   965  1693 D PowerManagerService: acquireWakeLockInternal: lock=165276236, flags=0x1, tag="NlpWakeLock", ws=WorkSource{10012 com.google.android.gms}, uid=10012, pid=2167
06-28 13:07:43.757   965  1693 D PowerManagerService: updateWakeLockSummaryLocked: mWakefulness=Asleep, mWakeLockSummary=0x1
06-28 13:07:43.758   965  1693 D PowerManagerService: updateUserActivitySummaryLocked: mWakefulness=Asleep, mUserActivitySummary=0x0, nextTimeout=0 (56696085 ms ago)
06-28 13:07:43.758   965  1693 D DisplayPowerController: requestPowerState: policy=OFF, useProximitySensor=false, screenBrightness=102, screenAutoBrightnessAdjustment=-1.0, brightnessSetByUser=true, useAutoBrightness=true, blockScreenOn=false, lowPowerMode=false, boostScreenBrightness=false, dozeScreenBrightness=-1, dozeScreenState=UNKNOWN, waitForNegativeProximity=false
06-28 13:07:43.758   965  1693 D PowerManagerService: updateDisplayPowerStateLocked: mDisplayReady=true, policy=0, mWakefulness=0, mWakeLockSummary=0x1, mUserActivitySummary=0x0, mBootCompleted=true, mScreenBrightnessBoostInProgress=false
06-28 13:07:43.758   965  1693 D PowerManagerNotifier: onWakeLockAcquired: flags=1, tag="NlpWakeLock", packageName=com.google.android.gms, ownerUid=10012, ownerPid=2167, workSource=WorkSource{10012 com.google.android.gms}
06-28 13:07:43.759   965  2473 D PowerManagerService: releaseWakeLockInternal: lock=245021145 [NlpCollectorWakeLock], flags=0x0, total_time=553ms
06-28 13:07:43.760   965  2473 D PowerManagerNotifier: onWakeLockReleased: flags=1, tag="NlpCollectorWakeLock", packageName=com.google.android.gms, ownerUid=10012, ownerPid=2167, workSource=WorkSource{10012 com.google.android.gms}
06-28 13:07:43.760   965  2473 D PowerManagerService: updateWakeLockSummaryLocked: mWakefulness=Asleep, mWakeLockSummary=0x1
06-28 13:07:43.760   965  2473 D PowerManagerService: updateUserActivitySummaryLocked: mWakefulness=Asleep, mUserActivitySummary=0x0, nextTimeout=0 (56696087 ms ago)
06-28 13:07:43.760   965  2473 D DisplayPowerController: requestPowerState: policy=OFF, useProximitySensor=false, screenBrightness=102, screenAutoBrightnessAdjustment=-1.0, brightnessSetByUser=true, useAutoBrightness=true, blockScreenOn=false, lowPowerMode=false, boostScreenBrightness=false, dozeScreenBrightness=-1, dozeScreenState=UNKNOWN, waitForNegativeProximity=false
06-28 13:07:43.760   965  2473 D PowerManagerService: updateDisplayPowerStateLocked: mDisplayReady=true, policy=0, mWakefulness=0, mWakeLockSummary=0x1, mUserActivitySummary=0x0, mBootCompleted=true, mScreenBrightnessBoostInProgress=false
06-28 13:07:43.764   965  1660 D PowerManagerService: acquireWakeLockInternal: lock=166992533, flags=0x1, tag="NlpWakeLock", ws=WorkSource{10012 com.google.android.gms}, uid=10012, pid=2167
06-28 13:07:43.764   965  1660 D PowerManagerService: updateWakeLockSummaryLocked: mWakefulness=Asleep, mWakeLockSummary=0x1
06-28 13:07:43.764   965  1660 D PowerManagerService: updateUserActivitySummaryLocked: mWakefulness=Asleep, mUserActivitySummary=0x0, nextTimeout=0 (56696091 ms ago)
06-28 13:07:43.764   965  1660 D DisplayPowerController: requestPowerState: policy=OFF, useProximitySensor=false, screenBrightness=102, screenAutoBrightnessAdjustment=-1.0, brightnessSetByUser=true, useAutoBrightness=true, blockScreenOn=false, lowPowerMode=false, boostScreenBrightness=false, dozeScreenBrightness=-1, dozeScreenState=UNKNOWN, waitForNegativeProximity=false
06-28 13:07:43.764   965  1660 D PowerManagerService: updateDisplayPowerStateLocked: mDisplayReady=true, policy=0, mWakefulness=0, mWakeLockSummary=0x1, mUserActivitySummary=0x0, mBootCompleted=true, mScreenBrightnessBoostInProgress=false
06-28 13:07:43.764   965  1660 D PowerManagerNotifier: onWakeLockAcquired: flags=1, tag="NlpWakeLock", packageName=com.google.android.gms, ownerUid=10012, ownerPid=2167, workSource=WorkSource{10012 com.google.android.gms}
06-28 13:07:43.768  2167  2167 D ActivityThread: SVC-Calling onStartCommand: com.google.android.location.reporting.service.DispatchingService@dbdec9, flags=0, startId=907
06-28 13:07:43.768  2167  2167 D ActivityThread: SVC-SERVICE_ARGS handled : 0 / ServiceArgsData{token=android.os.BinderProxy@fa95d1e startId=907 args=Intent { act=com.google.android.location.reporting.ACTION_ACTIVITY cmp=com.google.android.gms/com.google.android.location.reporting.service.DispatchingService (has extras) }}
06-28 13:07:43.768   965   975 D PowerManagerService: releaseWakeLockInternal: lock=166992533 [NlpWakeLock], flags=0x0, total_time=4ms
06-28 13:07:43.769   965   975 D PowerManagerNotifier: onWakeLockReleased: flags=1, tag="NlpWakeLock", packageName=com.google.android.gms, ownerUid=10012, ownerPid=2167, workSource=WorkSource{10012 com.google.android.gms}
06-28 13:07:43.769   965   975 D PowerManagerService: updateWakeLockSummaryLocked: mWakefulness=Asleep, mWakeLockSummary=0x1
06-28 13:07:43.769   965   975 D PowerManagerService: updateUserActivitySummaryLocked: mWakefulness=Asleep, mUserActivitySummary=0x0, nextTimeout=0 (56696096 ms ago)
06-28 13:07:43.769   965   975 D DisplayPowerController: requestPowerState: policy=OFF, useProximitySensor=false, screenBrightness=102, screenAutoBrightnessAdjustment=-1.0, brightnessSetByUser=true, useAutoBrightness=true, blockScreenOn=false, lowPowerMode=false, boostScreenBrightness=false, dozeScreenBrightness=-1, dozeScreenState=UNKNOWN, waitForNegativeProximity=false
06-28 13:07:43.769   965   975 D PowerManagerService: updateDisplayPowerStateLocked: mDisplayReady=true, policy=0, mWakefulness=0, mWakeLockSummary=0x1, mUserActivitySummary=0x0, mBootCompleted=true, mScreenBrightnessBoostInProgress=false
06-28 13:07:43.772   965  1368 V AlarmManager: APP set(PendingIntent{146e7aa: PendingIntentRecord{8d7b746 com.google.android.gms broadcastIntent}}) : type=2 triggerAtTime=110526884 win=80000 tElapsed=110526884 maxElapsed=110606884 interval=0 flags=0x0
06-28 13:07:43.775   965  1368 D AlarmManager:  whichBatch = 0
06-28 13:07:43.775   965  1368 D AlarmManager:  alarm = Alarm{d429f9b type 2 when 110526884 com.google.android.gms} add to Batch{ee15f38 num=1 start=110297971 end=110624893}
06-28 13:07:43.775   965  1368 D AlarmManager: set alarm to RTC 110305462
06-28 13:07:43.775   965  1368 D AlarmManager: set alarm to RTC 110305013
06-28 13:07:43.777   965  1676 D PowerManagerService: releaseWakeLockInternal: lock=165276236 [NlpWakeLock], flags=0x0, total_time=19ms
06-28 13:07:43.777   965  1676 D PowerManagerNotifier: onWakeLockReleased: flags=1, tag="NlpWakeLock", packageName=com.google.android.gms, ownerUid=10012, ownerPid=2167, workSource=WorkSource{10012 com.google.android.gms}
06-28 13:07:43.777   965  1676 D PowerManagerService: updateWakeLockSummaryLocked: mWakefulness=Asleep, mWakeLockSummary=0x0
06-28 13:07:43.777   965  1676 D PowerManagerService: updateUserActivitySummaryLocked: mWakefulness=Asleep, mUserActivitySummary=0x0, nextTimeout=0 (56696104 ms ago)
06-28 13:07:43.777   965  1676 D DisplayPowerController: requestPowerState: policy=OFF, useProximitySensor=false, screenBrightness=102, screenAutoBrightnessAdjustment=-1.0, brightnessSetByUser=true, useAutoBrightness=true, blockScreenOn=false, lowPowerMode=false, boostScreenBrightness=false, dozeScreenBrightness=-1, dozeScreenState=UNKNOWN, waitForNegativeProximity=false
06-28 13:07:43.777   965  1676 D PowerManagerService: updateDisplayPowerStateLocked: mDisplayReady=true, policy=0, mWakefulness=0, mWakeLockSummary=0x0, mUserActivitySummary=0x0, mBootCompleted=true, mScreenBrightnessBoostInProgress=false
06-28 13:07:43.779   965  1676 D PowerManagerService: Releasing suspend blocker "PowerManagerService.WakeLocks".
06-28 13:07:43.787   965  2473 D PowerManagerService: acquireWakeLockInternal: lock=239651601, flags=0x1, tag="UlrDispSvcFastWL", ws=null, uid=10012, pid=2167
06-28 13:07:43.788   965  2473 D PowerManagerService: updateWakeLockSummaryLocked: mWakefulness=Asleep, mWakeLockSummary=0x1
06-28 13:07:43.788   965  2473 D PowerManagerService: updateUserActivitySummaryLocked: mWakefulness=Asleep, mUserActivitySummary=0x0, nextTimeout=0 (56696115 ms ago)
06-28 13:07:43.788   965  2473 D DisplayPowerController: requestPowerState: policy=OFF, useProximitySensor=false, screenBrightness=102, screenAutoBrightnessAdjustment=-1.0, brightnessSetByUser=true, useAutoBrightness=true, blockScreenOn=false, lowPowerMode=false, boostScreenBrightness=false, dozeScreenBrightness=-1, dozeScreenState=UNKNOWN, waitForNegativeProximity=false
06-28 13:07:43.788   965  2473 D PowerManagerService: updateDisplayPowerStateLocked: mDisplayReady=true, policy=0, mWakefulness=0, mWakeLockSummary=0x1, mUserActivitySummary=0x0, mBootCompleted=true, mScreenBrightnessBoostInProgress=false
06-28 13:07:43.788   965  2473 D PowerManagerService: Acquiring suspend blocker "PowerManagerService.WakeLocks".
06-28 13:07:43.788   965  2473 D PowerManagerNotifier: onWakeLockAcquired: flags=1, tag="UlrDispSvcFastWL", packageName=com.google.android.gms, ownerUid=10012, ownerPid=2167, workSource=null
06-28 13:07:43.791   965  2472 D ConnectivityService: getActiveNetworkInfo networkInfo = [type: WIFI[], state: CONNECTED/CONNECTED, reason: (unspecified), extra: "Pinnacleseven 4", roaming: false, failover: false, isAvailable: true]
06-28 13:07:43.813   965  1677 D PowerManagerService: releaseWakeLockInternal: lock=239651601 [UlrDispSvcFastWL], flags=0x0, total_time=25ms
06-28 13:07:43.813   965  1677 D PowerManagerNotifier: onWakeLockReleased: flags=1, tag="UlrDispSvcFastWL", packageName=com.google.android.gms, ownerUid=10012, ownerPid=2167, workSource=null
06-28 13:07:43.813   965  1677 D PowerManagerService: updateWakeLockSummaryLocked: mWakefulness=Asleep, mWakeLockSummary=0x0
06-28 13:07:43.814   965  1677 D PowerManagerService: updateUserActivitySummaryLocked: mWakefulness=Asleep, mUserActivitySummary=0x0, nextTimeout=0 (56696141 ms ago)
06-28 13:07:43.814   965  1677 D DisplayPowerController: requestPowerState: policy=OFF, useProximitySensor=false, screenBrightness=102, screenAutoBrightnessAdjustment=-1.0, brightnessSetByUser=true, useAutoBrightness=true, blockScreenOn=false, lowPowerMode=false, boostScreenBrightness=false, dozeScreenBrightness=-1, dozeScreenState=UNKNOWN, waitForNegativeProximity=false
06-28 13:07:43.814   965  1677 D PowerManagerService: updateDisplayPowerStateLocked: mDisplayReady=true, policy=0, mWakefulness=0, mWakeLockSummary=0x0, mUserActivitySummary=0x0, mBootCompleted=true, mScreenBrightnessBoostInProgress=false
06-28 13:07:43.814   965  1677 D PowerManagerService: Releasing suspend blocker "PowerManagerService.WakeLocks".
06-28 13:07:43.874   965  1693 W PackageManager: checkUidPermission(): com.android.chrome.permission.DEBUG of 2000 is denied.
06-28 13:07:43.875   965  2473 W PackageManager: checkUidPermission(): com.android.chrome.permission.DEBUG of 2000 is denied.
06-28 13:07:45.127   965   975 V ActivityManager: Broadcast: Intent { act=com.mobpower.sdk.probe flg=0x10 (has extras) } ordered=false userid=0 callerApp=ProcessRecord{f2ff43b 20553:com.commsource.beautyplus/u0a126}
06-28 13:07:45.128   965   975 V RestrictedPackageService: filterBroadcastReceiver for com.mobpower.sdk.probe
06-28 13:07:45.128   965   980 V ActivityManager_MU: isSingleton(com.commsource.beautyplus, ApplicationInfo{35836cb com.commsource.beautyplus}, com.mobpower.probe.PowerReceiver, 0x0) = false
06-28 13:07:45.136 20553 20553 D ActivityThread: BDC-Calling onReceive: intent=Intent { act=com.mobpower.sdk.probe flg=0x10 cmp=com.commsource.beautyplus/com.mobpower.probe.PowerReceiver (has extras) }, receiver=com.mobpower.probe.PowerReceiver@27bb99a
06-28 13:07:45.137 20553 20553 D ActivityThread: BDC-Calling onReceive end receiver=class com.mobpower.probe.PowerReceiver
06-28 13:07:45.145 20553 20553 D ActivityThread: BDC-RECEIVER handled : 0 / ReceiverData{intent=Intent { act=com.mobpower.sdk.probe flg=0x10 cmp=com.commsource.beautyplus/com.mobpower.probe.PowerReceiver (has extras) } packageName=com.commsource.beautyplus resultCode=-1 resultData=null resultExtras=null}
06-28 13:07:47.866   965  1676 W PackageManager: checkUidPermission(): com.android.chrome.permission.DEBUG of 2000 is denied.
06-28 13:07:47.868   965  1749 W PackageManager: checkUidPermission(): com.android.chrome.permission.DEBUG of 2000 is denied.
06-28 13:07:49.595   965  1542 W Watchdog: SWT Watchdog after wait current time:56701922
06-28 13:07:49.595   965  1542 W Watchdog: **Get SF Time **1
06-28 13:07:49.595   965  1542 W Watchdog: SWT Watchdog before synchronized:56701922
06-28 13:07:49.595   965  1542 W Watchdog: SWT Watchdog after synchronized:56701922
06-28 13:07:49.595   965  1542 W Watchdog: SWT Watchdog before wait timeout:30000
06-28 13:07:49.596   965  1542 W Watchdog: SWT Watchdog before wait current time:56701923
06-28 13:07:49.596   965  1542 W Watchdog: SWT Watchdog before wait start:56701923
06-28 13:07:49.596   965  1542 W Watchdog: SWT Watchdog before wait CHECK_INTERVAL:30000
06-28 13:07:50.730   965   976 W PackageManager: checkUidPermission(): com.android.chrome.permission.DEBUG of 2000 is denied.
06-28 13:07:50.732   965  1677 W PackageManager: checkUidPermission(): com.android.chrome.permission.DEBUG of 2000 is denied.
06-28 13:07:51.455   320   961 D SocketClient: SocketClient sendData done: 
06-28 13:07:51.457   320   961 D SocketClient: SocketClient sendData done: 
06-28 13:07:51.463   320   961 D SocketClient: SocketClient sendData done: 
06-28 13:07:51.467   320   961 D SocketClient: SocketClient sendData done: 
06-28 13:07:51.476   965  1749 W PackageManager: checkUidPermission(): android.permission.LOCAL_MAC_ADDRESS of 10104 is denied.
06-28 13:07:52.093   320   954 D SocketClient: SocketClient sendData done: 613 IfaceClass idle 1 110297106171747
06-28 13:07:52.094   965  1274 D NetdConnector: RCV <- {613 IfaceClass idle 1 110297106171747}
06-28 13:07:52.094   965   982 D NetworkManagement: onEvent:613 IfaceClass idle 1 110297106171747:5
06-28 13:07:52.099   965   982 V ActivityManager: Broadcast: Intent { act=android.net.conn.DATA_ACTIVITY_CHANGE flg=0x10 (has extras) } ordered=true userid=-1 callerApp=ProcessRecord{394e4fd 965:system/1000}
06-28 13:07:52.104  2167  2167 D ActivityThread: BDC-Calling onReceive end receiver=class qyj
06-28 13:07:52.104  2167  2167 D ActivityThread: BDC-Calling finishReceiver: IIntentReceiver=15c73f0
06-28 13:07:52.117   965   982 V ActivityManager: Broadcast sticky: Intent { act=android.net.conn.DATA_ACTIVITY_CHANGE_CT flg=0x10 (has extras) } ordered=false userid=-1 callerApp=ProcessRecord{394e4fd 965:system/1000}
06-28 13:07:53.937   965  2476 W PackageManager: checkUidPermission(): com.android.chrome.permission.DEBUG of 2000 is denied.
06-28 13:07:53.940   965  1776 W PackageManager: checkUidPermission(): com.android.chrome.permission.DEBUG of 2000 is denied.
06-28 13:07:55.140   965  1777 V ActivityManager: Broadcast: Intent { act=com.mobpower.sdk.probe flg=0x10 (has extras) } ordered=false userid=0 callerApp=ProcessRecord{f2ff43b 20553:com.commsource.beautyplus/u0a126}
06-28 13:07:55.140   965  1777 V RestrictedPackageService: filterBroadcastReceiver for com.mobpower.sdk.probe
06-28 13:07:55.141   965   980 V ActivityManager_MU: isSingleton(com.commsource.beautyplus, ApplicationInfo{35836cb com.commsource.beautyplus}, com.mobpower.probe.PowerReceiver, 0x0) = false
06-28 13:07:55.156 20553 20553 D ActivityThread: BDC-Calling onReceive: intent=Intent { act=com.mobpower.sdk.probe flg=0x10 cmp=com.commsource.beautyplus/com.mobpower.probe.PowerReceiver (has extras) }, receiver=com.mobpower.probe.PowerReceiver@85722cb
06-28 13:07:55.156 20553 20553 D ActivityThread: BDC-Calling onReceive end receiver=class com.mobpower.probe.PowerReceiver
06-28 13:07:55.156 20553 20553 D ActivityThread: BDC-RECEIVER handled : 0 / ReceiverData{intent=Intent { act=com.mobpower.sdk.probe flg=0x10 cmp=com.commsource.beautyplus/com.mobpower.probe.PowerReceiver (has extras) } packageName=com.commsource.beautyplus resultCode=-1 resultData=null resultExtras=null}
06-28 13:07:55.163   320   958 D FrameworkListener: dispatchCommand data = (getaddrinfo log.mobpowertech.com ^ 1024 0 1 0 0)
06-28 13:07:55.165   320   954 D SocketClient: SocketClient sendData done: 613 IfaceClass active 1 110300178619747 0
06-28 13:07:55.166   965  1274 D NetdConnector: RCV <- {613 IfaceClass active 1 110300178619747 0}
06-28 13:07:55.166   965   982 D NetworkManagement: onEvent:613 IfaceClass active 1 110300178619747 0:6
06-28 13:07:55.168   965   982 V ActivityManager: Broadcast: Intent { act=android.net.conn.DATA_ACTIVITY_CHANGE flg=0x10 (has extras) } ordered=true userid=-1 callerApp=ProcessRecord{394e4fd 965:system/1000}
06-28 13:07:55.168   965   982 V ActivityManager: Broadcast sticky: Intent { act=android.net.conn.DATA_ACTIVITY_CHANGE_CT flg=0x10 (has extras) } ordered=false userid=-1 callerApp=ProcessRecord{394e4fd 965:system/1000}
06-28 13:07:55.169  2167  2167 D ActivityThread: BDC-Calling onReceive end receiver=class qyj
06-28 13:07:55.169  2167  2167 D ActivityThread: BDC-Calling finishReceiver: IIntentReceiver=15c73f0
06-28 13:07:55.368   320 31777 D SocketClient: SocketClient sendData done: 222
06-28 13:07:55.368   320 31777 D SocketClient: SocketClient sendData done: 
06-28 13:07:55.368   320 31777 D SocketClient: SocketClient sendData done: 
06-28 13:07:55.368   320 31777 D SocketClient: SocketClient sendData done: 
06-28 13:07:55.368   320 31777 D SocketClient: SocketClient sendData done: 
06-28 13:07:55.368   320 31777 D SocketClient: SocketClient sendData done: 
06-28 13:07:55.368   320 31777 D SocketClient: SocketClient sendData done: 
06-28 13:07:55.368   320 31777 D SocketClient: SocketClient sendData done: 
06-28 13:07:55.368   320 31777 D SocketClient: SocketClient sendData done: 
06-28 13:07:55.368   320 31777 D SocketClient: SocketClient sendData done: 
06-28 13:07:55.368   320 31777 D SocketClient: SocketClient sendData done: 
06-28 13:07:55.368   320 31777 D SocketClient: SocketClient sendData done: 
06-28 13:07:55.368   320 31777 D SocketClient: SocketClient sendData done: 
06-28 13:07:55.368   320 31777 D SocketClient: SocketClient sendData done: 
06-28 13:07:55.368   320 31777 D SocketClient: SocketClient sendData done: 
06-28 13:07:55.368   320 31777 D SocketClient: SocketClient sendData done: 
06-28 13:07:55.369   320 31777 D SocketClient: SocketClient sendData done: 
06-28 13:07:55.369   320 31777 D SocketClient: SocketClient sendData done: 
06-28 13:07:55.369   320 31777 D SocketClient: SocketClient sendData done: 
06-28 13:07:55.369   320 31777 D SocketClient: SocketClient sendData done: 
06-28 13:07:55.369   320 31777 D SocketClient: SocketClient sendData done: 
06-28 13:07:55.369   320 31777 D SocketClient: SocketClient sendData done: 
06-28 13:07:55.369   320 31777 D SocketClient: SocketClient sendData done: 
06-28 13:07:55.369   320 31777 D SocketClient: SocketClient sendData done: 
06-28 13:07:55.369   320 31777 D SocketClient: SocketClient sendData done: 
06-28 13:07:55.369   320 31777 D SocketClient: SocketClient sendData done: 
06-28 13:07:55.369   320 31777 D SocketClient: SocketClient sendData done: 
06-28 13:07:55.369   320 31777 D SocketClient: SocketClient sendData done: 
06-28 13:07:55.369   320 31777 D SocketClient: SocketClient sendData done: 
06-28 13:07:55.369   320 31777 D SocketClient: SocketClient sendData done: 
06-28 13:07:55.369   320 31777 D SocketClient: SocketClient sendData done: 
06-28 13:07:55.369   320 31777 D SocketClient: SocketClient sendData done: 
06-28 13:07:55.370   320 31777 D SocketClient: SocketClient sendData done: 
06-28 13:07:55.370   320 31777 D SocketClient: SocketClient sendData done: 
06-28 13:07:55.381   320   961 D SocketClient: SocketClient sendData done: 
06-28 13:07:55.482   965  1676 D ConnectivityService: getActiveNetworkInfo networkInfo = [type: WIFI[], state: CONNECTED/CONNECTED, reason: (unspecified), extra: "Pinnacleseven 4", roaming: false, failover: false, isAvailable: true]
06-28 13:07:55.869   965  2473 W PackageManager: checkUidPermission(): com.android.chrome.permission.DEBUG of 2000 is denied.
06-28 13:07:55.870   965  2472 W PackageManager: checkUidPermission(): com.android.chrome.permission.DEBUG of 2000 is denied.
06-28 13:07:56.149   965  2476 V LightsService: setLight #3: v=0, color=#ff00ff00 onMS = 0 offMS = 0is same return
06-28 13:07:58.258   965  1778 W PackageManager: checkUidPermission(): com.android.chrome.permission.DEBUG of 2000 is denied.
06-28 13:07:58.260   965  1368 W PackageManager: checkUidPermission(): com.android.chrome.permission.DEBUG of 2000 is denied.
06-28 13:08:00.000   965  1267 D DataShapingService: Alarm manager openLteDataUpLinkGate: false
06-28 13:08:00.000   965  1267 V AlarmManager: openLteGateSuccess = false
06-28 13:08:00.000   965  1267 V ActivityManager: Broadcast: Intent { act=android.intent.action.TIME_TICK flg=0x50000114 (has extras) } ordered=true userid=-1 callerApp=null
06-28 13:08:00.001   965  1267 V AlarmManager: sending alarm Alarm{303d476 type 3 when 110305013 android} success
06-28 13:08:00.001   965  1267 D PowerManagerService: acquireWakeLockInternal: lock=95337606, flags=0x40000001, tag="*alarm*", ws=WorkSource{1000}, uid=1000, pid=965
06-28 13:08:00.001   965  1267 D PowerManagerService: updateWakeLockSummaryLocked: mWakefulness=Asleep, mWakeLockSummary=0x1
06-28 13:08:00.001   965  1267 D PowerManagerService: updateUserActivitySummaryLocked: mWakefulness=Asleep, mUserActivitySummary=0x0, nextTimeout=0 (56712328 ms ago)
06-28 13:08:00.001   965  1267 D DisplayPowerController: requestPowerState: policy=OFF, useProximitySensor=false, screenBrightness=102, screenAutoBrightnessAdjustment=-1.0, brightnessSetByUser=true, useAutoBrightness=true, blockScreenOn=false, lowPowerMode=false, boostScreenBrightness=false, dozeScreenBrightness=-1, dozeScreenState=UNKNOWN, waitForNegativeProximity=false
06-28 13:08:00.001   965  1267 D PowerManagerService: updateDisplayPowerStateLocked: mDisplayReady=true, policy=0, mWakefulness=0, mWakeLockSummary=0x1, mUserActivitySummary=0x0, mBootCompleted=true, mScreenBrightnessBoostInProgress=false
06-28 13:08:00.003   965   965 V AlarmManager: isPowerSavingStart  mIsEnabled = true   mIsUsbConnected = true   mScreenOff = true   mIsWFDConnected = false
06-28 13:08:00.004   965   965 D ActivityThread: BDC-Calling finishReceiver: IIntentReceiver=a4ff0d0
06-28 13:08:00.005   965   965 V AlarmManager: mSupportAlarmGrouping = true  mAmPlus = com.mediatek.amplus.AlarmManagerPlus@d7a9ae4
06-28 13:08:00.007   965  1267 D PowerManagerService: Acquiring suspend blocker "PowerManagerService.WakeLocks".
06-28 13:08:00.008   965  1267 D PowerManagerNotifier: onWakeLockAcquired: flags=1073741825, tag="*alarm*", packageName=android, ownerUid=1000, ownerPid=965, workSource=WorkSource{1000}
06-28 13:08:00.009   965   965 V AlarmManager: APP set(PendingIntent{860870b: PendingIntentRecord{7c109e8 android broadcastIntent}}) : type=3 triggerAtTime=110365013 win=0 tElapsed=110365013 maxElapsed=110365013 interval=0 flags=0x1
06-28 13:08:00.010   965   965 D AlarmManager:  whichBatch = -1
06-28 13:08:00.011   965   965 D ActivityThread: BDC-Calling finishReceiver: IIntentReceiver=30b49fc
06-28 13:08:00.018  1333  1333 D ActivityThread: BDC-Calling onReceive end receiver=class com.lenovo.keyguard.adapter.LenovoAdapterMtk$1
06-28 13:08:00.018  1333  1333 D ActivityThread: BDC-Calling finishReceiver: IIntentReceiver=c477a9c
06-28 13:08:00.025  1333  1333 D ActivityThread: BDC-Calling onReceive end receiver=class com.android.systemui.statusbar.KeyguardIndicationController$2
06-28 13:08:00.025  1333  1333 D ActivityThread: BDC-Calling finishReceiver: IIntentReceiver=272eca5
