06-28 13:07:45.128   965   980 V ActivityManager_MU: isSingleton(com.commsource.beautyplus, ApplicationInfo{35836cb com.commsource.beautyplus}, com.mobpower.probe.PowerReceiver, 0x0) = false
06-28 13:07:45.136 20553 20553 D ActivityThread: BDC-Calling onReceive: intent=Intent { act=com.mobpower.sdk.probe flg=0x10 cmp=com.commsource.beautyplus/com.mobpower.probe.PowerReceiver (has extras) }, receiver=com.mobpower.probe.PowerReceiver@27bb99a
06-28 13:07:45.137 20553 20553 D ActivityThread: BDC-Calling onReceive end receiver=class com.mobpower.probe.PowerReceiver
06-28 13:07:45.145 20553 20553 D ActivityThread: BDC-RECEIVER handled : 0 / ReceiverData{intent=Intent { act=com.mobpower.sdk.probe flg=0x10 cmp=com.commsource.beautyplus/com.mobpower.probe.PowerReceiver (has extras) } packageName=com.commsource.beautyplus resultCode=-1 resultData=null resultExtras=null}
06-28 13:07:45.483   344   344 I thermal_src: wake up function 3
06-28 13:07:45.483   344   344 I thermal_src: TA_DAEMON_CMD_GET_TPCB cmd=0x5, len=4 PCB=34000
06-28 13:07:45.483   344   344 I thermal_src: TA_DAEMON_CMD_SET_TTJ cmd=0x4, len=4 Tj=85000
06-28 13:07:45.483   344   344 I thermal_src: waiting NOTIFY from kernel...
06-28 13:07:45.814   965  1265 D LIGHT   : processEvent code=0,value=77
06-28 13:07:46.371   287  2900 I MAL-Daemon:  (    ru_mdmngr_send_atcmd, 1931) [RDS-I][RDS][RU][ru_mdmngr_send_atcmd] try to send ATcmd : AT+ECSQ 
06-28 13:07:46.371   287  2900 I MAL-Daemon:  (    ru_mdmngr_send_atcmd, 1940) [RDS-I][RDS][RU][ru_mdmngr_send_atcmd] ru_check_ctx_ptr<0xf5c33c9c, 0xf5c33c9c>
06-28 13:07:46.371   287  2900 W MAL-Daemon:  (    mdfx_task_send_event,  636) mdfx_task_send_event(): [ACT] should NOT enter this leagcy API!!
06-28 13:07:46.372   287  2900 I MAL-Daemon:  (    ru_send_event_entity,  350) [RDS-I][RDS][RU][ru_send_event_entity] send event 101 to 101 with ret(0)
06-28 13:07:46.372   287   712 D MAL-Daemon:  (         mdmngr_task_hdl,   36) mdmngr_task_hdl(), receive event = 101 (vendor/mediatek/proprietary/frameworks/opt/mal/entity/mdmngr/mdmngr.c:36)
06-28 13:07:46.372   287   712 D MAL-Daemon:  (         mdmngr_task_hdl,   67) EVENT_MDMNGR_ATCMD_REQ@MDMNGR, priv_data = f3ce9500, channel = 1, cmd = (AT+ECSQ) (vendor/mediatek/proprietary/frameworks/opt/mal/entity/mdmngr/mdmngr.c:67)
06-28 13:07:46.372   287   712 W MAL-Daemon:  (    mdfx_task_send_event,  636) mdfx_task_send_event(): [ACT] should NOT enter this leagcy API!!
06-28 13:07:46.372   287   734 I MAL-Daemon:  ( mdfx_event_do_statistic,  153) mdfx_event_do_statistic(): [STATISTIC] TID = 734 has used 141185924 bytes!!
06-28 13:07:46.372   287   734 E MAL-Daemon:  (void* rilproxy_task_hdl(,  439) rilproxy_task_hdl(), receive event = 401
06-28 13:07:46.373   287   734 D MAL-Daemon:  (int rilproxy_send_ril_re,  320) send ril request, request_id = 2130, serial_no = 1d6700, length = 18000000, send_size = 24(18), fd = 29
06-28 13:07:46.381   287   731 D MAL-Daemon:  (void* rilproxy_cmd_resp_,  670) recv ril resp, length = 64, type = 0, result = 0, serial_no = 1d6700
06-28 13:07:46.381   287   731 D MAL-Daemon:  (void* rilproxy_cmd_resp_,  676) event_id = 401
06-28 13:07:46.382   287   712 D MAL-Daemon:  (         mdmngr_task_hdl,   36) mdmngr_task_hdl(), receive event = 103 (vendor/mediatek/proprietary/frameworks/opt/mal/entity/mdmngr/mdmngr.c:36)
06-28 13:07:46.382   287   712 D MAL-Daemon:  (         mdmngr_task_hdl,  115) EVENT_MDMNGR_ATCMD_RESP@MDMNGR (vendor/mediatek/proprietary/frameworks/opt/mal/entity/mdmngr/mdmngr.c:115)
06-28 13:07:46.382   287   712 D MAL-Daemon:  (         mdmngr_task_hdl,  122) event_req = f3ce9500, ID = 101 (vendor/mediatek/proprietary/frameworks/opt/mal/entity/mdmngr/mdmngr.c:122)
06-28 13:07:46.382   287   712 D MAL-Daemon:  (         mdmngr_task_hdl,  125) atcmd_resp->priv_data = f3c44340 (vendor/mediatek/proprietary/frameworks/opt/mal/entity/mdmngr/mdmngr.c:125)
06-28 13:07:46.382   287   727 I MAL-Daemon:  (             rds_ru_task,  445) [RDS-I][RU][rds_ru_task] RCV Event: 103 
06-28 13:07:46.382   287   727 I MAL-Daemon:  (rds_ru_mdmngr_atrsp_hndl, 2186) [RDS-I][RDS][RU][rds_ru_mdmngr_atrsp_hndl] get AT resp: +ECSQ: 17,37,1,1,1,-46,-413,7,13,40
06-28 13:07:46.382   287   727 I MAL-Daemon: 
06-28 13:07:46.382   287   727 I MAL-Daemon: OK
06-28 13:07:46.382   287   727 I MAL-Daemon: 
06-28 13:07:46.382   287   727 I MAL-Daemon:  (     ru_parse_3gppsigval, 1458) [RDS-I][RDS][ru_parse_3gppsigval] 3gppsigval #args act<7>
06-28 13:07:46.385   965  1265 D LIGHT   : processEvent code=0,value=78
06-28 13:07:46.954   965  1265 D LIGHT   : processEvent code=0,value=79
06-28 13:07:47.046   287 10673 I MAL-Daemon:  (        ru_syssig_hndler,  418) [RDS-I][ru_syssig_hndler] Send Event: 688 
06-28 13:07:47.046   287 10673 I MAL-Daemon:  (        ru_syssig_hndler,  419) [RDS-I][RDS][RU][ru_syssig_hndler] ru_check_ctx_ptr<0xf5c33c9c, 0xf5c33c9c>
06-28 13:07:47.046   287 10673 W MAL-Daemon:  (    mdfx_task_send_event,  636) mdfx_task_send_event(): [ACT] should NOT enter this leagcy API!!
06-28 13:07:47.046   287 10673 I MAL-Daemon:  (    ru_send_event_entity,  350) [RDS-I][RDS][RU][ru_send_event_entity] send event 688 to 602 with ret(0)
06-28 13:07:47.047   287   727 I MAL-Daemon:  (             rds_ru_task,  445) [RDS-I][RU][rds_ru_task] RCV Event: 688 
06-28 13:07:47.047  1488  1488 D wpa_supplicant: wlan0: Control interface command 'SIGNAL_POLL'
06-28 13:07:47.066   287   727 D MAL-Daemon:  (     ru_wsl_poll_wpainfo,  639) [RDS-D][RDS][RU][ru_wsl_poll_wpainfo]socket recv pktlen(48) 
06-28 13:07:47.066   287   727 D MAL-Daemon:  (rds_ru_ws_rssi_timer_exp,  752) [RDS-D][RU][rds_ru_ws_rssi_timer_expire_hdlr][RDS] get rssi = -39, snr = 9999 
06-28 13:07:47.067   287   727 I MAL-Daemon:  (          ru_get_netstat, 5285) [RDS-I][RU][ru_get_netstat] netstat <thrghpt, pkterrt>, wifi <0, 0%>, mobile <0, 0%>
06-28 13:07:47.067   287   727 I MAL-Daemon:  (    ru_send_event_entity,  350) [RDS-I][RDS][RU][ru_send_event_entity] send event 614 to 1234 with ret(0)
06-28 13:07:47.068  1716  1847 I MFI-Conn:  (     mfia_task_bootstrap,  944) mfia_task_bootstrap(): an event 614 incoming
06-28 13:07:47.068  1716  2696 I MFI-Conn:  (             rds_urc_hdl,  230) [RDS][rds_urc_hdl] RCV Event: 614 
06-28 13:07:47.068  1716  2696 I MFI-Conn:  (             rds_urc_hdl,  325) [RDS][IF][rds_urc_hdl] data_base update: pkterrt(0) 
06-28 13:07:47.109   346   346 I thermal_repeater: select timeout
06-28 13:07:47.524   965  1265 D LIGHT   : processEvent code=0,value=78
06-28 13:07:47.866   965  1676 W PackageManager: checkUidPermission(): com.android.chrome.permission.DEBUG of 2000 is denied.
06-28 13:07:47.868   965  1749 W PackageManager: checkUidPermission(): com.android.chrome.permission.DEBUG of 2000 is denied.
06-28 13:07:48.094   965  1265 D LIGHT   : processEvent code=0,value=79
06-28 13:07:48.156   965   993 I libsuspend: ws name: battery suspend wakelock, act_since: 782759, act_cnt: 48, ev_cnt: 4342, wakeup_cnt: 54
06-28 13:07:48.156   965   993 I libsuspend: ws name: USB.lock, act_since: 782310, act_cnt: 47, ev_cnt: 47, wakeup_cnt: 2
06-28 13:07:49.595   965  1542 W Watchdog: SWT Watchdog after wait current time:56701922
06-28 13:07:49.595   965  1542 D AES     : AEEIOCTL_GET/SET_SF_STATE IOCTL,cmd= 1074294797, lParam=0. 
06-28 13:07:49.595   965  1542 W Watchdog: **Get SF Time **1
06-28 13:07:49.595   965  1542 D AES     : AEEIOCTL_RT_MON_Kick IOCTL,cmd= -2147192822, lParam=300. 
06-28 13:07:49.595   965  1542 W Watchdog: SWT Watchdog before synchronized:56701922
06-28 13:07:49.595   965  1542 W Watchdog: SWT Watchdog after synchronized:56701922
06-28 13:07:49.595   965  1542 W Watchdog: SWT Watchdog before wait timeout:30000
06-28 13:07:49.596   965  1542 W Watchdog: SWT Watchdog before wait current time:56701923
06-28 13:07:49.596   965  1542 W Watchdog: SWT Watchdog before wait start:56701923
06-28 13:07:49.596   965  1542 W Watchdog: SWT Watchdog before wait CHECK_INTERVAL:30000
06-28 13:07:49.596   965   982 D InputReader: InputReader::monitor: lock
06-28 13:07:49.596   965   982 D InputReader: InputReader::monitor: wait 
06-28 13:07:49.597   965   982 D InputReader: InputReader::monitor: unlock
06-28 13:07:49.598   965   982 D InputReader: InputReader::monitor: done
06-28 13:07:50.046   287 10673 I MAL-Daemon:  (        ru_syssig_hndler,  418) [RDS-I][ru_syssig_hndler] Send Event: 688 
06-28 13:07:50.046   287 10673 I MAL-Daemon:  (        ru_syssig_hndler,  419) [RDS-I][RDS][RU][ru_syssig_hndler] ru_check_ctx_ptr<0xf5c33c9c, 0xf5c33c9c>
06-28 13:07:50.046   287 10673 W MAL-Daemon:  (    mdfx_task_send_event,  636) mdfx_task_send_event(): [ACT] should NOT enter this leagcy API!!
06-28 13:07:50.046   287 10673 I MAL-Daemon:  (    ru_send_event_entity,  350) [RDS-I][RDS][RU][ru_send_event_entity] send event 688 to 602 with ret(0)
06-28 13:07:50.047   287   727 I MAL-Daemon:  (             rds_ru_task,  445) [RDS-I][RU][rds_ru_task] RCV Event: 688 
06-28 13:07:50.047  1488  1488 D wpa_supplicant: wlan0: Control interface command 'SIGNAL_POLL'
06-28 13:07:50.066   287   727 D MAL-Daemon:  (     ru_wsl_poll_wpainfo,  639) [RDS-D][RDS][RU][ru_wsl_poll_wpainfo]socket recv pktlen(48) 
06-28 13:07:50.066   287   727 D MAL-Daemon:  (rds_ru_ws_rssi_timer_exp,  752) [RDS-D][RU][rds_ru_ws_rssi_timer_expire_hdlr][RDS] get rssi = -38, snr = 9999 
06-28 13:07:50.066   287   727 I MAL-Daemon:  (  ru_wsl_wifi_status_ind,  734) [RDS-I][RDS][RU][ru_wsl_wifi_status_ind] ru_check_ctx_ptr<0xf5c33c9c, 0xf5c33c9c>
06-28 13:07:50.066   287   727 W MAL-Daemon:  (    mdfx_task_send_event,  636) mdfx_task_send_event(): [ACT] should NOT enter this leagcy API!!
06-28 13:07:50.067   287   727 I MAL-Daemon:  (    ru_send_event_entity,  350) [RDS-I][RDS][RU][ru_send_event_entity] send event 604 to 602 with ret(0)
06-28 13:07:50.068   287   727 I MAL-Daemon:  (          ru_get_netstat, 5285) [RDS-I][RU][ru_get_netstat] netstat <thrghpt, pkterrt>, wifi <0, 0%>, mobile <0, 0%>
06-28 13:07:50.068   287   727 I MAL-Daemon:  (    ru_send_event_entity,  350) [RDS-I][RDS][RU][ru_send_event_entity] send event 614 to 1234 with ret(0)
06-28 13:07:50.068   287   727 I MAL-Daemon:  (             rds_ru_task,  445) [RDS-I][RU][rds_ru_task] RCV Event: 604 
06-28 13:07:50.068   287   727 I MAL-Daemon:  (  rds_ru_wifi_status_ind, 1338) [RDS-I][RU][EVENT_RU_WS_WIFI_STATUS_IND] fgwifi_en:1(no use) i4wifirssi:0xffffffda i4wifisnr:0x270f
06-28 13:07:50.068   287   727 I MAL-Daemon:  (    ru_send_event_entity,  350) [RDS-I][RDS][RU][ru_send_event_entity] send event 615 to 1234 with ret(0)
06-28 13:07:50.068   287   727 I MAL-Daemon:  (          rds_ru_rpl_gen, 4866) [RDS-I][RU][rds_ru_rpl_gen][RDS][OP18] TYPE : <0>, UI Policy : <3>, RDS Policy : <3>
06-28 13:07:50.068   287   727 I MAL-Daemon:  (      rds_cell_only_rjil, 3847) [RDS-I][RU][RDS IMS/MMS][rds_cell_only_rjil] 
06-28 13:07:50.068   287   727 I MAL-Daemon:  (          rds_ru_rpl_gen, 4877) [RDS-I][RU][rds_ru_rpl_gen][RDS][OP18] TYPE : <0>, RAN1 : <1> ,RAN2 : <254>
06-28 13:07:50.068   287   727 I MAL-Daemon:  (          rds_ru_rpl_gen, 4866) [RDS-I][RU][rds_ru_rpl_gen][RDS][OP18] TYPE : <1>, UI Policy : <3>, RDS Policy : <3>
06-28 13:07:50.068   287   727 I MAL-Daemon:  (      rds_cell_only_rjil, 3847) [RDS-I][RU][RDS IMS/MMS][rds_cell_only_rjil] 
06-28 13:07:50.068   287   727 I MAL-Daemon:  (          rds_ru_rpl_gen, 4877) [RDS-I][RU][rds_ru_rpl_gen][RDS][OP18] TYPE : <1>, RAN1 : <1> ,RAN2 : <254>
06-28 13:07:50.069   287   727 I MAL-Daemon:  (          rds_ru_rpl_gen, 4866) [RDS-I][RU][rds_ru_rpl_gen][RDS][OP18] TYPE : <2>, UI Policy : <3>, RDS Policy : <3>
06-28 13:07:50.069   287   727 I MAL-Daemon:  (      rds_cell_only_rjil, 3847) [RDS-I][RU][RDS IMS/MMS][rds_cell_only_rjil] 
06-28 13:07:50.069   287   727 I MAL-Daemon:  (          rds_ru_rpl_gen, 4877) [RDS-I][RU][rds_ru_rpl_gen][RDS][OP18] TYPE : <2>, RAN1 : <1> ,RAN2 : <254>
06-28 13:07:50.069   287   727 I MAL-Daemon:  (          rds_ru_rpl_gen, 4866) [RDS-I][RU][rds_ru_rpl_gen][RDS][OP18] TYPE : <3>, UI Policy : <3>, RDS Policy : <3>
06-28 13:07:50.069   287   727 I MAL-Daemon:  (          rds_ru_rpl_gen, 4877) [RDS-I][RU][rds_ru_rpl_gen][RDS][OP18] TYPE : <3>, RAN1 : <1> ,RAN2 : <255>
06-28 13:07:50.069   287   727 I MAL-Daemon:  (          rds_ru_rpl_gen, 4866) [RDS-I][RU][rds_ru_rpl_gen][RDS][OP18] TYPE : <4>, UI Policy : <3>, RDS Policy : <3>
06-28 13:07:50.069   287   727 I MAL-Daemon:  (          rds_ru_rpl_gen, 4877) [RDS-I][RU][rds_ru_rpl_gen][RDS][OP18] TYPE : <4>, RAN1 : <1> ,RAN2 : <255>
06-28 13:07:50.069   287   727 I MAL-Daemon:  (          rds_ru_rpl_gen, 4866) [RDS-I][RU][rds_ru_rpl_gen][RDS][OP18] TYPE : <5>, UI Policy : <3>, RDS Policy : <3>
06-28 13:07:50.069   287   727 I MAL-Daemon:  (          rds_ru_rpl_gen, 4877) [RDS-I][RU][rds_ru_rpl_gen][RDS][OP18] TYPE : <5>, RAN1 : <1> ,RAN2 : <255>
06-28 13:07:50.069   287   727 I MAL-Daemon:  (          rds_ru_rpl_gen, 4877) [RDS-I][RU][rds_ru_rpl_gen][RDS][OP18] TYPE : <6>, RAN1 : <254> ,RAN2 : <254>
06-28 13:07:50.069   287   727 I MAL-Daemon:  (    rds_op_check_feature,  293) [RDS-I][RDS][OP][rds_op_check_feature] operator id(18) check feature<0>, curr_opmsk is <5>, sys_opmsk is <0x0005, 5>
06-28 13:07:50.069   287   727 I MAL-Daemon:  (          rds_ru_rpl_gen, 4901) [RDS-I][RU][rds_ru_rpl_gen][RDS] Current policy: fgimsolte_en<1>, fgwfc_en<0>, erdspolicy<3>, 
06-28 13:07:50.069   287   727 I MAL-Daemon:  (          rds_ru_rpl_gen, 4904) [RDS-I][RU][rds_ru_rpl_gen][RDS] Threshold i4wifirssih<-75>, i4wifirssil<-85>, i4wifirssih_ho<-78>, i4wifirssil_ho<-88>, i4wifisnrh<10>, i4wifisnrl<6>
06-28 13:07:50.070   287   727 I MAL-Daemon:  (          rds_ru_rpl_gen, 4907) [RDS-I][RU][rds_ru_rpl_gen][RDS] Threshold i4ltersrph<-106>, i4ltersrpm<-111>, i4ltersrpl<-116>, i4ltersrqh<5>, i4ltersrqm<3>, i4ltersrql<1>
06-28 13:07:50.070   287   727 I MAL-Daemon:  (          rds_ru_rpl_gen, 4910) [RDS-I][RU][rds_ru_rpl_gen][RDS] current rds ru status: i4wifirssi<-38>, i4wifisnr<9999>, i4ltersrp<-104>, i4ltersrq<17>, u4active_ran<65539> 
06-28 13:07:50.070   287   727 I MAL-Daemon:  (          rds_ru_rpl_gen, 4913) [RDS-I][RU][rds_ru_rpl_gen][RDS] current wifi backhaul : rtp_plr<0>, rtp_jitter<0>, ping_ind<0>
06-28 13:07:50.070   287   727 I MAL-Daemon:  (          rds_ru_rpl_gen, 4916) [RDS-I][RU][rds_ru_rpl_gen][RDS] Call stat : IR92<0>, IR94<0> 
06-28 13:07:50.070   287   727 I MAL-Daemon:  (          rds_ru_rpl_gen, 4922) [RDS-I][RU][RDS IMS/MMS][rds_ru_rpl_gen] Ori:(1,254)/(1,255) New:(1,254)/(1,255)
06-28 13:07:50.070   287   727 I MAL-Daemon:  (          rds_ru_rpl_gen, 4927) [RDS-I][RU][RDS IMS/MMS WIFI][rds_ru_rpl_gen] Ori:(1,254)/(1,255) New:(1,254)/(1,255)
06-28 13:07:50.070   287   727 I MAL-Daemon:  (          rds_ru_rpl_gen, 4932) [RDS-I][RU][RDS IMS/MMS CELL][rds_ru_rpl_gen] Ori:(1,254)/(1,255) New:(1,254)/(1,255)
06-28 13:07:50.070   287   727 I MAL-Daemon:  (          rds_ru_rpl_gen, 4936) [RDS-I][RU][RDS EMG][rds_ru_rpl_gen] Ori:(254,254) New:(254,254)
06-28 13:07:50.071  1716  1847 I MFI-Conn:  (     mfia_task_bootstrap,  944) mfia_task_bootstrap(): an event 614 incoming
06-28 13:07:50.072  1716  1847 I MFI-Conn:  (     mfia_task_bootstrap,  944) mfia_task_bootstrap(): an event 615 incoming
06-28 13:07:50.073  1716  2696 I MFI-Conn:  (             rds_urc_hdl,  230) [RDS][rds_urc_hdl] RCV Event: 614 
06-28 13:07:50.073  1716  2696 I MFI-Conn:  (             rds_urc_hdl,  325) [RDS][IF][rds_urc_hdl] data_base update: pkterrt(0) 
06-28 13:07:50.073  1716  2696 I MFI-Conn:  (             rds_urc_hdl,  230) [RDS][rds_urc_hdl] RCV Event: 615 
06-28 13:07:50.073  1716  2696 I MFI-Conn:  (             rds_urc_hdl,  335) [RDS][IF][rds_urc_hdl] data_base update: i4wifirssi(-38) 
06-28 13:07:50.493   344   344 I thermal_src: wake up function 3
06-28 13:07:50.493   344   344 I thermal_src: TA_DAEMON_CMD_GET_TPCB cmd=0x5, len=4 PCB=34000
06-28 13:07:50.493   344   344 I thermal_src: TA_DAEMON_CMD_SET_TTJ cmd=0x4, len=4 Tj=85000
06-28 13:07:50.493   344   344 I thermal_src: waiting NOTIFY from kernel...
06-28 13:07:50.730   965   976 W PackageManager: checkUidPermission(): com.android.chrome.permission.DEBUG of 2000 is denied.
06-28 13:07:50.732   965  1677 W PackageManager: checkUidPermission(): com.android.chrome.permission.DEBUG of 2000 is denied.
06-28 13:07:50.944   965  1265 D LIGHT   : processEvent code=0,value=78
06-28 13:07:51.455   320   961 D SocketClient: SocketClient sendData done: 
06-28 13:07:51.457   320   961 D SocketClient: SocketClient sendData done: 
06-28 13:07:51.463   320   961 D SocketClient: SocketClient sendData done: 
06-28 13:07:51.467   320   961 D SocketClient: SocketClient sendData done: 
06-28 13:07:51.476   965  1749 W PackageManager: checkUidPermission(): android.permission.LOCAL_MAC_ADDRESS of 10104 is denied.
06-28 13:07:51.514   965  1265 D LIGHT   : processEvent code=0,value=79
06-28 13:07:52.084   965  1265 D LIGHT   : processEvent code=0,value=78
06-28 13:07:52.093  2612  2627 D FRR     : buff=0x7f8b277240, len=194
06-28 13:07:52.093  2612  2627 D FRR     : uevent[0]=0x7f8b277240, len=43, "change@/devices/virtual/xt_idletimer/timers"
06-28 13:07:52.093  2612  2627 D FRR     : voteFps(60, 0)
06-28 13:07:52.093  2612  2627 D FRR     : ThermalListener loop:
06-28 13:07:52.093   320   954 D SocketClient: SocketClient sendData done: 613 IfaceClass idle 1 110297106171747
06-28 13:07:52.094   965  1274 D NetdConnector: RCV <- {613 IfaceClass idle 1 110297106171747}
06-28 13:07:52.094   965   982 D NetworkManagement: onEvent:613 IfaceClass idle 1 110297106171747:5
06-28 13:07:52.099   965   982 V ActivityManager: Broadcast: Intent { act=android.net.conn.DATA_ACTIVITY_CHANGE flg=0x10 (has extras) } ordered=true userid=-1 callerApp=ProcessRecord{394e4fd 965:system/1000}
06-28 13:07:52.104  2167  2167 D ActivityThread: BDC-Calling onReceive end receiver=class qyj
06-28 13:07:52.104  2167  2167 D ActivityThread: BDC-Calling finishReceiver: IIntentReceiver=15c73f0
06-28 13:07:52.110   346   346 I thermal_repeater: oh, queryMdThermalInfo (0)No such file or directory
06-28 13:07:52.117   965   982 V ActivityManager: Broadcast sticky: Intent { act=android.net.conn.DATA_ACTIVITY_CHANGE_CT flg=0x10 (has extras) } ordered=false userid=-1 callerApp=ProcessRecord{394e4fd 965:system/1000}
06-28 13:07:52.123   346   346 I thermal_repeater: [recvMdThermalInfo] ret=25, strLen=127,  3, 41, -127, 0, 32767, 1
06-28 13:07:52.654   965  1265 D LIGHT   : processEvent code=0,value=79
06-28 13:07:53.046   287 10673 I MAL-Daemon:  (        ru_syssig_hndler,  418) [RDS-I][ru_syssig_hndler] Send Event: 688 
06-28 13:07:53.046   287 10673 I MAL-Daemon:  (        ru_syssig_hndler,  419) [RDS-I][RDS][RU][ru_syssig_hndler] ru_check_ctx_ptr<0xf5c33c9c, 0xf5c33c9c>
06-28 13:07:53.046   287 10673 W MAL-Daemon:  (    mdfx_task_send_event,  636) mdfx_task_send_event(): [ACT] should NOT enter this leagcy API!!
06-28 13:07:53.046   287 10673 I MAL-Daemon:  (    ru_send_event_entity,  350) [RDS-I][RDS][RU][ru_send_event_entity] send event 688 to 602 with ret(0)
06-28 13:07:53.047   287   727 I MAL-Daemon:  (             rds_ru_task,  445) [RDS-I][RU][rds_ru_task] RCV Event: 688 
06-28 13:07:53.047  1488  1488 D wpa_supplicant: wlan0: Control interface command 'SIGNAL_POLL'
06-28 13:07:53.066   287   727 D MAL-Daemon:  (     ru_wsl_poll_wpainfo,  639) [RDS-D][RDS][RU][ru_wsl_poll_wpainfo]socket recv pktlen(48) 
06-28 13:07:53.066   287   727 D MAL-Daemon:  (rds_ru_ws_rssi_timer_exp,  752) [RDS-D][RU][rds_ru_ws_rssi_timer_expire_hdlr][RDS] get rssi = -38, snr = 9999 
06-28 13:07:53.067   287   727 I MAL-Daemon:  (          ru_get_netstat, 5285) [RDS-I][RU][ru_get_netstat] netstat <thrghpt, pkterrt>, wifi <0, 0%>, mobile <0, 0%>
06-28 13:07:53.067   287   727 I MAL-Daemon:  (    ru_send_event_entity,  350) [RDS-I][RDS][RU][ru_send_event_entity] send event 614 to 1234 with ret(0)
06-28 13:07:53.068  1716  1847 I MFI-Conn:  (     mfia_task_bootstrap,  944) mfia_task_bootstrap(): an event 614 incoming
06-28 13:07:53.068  1716  2696 I MFI-Conn:  (             rds_urc_hdl,  230) [RDS][rds_urc_hdl] RCV Event: 614 
06-28 13:07:53.068  1716  2696 I MFI-Conn:  (             rds_urc_hdl,  325) [RDS][IF][rds_urc_hdl] data_base update: pkterrt(0) 
06-28 13:07:53.224   965  1265 D LIGHT   : processEvent code=0,value=78
06-28 13:07:53.794   965  1265 D LIGHT   : processEvent code=0,value=79
06-28 13:07:53.937   965  2476 W PackageManager: checkUidPermission(): com.android.chrome.permission.DEBUG of 2000 is denied.
06-28 13:07:53.940   965  1776 W PackageManager: checkUidPermission(): com.android.chrome.permission.DEBUG of 2000 is denied.
06-28 13:07:53.943   965  4106 D DhcpStateMachine: PollingState{ when=-31ms what=196616 target=com.android.internal.util.StateMachine$SmHandler }
06-28 13:07:53.943   965  4106 D DhcpStateMachine: GET_DHCP_RESULTS on wlan0
06-28 13:07:53.943   965  4106 D DhcpUtils: [dhcpv6_get_results] result_prop_name = dhcp.ipv6.wlan0.result; isrenew = 0
06-28 13:07:53.943   965  4106 D DhcpUtils: [dhcpv6_get_results] prop_value = 
06-28 13:07:53.943   965  4106 D NetUtils: dhcpv6_get_results failed : wlan0 ()
06-28 13:07:53.943   965  4106 D DhcpStateMachine: getDhcpv6Results failed, isRenew = false
06-28 13:07:55.140   965  1777 V ActivityManager: Broadcast: Intent { act=com.mobpower.sdk.probe flg=0x10 (has extras) } ordered=false userid=0 callerApp=ProcessRecord{f2ff43b 20553:com.commsource.beautyplus/u0a126}
06-28 13:07:55.140   965  1777 V RestrictedPackageService: filterBroadcastReceiver for com.mobpower.sdk.probe
06-28 13:07:55.141   965   980 V ActivityManager_MU: isSingleton(com.commsource.beautyplus, ApplicationInfo{35836cb com.commsource.beautyplus}, com.mobpower.probe.PowerReceiver, 0x0) = false
06-28 13:07:55.156 20553 20553 D ActivityThread: BDC-Calling onReceive: intent=Intent { act=com.mobpower.sdk.probe flg=0x10 cmp=com.commsource.beautyplus/com.mobpower.probe.PowerReceiver (has extras) }, receiver=com.mobpower.probe.PowerReceiver@85722cb
06-28 13:07:55.156 20553 20553 D ActivityThread: BDC-Calling onReceive end receiver=class com.mobpower.probe.PowerReceiver
06-28 13:07:55.156 20553 20553 D ActivityThread: BDC-RECEIVER handled : 0 / ReceiverData{intent=Intent { act=com.mobpower.sdk.probe flg=0x10 cmp=com.commsource.beautyplus/com.mobpower.probe.PowerReceiver (has extras) } packageName=com.commsource.beautyplus resultCode=-1 resultData=null resultExtras=null}
06-28 13:07:55.160 20553 31776 I System.out: [CDS][DNS] getAllByNameImpl netId = 0
06-28 13:07:55.161 20553 31776 D libc-netbsd: [getaddrinfo]: mtk hostname=log.mobpowertech.com; servname=(null); netid=0; mark=0
06-28 13:07:55.161 20553 31776 D libc-netbsd: getaddrinfo( app_uid:10126
06-28 13:07:55.161 20553 31776 D libc-netbsd: getaddrinfo() uid prop:
06-28 13:07:55.161 20553 31776 D libc-netbsd: getaddrinfo() getuid():10126
06-28 13:07:55.161 20553 31776 D libc-netbsd: [getaddrinfo]: mtk ai_addrlen=0; ai_canonname=(null); ai_flags=4; ai_family=0
06-28 13:07:55.162 20553 31776 D libc-netbsd: [getaddrinfo]: mtk hostname=log.mobpowertech.com; servname=(null); netid=0; mark=0
06-28 13:07:55.162 20553 31776 D libc-netbsd: getaddrinfo( app_uid:10126
06-28 13:07:55.162 20553 31776 D libc-netbsd: getaddrinfo() uid prop:
06-28 13:07:55.162 20553 31776 D libc-netbsd: getaddrinfo() getuid():10126
06-28 13:07:55.162 20553 31776 D libc-netbsd: [getaddrinfo]: mtk ai_addrlen=0; ai_canonname=(null); ai_flags=1024; ai_family=0
06-28 13:07:55.163   320   958 D FrameworkListener: dispatchCommand data = (getaddrinfo log.mobpowertech.com ^ 1024 0 1 0 0)
06-28 13:07:55.163   320 31777 D libc-netbsd: [getaddrinfo]: mtk hostname=log.mobpowertech.com; servname=(null); netid=1031; mark=1031
06-28 13:07:55.164   320 31777 D libc-netbsd: getaddrinfo( app_uid:0
06-28 13:07:55.164   320 31777 D libc-netbsd: [getaddrinfo]: mtk ai_addrlen=0; ai_canonname=(null); ai_flags=1024; ai_family=0
06-28 13:07:55.164   320 31777 D libc-netbsd: getaddrinfo: log.mobpowertech.com get result from proxy gai_error = 11
06-28 13:07:55.164   320 31777 D libc-netbsd: default dns: query_ipv6=1, query_ipv4=1
06-28 13:07:55.165   320 31777 D libc-netbsd: res_queryN name = log.mobpowertech.com, class = 1, type = 28
06-28 13:07:55.165   320 31777 D libc-netbsd: netid=1031, dns0:4.2.2.2
06-28 13:07:55.165   320 31777 D libc-netbsd: netid=1031, dns1:8.8.8.8
06-28 13:07:55.165  2612  2627 D FRR     : buff=0x7f8b277240, len=193
06-28 13:07:55.165  2612  2627 D FRR     : uevent[0]=0x7f8b277240, len=43, "change@/devices/virtual/xt_idletimer/timers"
06-28 13:07:55.165  2612  2627 D FRR     : voteFps(60, 0)
06-28 13:07:55.165  2612  2627 D FRR     : ThermalListener loop:
06-28 13:07:55.165   320   954 D SocketClient: SocketClient sendData done: 613 IfaceClass active 1 110300178619747 0
06-28 13:07:55.166   965  1274 D NetdConnector: RCV <- {613 IfaceClass active 1 110300178619747 0}
06-28 13:07:55.166   965   982 D NetworkManagement: onEvent:613 IfaceClass active 1 110300178619747 0:6
06-28 13:07:55.168   965   982 V ActivityManager: Broadcast: Intent { act=android.net.conn.DATA_ACTIVITY_CHANGE flg=0x10 (has extras) } ordered=true userid=-1 callerApp=ProcessRecord{394e4fd 965:system/1000}
06-28 13:07:55.168   965   982 V ActivityManager: Broadcast sticky: Intent { act=android.net.conn.DATA_ACTIVITY_CHANGE_CT flg=0x10 (has extras) } ordered=false userid=-1 callerApp=ProcessRecord{394e4fd 965:system/1000}
06-28 13:07:55.169  2167  2167 D ActivityThread: BDC-Calling onReceive end receiver=class qyj
06-28 13:07:55.169  2167  2167 D ActivityThread: BDC-Calling finishReceiver: IIntentReceiver=15c73f0
06-28 13:07:55.275   320 31777 D libc-netbsd: res_queryN name = log.mobpowertech.com, class = 1, type = 1
06-28 13:07:55.275   320 31777 D libc-netbsd: netid=1031, dns0:4.2.2.2
06-28 13:07:55.275   320 31777 D libc-netbsd: netid=1031, dns1:8.8.8.8
06-28 13:07:55.367   320 31777 D libc-netbsd: res_queryN name = log.mobpowertech.com succeed
06-28 13:07:55.368   320 31777 D SocketClient: SocketClient sendData done: 222
06-28 13:07:55.368   320 31777 D SocketClient: SocketClient sendData done: 
06-28 13:07:55.368   320 31777 D SocketClient: SocketClient sendData done: 
06-28 13:07:55.368   320 31777 D SocketClient: SocketClient sendData done: 
06-28 13:07:55.368   320 31777 D SocketClient: SocketClient sendData done: 
06-28 13:07:55.368   320 31777 D SocketClient: SocketClient sendData done: 
06-28 13:07:55.368   320 31777 D SocketClient: SocketClient sendData done: 
06-28 13:07:55.368   320 31777 D SocketClient: SocketClient sendData done: 
06-28 13:07:55.368   320 31777 D SocketClient: SocketClient sendData done: 
06-28 13:07:55.368   320 31777 D SocketClient: SocketClient sendData done: 
06-28 13:07:55.368   320 31777 D SocketClient: SocketClient sendData done: 
06-28 13:07:55.368   320 31777 D SocketClient: SocketClient sendData done: 
06-28 13:07:55.368   320 31777 D SocketClient: SocketClient sendData done: 
06-28 13:07:55.368   320 31777 D SocketClient: SocketClient sendData done: 
06-28 13:07:55.368   320 31777 D SocketClient: SocketClient sendData done: 
06-28 13:07:55.368   320 31777 D SocketClient: SocketClient sendData done: 
06-28 13:07:55.369   320 31777 D SocketClient: SocketClient sendData done: 
06-28 13:07:55.369   320 31777 D SocketClient: SocketClient sendData done: 
06-28 13:07:55.369   320 31777 D SocketClient: SocketClient sendData done: 
06-28 13:07:55.369   320 31777 D SocketClient: SocketClient sendData done: 
06-28 13:07:55.369   320 31777 D SocketClient: SocketClient sendData done: 
06-28 13:07:55.369   320 31777 D SocketClient: SocketClient sendData done: 
06-28 13:07:55.369   320 31777 D SocketClient: SocketClient sendData done: 
06-28 13:07:55.369   320 31777 D SocketClient: SocketClient sendData done: 
06-28 13:07:55.369   320 31777 D SocketClient: SocketClient sendData done: 
06-28 13:07:55.369   320 31777 D SocketClient: SocketClient sendData done: 
06-28 13:07:55.369   320 31777 D SocketClient: SocketClient sendData done: 
06-28 13:07:55.369   320 31777 D SocketClient: SocketClient sendData done: 
06-28 13:07:55.369   320 31777 D SocketClient: SocketClient sendData done: 
06-28 13:07:55.369   320 31777 D SocketClient: SocketClient sendData done: 
06-28 13:07:55.369   320 31777 D SocketClient: SocketClient sendData done: 
06-28 13:07:55.369   320 31777 D SocketClient: SocketClient sendData done: 
06-28 13:07:55.370   320 31777 D SocketClient: SocketClient sendData done: 
06-28 13:07:55.370   320 31777 D SocketClient: SocketClient sendData done: 
06-28 13:07:55.376 20553 31776 D libc-netbsd: getaddrinfo: log.mobpowertech.com get result from proxy gai_error = 0
06-28 13:07:55.377 20553 31776 I System.out: [CDS]rx timeout:0
06-28 13:07:55.379 20553 31776 I System.out: [socket][322] connection log.mobpowertech.com/52.77.48.11:80;LocalPort=49821(20000)
06-28 13:07:55.380 20553 31776 I System.out: [CDS]connect[log.mobpowertech.com/52.77.48.11:80] tm:20
06-28 13:07:55.380 20553 31776 D Posix   : [Posix_connect Debug]Process com.commsource.beautyplus :80 
06-28 13:07:55.381   320   961 D SocketClient: SocketClient sendData done: 
06-28 13:07:55.477 20553 31776 I System.out: [socket][/192.168.1.10:49821] connected
06-28 13:07:55.478 20553 31776 I System.out: [CDS]rx timeout:0
06-28 13:07:55.478 20553 31776 I System.out: [CDS]SO_SND_TIMEOUT:0
06-28 13:07:55.482   965  1676 D ConnectivityService: getActiveNetworkInfo networkInfo = [type: WIFI[], state: CONNECTED/CONNECTED, reason: (unspecified), extra: "Pinnacleseven 4", roaming: false, failover: false, isAvailable: true]
06-28 13:07:55.484 20553 31776 I System.out: [OkHttp] sendRequest>>
06-28 13:07:55.484 20553 31776 I System.out: [OkHttp] sendRequest<<
06-28 13:07:55.503   344   344 I thermal_src: wake up function 3
06-28 13:07:55.503   344   344 I thermal_src: TA_DAEMON_CMD_GET_TPCB cmd=0x5, len=4 PCB=34000
06-28 13:07:55.503   344   344 I thermal_src: TA_DAEMON_CMD_SET_TTJ cmd=0x4, len=4 Tj=85000
06-28 13:07:55.503   344   344 I thermal_src: waiting NOTIFY from kernel...
06-28 13:07:55.869   965  2473 W PackageManager: checkUidPermission(): com.android.chrome.permission.DEBUG of 2000 is denied.
06-28 13:07:55.870   965  2472 W PackageManager: checkUidPermission(): com.android.chrome.permission.DEBUG of 2000 is denied.
06-28 13:07:56.046   287 10673 I MAL-Daemon:  (        ru_syssig_hndler,  418) [RDS-I][ru_syssig_hndler] Send Event: 688 
06-28 13:07:56.046   287 10673 I MAL-Daemon:  (        ru_syssig_hndler,  419) [RDS-I][RDS][RU][ru_syssig_hndler] ru_check_ctx_ptr<0xf5c33c9c, 0xf5c33c9c>
06-28 13:07:56.046   287 10673 W MAL-Daemon:  (    mdfx_task_send_event,  636) mdfx_task_send_event(): [ACT] should NOT enter this leagcy API!!
06-28 13:07:56.046   287 10673 I MAL-Daemon:  (    ru_send_event_entity,  350) [RDS-I][RDS][RU][ru_send_event_entity] send event 688 to 602 with ret(0)
06-28 13:07:56.047   287   727 I MAL-Daemon:  (             rds_ru_task,  445) [RDS-I][RU][rds_ru_task] RCV Event: 688 
06-28 13:07:56.047  1488  1488 D wpa_supplicant: wlan0: Control interface command 'SIGNAL_POLL'
06-28 13:07:56.052   287   727 D MAL-Daemon:  (     ru_wsl_poll_wpainfo,  639) [RDS-D][RDS][RU][ru_wsl_poll_wpainfo]socket recv pktlen(48) 
06-28 13:07:56.052   287   727 D MAL-Daemon:  (rds_ru_ws_rssi_timer_exp,  752) [RDS-D][RU][rds_ru_ws_rssi_timer_expire_hdlr][RDS] get rssi = -38, snr = 9999 
06-28 13:07:56.053   287   727 I MAL-Daemon:  (          ru_get_netstat, 5285) [RDS-I][RU][ru_get_netstat] netstat <thrghpt, pkterrt>, wifi <1899, 0%>, mobile <0, 0%>
06-28 13:07:56.053   287   727 I MAL-Daemon:  (    ru_send_event_entity,  350) [RDS-I][RDS][RU][ru_send_event_entity] send event 614 to 1234 with ret(0)
06-28 13:07:56.053  1716  1847 I MFI-Conn:  (     mfia_task_bootstrap,  944) mfia_task_bootstrap(): an event 614 incoming
06-28 13:07:56.054  1716  2696 I MFI-Conn:  (             rds_urc_hdl,  230) [RDS][rds_urc_hdl] RCV Event: 614 
06-28 13:07:56.054  1716  2696 I MFI-Conn:  (             rds_urc_hdl,  325) [RDS][IF][rds_urc_hdl] data_base update: pkterrt(0) 
06-28 13:07:56.074   965  1265 D LIGHT   : processEvent code=0,value=78
06-28 13:07:56.141  2612  2627 D FRR     : buff=0x7f8b277240, len=714
06-28 13:07:56.141  2612  2627 D FRR     : uevent[0]=0x7f8b277240, len=53, "change@/devices/platform/battery/power_supply/battery"
06-28 13:07:56.141  2612  2627 D FRR     : voteFps(60, 0)
06-28 13:07:56.141  2612  2627 D FRR     : ThermalListener loop:
06-28 13:07:56.149   965  2476 V LightsService: setLight #3: v=0, color=#ff00ff00 onMS = 0 offMS = 0is same return
06-28 13:07:56.371   287  2900 I MAL-Daemon:  (    ru_mdmngr_send_atcmd, 1931) [RDS-I][RDS][RU][ru_mdmngr_send_atcmd] try to send ATcmd : AT+ECSQ 
06-28 13:07:56.371   287  2900 I MAL-Daemon:  (    ru_mdmngr_send_atcmd, 1940) [RDS-I][RDS][RU][ru_mdmngr_send_atcmd] ru_check_ctx_ptr<0xf5c33c9c, 0xf5c33c9c>
06-28 13:07:56.371   287  2900 W MAL-Daemon:  (    mdfx_task_send_event,  636) mdfx_task_send_event(): [ACT] should NOT enter this leagcy API!!
06-28 13:07:56.372   287  2900 I MAL-Daemon:  (    ru_send_event_entity,  350) [RDS-I][RDS][RU][ru_send_event_entity] send event 101 to 101 with ret(0)
06-28 13:07:56.372   287   712 D MAL-Daemon:  (         mdmngr_task_hdl,   36) mdmngr_task_hdl(), receive event = 101 (vendor/mediatek/proprietary/frameworks/opt/mal/entity/mdmngr/mdmngr.c:36)
06-28 13:07:56.372   287   712 D MAL-Daemon:  (         mdmngr_task_hdl,   67) EVENT_MDMNGR_ATCMD_REQ@MDMNGR, priv_data = f3ce9400, channel = 1, cmd = (AT+ECSQ) (vendor/mediatek/proprietary/frameworks/opt/mal/entity/mdmngr/mdmngr.c:67)
06-28 13:07:56.372   287   712 W MAL-Daemon:  (    mdfx_task_send_event,  636) mdfx_task_send_event(): [ACT] should NOT enter this leagcy API!!
06-28 13:07:56.372   287   734 I MAL-Daemon:  ( mdfx_event_do_statistic,  153) mdfx_event_do_statistic(): [STATISTIC] TID = 734 has used 141231696 bytes!!
06-28 13:07:56.373   287   734 E MAL-Daemon:  (void* rilproxy_task_hdl(,  439) rilproxy_task_hdl(), receive event = 401
06-28 13:07:56.373   287   734 D MAL-Daemon:  (int rilproxy_send_ril_re,  320) send ril request, request_id = 2130, serial_no = 1d6800, length = 18000000, send_size = 24(18), fd = 29
06-28 13:07:56.382   287   731 D MAL-Daemon:  (void* rilproxy_cmd_resp_,  670) recv ril resp, length = 64, type = 0, result = 0, serial_no = 1d6800
06-28 13:07:56.383   287   731 D MAL-Daemon:  (void* rilproxy_cmd_resp_,  676) event_id = 401
06-28 13:07:56.383   287   712 D MAL-Daemon:  (         mdmngr_task_hdl,   36) mdmngr_task_hdl(), receive event = 103 (vendor/mediatek/proprietary/frameworks/opt/mal/entity/mdmngr/mdmngr.c:36)
06-28 13:07:56.383   287   712 D MAL-Daemon:  (         mdmngr_task_hdl,  115) EVENT_MDMNGR_ATCMD_RESP@MDMNGR (vendor/mediatek/proprietary/frameworks/opt/mal/entity/mdmngr/mdmngr.c:115)
06-28 13:07:56.383   287   712 D MAL-Daemon:  (         mdmngr_task_hdl,  122) event_req = f3ce9400, ID = 101 (vendor/mediatek/proprietary/frameworks/opt/mal/entity/mdmngr/mdmngr.c:122)
06-28 13:07:56.383   287   712 D MAL-Daemon:  (         mdmngr_task_hdl,  125) atcmd_resp->priv_data = f3c44370 (vendor/mediatek/proprietary/frameworks/opt/mal/entity/mdmngr/mdmngr.c:125)
06-28 13:07:56.383   287   727 I MAL-Daemon:  (             rds_ru_task,  445) [RDS-I][RU][rds_ru_task] RCV Event: 103 
06-28 13:07:56.383   287   727 I MAL-Daemon:  (rds_ru_mdmngr_atrsp_hndl, 2186) [RDS-I][RDS][RU][rds_ru_mdmngr_atrsp_hndl] get AT resp: +ECSQ: 17,37,1,1,1,-46,-413,7,13,40
06-28 13:07:56.383   287   727 I MAL-Daemon: 
06-28 13:07:56.383   287   727 I MAL-Daemon: OK
06-28 13:07:56.383   287   727 I MAL-Daemon: 
06-28 13:07:56.383   287   727 I MAL-Daemon:  (     ru_parse_3gppsigval, 1458) [RDS-I][RDS][ru_parse_3gppsigval] 3gppsigval #args act<7>
06-28 13:07:57.129   346   346 I thermal_repeater: select timeout
06-28 13:07:58.258   965  1778 W PackageManager: checkUidPermission(): com.android.chrome.permission.DEBUG of 2000 is denied.
06-28 13:07:58.260   965  1368 W PackageManager: checkUidPermission(): com.android.chrome.permission.DEBUG of 2000 is denied.
06-28 13:07:58.354   965  1265 D LIGHT   : processEvent code=0,value=79
06-28 13:07:58.924   965  1265 D LIGHT   : processEvent code=0,value=78
06-28 13:07:59.046   287 10673 I MAL-Daemon:  (        ru_syssig_hndler,  418) [RDS-I][ru_syssig_hndler] Send Event: 688 
06-28 13:07:59.046   287 10673 I MAL-Daemon:  (        ru_syssig_hndler,  419) [RDS-I][RDS][RU][ru_syssig_hndler] ru_check_ctx_ptr<0xf5c33c9c, 0xf5c33c9c>
06-28 13:07:59.046   287 10673 W MAL-Daemon:  (    mdfx_task_send_event,  636) mdfx_task_send_event(): [ACT] should NOT enter this leagcy API!!
06-28 13:07:59.046   287 10673 I MAL-Daemon:  (    ru_send_event_entity,  350) [RDS-I][RDS][RU][ru_send_event_entity] send event 688 to 602 with ret(0)
06-28 13:07:59.047   287   727 I MAL-Daemon:  (             rds_ru_task,  445) [RDS-I][RU][rds_ru_task] RCV Event: 688 
06-28 13:07:59.047  1488  1488 D wpa_supplicant: wlan0: Control interface command 'SIGNAL_POLL'
06-28 13:07:59.065   287   727 D MAL-Daemon:  (     ru_wsl_poll_wpainfo,  639) [RDS-D][RDS][RU][ru_wsl_poll_wpainfo]socket recv pktlen(48) 
06-28 13:07:59.065   287   727 D MAL-Daemon:  (rds_ru_ws_rssi_timer_exp,  752) [RDS-D][RU][rds_ru_ws_rssi_timer_expire_hdlr][RDS] get rssi = -39, snr = 9999 
06-28 13:07:59.065   287   727 I MAL-Daemon:  (  ru_wsl_wifi_status_ind,  734) [RDS-I][RDS][RU][ru_wsl_wifi_status_ind] ru_check_ctx_ptr<0xf5c33c9c, 0xf5c33c9c>
06-28 13:07:59.065   287   727 W MAL-Daemon:  (    mdfx_task_send_event,  636) mdfx_task_send_event(): [ACT] should NOT enter this leagcy API!!
06-28 13:07:59.066   287   727 I MAL-Daemon:  (    ru_send_event_entity,  350) [RDS-I][RDS][RU][ru_send_event_entity] send event 604 to 602 with ret(0)
06-28 13:07:59.068   287   727 I MAL-Daemon:  (          ru_get_netstat, 5285) [RDS-I][RU][ru_get_netstat] netstat <thrghpt, pkterrt>, wifi <0, 0%>, mobile <0, 0%>
06-28 13:07:59.068   287   727 I MAL-Daemon:  (    ru_send_event_entity,  350) [RDS-I][RDS][RU][ru_send_event_entity] send event 614 to 1234 with ret(0)
06-28 13:07:59.068   287   727 I MAL-Daemon:  (             rds_ru_task,  445) [RDS-I][RU][rds_ru_task] RCV Event: 604 
06-28 13:07:59.068   287   727 I MAL-Daemon:  (  rds_ru_wifi_status_ind, 1338) [RDS-I][RU][EVENT_RU_WS_WIFI_STATUS_IND] fgwifi_en:1(no use) i4wifirssi:0xffffffd9 i4wifisnr:0x270f
06-28 13:07:59.068   287   727 I MAL-Daemon:  (    ru_send_event_entity,  350) [RDS-I][RDS][RU][ru_send_event_entity] send event 615 to 1234 with ret(0)
06-28 13:07:59.069   287   727 I MAL-Daemon:  (          rds_ru_rpl_gen, 4866) [RDS-I][RU][rds_ru_rpl_gen][RDS][OP18] TYPE : <0>, UI Policy : <3>, RDS Policy : <3>
06-28 13:07:59.069   287   727 I MAL-Daemon:  (      rds_cell_only_rjil, 3847) [RDS-I][RU][RDS IMS/MMS][rds_cell_only_rjil] 
06-28 13:07:59.069   287   727 I MAL-Daemon:  (          rds_ru_rpl_gen, 4877) [RDS-I][RU][rds_ru_rpl_gen][RDS][OP18] TYPE : <0>, RAN1 : <1> ,RAN2 : <254>
06-28 13:07:59.069   287   727 I MAL-Daemon:  (          rds_ru_rpl_gen, 4866) [RDS-I][RU][rds_ru_rpl_gen][RDS][OP18] TYPE : <1>, UI Policy : <3>, RDS Policy : <3>
06-28 13:07:59.069   287   727 I MAL-Daemon:  (      rds_cell_only_rjil, 3847) [RDS-I][RU][RDS IMS/MMS][rds_cell_only_rjil] 
06-28 13:07:59.069  1716  1847 I MFI-Conn:  (     mfia_task_bootstrap,  944) mfia_task_bootstrap(): an event 614 incoming
06-28 13:07:59.069  1716  1847 I MFI-Conn:  (     mfia_task_bootstrap,  944) mfia_task_bootstrap(): an event 615 incoming
06-28 13:07:59.070  1716  2696 I MFI-Conn:  (             rds_urc_hdl,  230) [RDS][rds_urc_hdl] RCV Event: 614 
06-28 13:07:59.070  1716  2696 I MFI-Conn:  (             rds_urc_hdl,  325) [RDS][IF][rds_urc_hdl] data_base update: pkterrt(0) 
06-28 13:07:59.070  1716  2696 I MFI-Conn:  (             rds_urc_hdl,  230) [RDS][rds_urc_hdl] RCV Event: 615 
06-28 13:07:59.070  1716  2696 I MFI-Conn:  (             rds_urc_hdl,  335) [RDS][IF][rds_urc_hdl] data_base update: i4wifirssi(-39) 
06-28 13:07:59.072   287   727 I MAL-Daemon:  (          rds_ru_rpl_gen, 4877) [RDS-I][RU][rds_ru_rpl_gen][RDS][OP18] TYPE : <1>, RAN1 : <1> ,RAN2 : <254>
06-28 13:07:59.072   287   727 I MAL-Daemon:  (          rds_ru_rpl_gen, 4866) [RDS-I][RU][rds_ru_rpl_gen][RDS][OP18] TYPE : <2>, UI Policy : <3>, RDS Policy : <3>
06-28 13:07:59.072   287   727 I MAL-Daemon:  (      rds_cell_only_rjil, 3847) [RDS-I][RU][RDS IMS/MMS][rds_cell_only_rjil] 
06-28 13:07:59.072   287   727 I MAL-Daemon:  (          rds_ru_rpl_gen, 4877) [RDS-I][RU][rds_ru_rpl_gen][RDS][OP18] TYPE : <2>, RAN1 : <1> ,RAN2 : <254>
06-28 13:07:59.074   287   727 I MAL-Daemon:  (          rds_ru_rpl_gen, 4866) [RDS-I][RU][rds_ru_rpl_gen][RDS][OP18] TYPE : <3>, UI Policy : <3>, RDS Policy : <3>
06-28 13:07:59.074   287   727 I MAL-Daemon:  (          rds_ru_rpl_gen, 4877) [RDS-I][RU][rds_ru_rpl_gen][RDS][OP18] TYPE : <3>, RAN1 : <1> ,RAN2 : <255>
06-28 13:07:59.074   287   727 I MAL-Daemon:  (          rds_ru_rpl_gen, 4866) [RDS-I][RU][rds_ru_rpl_gen][RDS][OP18] TYPE : <4>, UI Policy : <3>, RDS Policy : <3>
06-28 13:07:59.075   287   727 I MAL-Daemon:  (          rds_ru_rpl_gen, 4877) [RDS-I][RU][rds_ru_rpl_gen][RDS][OP18] TYPE : <4>, RAN1 : <1> ,RAN2 : <255>
06-28 13:07:59.075   287   727 I MAL-Daemon:  (          rds_ru_rpl_gen, 4866) [RDS-I][RU][rds_ru_rpl_gen][RDS][OP18] TYPE : <5>, UI Policy : <3>, RDS Policy : <3>
06-28 13:07:59.075   287   727 I MAL-Daemon:  (          rds_ru_rpl_gen, 4877) [RDS-I][RU][rds_ru_rpl_gen][RDS][OP18] TYPE : <5>, RAN1 : <1> ,RAN2 : <255>
06-28 13:07:59.075   287   727 I MAL-Daemon:  (          rds_ru_rpl_gen, 4877) [RDS-I][RU][rds_ru_rpl_gen][RDS][OP18] TYPE : <6>, RAN1 : <254> ,RAN2 : <254>
06-28 13:07:59.075   287   727 I MAL-Daemon:  (    rds_op_check_feature,  293) [RDS-I][RDS][OP][rds_op_check_feature] operator id(18) check feature<0>, curr_opmsk is <5>, sys_opmsk is <0x0005, 5>
06-28 13:07:59.075   287   727 I MAL-Daemon:  (          rds_ru_rpl_gen, 4901) [RDS-I][RU][rds_ru_rpl_gen][RDS] Current policy: fgimsolte_en<1>, fgwfc_en<0>, erdspolicy<3>, 
06-28 13:07:59.077   287   727 I MAL-Daemon:  (          rds_ru_rpl_gen, 4904) [RDS-I][RU][rds_ru_rpl_gen][RDS] Threshold i4wifirssih<-75>, i4wifirssil<-85>, i4wifirssih_ho<-78>, i4wifirssil_ho<-88>, i4wifisnrh<10>, i4wifisnrl<6>
06-28 13:07:59.079   287   727 I MAL-Daemon:  (          rds_ru_rpl_gen, 4907) [RDS-I][RU][rds_ru_rpl_gen][RDS] Threshold i4ltersrph<-106>, i4ltersrpm<-111>, i4ltersrpl<-116>, i4ltersrqh<5>, i4ltersrqm<3>, i4ltersrql<1>
06-28 13:07:59.079   287   727 I MAL-Daemon:  (          rds_ru_rpl_gen, 4910) [RDS-I][RU][rds_ru_rpl_gen][RDS] current rds ru status: i4wifirssi<-39>, i4wifisnr<9999>, i4ltersrp<-104>, i4ltersrq<17>, u4active_ran<65539> 
06-28 13:07:59.079   287   727 I MAL-Daemon:  (          rds_ru_rpl_gen, 4913) [RDS-I][RU][rds_ru_rpl_gen][RDS] current wifi backhaul : rtp_plr<0>, rtp_jitter<0>, ping_ind<0>
06-28 13:07:59.079   287   727 I MAL-Daemon:  (          rds_ru_rpl_gen, 4916) [RDS-I][RU][rds_ru_rpl_gen][RDS] Call stat : IR92<0>, IR94<0> 
06-28 13:07:59.079   287   727 I MAL-Daemon:  (          rds_ru_rpl_gen, 4922) [RDS-I][RU][RDS IMS/MMS][rds_ru_rpl_gen] Ori:(1,254)/(1,255) New:(1,254)/(1,255)
06-28 13:07:59.079   287   727 I MAL-Daemon:  (          rds_ru_rpl_gen, 4927) [RDS-I][RU][RDS IMS/MMS WIFI][rds_ru_rpl_gen] Ori:(1,254)/(1,255) New:(1,254)/(1,255)
06-28 13:07:59.084   287   727 I MAL-Daemon:  (          rds_ru_rpl_gen, 4932) [RDS-I][RU][RDS IMS/MMS CELL][rds_ru_rpl_gen] Ori:(1,254)/(1,255) New:(1,254)/(1,255)
06-28 13:07:59.084   287   727 I MAL-Daemon:  (          rds_ru_rpl_gen, 4936) [RDS-I][RU][RDS EMG][rds_ru_rpl_gen] Ori:(254,254) New:(254,254)
06-28 13:07:59.494   965  1265 D LIGHT   : processEvent code=0,value=79
06-28 13:07:59.808  2055  2150 D VoLTE SOC: soc_add_2_fdsets: socket id: 20, idx: 3932178 (0xf6577400) (vendor/mediatek/proprietary/frameworks/opt/volte/volte_stack/src/soc/soc_data.c:407)
06-28 13:07:59.808  2055  2150 D VoLTE SOC: soc_add_2_fdsets: socket id: 24, idx: 3866641 (0xf6577000) (vendor/mediatek/proprietary/frameworks/opt/volte/volte_stack/src/soc/soc_data.c:407)
06-28 13:07:59.808  2055  2150 D VoLTE SOC: soc_add_2_fdsets: socket id: 23, idx: 3801104 (0xf655c200) (vendor/mediatek/proprietary/frameworks/opt/volte/volte_stack/src/soc/soc_data.c:407)
06-28 13:07:59.808  2055  2150 D VoLTE SOC: soc_add_2_fdsets: socket id: 22, idx: 3735567 (0xf655b400) (vendor/mediatek/proprietary/frameworks/opt/volte/volte_stack/src/soc/soc_data.c:407)
06-28 13:07:59.808  2055  2150 D VoLTE SOC: soc_add_2_fdsets: socket id: 19, idx: 3538956 (0xf633f200) (vendor/mediatek/proprietary/frameworks/opt/volte/volte_stack/src/soc/soc_data.c:407)
06-28 13:07:59.808  2055  2150 D VoLTE SOC: soc_add_2_fdsets: socket id: 18, idx: 3473419 (0xf633bc00) (vendor/mediatek/proprietary/frameworks/opt/volte/volte_stack/src/soc/soc_data.c:407)
06-28 13:07:59.808  2055  2150 D VoLTE SOC: soc_add_2_fdsets: socket id: 21, idx: 5177349 (0xf655b800) (vendor/mediatek/proprietary/frameworks/opt/volte/volte_stack/src/soc/soc_data.c:407)
06-28 13:07:59.808  2055  2150 D VoLTE SOC: soc_add_2_fdsets: socket id: 28, idx: 5111812 (0xf655b200) (vendor/mediatek/proprietary/frameworks/opt/volte/volte_stack/src/soc/soc_data.c:407)
06-28 13:07:59.808  2055  2150 D VoLTE SOC: soc_add_2_fdsets: socket id: 27, idx: 5046275 (0xf633fc00) (vendor/mediatek/proprietary/frameworks/opt/volte/volte_stack/src/soc/soc_data.c:407)
06-28 13:08:00.000   965  1267 D SettingsInterface:  from settings cache , name = background_power_saving_enable , value = 1
06-28 13:08:00.000   965  1267 D DataShapingService: Alarm manager openLteDataUpLinkGate: false
06-28 13:08:00.000   965  1267 V AlarmManager: openLteGateSuccess = false
06-28 13:08:00.000   965  1267 V ActivityManager: Broadcast: Intent { act=android.intent.action.TIME_TICK flg=0x50000114 (has extras) } ordered=true userid=-1 callerApp=null
06-28 13:08:00.001   965  1267 V AlarmManager: sending alarm Alarm{303d476 type 3 when 110305013 android} success
06-28 13:08:00.001   965  1267 D PowerManagerService: acquireWakeLockInternal: lock=95337606, flags=0x40000001, tag="*alarm*", ws=WorkSource{1000}, uid=1000, pid=965
06-28 13:08:00.001   965  1267 D PowerManagerService: updateWakeLockSummaryLocked: mWakefulness=Asleep, mWakeLockSummary=0x1
06-28 13:08:00.001   965  1267 D PowerManagerService: updateUserActivitySummaryLocked: mWakefulness=Asleep, mUserActivitySummary=0x0, nextTimeout=0 (56712328 ms ago)
06-28 13:08:00.001   965  1267 D DisplayPowerController: requestPowerState: policy=OFF, useProximitySensor=false, screenBrightness=102, screenAutoBrightnessAdjustment=-1.0, brightnessSetByUser=true, useAutoBrightness=true, blockScreenOn=false, lowPowerMode=false, boostScreenBrightness=false, dozeScreenBrightness=-1, dozeScreenState=UNKNOWN, waitForNegativeProximity=false
06-28 13:08:00.001   965  1267 D PowerManagerService: updateDisplayPowerStateLocked: mDisplayReady=true, policy=0, mWakefulness=0, mWakeLockSummary=0x1, mUserActivitySummary=0x0, mBootCompleted=true, mScreenBrightnessBoostInProgress=false
06-28 13:08:00.003   965   965 V AlarmManager: isPowerSavingStart  mIsEnabled = true   mIsUsbConnected = true   mScreenOff = true   mIsWFDConnected = false
06-28 13:08:00.004   965   965 D ActivityThread: BDC-Calling finishReceiver: IIntentReceiver=a4ff0d0
06-28 13:08:00.005   965   965 V AlarmManager: mSupportAlarmGrouping = true  mAmPlus = com.mediatek.amplus.AlarmManagerPlus@d7a9ae4
06-28 13:08:00.007   965  1267 D PowerManagerService: Acquiring suspend blocker "PowerManagerService.WakeLocks".
06-28 13:08:00.008   965  1267 D PowerManagerNotifier: onWakeLockAcquired: flags=1073741825, tag="*alarm*", packageName=android, ownerUid=1000, ownerPid=965, workSource=WorkSource{1000}
06-28 13:08:00.009   965   965 V AlarmManager: APP set(PendingIntent{860870b: PendingIntentRecord{7c109e8 android broadcastIntent}}) : type=3 triggerAtTime=110365013 win=0 tElapsed=110365013 maxElapsed=110365013 interval=0 flags=0x1
06-28 13:08:00.010   965   965 D AlarmManager:  whichBatch = -1
06-28 13:08:00.011   965   965 D ActivityThread: BDC-Calling finishReceiver: IIntentReceiver=30b49fc
06-28 13:08:00.018  1333  1333 I lenovokeyguard.log: (1333.0/main/1.5)[LenovoAdapterMtk]{mBroadcastReceiver.onReceive}<Context com.android.systemui.SystemUIApplication@181e8fa><Intent #Intent;action=android.intent.action.TIME_TICK;launchFlags=0x50000114;i.android.intent.extra.ALARM_COUNT=1;end>
06-28 13:08:00.018  1333  1333 D ActivityThread: BDC-Calling onReceive end receiver=class com.lenovo.keyguard.adapter.LenovoAdapterMtk$1
06-28 13:08:00.018  1333  1333 D ActivityThread: BDC-Calling finishReceiver: IIntentReceiver=c477a9c
06-28 13:08:00.018  1333  1333 I lenovokeyguard.log: (1333.0/main/1.5)[KeyguardUpdateMonitor]{onTimeChanged}
06-28 13:08:00.025  1333  1333 D ActivityThread: BDC-Calling onReceive end receiver=class com.android.systemui.statusbar.KeyguardIndicationController$2
06-28 13:08:00.025  1333  1333 D ActivityThread: BDC-Calling finishReceiver: IIntentReceiver=272eca5
06-28 13:08:00.046  1333  1333 D SettingsInterface:  from settings cache , name = time_12_24 , value = null
06-28 13:08:00.048  1333  1333 D ActivityThread: BDC-Calling onReceive end receiver=class com.android.systemui.statusbar.policy.Clock$1
06-28 13:08:00.048  1333  1333 D ActivityThread: BDC-Calling finishReceiver: IIntentReceiver=1c4682b
06-28 13:08:00.074  1333  1333 D ActivityThread: BDC-Calling onReceive end receiver=class android.widget.TextClock$2
06-28 13:08:00.074  1333  1333 D ActivityThread: BDC-Calling finishReceiver: IIntentReceiver=49fa488
06-28 13:08:00.096  1333  1333 D ActivityThread: BDC-Calling onReceive end receiver=class android.widget.TextClock$2
06-28 13:08:00.096  1333  1333 D ActivityThread: BDC-Calling finishReceiver: IIntentReceiver=54aae21
