06-28 13:07:38.418  2167  2167 D ActivityThread: SVC-Destroying service: com.google.android.gms.lockbox.service.LockboxBrokerService@a715283
06-28 13:07:38.419  2167  2167 D ActivityThread: SVC-STOP_SERVICE handled : 0 / android.os.BinderProxy@c967532
06-28 13:07:38.974   965  1265 D LIGHT   : processEvent code=0,value=79
06-28 13:07:39.544   965  1265 D LIGHT   : processEvent code=0,value=78
06-28 13:07:39.860   965  1749 W PackageManager: checkUidPermission(): com.android.chrome.permission.DEBUG of 2000 is denied.
06-28 13:07:39.862   965  1676 W PackageManager: checkUidPermission(): com.android.chrome.permission.DEBUG of 2000 is denied.
06-28 13:07:40.114   965  1265 D LIGHT   : processEvent code=0,value=79
06-28 13:07:40.473   344   344 I thermal_src: wake up function 3
06-28 13:07:40.473   344   344 I thermal_src: TA_DAEMON_CMD_GET_TPCB cmd=0x5, len=4 PCB=34000
06-28 13:07:40.473   344   344 I thermal_src: TA_DAEMON_CMD_SET_TTJ cmd=0x4, len=4 Tj=85000
06-28 13:07:40.473   344   344 I thermal_src: waiting NOTIFY from kernel...
06-28 13:07:41.046   287 10673 I MAL-Daemon:  (        ru_syssig_hndler,  418) [RDS-I][ru_syssig_hndler] Send Event: 688 
06-28 13:07:41.046   287 10673 I MAL-Daemon:  (        ru_syssig_hndler,  419) [RDS-I][RDS][RU][ru_syssig_hndler] ru_check_ctx_ptr<0xf5c33c9c, 0xf5c33c9c>
06-28 13:07:41.046   287 10673 W MAL-Daemon:  (    mdfx_task_send_event,  636) mdfx_task_send_event(): [ACT] should NOT enter this leagcy API!!
06-28 13:07:41.046   287 10673 I MAL-Daemon:  (    ru_send_event_entity,  350) [RDS-I][RDS][RU][ru_send_event_entity] send event 688 to 602 with ret(0)
06-28 13:07:41.047   287   727 I MAL-Daemon:  (             rds_ru_task,  445) [RDS-I][RU][rds_ru_task] RCV Event: 688 
06-28 13:07:41.047  1488  1488 D wpa_supplicant: wlan0: Control interface command 'SIGNAL_POLL'
06-28 13:07:41.066   287   727 D MAL-Daemon:  (     ru_wsl_poll_wpainfo,  639) [RDS-D][RDS][RU][ru_wsl_poll_wpainfo]socket recv pktlen(48) 
06-28 13:07:41.066   287   727 D MAL-Daemon:  (rds_ru_ws_rssi_timer_exp,  752) [RDS-D][RU][rds_ru_ws_rssi_timer_expire_hdlr][RDS] get rssi = -38, snr = 9999 
06-28 13:07:41.066   287   727 I MAL-Daemon:  (  ru_wsl_wifi_status_ind,  734) [RDS-I][RDS][RU][ru_wsl_wifi_status_ind] ru_check_ctx_ptr<0xf5c33c9c, 0xf5c33c9c>
06-28 13:07:41.066   287   727 W MAL-Daemon:  (    mdfx_task_send_event,  636) mdfx_task_send_event(): [ACT] should NOT enter this leagcy API!!
06-28 13:07:41.066   287   727 I MAL-Daemon:  (    ru_send_event_entity,  350) [RDS-I][RDS][RU][ru_send_event_entity] send event 604 to 602 with ret(0)
06-28 13:07:41.068   287   727 I MAL-Daemon:  (          ru_get_netstat, 5285) [RDS-I][RU][ru_get_netstat] netstat <thrghpt, pkterrt>, wifi <0, 0%>, mobile <0, 0%>
06-28 13:07:41.068   287   727 I MAL-Daemon:  (    ru_send_event_entity,  350) [RDS-I][RDS][RU][ru_send_event_entity] send event 614 to 1234 with ret(0)
06-28 13:07:41.068   287   727 I MAL-Daemon:  (             rds_ru_task,  445) [RDS-I][RU][rds_ru_task] RCV Event: 604 
06-28 13:07:41.068   287   727 I MAL-Daemon:  (  rds_ru_wifi_status_ind, 1338) [RDS-I][RU][EVENT_RU_WS_WIFI_STATUS_IND] fgwifi_en:1(no use) i4wifirssi:0xffffffda i4wifisnr:0x270f
06-28 13:07:41.068   287   727 I MAL-Daemon:  (    ru_send_event_entity,  350) [RDS-I][RDS][RU][ru_send_event_entity] send event 615 to 1234 with ret(0)
06-28 13:07:41.068   287   727 I MAL-Daemon:  (          rds_ru_rpl_gen, 4866) [RDS-I][RU][rds_ru_rpl_gen][RDS][OP18] TYPE : <0>, UI Policy : <3>, RDS Policy : <3>
06-28 13:07:41.068   287   727 I MAL-Daemon:  (      rds_cell_only_rjil, 3847) [RDS-I][RU][RDS IMS/MMS][rds_cell_only_rjil] 
06-28 13:07:41.068   287   727 I MAL-Daemon:  (          rds_ru_rpl_gen, 4877) [RDS-I][RU][rds_ru_rpl_gen][RDS][OP18] TYPE : <0>, RAN1 : <1> ,RAN2 : <254>
06-28 13:07:41.068   287   727 I MAL-Daemon:  (          rds_ru_rpl_gen, 4866) [RDS-I][RU][rds_ru_rpl_gen][RDS][OP18] TYPE : <1>, UI Policy : <3>, RDS Policy : <3>
06-28 13:07:41.068   287   727 I MAL-Daemon:  (      rds_cell_only_rjil, 3847) [RDS-I][RU][RDS IMS/MMS][rds_cell_only_rjil] 
06-28 13:07:41.068   287   727 I MAL-Daemon:  (          rds_ru_rpl_gen, 4877) [RDS-I][RU][rds_ru_rpl_gen][RDS][OP18] TYPE : <1>, RAN1 : <1> ,RAN2 : <254>
06-28 13:07:41.069   287   727 I MAL-Daemon:  (          rds_ru_rpl_gen, 4866) [RDS-I][RU][rds_ru_rpl_gen][RDS][OP18] TYPE : <2>, UI Policy : <3>, RDS Policy : <3>
06-28 13:07:41.069   287   727 I MAL-Daemon:  (      rds_cell_only_rjil, 3847) [RDS-I][RU][RDS IMS/MMS][rds_cell_only_rjil] 
06-28 13:07:41.069   287   727 I MAL-Daemon:  (          rds_ru_rpl_gen, 4877) [RDS-I][RU][rds_ru_rpl_gen][RDS][OP18] TYPE : <2>, RAN1 : <1> ,RAN2 : <254>
06-28 13:07:41.069   287   727 I MAL-Daemon:  (          rds_ru_rpl_gen, 4866) [RDS-I][RU][rds_ru_rpl_gen][RDS][OP18] TYPE : <3>, UI Policy : <3>, RDS Policy : <3>
06-28 13:07:41.069   287   727 I MAL-Daemon:  (          rds_ru_rpl_gen, 4877) [RDS-I][RU][rds_ru_rpl_gen][RDS][OP18] TYPE : <3>, RAN1 : <1> ,RAN2 : <255>
06-28 13:07:41.069   287   727 I MAL-Daemon:  (          rds_ru_rpl_gen, 4866) [RDS-I][RU][rds_ru_rpl_gen][RDS][OP18] TYPE : <4>, UI Policy : <3>, RDS Policy : <3>
06-28 13:07:41.069   287   727 I MAL-Daemon:  (          rds_ru_rpl_gen, 4877) [RDS-I][RU][rds_ru_rpl_gen][RDS][OP18] TYPE : <4>, RAN1 : <1> ,RAN2 : <255>
06-28 13:07:41.069   287   727 I MAL-Daemon:  (          rds_ru_rpl_gen, 4866) [RDS-I][RU][rds_ru_rpl_gen][RDS][OP18] TYPE : <5>, UI Policy : <3>, RDS Policy : <3>
06-28 13:07:41.069   287   727 I MAL-Daemon:  (          rds_ru_rpl_gen, 4877) [RDS-I][RU][rds_ru_rpl_gen][RDS][OP18] TYPE : <5>, RAN1 : <1> ,RAN2 : <255>
06-28 13:07:41.069   287   727 I MAL-Daemon:  (          rds_ru_rpl_gen, 4877) [RDS-I][RU][rds_ru_rpl_gen][RDS][OP18] TYPE : <6>, RAN1 : <254> ,RAN2 : <254>
06-28 13:07:41.069   287   727 I MAL-Daemon:  (    rds_op_check_feature,  293) [RDS-I][RDS][OP][rds_op_check_feature] operator id(18) check feature<0>, curr_opmsk is <5>, sys_opmsk is <0x0005, 5>
06-28 13:07:41.069   287   727 I MAL-Daemon:  (          rds_ru_rpl_gen, 4901) [RDS-I][RU][rds_ru_rpl_gen][RDS] Current policy: fgimsolte_en<1>, fgwfc_en<0>, erdspolicy<3>, 
06-28 13:07:41.069   287   727 I MAL-Daemon:  (          rds_ru_rpl_gen, 4904) [RDS-I][RU][rds_ru_rpl_gen][RDS] Threshold i4wifirssih<-75>, i4wifirssil<-85>, i4wifirssih_ho<-78>, i4wifirssil_ho<-88>, i4wifisnrh<10>, i4wifisnrl<6>
06-28 13:07:41.070   287   727 I MAL-Daemon:  (          rds_ru_rpl_gen, 4907) [RDS-I][RU][rds_ru_rpl_gen][RDS] Threshold i4ltersrph<-106>, i4ltersrpm<-111>, i4ltersrpl<-116>, i4ltersrqh<5>, i4ltersrqm<3>, i4ltersrql<1>
06-28 13:07:41.070   287   727 I MAL-Daemon:  (          rds_ru_rpl_gen, 4910) [RDS-I][RU][rds_ru_rpl_gen][RDS] current rds ru status: i4wifirssi<-38>, i4wifisnr<9999>, i4ltersrp<-104>, i4ltersrq<17>, u4active_ran<65539> 
06-28 13:07:41.070   287   727 I MAL-Daemon:  (          rds_ru_rpl_gen, 4913) [RDS-I][RU][rds_ru_rpl_gen][RDS] current wifi backhaul : rtp_plr<0>, rtp_jitter<0>, ping_ind<0>
06-28 13:07:41.070   287   727 I MAL-Daemon:  (          rds_ru_rpl_gen, 4916) [RDS-I][RU][rds_ru_rpl_gen][RDS] Call stat : IR92<0>, IR94<0> 
06-28 13:07:41.070   287   727 I MAL-Daemon:  (          rds_ru_rpl_gen, 4922) [RDS-I][RU][RDS IMS/MMS][rds_ru_rpl_gen] Ori:(1,254)/(1,255) New:(1,254)/(1,255)
06-28 13:07:41.070   287   727 I MAL-Daemon:  (          rds_ru_rpl_gen, 4927) [RDS-I][RU][RDS IMS/MMS WIFI][rds_ru_rpl_gen] Ori:(1,254)/(1,255) New:(1,254)/(1,255)
06-28 13:07:41.070   287   727 I MAL-Daemon:  (          rds_ru_rpl_gen, 4932) [RDS-I][RU][RDS IMS/MMS CELL][rds_ru_rpl_gen] Ori:(1,254)/(1,255) New:(1,254)/(1,255)
06-28 13:07:41.070   287   727 I MAL-Daemon:  (          rds_ru_rpl_gen, 4936) [RDS-I][RU][RDS EMG][rds_ru_rpl_gen] Ori:(254,254) New:(254,254)
06-28 13:07:41.070  1716  1847 I MFI-Conn:  (     mfia_task_bootstrap,  944) mfia_task_bootstrap(): an event 614 incoming
06-28 13:07:41.071  1716  1847 I MFI-Conn:  (     mfia_task_bootstrap,  944) mfia_task_bootstrap(): an event 615 incoming
06-28 13:07:41.071  1716  2696 I MFI-Conn:  (             rds_urc_hdl,  230) [RDS][rds_urc_hdl] RCV Event: 614 
06-28 13:07:41.071  1716  2696 I MFI-Conn:  (             rds_urc_hdl,  325) [RDS][IF][rds_urc_hdl] data_base update: pkterrt(0) 
06-28 13:07:41.071  1716  2696 I MFI-Conn:  (             rds_urc_hdl,  230) [RDS][rds_urc_hdl] RCV Event: 615 
06-28 13:07:41.071  1716  2696 I MFI-Conn:  (             rds_urc_hdl,  335) [RDS][IF][rds_urc_hdl] data_base update: i4wifirssi(-38) 
06-28 13:07:42.091   346   346 I thermal_repeater: oh, queryMdThermalInfo (0)No such file or directory
06-28 13:07:42.103   346   346 I thermal_repeater: [recvMdThermalInfo] ret=25, strLen=127,  3, 40, -127, 0, 32767, 1
06-28 13:07:42.301   965   965 D SettingsInterface:  from settings cache , name = sys_free_storage_log_interval , value = null
06-28 13:07:42.302   965   965 D SettingsInterface:  from settings cache , name = disk_free_change_reporting_threshold , value = null
06-28 13:07:43.189   965  1267 D AlarmManager: set alarm to RTC 110297971
06-28 13:07:43.189   965  1267 D SettingsInterface:  from settings cache , name = background_power_saving_enable , value = 1
06-28 13:07:43.189   965  1267 D DataShapingService: Alarm manager openLteDataUpLinkGate: false
06-28 13:07:43.189   965  1267 V AlarmManager: openLteGateSuccess = false
06-28 13:07:43.189   965  1267 V AlarmManager: socktUnblockingTimeElapsed(ms): 60575 < mMinimumPeriod_BlockSocket: 300000
06-28 13:07:43.189   965  1267 D AlarmManager: wakeup alarm = Alarm{9239655 type 2 when 110288202 com.google.android.gms}; package = com.google.android.gmsneedGrouping = true
06-28 13:07:43.190   965  1267 V ActivityManager: Broadcast: Intent { act=com.google.android.location.ALARM_WAKEUP_ACTIVITY_DETECTION flg=0x114 (has extras) } ordered=true userid=0 callerApp=null
06-28 13:07:43.195   965  1267 V AlarmManager: sending alarm Alarm{9239655 type 2 when 110288202 com.google.android.gms} success
06-28 13:07:43.195   965  1267 D PowerManagerService: acquireWakeLockInternal: lock=95337606, flags=0x1, tag="*alarm*", ws=WorkSource{10012 com.google.android.gms}, uid=1000, pid=965
06-28 13:07:43.195   965  1267 D PowerManagerService: updateWakeLockSummaryLocked: mWakefulness=Asleep, mWakeLockSummary=0x1
06-28 13:07:43.195   965  1267 D PowerManagerService: updateUserActivitySummaryLocked: mWakefulness=Asleep, mUserActivitySummary=0x0, nextTimeout=0 (56695522 ms ago)
06-28 13:07:43.196   965  1267 D DisplayPowerController: requestPowerState: policy=OFF, useProximitySensor=false, screenBrightness=102, screenAutoBrightnessAdjustment=-1.0, brightnessSetByUser=true, useAutoBrightness=true, blockScreenOn=false, lowPowerMode=false, boostScreenBrightness=false, dozeScreenBrightness=-1, dozeScreenState=UNKNOWN, waitForNegativeProximity=false
06-28 13:07:43.196   965  1267 D PowerManagerService: updateDisplayPowerStateLocked: mDisplayReady=true, policy=0, mWakefulness=0, mWakeLockSummary=0x1, mUserActivitySummary=0x0, mBootCompleted=true, mScreenBrightnessBoostInProgress=false
06-28 13:07:43.197   965  1267 D PowerManagerService: Acquiring suspend blocker "PowerManagerService.WakeLocks".
06-28 13:07:43.199   965  1267 D PowerManagerNotifier: onWakeLockAcquired: flags=1, tag="*alarm*", packageName=android, ownerUid=1000, ownerPid=965, workSource=WorkSource{10012 com.google.android.gms}
06-28 13:07:43.205   965  1677 D PowerManagerService: acquireWakeLockInternal: lock=245021145, flags=0x1, tag="NlpCollectorWakeLock", ws=WorkSource{10012 com.google.android.gms}, uid=10012, pid=2167
06-28 13:07:43.206   965  1677 D PowerManagerService: updateWakeLockSummaryLocked: mWakefulness=Asleep, mWakeLockSummary=0x1
06-28 13:07:43.206   965  1677 D PowerManagerService: updateUserActivitySummaryLocked: mWakefulness=Asleep, mUserActivitySummary=0x0, nextTimeout=0 (56695533 ms ago)
06-28 13:07:43.206   965  1677 D DisplayPowerController: requestPowerState: policy=OFF, useProximitySensor=false, screenBrightness=102, screenAutoBrightnessAdjustment=-1.0, brightnessSetByUser=true, useAutoBrightness=true, blockScreenOn=false, lowPowerMode=false, boostScreenBrightness=false, dozeScreenBrightness=-1, dozeScreenState=UNKNOWN, waitForNegativeProximity=false
06-28 13:07:43.206   965  1677 D PowerManagerService: updateDisplayPowerStateLocked: mDisplayReady=true, policy=0, mWakefulness=0, mWakeLockSummary=0x1, mUserActivitySummary=0x0, mBootCompleted=true, mScreenBrightnessBoostInProgress=false
06-28 13:07:43.208   965  1677 D PowerManagerNotifier: onWakeLockAcquired: flags=1, tag="NlpCollectorWakeLock", packageName=com.google.android.gms, ownerUid=10012, ownerPid=2167, workSource=WorkSource{10012 com.google.android.gms}
06-28 13:07:43.214   965  2476 D PowerManagerService: acquireWakeLockInternal: lock=56061854, flags=0x1, tag="NlpCollectorWakeLock", ws=WorkSource{10012 com.google.android.gms}, uid=10012, pid=2167
06-28 13:07:43.215   965  2476 D PowerManagerService: updateWakeLockSummaryLocked: mWakefulness=Asleep, mWakeLockSummary=0x1
06-28 13:07:43.215   965  2476 D PowerManagerService: updateUserActivitySummaryLocked: mWakefulness=Asleep, mUserActivitySummary=0x0, nextTimeout=0 (56695542 ms ago)
06-28 13:07:43.215   965  2476 D DisplayPowerController: requestPowerState: policy=OFF, useProximitySensor=false, screenBrightness=102, screenAutoBrightnessAdjustment=-1.0, brightnessSetByUser=true, useAutoBrightness=true, blockScreenOn=false, lowPowerMode=false, boostScreenBrightness=false, dozeScreenBrightness=-1, dozeScreenState=UNKNOWN, waitForNegativeProximity=false
06-28 13:07:43.215   965  2476 D PowerManagerService: updateDisplayPowerStateLocked: mDisplayReady=true, policy=0, mWakefulness=0, mWakeLockSummary=0x1, mUserActivitySummary=0x0, mBootCompleted=true, mScreenBrightnessBoostInProgress=false
06-28 13:07:43.216   965  2476 D PowerManagerNotifier: onWakeLockAcquired: flags=1, tag="NlpCollectorWakeLock", packageName=com.google.android.gms, ownerUid=10012, ownerPid=2167, workSource=WorkSource{10012 com.google.android.gms}
06-28 13:07:43.220   965  2473 D PowerManagerService: acquireWakeLockInternal: lock=40950399, flags=0x1, tag="NlpCollectorWakeLock", ws=WorkSource{10012 com.google.android.gms}, uid=10012, pid=2167
06-28 13:07:43.220   965  2473 D PowerManagerService: updateWakeLockSummaryLocked: mWakefulness=Asleep, mWakeLockSummary=0x1
06-28 13:07:43.220   965  2473 D PowerManagerService: updateUserActivitySummaryLocked: mWakefulness=Asleep, mUserActivitySummary=0x0, nextTimeout=0 (56695547 ms ago)
06-28 13:07:43.220   965  2473 D DisplayPowerController: requestPowerState: policy=OFF, useProximitySensor=false, screenBrightness=102, screenAutoBrightnessAdjustment=-1.0, brightnessSetByUser=true, useAutoBrightness=true, blockScreenOn=false, lowPowerMode=false, boostScreenBrightness=false, dozeScreenBrightness=-1, dozeScreenState=UNKNOWN, waitForNegativeProximity=false
06-28 13:07:43.220   965  2473 D PowerManagerService: updateDisplayPowerStateLocked: mDisplayReady=true, policy=0, mWakefulness=0, mWakeLockSummary=0x1, mUserActivitySummary=0x0, mBootCompleted=true, mScreenBrightnessBoostInProgress=false
06-28 13:07:43.221   965  2473 D PowerManagerNotifier: onWakeLockAcquired: flags=1, tag="NlpCollectorWakeLock", packageName=com.google.android.gms, ownerUid=10012, ownerPid=2167, workSource=WorkSource{10012 com.google.android.gms}
06-28 13:07:43.224   965  2472 D SensorService: Calling batch handle==1 flags=0rate=20000000 timeout== 0
06-28 13:07:43.225   965  2472 D SensorService: SensorDevice::batch: ident=0x7f553236c0, handle=0x00000001, flags=0, period_ns=20000000 timeout=0
06-28 13:07:43.225   965  2472 D SensorService: 	>>> curr_period=20000000 min_period=20000000 curr_timeout=0 min_timeout=0
06-28 13:07:43.225   965  2472 D SensorService: 	>>> actuating h/w flush 1
06-28 13:07:43.225   965  2472 D Sensors : flush handle =0
06-28 13:07:43.225   965  2472 E Sensors : handleToDriver handle(0)
06-28 13:07:43.225   965  2472 D Accel   : handle=0
06-28 13:07:43.225   965  2472 E Sensors : go to batchsensor(0)
06-28 13:07:43.225   965  2472 D BATCH   : BatchSensor::flush, handle = 0
06-28 13:07:43.225   965  1265 D BATCH   : metadata.sensor =0
06-28 13:07:43.225   965  1265 D BATCH   : BatchSensor::readEvents, handle = 0
06-28 13:07:43.227   965  2472 D SensorService: Calling activate on 1
06-28 13:07:43.227   965  2472 D SensorService: SensorDevice::activate: ident=0x7f553236c0, handle=0x00000001, enabled=1, count=2
06-28 13:07:43.227   965  2472 D SensorService: enable index=0
06-28 13:07:43.227   965  1265 D SensorService: flush complete event sensor==1 
06-28 13:07:43.227   965  1265 D SensorService: First flush event for sensor==1 
06-28 13:07:43.227   965  1265 D SensorService: flush complete event sensor==1 
06-28 13:07:43.227   965  1265 D SensorService: flush complete event sensor==1 
06-28 13:07:43.230   965  1660 D PowerManagerService: acquireWakeLockInternal: lock=165276236, flags=0x1, tag="NlpWakeLock", ws=WorkSource{10012 com.google.android.gms}, uid=10012, pid=2167
06-28 13:07:43.230   965  1660 D PowerManagerService: updateWakeLockSummaryLocked: mWakefulness=Asleep, mWakeLockSummary=0x1
06-28 13:07:43.230   965  1660 D PowerManagerService: updateUserActivitySummaryLocked: mWakefulness=Asleep, mUserActivitySummary=0x0, nextTimeout=0 (56695557 ms ago)
06-28 13:07:43.230   965  1660 D DisplayPowerController: requestPowerState: policy=OFF, useProximitySensor=false, screenBrightness=102, screenAutoBrightnessAdjustment=-1.0, brightnessSetByUser=true, useAutoBrightness=true, blockScreenOn=false, lowPowerMode=false, boostScreenBrightness=false, dozeScreenBrightness=-1, dozeScreenState=UNKNOWN, waitForNegativeProximity=false
06-28 13:07:43.231   965  1660 D PowerManagerService: updateDisplayPowerStateLocked: mDisplayReady=true, policy=0, mWakefulness=0, mWakeLockSummary=0x1, mUserActivitySummary=0x0, mBootCompleted=true, mScreenBrightnessBoostInProgress=false
06-28 13:07:43.232   965  1660 D PowerManagerNotifier: onWakeLockAcquired: flags=1, tag="NlpWakeLock", packageName=com.google.android.gms, ownerUid=10012, ownerPid=2167, workSource=WorkSource{10012 com.google.android.gms}
06-28 13:07:43.234  2167  2678 D ActivityThread: BDC-Calling onReceive end receiver=class akhg
06-28 13:07:43.234  2167  2678 D ActivityThread: BDC-Calling finishReceiver: IIntentReceiver=f1a93c4
06-28 13:07:43.237   965  3767 D PowerManagerService: releaseWakeLockInternal: lock=165276236 [NlpWakeLock], flags=0x0, total_time=7ms
06-28 13:07:43.237   965  3767 D PowerManagerNotifier: onWakeLockReleased: flags=1, tag="NlpWakeLock", packageName=com.google.android.gms, ownerUid=10012, ownerPid=2167, workSource=WorkSource{10012 com.google.android.gms}
06-28 13:07:43.237   965  3767 D PowerManagerService: updateWakeLockSummaryLocked: mWakefulness=Asleep, mWakeLockSummary=0x1
06-28 13:07:43.237   965  3767 D PowerManagerService: updateUserActivitySummaryLocked: mWakefulness=Asleep, mUserActivitySummary=0x0, nextTimeout=0 (56695564 ms ago)
06-28 13:07:43.237   965  3767 D DisplayPowerController: requestPowerState: policy=OFF, useProximitySensor=false, screenBrightness=102, screenAutoBrightnessAdjustment=-1.0, brightnessSetByUser=true, useAutoBrightness=true, blockScreenOn=false, lowPowerMode=false, boostScreenBrightness=false, dozeScreenBrightness=-1, dozeScreenState=UNKNOWN, waitForNegativeProximity=false
06-28 13:07:43.237   965  3767 D PowerManagerService: updateDisplayPowerStateLocked: mDisplayReady=true, policy=0, mWakefulness=0, mWakeLockSummary=0x1, mUserActivitySummary=0x0, mBootCompleted=true, mScreenBrightnessBoostInProgress=false
06-28 13:07:43.238   965   965 D AlarmManager: onSendFinished begin
06-28 13:07:43.238   965   965 D PowerManagerService: releaseWakeLockInternal: lock=95337606 [*alarm*], flags=0x0, total_time=43ms
06-28 13:07:43.238   965   965 D PowerManagerNotifier: onWakeLockReleased: flags=1, tag="*alarm*", packageName=android, ownerUid=1000, ownerPid=965, workSource=WorkSource{10012 com.google.android.gms}
06-28 13:07:43.238   965   965 D PowerManagerService: updateWakeLockSummaryLocked: mWakefulness=Asleep, mWakeLockSummary=0x1
06-28 13:07:43.238   965   965 D PowerManagerService: updateUserActivitySummaryLocked: mWakefulness=Asleep, mUserActivitySummary=0x0, nextTimeout=0 (56695565 ms ago)
06-28 13:07:43.238   965   965 D DisplayPowerController: requestPowerState: policy=OFF, useProximitySensor=false, screenBrightness=102, screenAutoBrightnessAdjustment=-1.0, brightnessSetByUser=true, useAutoBrightness=true, blockScreenOn=false, lowPowerMode=false, boostScreenBrightness=false, dozeScreenBrightness=-1, dozeScreenState=UNKNOWN, waitForNegativeProximity=false
06-28 13:07:43.238   965   965 D PowerManagerService: updateDisplayPowerStateLocked: mDisplayReady=true, policy=0, mWakefulness=0, mWakeLockSummary=0x1, mUserActivitySummary=0x0, mBootCompleted=true, mScreenBrightnessBoostInProgress=false
06-28 13:07:43.739   965  1677 D SensorService: SensorDevice::activate: ident=0x7f553236c0, handle=0x00000001, enabled=0, count=2
06-28 13:07:43.739   965  1677 D SensorService: disable index=0
06-28 13:07:43.739   965  1677 D SensorService: 	>>> actuating h/w batch 1 0 20000000 0
06-28 13:07:43.739   965  1677 D Sensors : batch handle =0, flag=0, sampling=20000000, batchtimeout=0
06-28 13:07:43.739   965  1677 E Sensors : handleToDriver handle(0)
06-28 13:07:43.739   965  1677 E Sensors : handleToDriver handle(0)
06-28 13:07:43.739   965  1677 D Accel   : setDelay: (handle=0, ns=20000000)
06-28 13:07:43.740   965  1677 E Sensors : new setDelay handle(0),ns(20000000)m, error(0), index(2)
06-28 13:07:43.741   965  1677 E Accel   : ACC batch: handle:0, en:0,samplingPeriodNs:20000000 maxBatchReportLatencyNs:0 
06-28 13:07:43.741   965  1677 D Accel   : path:/sys/class/misc/m_acc_misc/accbatch 
06-28 13:07:43.741   965  1677 D Accel   : ACC batch(0) done
06-28 13:07:43.741   965  1677 E Sensors : sensor 0 go to common batch
06-28 13:07:43.741   965  1677 D BATCH   : no batch control attr
06-28 13:07:43.743   965  1696 D PowerManagerService: acquireWakeLockInternal: lock=165276236, flags=0x1, tag="NlpWakeLock", ws=WorkSource{10012 com.google.android.gms}, uid=10012, pid=2167
06-28 13:07:43.743   965  1696 D PowerManagerService: updateWakeLockSummaryLocked: mWakefulness=Asleep, mWakeLockSummary=0x1
06-28 13:07:43.743   965  1696 D PowerManagerService: updateUserActivitySummaryLocked: mWakefulness=Asleep, mUserActivitySummary=0x0, nextTimeout=0 (56696070 ms ago)
06-28 13:07:43.743   965  1696 D DisplayPowerController: requestPowerState: policy=OFF, useProximitySensor=false, screenBrightness=102, screenAutoBrightnessAdjustment=-1.0, brightnessSetByUser=true, useAutoBrightness=true, blockScreenOn=false, lowPowerMode=false, boostScreenBrightness=false, dozeScreenBrightness=-1, dozeScreenState=UNKNOWN, waitForNegativeProximity=false
06-28 13:07:43.743   965  1696 D PowerManagerService: updateDisplayPowerStateLocked: mDisplayReady=true, policy=0, mWakefulness=0, mWakeLockSummary=0x1, mUserActivitySummary=0x0, mBootCompleted=true, mScreenBrightnessBoostInProgress=false
06-28 13:07:43.745   965  1696 D PowerManagerNotifier: onWakeLockAcquired: flags=1, tag="NlpWakeLock", packageName=com.google.android.gms, ownerUid=10012, ownerPid=2167, workSource=WorkSource{10012 com.google.android.gms}
06-28 13:07:43.746   965  1696 D SensorService: ~SensorEventConnection(0x7f553236c0)
06-28 13:07:43.746   965  1696 D SensorService: 2 active sensors
06-28 13:07:43.746   965  1696 D SensorService: removing connection 0x7f553236c0 for sensor[0].handle=0x00000001
06-28 13:07:43.746   965  1696 D SensorService: removing connection 0x7f553236c0 for sensor[1].handle=0x00000005
06-28 13:07:43.748   965  1368 D PowerManagerService: releaseWakeLockInternal: lock=40950399 [NlpCollectorWakeLock], flags=0x0, total_time=528ms
06-28 13:07:43.748   965  1368 D PowerManagerNotifier: onWakeLockReleased: flags=1, tag="NlpCollectorWakeLock", packageName=com.google.android.gms, ownerUid=10012, ownerPid=2167, workSource=WorkSource{10012 com.google.android.gms}
06-28 13:07:43.748   965  1368 D PowerManagerService: updateWakeLockSummaryLocked: mWakefulness=Asleep, mWakeLockSummary=0x1
06-28 13:07:43.748   965  1368 D PowerManagerService: updateUserActivitySummaryLocked: mWakefulness=Asleep, mUserActivitySummary=0x0, nextTimeout=0 (56696075 ms ago)
06-28 13:07:43.748   965  1368 D DisplayPowerController: requestPowerState: policy=OFF, useProximitySensor=false, screenBrightness=102, screenAutoBrightnessAdjustment=-1.0, brightnessSetByUser=true, useAutoBrightness=true, blockScreenOn=false, lowPowerMode=false, boostScreenBrightness=false, dozeScreenBrightness=-1, dozeScreenState=UNKNOWN, waitForNegativeProximity=false
06-28 13:07:43.748   965  1368 D PowerManagerService: updateDisplayPowerStateLocked: mDisplayReady=true, policy=0, mWakefulness=0, mWakeLockSummary=0x1, mUserActivitySummary=0x0, mBootCompleted=true, mScreenBrightnessBoostInProgress=false
06-28 13:07:43.751   965  1749 D PowerManagerService: releaseWakeLockInternal: lock=56061854 [NlpCollectorWakeLock], flags=0x0, total_time=536ms
06-28 13:07:43.751   965  1749 D PowerManagerNotifier: onWakeLockReleased: flags=1, tag="NlpCollectorWakeLock", packageName=com.google.android.gms, ownerUid=10012, ownerPid=2167, workSource=WorkSource{10012 com.google.android.gms}
06-28 13:07:43.751   965  1749 D PowerManagerService: updateWakeLockSummaryLocked: mWakefulness=Asleep, mWakeLockSummary=0x1
06-28 13:07:43.751   965  1749 D PowerManagerService: updateUserActivitySummaryLocked: mWakefulness=Asleep, mUserActivitySummary=0x0, nextTimeout=0 (56696078 ms ago)
06-28 13:07:43.751   965  1749 D DisplayPowerController: requestPowerState: policy=OFF, useProximitySensor=false, screenBrightness=102, screenAutoBrightnessAdjustment=-1.0, brightnessSetByUser=true, useAutoBrightness=true, blockScreenOn=false, lowPowerMode=false, boostScreenBrightness=false, dozeScreenBrightness=-1, dozeScreenState=UNKNOWN, waitForNegativeProximity=false
06-28 13:07:43.751   965  1749 D PowerManagerService: updateDisplayPowerStateLocked: mDisplayReady=true, policy=0, mWakefulness=0, mWakeLockSummary=0x1, mUserActivitySummary=0x0, mBootCompleted=true, mScreenBrightnessBoostInProgress=false
06-28 13:07:43.753   965  1749 D PowerManagerService: releaseWakeLockInternal: lock=165276236 [NlpWakeLock], flags=0x0, total_time=10ms
06-28 13:07:43.754   965  1749 D PowerManagerNotifier: onWakeLockReleased: flags=1, tag="NlpWakeLock", packageName=com.google.android.gms, ownerUid=10012, ownerPid=2167, workSource=WorkSource{10012 com.google.android.gms}
06-28 13:07:43.754   965  1749 D PowerManagerService: updateWakeLockSummaryLocked: mWakefulness=Asleep, mWakeLockSummary=0x1
06-28 13:07:43.754   965  1749 D PowerManagerService: updateUserActivitySummaryLocked: mWakefulness=Asleep, mUserActivitySummary=0x0, nextTimeout=0 (56696081 ms ago)
06-28 13:07:43.754   965  1749 D DisplayPowerController: requestPowerState: policy=OFF, useProximitySensor=false, screenBrightness=102, screenAutoBrightnessAdjustment=-1.0, brightnessSetByUser=true, useAutoBrightness=true, blockScreenOn=false, lowPowerMode=false, boostScreenBrightness=false, dozeScreenBrightness=-1, dozeScreenState=UNKNOWN, waitForNegativeProximity=false
06-28 13:07:43.754   965  1749 D PowerManagerService: updateDisplayPowerStateLocked: mDisplayReady=true, policy=0, mWakefulness=0, mWakeLockSummary=0x1, mUserActivitySummary=0x0, mBootCompleted=true, mScreenBrightnessBoostInProgress=false
06-28 13:07:43.757   965  1693 D PowerManagerService: acquireWakeLockInternal: lock=165276236, flags=0x1, tag="NlpWakeLock", ws=WorkSource{10012 com.google.android.gms}, uid=10012, pid=2167
06-28 13:07:43.757   965  1693 D PowerManagerService: updateWakeLockSummaryLocked: mWakefulness=Asleep, mWakeLockSummary=0x1
06-28 13:07:43.758   965  1693 D PowerManagerService: updateUserActivitySummaryLocked: mWakefulness=Asleep, mUserActivitySummary=0x0, nextTimeout=0 (56696085 ms ago)
06-28 13:07:43.758   965  1693 D DisplayPowerController: requestPowerState: policy=OFF, useProximitySensor=false, screenBrightness=102, screenAutoBrightnessAdjustment=-1.0, brightnessSetByUser=true, useAutoBrightness=true, blockScreenOn=false, lowPowerMode=false, boostScreenBrightness=false, dozeScreenBrightness=-1, dozeScreenState=UNKNOWN, waitForNegativeProximity=false
06-28 13:07:43.758   965  1693 D PowerManagerService: updateDisplayPowerStateLocked: mDisplayReady=true, policy=0, mWakefulness=0, mWakeLockSummary=0x1, mUserActivitySummary=0x0, mBootCompleted=true, mScreenBrightnessBoostInProgress=false
06-28 13:07:43.758   965  1693 D PowerManagerNotifier: onWakeLockAcquired: flags=1, tag="NlpWakeLock", packageName=com.google.android.gms, ownerUid=10012, ownerPid=2167, workSource=WorkSource{10012 com.google.android.gms}
06-28 13:07:43.759   965  2473 D PowerManagerService: releaseWakeLockInternal: lock=245021145 [NlpCollectorWakeLock], flags=0x0, total_time=553ms
06-28 13:07:43.760   965  2473 D PowerManagerNotifier: onWakeLockReleased: flags=1, tag="NlpCollectorWakeLock", packageName=com.google.android.gms, ownerUid=10012, ownerPid=2167, workSource=WorkSource{10012 com.google.android.gms}
06-28 13:07:43.760   965  2473 D PowerManagerService: updateWakeLockSummaryLocked: mWakefulness=Asleep, mWakeLockSummary=0x1
06-28 13:07:43.760   965  2473 D PowerManagerService: updateUserActivitySummaryLocked: mWakefulness=Asleep, mUserActivitySummary=0x0, nextTimeout=0 (56696087 ms ago)
06-28 13:07:43.760   965  2473 D DisplayPowerController: requestPowerState: policy=OFF, useProximitySensor=false, screenBrightness=102, screenAutoBrightnessAdjustment=-1.0, brightnessSetByUser=true, useAutoBrightness=true, blockScreenOn=false, lowPowerMode=false, boostScreenBrightness=false, dozeScreenBrightness=-1, dozeScreenState=UNKNOWN, waitForNegativeProximity=false
06-28 13:07:43.760   965  2473 D PowerManagerService: updateDisplayPowerStateLocked: mDisplayReady=true, policy=0, mWakefulness=0, mWakeLockSummary=0x1, mUserActivitySummary=0x0, mBootCompleted=true, mScreenBrightnessBoostInProgress=false
06-28 13:07:43.764   965  1660 D PowerManagerService: acquireWakeLockInternal: lock=166992533, flags=0x1, tag="NlpWakeLock", ws=WorkSource{10012 com.google.android.gms}, uid=10012, pid=2167
06-28 13:07:43.764   965  1660 D PowerManagerService: updateWakeLockSummaryLocked: mWakefulness=Asleep, mWakeLockSummary=0x1
06-28 13:07:43.764   965  1660 D PowerManagerService: updateUserActivitySummaryLocked: mWakefulness=Asleep, mUserActivitySummary=0x0, nextTimeout=0 (56696091 ms ago)
06-28 13:07:43.764   965  1660 D DisplayPowerController: requestPowerState: policy=OFF, useProximitySensor=false, screenBrightness=102, screenAutoBrightnessAdjustment=-1.0, brightnessSetByUser=true, useAutoBrightness=true, blockScreenOn=false, lowPowerMode=false, boostScreenBrightness=false, dozeScreenBrightness=-1, dozeScreenState=UNKNOWN, waitForNegativeProximity=false
06-28 13:07:43.764   965  1660 D PowerManagerService: updateDisplayPowerStateLocked: mDisplayReady=true, policy=0, mWakefulness=0, mWakeLockSummary=0x1, mUserActivitySummary=0x0, mBootCompleted=true, mScreenBrightnessBoostInProgress=false
06-28 13:07:43.764   965  1660 D PowerManagerNotifier: onWakeLockAcquired: flags=1, tag="NlpWakeLock", packageName=com.google.android.gms, ownerUid=10012, ownerPid=2167, workSource=WorkSource{10012 com.google.android.gms}
06-28 13:07:43.768  2167  2167 D ActivityThread: SVC-Calling onStartCommand: com.google.android.location.reporting.service.DispatchingService@dbdec9, flags=0, startId=907
06-28 13:07:43.768  2167  2167 D ActivityThread: SVC-SERVICE_ARGS handled : 0 / ServiceArgsData{token=android.os.BinderProxy@fa95d1e startId=907 args=Intent { act=com.google.android.location.reporting.ACTION_ACTIVITY cmp=com.google.android.gms/com.google.android.location.reporting.service.DispatchingService (has extras) }}
06-28 13:07:43.768   965   975 D PowerManagerService: releaseWakeLockInternal: lock=166992533 [NlpWakeLock], flags=0x0, total_time=4ms
06-28 13:07:43.769   965   975 D PowerManagerNotifier: onWakeLockReleased: flags=1, tag="NlpWakeLock", packageName=com.google.android.gms, ownerUid=10012, ownerPid=2167, workSource=WorkSource{10012 com.google.android.gms}
06-28 13:07:43.769   965   975 D PowerManagerService: updateWakeLockSummaryLocked: mWakefulness=Asleep, mWakeLockSummary=0x1
06-28 13:07:43.769   965   975 D PowerManagerService: updateUserActivitySummaryLocked: mWakefulness=Asleep, mUserActivitySummary=0x0, nextTimeout=0 (56696096 ms ago)
06-28 13:07:43.769   965   975 D DisplayPowerController: requestPowerState: policy=OFF, useProximitySensor=false, screenBrightness=102, screenAutoBrightnessAdjustment=-1.0, brightnessSetByUser=true, useAutoBrightness=true, blockScreenOn=false, lowPowerMode=false, boostScreenBrightness=false, dozeScreenBrightness=-1, dozeScreenState=UNKNOWN, waitForNegativeProximity=false
06-28 13:07:43.769   965   975 D PowerManagerService: updateDisplayPowerStateLocked: mDisplayReady=true, policy=0, mWakefulness=0, mWakeLockSummary=0x1, mUserActivitySummary=0x0, mBootCompleted=true, mScreenBrightnessBoostInProgress=false
06-28 13:07:43.772   965  1368 V AlarmManager: APP set(PendingIntent{146e7aa: PendingIntentRecord{8d7b746 com.google.android.gms broadcastIntent}}) : type=2 triggerAtTime=110526884 win=80000 tElapsed=110526884 maxElapsed=110606884 interval=0 flags=0x0
06-28 13:07:43.775   965  1368 D AlarmManager:  whichBatch = 0
06-28 13:07:43.775   965  1368 D AlarmManager:  alarm = Alarm{d429f9b type 2 when 110526884 com.google.android.gms} add to Batch{ee15f38 num=1 start=110297971 end=110624893}
06-28 13:07:43.775   965  1368 D AlarmManager: set alarm to RTC 110305462
06-28 13:07:43.775   965  1368 D AlarmManager: set alarm to RTC 110305013
06-28 13:07:43.777   965  1676 D PowerManagerService: releaseWakeLockInternal: lock=165276236 [NlpWakeLock], flags=0x0, total_time=19ms
06-28 13:07:43.777   965  1676 D PowerManagerNotifier: onWakeLockReleased: flags=1, tag="NlpWakeLock", packageName=com.google.android.gms, ownerUid=10012, ownerPid=2167, workSource=WorkSource{10012 com.google.android.gms}
06-28 13:07:43.777   965  1676 D PowerManagerService: updateWakeLockSummaryLocked: mWakefulness=Asleep, mWakeLockSummary=0x0
06-28 13:07:43.777   965  1676 D PowerManagerService: updateUserActivitySummaryLocked: mWakefulness=Asleep, mUserActivitySummary=0x0, nextTimeout=0 (56696104 ms ago)
06-28 13:07:43.777   965  1676 D DisplayPowerController: requestPowerState: policy=OFF, useProximitySensor=false, screenBrightness=102, screenAutoBrightnessAdjustment=-1.0, brightnessSetByUser=true, useAutoBrightness=true, blockScreenOn=false, lowPowerMode=false, boostScreenBrightness=false, dozeScreenBrightness=-1, dozeScreenState=UNKNOWN, waitForNegativeProximity=false
06-28 13:07:43.777   965  1676 D PowerManagerService: updateDisplayPowerStateLocked: mDisplayReady=true, policy=0, mWakefulness=0, mWakeLockSummary=0x0, mUserActivitySummary=0x0, mBootCompleted=true, mScreenBrightnessBoostInProgress=false
06-28 13:07:43.778  2167 20303 D SettingsInterface:  from settings cache , name = enabled_accessibility_services , value = null
06-28 13:07:43.778  2167 20303 D SettingsInterface:  from settings cache , name = font_scale , value = 1.0
06-28 13:07:43.778  2167 20303 D SettingsInterface:  from settings cache , name = accessibility_display_magnification_enabled , value = 0
06-28 13:07:43.778  2167 20303 D SettingsInterface:  from settings cache , name = high_text_contrast_enabled , value = null
06-28 13:07:43.779   965  1676 D PowerManagerService: Releasing suspend blocker "PowerManagerService.WakeLocks".
06-28 13:07:43.781  1697  2708 D SettingsInterface:  from settings cache , name = multi_sim_data_call , value = 1
06-28 13:07:43.787   965  2473 D PowerManagerService: acquireWakeLockInternal: lock=239651601, flags=0x1, tag="UlrDispSvcFastWL", ws=null, uid=10012, pid=2167
06-28 13:07:43.788   965  2473 D PowerManagerService: updateWakeLockSummaryLocked: mWakefulness=Asleep, mWakeLockSummary=0x1
06-28 13:07:43.788   965  2473 D PowerManagerService: updateUserActivitySummaryLocked: mWakefulness=Asleep, mUserActivitySummary=0x0, nextTimeout=0 (56696115 ms ago)
06-28 13:07:43.788   965  2473 D DisplayPowerController: requestPowerState: policy=OFF, useProximitySensor=false, screenBrightness=102, screenAutoBrightnessAdjustment=-1.0, brightnessSetByUser=true, useAutoBrightness=true, blockScreenOn=false, lowPowerMode=false, boostScreenBrightness=false, dozeScreenBrightness=-1, dozeScreenState=UNKNOWN, waitForNegativeProximity=false
06-28 13:07:43.788   965  2473 D PowerManagerService: updateDisplayPowerStateLocked: mDisplayReady=true, policy=0, mWakefulness=0, mWakeLockSummary=0x1, mUserActivitySummary=0x0, mBootCompleted=true, mScreenBrightnessBoostInProgress=false
06-28 13:07:43.788   965  2473 D PowerManagerService: Acquiring suspend blocker "PowerManagerService.WakeLocks".
06-28 13:07:43.788   965  2473 D PowerManagerNotifier: onWakeLockAcquired: flags=1, tag="UlrDispSvcFastWL", packageName=com.google.android.gms, ownerUid=10012, ownerPid=2167, workSource=null
06-28 13:07:43.788   965  2473 D AppOps  : startOperation: allowing code 40 uid 10012 package com.google.android.gms
06-28 13:07:43.791   965  2472 D ConnectivityService: getActiveNetworkInfo networkInfo = [type: WIFI[], state: CONNECTED/CONNECTED, reason: (unspecified), extra: "Pinnacleseven 4", roaming: false, failover: false, isAvailable: true]
06-28 13:07:43.795  2167 20303 D SQLiteDatabase: beginTransaction()
06-28 13:07:43.797  2167 19754 D SettingsInterface:  from settings cache , name = location_providers_allowed , value = 
06-28 13:07:43.797  2167 19754 D SettingsInterface:  from settings cache , name = location_providers_allowed , value = 
06-28 13:07:43.799  2167 20303 D SQLiteDatabase: beginTransaction()
06-28 13:07:43.801  2167 19754 D SettingsInterface:  from settings cache , name = location_providers_allowed , value = 
06-28 13:07:43.801  2167 19754 D SettingsInterface:  from settings cache , name = location_providers_allowed , value = 
06-28 13:07:43.802  2167 20303 D SQLiteDatabase: endTransaction()
06-28 13:07:43.803  2167 20303 D SQLiteDatabase: beginTransaction()
06-28 13:07:43.804  2167 19754 D SettingsInterface:  from settings cache , name = location_providers_allowed , value = 
06-28 13:07:43.805  2167 19754 D SettingsInterface:  from settings cache , name = location_providers_allowed , value = 
06-28 13:07:43.807  2167 19754 D SettingsInterface:  from settings cache , name = location_providers_allowed , value = 
06-28 13:07:43.807  2167 19754 D SettingsInterface:  from settings cache , name = location_providers_allowed , value = 
06-28 13:07:43.810  2167 19754 D SettingsInterface:  from settings cache , name = location_providers_allowed , value = 
06-28 13:07:43.810  2167 19754 D SettingsInterface:  from settings cache , name = location_providers_allowed , value = 
06-28 13:07:43.811  2167 20303 D SQLiteDatabase: endTransaction()
06-28 13:07:43.811  2167 20303 D SQLiteDatabase: endTransaction()
06-28 13:07:43.813   965  1677 D PowerManagerService: releaseWakeLockInternal: lock=239651601 [UlrDispSvcFastWL], flags=0x0, total_time=25ms
06-28 13:07:43.813   965  1677 D PowerManagerNotifier: onWakeLockReleased: flags=1, tag="UlrDispSvcFastWL", packageName=com.google.android.gms, ownerUid=10012, ownerPid=2167, workSource=null
06-28 13:07:43.813   965  1677 D PowerManagerService: updateWakeLockSummaryLocked: mWakefulness=Asleep, mWakeLockSummary=0x0
06-28 13:07:43.814   965  1677 D PowerManagerService: updateUserActivitySummaryLocked: mWakefulness=Asleep, mUserActivitySummary=0x0, nextTimeout=0 (56696141 ms ago)
06-28 13:07:43.814   965  1677 D DisplayPowerController: requestPowerState: policy=OFF, useProximitySensor=false, screenBrightness=102, screenAutoBrightnessAdjustment=-1.0, brightnessSetByUser=true, useAutoBrightness=true, blockScreenOn=false, lowPowerMode=false, boostScreenBrightness=false, dozeScreenBrightness=-1, dozeScreenState=UNKNOWN, waitForNegativeProximity=false
06-28 13:07:43.814   965  1677 D PowerManagerService: updateDisplayPowerStateLocked: mDisplayReady=true, policy=0, mWakefulness=0, mWakeLockSummary=0x0, mUserActivitySummary=0x0, mBootCompleted=true, mScreenBrightnessBoostInProgress=false
06-28 13:07:43.814   965  1677 D PowerManagerService: Releasing suspend blocker "PowerManagerService.WakeLocks".
06-28 13:07:43.816  2167 19754 D SettingsInterface:  from settings cache , name = location_providers_allowed , value = 
06-28 13:07:43.816  2167 19754 D SettingsInterface:  from settings cache , name = location_providers_allowed , value = 
06-28 13:07:43.817  2167 19754 D SettingsInterface:  from settings cache , name = location_providers_allowed , value = 
06-28 13:07:43.817  2167 19754 D SettingsInterface:  from settings cache , name = location_providers_allowed , value = 
06-28 13:07:43.819  2167 19754 D SettingsInterface:  from settings cache , name = location_providers_allowed , value = 
06-28 13:07:43.819  2167 19754 D SettingsInterface:  from settings cache , name = location_providers_allowed , value = 
06-28 13:07:43.820  2167 19754 D SettingsInterface:  from settings cache , name = location_providers_allowed , value = 
06-28 13:07:43.820  2167 19754 D SettingsInterface:  from settings cache , name = location_providers_allowed , value = 
06-28 13:07:43.822  2167 19754 D SettingsInterface:  from settings cache , name = location_providers_allowed , value = 
06-28 13:07:43.822  2167 19754 D SettingsInterface:  from settings cache , name = location_providers_allowed , value = 
06-28 13:07:43.874   965  1693 W PackageManager: checkUidPermission(): com.android.chrome.permission.DEBUG of 2000 is denied.
06-28 13:07:43.875   965  2473 W PackageManager: checkUidPermission(): com.android.chrome.permission.DEBUG of 2000 is denied.
06-28 13:07:44.046   287 10673 I MAL-Daemon:  (        ru_syssig_hndler,  418) [RDS-I][ru_syssig_hndler] Send Event: 688 
06-28 13:07:44.046   287 10673 I MAL-Daemon:  (        ru_syssig_hndler,  419) [RDS-I][RDS][RU][ru_syssig_hndler] ru_check_ctx_ptr<0xf5c33c9c, 0xf5c33c9c>
06-28 13:07:44.046   287 10673 W MAL-Daemon:  (    mdfx_task_send_event,  636) mdfx_task_send_event(): [ACT] should NOT enter this leagcy API!!
06-28 13:07:44.046   287 10673 I MAL-Daemon:  (    ru_send_event_entity,  350) [RDS-I][RDS][RU][ru_send_event_entity] send event 688 to 602 with ret(0)
06-28 13:07:44.047   287   727 I MAL-Daemon:  (             rds_ru_task,  445) [RDS-I][RU][rds_ru_task] RCV Event: 688 
06-28 13:07:44.047  1488  1488 D wpa_supplicant: wlan0: Control interface command 'SIGNAL_POLL'
06-28 13:07:44.066   287   727 D MAL-Daemon:  (     ru_wsl_poll_wpainfo,  639) [RDS-D][RDS][RU][ru_wsl_poll_wpainfo]socket recv pktlen(48) 
06-28 13:07:44.066   287   727 D MAL-Daemon:  (rds_ru_ws_rssi_timer_exp,  752) [RDS-D][RU][rds_ru_ws_rssi_timer_expire_hdlr][RDS] get rssi = -39, snr = 9999 
06-28 13:07:44.066   287   727 I MAL-Daemon:  (  ru_wsl_wifi_status_ind,  734) [RDS-I][RDS][RU][ru_wsl_wifi_status_ind] ru_check_ctx_ptr<0xf5c33c9c, 0xf5c33c9c>
06-28 13:07:44.066   287   727 W MAL-Daemon:  (    mdfx_task_send_event,  636) mdfx_task_send_event(): [ACT] should NOT enter this leagcy API!!
06-28 13:07:44.066   287   727 I MAL-Daemon:  (    ru_send_event_entity,  350) [RDS-I][RDS][RU][ru_send_event_entity] send event 604 to 602 with ret(0)
06-28 13:07:44.068   287   727 I MAL-Daemon:  (          ru_get_netstat, 5285) [RDS-I][RU][ru_get_netstat] netstat <thrghpt, pkterrt>, wifi <0, 0%>, mobile <0, 0%>
06-28 13:07:44.068   287   727 I MAL-Daemon:  (    ru_send_event_entity,  350) [RDS-I][RDS][RU][ru_send_event_entity] send event 614 to 1234 with ret(0)
06-28 13:07:44.068   287   727 I MAL-Daemon:  (             rds_ru_task,  445) [RDS-I][RU][rds_ru_task] RCV Event: 604 
06-28 13:07:44.068   287   727 I MAL-Daemon:  (  rds_ru_wifi_status_ind, 1338) [RDS-I][RU][EVENT_RU_WS_WIFI_STATUS_IND] fgwifi_en:1(no use) i4wifirssi:0xffffffd9 i4wifisnr:0x270f
06-28 13:07:44.068   287   727 I MAL-Daemon:  (    ru_send_event_entity,  350) [RDS-I][RDS][RU][ru_send_event_entity] send event 615 to 1234 with ret(0)
06-28 13:07:44.068   287   727 I MAL-Daemon:  (          rds_ru_rpl_gen, 4866) [RDS-I][RU][rds_ru_rpl_gen][RDS][OP18] TYPE : <0>, UI Policy : <3>, RDS Policy : <3>
06-28 13:07:44.068   287   727 I MAL-Daemon:  (      rds_cell_only_rjil, 3847) [RDS-I][RU][RDS IMS/MMS][rds_cell_only_rjil] 
06-28 13:07:44.068   287   727 I MAL-Daemon:  (          rds_ru_rpl_gen, 4877) [RDS-I][RU][rds_ru_rpl_gen][RDS][OP18] TYPE : <0>, RAN1 : <1> ,RAN2 : <254>
06-28 13:07:44.068   287   727 I MAL-Daemon:  (          rds_ru_rpl_gen, 4866) [RDS-I][RU][rds_ru_rpl_gen][RDS][OP18] TYPE : <1>, UI Policy : <3>, RDS Policy : <3>
06-28 13:07:44.068   287   727 I MAL-Daemon:  (      rds_cell_only_rjil, 3847) [RDS-I][RU][RDS IMS/MMS][rds_cell_only_rjil] 
06-28 13:07:44.068   287   727 I MAL-Daemon:  (          rds_ru_rpl_gen, 4877) [RDS-I][RU][rds_ru_rpl_gen][RDS][OP18] TYPE : <1>, RAN1 : <1> ,RAN2 : <254>
06-28 13:07:44.068   287   727 I MAL-Daemon:  (          rds_ru_rpl_gen, 4866) [RDS-I][RU][rds_ru_rpl_gen][RDS][OP18] TYPE : <2>, UI Policy : <3>, RDS Policy : <3>
06-28 13:07:44.069   287   727 I MAL-Daemon:  (      rds_cell_only_rjil, 3847) [RDS-I][RU][RDS IMS/MMS][rds_cell_only_rjil] 
06-28 13:07:44.069   287   727 I MAL-Daemon:  (          rds_ru_rpl_gen, 4877) [RDS-I][RU][rds_ru_rpl_gen][RDS][OP18] TYPE : <2>, RAN1 : <1> ,RAN2 : <254>
06-28 13:07:44.069   287   727 I MAL-Daemon:  (          rds_ru_rpl_gen, 4866) [RDS-I][RU][rds_ru_rpl_gen][RDS][OP18] TYPE : <3>, UI Policy : <3>, RDS Policy : <3>
06-28 13:07:44.069   287   727 I MAL-Daemon:  (          rds_ru_rpl_gen, 4877) [RDS-I][RU][rds_ru_rpl_gen][RDS][OP18] TYPE : <3>, RAN1 : <1> ,RAN2 : <255>
06-28 13:07:44.069   287   727 I MAL-Daemon:  (          rds_ru_rpl_gen, 4866) [RDS-I][RU][rds_ru_rpl_gen][RDS][OP18] TYPE : <4>, UI Policy : <3>, RDS Policy : <3>
06-28 13:07:44.069   287   727 I MAL-Daemon:  (          rds_ru_rpl_gen, 4877) [RDS-I][RU][rds_ru_rpl_gen][RDS][OP18] TYPE : <4>, RAN1 : <1> ,RAN2 : <255>
06-28 13:07:44.069   287   727 I MAL-Daemon:  (          rds_ru_rpl_gen, 4866) [RDS-I][RU][rds_ru_rpl_gen][RDS][OP18] TYPE : <5>, UI Policy : <3>, RDS Policy : <3>
06-28 13:07:44.069   287   727 I MAL-Daemon:  (          rds_ru_rpl_gen, 4877) [RDS-I][RU][rds_ru_rpl_gen][RDS][OP18] TYPE : <5>, RAN1 : <1> ,RAN2 : <255>
06-28 13:07:44.069   287   727 I MAL-Daemon:  (          rds_ru_rpl_gen, 4877) [RDS-I][RU][rds_ru_rpl_gen][RDS][OP18] TYPE : <6>, RAN1 : <254> ,RAN2 : <254>
06-28 13:07:44.069   287   727 I MAL-Daemon:  (    rds_op_check_feature,  293) [RDS-I][RDS][OP][rds_op_check_feature] operator id(18) check feature<0>, curr_opmsk is <5>, sys_opmsk is <0x0005, 5>
06-28 13:07:44.069   287   727 I MAL-Daemon:  (          rds_ru_rpl_gen, 4901) [RDS-I][RU][rds_ru_rpl_gen][RDS] Current policy: fgimsolte_en<1>, fgwfc_en<0>, erdspolicy<3>, 
06-28 13:07:44.069   287   727 I MAL-Daemon:  (          rds_ru_rpl_gen, 4904) [RDS-I][RU][rds_ru_rpl_gen][RDS] Threshold i4wifirssih<-75>, i4wifirssil<-85>, i4wifirssih_ho<-78>, i4wifirssil_ho<-88>, i4wifisnrh<10>, i4wifisnrl<6>
06-28 13:07:44.069   287   727 I MAL-Daemon:  (          rds_ru_rpl_gen, 4907) [RDS-I][RU][rds_ru_rpl_gen][RDS] Threshold i4ltersrph<-106>, i4ltersrpm<-111>, i4ltersrpl<-116>, i4ltersrqh<5>, i4ltersrqm<3>, i4ltersrql<1>
06-28 13:07:44.070   287   727 I MAL-Daemon:  (          rds_ru_rpl_gen, 4910) [RDS-I][RU][rds_ru_rpl_gen][RDS] current rds ru status: i4wifirssi<-39>, i4wifisnr<9999>, i4ltersrp<-104>, i4ltersrq<17>, u4active_ran<65539> 
06-28 13:07:44.070   287   727 I MAL-Daemon:  (          rds_ru_rpl_gen, 4913) [RDS-I][RU][rds_ru_rpl_gen][RDS] current wifi backhaul : rtp_plr<0>, rtp_jitter<0>, ping_ind<0>
06-28 13:07:44.070   287   727 I MAL-Daemon:  (          rds_ru_rpl_gen, 4916) [RDS-I][RU][rds_ru_rpl_gen][RDS] Call stat : IR92<0>, IR94<0> 
06-28 13:07:44.070   287   727 I MAL-Daemon:  (          rds_ru_rpl_gen, 4922) [RDS-I][RU][RDS IMS/MMS][rds_ru_rpl_gen] Ori:(1,254)/(1,255) New:(1,254)/(1,255)
06-28 13:07:44.070   287   727 I MAL-Daemon:  (          rds_ru_rpl_gen, 4927) [RDS-I][RU][RDS IMS/MMS WIFI][rds_ru_rpl_gen] Ori:(1,254)/(1,255) New:(1,254)/(1,255)
06-28 13:07:44.070   287   727 I MAL-Daemon:  (          rds_ru_rpl_gen, 4932) [RDS-I][RU][RDS IMS/MMS CELL][rds_ru_rpl_gen] Ori:(1,254)/(1,255) New:(1,254)/(1,255)
06-28 13:07:44.070   287   727 I MAL-Daemon:  (          rds_ru_rpl_gen, 4936) [RDS-I][RU][RDS EMG][rds_ru_rpl_gen] Ori:(254,254) New:(254,254)
06-28 13:07:44.071  1716  1847 I MFI-Conn:  (     mfia_task_bootstrap,  944) mfia_task_bootstrap(): an event 614 incoming
06-28 13:07:44.072  1716  1847 I MFI-Conn:  (     mfia_task_bootstrap,  944) mfia_task_bootstrap(): an event 615 incoming
06-28 13:07:44.073  1716  2696 I MFI-Conn:  (             rds_urc_hdl,  230) [RDS][rds_urc_hdl] RCV Event: 614 
06-28 13:07:44.073  1716  2696 I MFI-Conn:  (             rds_urc_hdl,  325) [RDS][IF][rds_urc_hdl] data_base update: pkterrt(0) 
06-28 13:07:44.073  1716  2696 I MFI-Conn:  (             rds_urc_hdl,  230) [RDS][rds_urc_hdl] RCV Event: 615 
06-28 13:07:44.073  1716  2696 I MFI-Conn:  (             rds_urc_hdl,  335) [RDS][IF][rds_urc_hdl] data_base update: i4wifirssi(-39) 
06-28 13:07:44.104   965  1265 D LIGHT   : processEvent code=0,value=77
06-28 13:07:44.674   965  1265 D LIGHT   : processEvent code=0,value=78
06-28 13:07:45.127   965   975 V ActivityManager: Broadcast: Intent { act=com.mobpower.sdk.probe flg=0x10 (has extras) } ordered=false userid=0 callerApp=ProcessRecord{f2ff43b 20553:com.commsource.beautyplus/u0a126}
06-28 13:07:45.128   965   975 V RestrictedPackageService: filterBroadcastReceiver for com.mobpower.sdk.probe
