06-28 13:07:33.338  2167  2167 D ActivityThread: SVC-Creating service: CreateServiceData{token=android.os.BinderProxy@1689356 className=com.google.android.gms.udc.service.UdcApiService packageName=com.google.android.gms intent=null}
06-28 13:07:33.339  2167  2167 D ActivityThread: SVC-CREATE_SERVICE handled : 0 / CreateServiceData{token=android.os.BinderProxy@1689356 className=com.google.android.gms.udc.service.UdcApiService packageName=com.google.android.gms intent=null}
06-28 13:07:33.339  2167  2167 V ActivityThread: handleBindService s=com.google.android.gms.udc.service.UdcApiService@ef1fd7 rebind=false
06-28 13:07:33.339  9600 11814 I System.out: [CDS]rx timeout:0
06-28 13:07:33.339  9600 11814 I System.out: [CDS]SO_SND_TIMEOUT:0
06-28 13:07:33.339  9600 11814 I System.out: [OkHttp] sendRequest>>
06-28 13:07:33.339  9600 11814 I System.out: [OkHttp] sendRequest<<
06-28 13:07:33.342  2167  2167 D ActivityThread: SVC-BIND_SERVICE handled : 0 / BindServiceData{token=android.os.BinderProxy@1689356 intent=Intent { act=com.google.android.gms.udc.service.START pkg=com.google.android.gms }}
06-28 13:07:33.346  2167  2167 D ActivityThread: SVC-Calling onStartCommand: com.google.android.gms.udc.service.UdcApiService@ef1fd7, flags=0, startId=1
06-28 13:07:33.346  2167  2167 D ActivityThread: SVC-SERVICE_ARGS handled : 0 / ServiceArgsData{token=android.os.BinderProxy@1689356 startId=1 args=Intent { cmp=com.google.android.gms/.udc.service.UdcApiService }}
06-28 13:07:33.351   965  2473 D PowerManagerService: acquireWakeLockInternal: lock=252735267, flags=0x1, tag="CMWakeLock", ws=WorkSource{10012 com.google.android.gms}, uid=10012, pid=2167
06-28 13:07:33.352   965  2473 D PowerManagerService: updateWakeLockSummaryLocked: mWakefulness=Asleep, mWakeLockSummary=0x1
06-28 13:07:33.352   965  2473 D PowerManagerService: updateUserActivitySummaryLocked: mWakefulness=Asleep, mUserActivitySummary=0x0, nextTimeout=0 (56685679 ms ago)
06-28 13:07:33.352   965  2473 D DisplayPowerController: requestPowerState: policy=OFF, useProximitySensor=false, screenBrightness=102, screenAutoBrightnessAdjustment=-1.0, brightnessSetByUser=true, useAutoBrightness=true, blockScreenOn=false, lowPowerMode=false, boostScreenBrightness=false, dozeScreenBrightness=-1, dozeScreenState=UNKNOWN, waitForNegativeProximity=false
06-28 13:07:33.352   965  2473 D PowerManagerService: updateDisplayPowerStateLocked: mDisplayReady=true, policy=0, mWakefulness=0, mWakeLockSummary=0x1, mUserActivitySummary=0x0, mBootCompleted=true, mScreenBrightnessBoostInProgress=false
06-28 13:07:33.352   965  2473 D PowerManagerService: Acquiring suspend blocker "PowerManagerService.WakeLocks".
06-28 13:07:33.352   965  2473 D PowerManagerNotifier: onWakeLockAcquired: flags=1, tag="CMWakeLock", packageName=com.google.android.gms, ownerUid=10012, ownerPid=2167, workSource=WorkSource{10012 com.google.android.gms}
06-28 13:07:33.355   965  1660 D PowerManagerService: releaseWakeLockInternal: lock=252735267 [CMWakeLock], flags=0x0, total_time=3ms
06-28 13:07:33.355   965  1660 D PowerManagerNotifier: onWakeLockReleased: flags=1, tag="CMWakeLock", packageName=com.google.android.gms, ownerUid=10012, ownerPid=2167, workSource=WorkSource{10012 com.google.android.gms}
06-28 13:07:33.355   965  1660 D PowerManagerService: updateWakeLockSummaryLocked: mWakefulness=Asleep, mWakeLockSummary=0x0
06-28 13:07:33.355   965  1660 D PowerManagerService: updateUserActivitySummaryLocked: mWakefulness=Asleep, mUserActivitySummary=0x0, nextTimeout=0 (56685682 ms ago)
06-28 13:07:33.355   965  1660 D DisplayPowerController: requestPowerState: policy=OFF, useProximitySensor=false, screenBrightness=102, screenAutoBrightnessAdjustment=-1.0, brightnessSetByUser=true, useAutoBrightness=true, blockScreenOn=false, lowPowerMode=false, boostScreenBrightness=false, dozeScreenBrightness=-1, dozeScreenState=UNKNOWN, waitForNegativeProximity=false
06-28 13:07:33.355   965  1660 D PowerManagerService: updateDisplayPowerStateLocked: mDisplayReady=true, policy=0, mWakefulness=0, mWakeLockSummary=0x0, mUserActivitySummary=0x0, mBootCompleted=true, mScreenBrightnessBoostInProgress=false
06-28 13:07:33.356   965  1660 D PowerManagerService: Releasing suspend blocker "PowerManagerService.WakeLocks".
06-28 13:07:33.357   965  1776 V ActivityManager_MU: getServiceByName(ComponentInfo{com.google.android.gms/com.google.android.gms.udc.service.UdcApiService}), callingUser = 0
06-28 13:07:33.358  2167 29699 D SettingsInterface:  from settings cache , name = enabled_accessibility_services , value = null
06-28 13:07:33.358  2167 29699 D SettingsInterface:  from settings cache , name = font_scale , value = 1.0
06-28 13:07:33.359  2167 29699 D SettingsInterface:  from settings cache , name = accessibility_display_magnification_enabled , value = 0
06-28 13:07:33.359  2167 29699 D SettingsInterface:  from settings cache , name = high_text_contrast_enabled , value = null
06-28 13:07:33.360  2167  2167 D ActivityThread: SVC-Calling onStartCommand: com.google.android.gms.udc.service.UdcApiService@ef1fd7, flags=0, startId=2
06-28 13:07:33.360  2167  2167 D ActivityThread: SVC-SERVICE_ARGS handled : 0 / ServiceArgsData{token=android.os.BinderProxy@1689356 startId=2 args=Intent { cmp=com.google.android.gms/.udc.service.UdcApiService }}
06-28 13:07:33.360  1697  2067 D SettingsInterface:  from settings cache , name = multi_sim_data_call , value = 1
06-28 13:07:33.363   965  1677 D ConnectivityService: getActiveNetworkInfo networkInfo = [type: WIFI[], state: CONNECTED/CONNECTED, reason: (unspecified), extra: "Pinnacleseven 4", roaming: false, failover: false, isAvailable: true]
06-28 13:07:33.364  2167 29699 D SQLiteDatabase: beginTransaction()
06-28 13:07:33.364  2167 29699 D SQLiteDatabase: beginTransaction()
06-28 13:07:33.366  2167 29699 D SQLiteDatabase: endTransaction()
06-28 13:07:33.367  2167 29699 D SQLiteDatabase: beginTransaction()
06-28 13:07:33.367   965  1749 D PowerManagerService: acquireWakeLockInternal: lock=252735267, flags=0x1, tag="CMWakeLock", ws=WorkSource{10012 com.google.android.gms}, uid=10012, pid=2167
06-28 13:07:33.367   965  1749 D PowerManagerService: updateWakeLockSummaryLocked: mWakefulness=Asleep, mWakeLockSummary=0x1
06-28 13:07:33.367   965  1749 D PowerManagerService: updateUserActivitySummaryLocked: mWakefulness=Asleep, mUserActivitySummary=0x0, nextTimeout=0 (56685694 ms ago)
06-28 13:07:33.367   965  1749 D DisplayPowerController: requestPowerState: policy=OFF, useProximitySensor=false, screenBrightness=102, screenAutoBrightnessAdjustment=-1.0, brightnessSetByUser=true, useAutoBrightness=true, blockScreenOn=false, lowPowerMode=false, boostScreenBrightness=false, dozeScreenBrightness=-1, dozeScreenState=UNKNOWN, waitForNegativeProximity=false
06-28 13:07:33.367   965  1749 D PowerManagerService: updateDisplayPowerStateLocked: mDisplayReady=true, policy=0, mWakefulness=0, mWakeLockSummary=0x1, mUserActivitySummary=0x0, mBootCompleted=true, mScreenBrightnessBoostInProgress=false
06-28 13:07:33.367   965  1749 D PowerManagerService: Acquiring suspend blocker "PowerManagerService.WakeLocks".
06-28 13:07:33.368   965  1749 D PowerManagerNotifier: onWakeLockAcquired: flags=1, tag="CMWakeLock", packageName=com.google.android.gms, ownerUid=10012, ownerPid=2167, workSource=WorkSource{10012 com.google.android.gms}
06-28 13:07:33.368  2167 29699 D SQLiteDatabase: endTransaction()
06-28 13:07:33.368  2167 29699 D SQLiteDatabase: endTransaction()
06-28 13:07:33.370  2167 29699 D SettingsInterface:  from settings cache , name = enabled_accessibility_services , value = null
06-28 13:07:33.370  2167 29699 D SettingsInterface:  from settings cache , name = font_scale , value = 1.0
06-28 13:07:33.370  2167 29699 D SettingsInterface:  from settings cache , name = accessibility_display_magnification_enabled , value = 0
06-28 13:07:33.370  2167 29699 D SettingsInterface:  from settings cache , name = high_text_contrast_enabled , value = null
06-28 13:07:33.370  2167 29699 D SQLiteDatabase: beginTransaction()
06-28 13:07:33.371  2167 29699 D SQLiteDatabase: beginTransaction()
06-28 13:07:33.372  2167 29699 D SQLiteDatabase: endTransaction()
06-28 13:07:33.372  2167 29699 D SQLiteDatabase: beginTransaction()
06-28 13:07:33.374  2167 29699 D SQLiteDatabase: endTransaction()
06-28 13:07:33.374  2167 29699 D SQLiteDatabase: endTransaction()
06-28 13:07:33.375   965  1676 D PowerManagerService: releaseWakeLockInternal: lock=252735267 [CMWakeLock], flags=0x0, total_time=8ms
06-28 13:07:33.375   965  1676 D PowerManagerNotifier: onWakeLockReleased: flags=1, tag="CMWakeLock", packageName=com.google.android.gms, ownerUid=10012, ownerPid=2167, workSource=WorkSource{10012 com.google.android.gms}
06-28 13:07:33.375   965  1676 D PowerManagerService: updateWakeLockSummaryLocked: mWakefulness=Asleep, mWakeLockSummary=0x0
06-28 13:07:33.375   965  1676 D PowerManagerService: updateUserActivitySummaryLocked: mWakefulness=Asleep, mUserActivitySummary=0x0, nextTimeout=0 (56685702 ms ago)
06-28 13:07:33.375   965  1676 D DisplayPowerController: requestPowerState: policy=OFF, useProximitySensor=false, screenBrightness=102, screenAutoBrightnessAdjustment=-1.0, brightnessSetByUser=true, useAutoBrightness=true, blockScreenOn=false, lowPowerMode=false, boostScreenBrightness=false, dozeScreenBrightness=-1, dozeScreenState=UNKNOWN, waitForNegativeProximity=false
06-28 13:07:33.375   965  1676 D PowerManagerService: updateDisplayPowerStateLocked: mDisplayReady=true, policy=0, mWakefulness=0, mWakeLockSummary=0x0, mUserActivitySummary=0x0, mBootCompleted=true, mScreenBrightnessBoostInProgress=false
06-28 13:07:33.375   965  1676 D PowerManagerService: Releasing suspend blocker "PowerManagerService.WakeLocks".
06-28 13:07:33.376  2167 29699 D SettingsInterface:  from settings cache , name = enabled_accessibility_services , value = null
06-28 13:07:33.376  2167 29699 D SettingsInterface:  from settings cache , name = font_scale , value = 1.0
06-28 13:07:33.376  2167 29699 D SettingsInterface:  from settings cache , name = accessibility_display_magnification_enabled , value = 0
06-28 13:07:33.376  2167 29699 D SettingsInterface:  from settings cache , name = high_text_contrast_enabled , value = null
06-28 13:07:33.376  2167 29699 D SQLiteDatabase: beginTransaction()
06-28 13:07:33.377  2167 29699 D SQLiteDatabase: beginTransaction()
06-28 13:07:33.378   965  1693 V ActivityManager_MU: getServiceByName(ComponentInfo{com.google.android.gms/com.google.android.gms.udc.service.UdcApiService}), callingUser = 0
06-28 13:07:33.378  2167 29699 D SQLiteDatabase: endTransaction()
06-28 13:07:33.378  2167 29699 D SQLiteDatabase: beginTransaction()
06-28 13:07:33.380  2167 29699 D SQLiteDatabase: endTransaction()
06-28 13:07:33.380  2167 29699 D SQLiteDatabase: endTransaction()
06-28 13:07:33.380  2167  2167 D ActivityThread: SVC-Calling onStartCommand: com.google.android.gms.udc.service.UdcApiService@ef1fd7, flags=0, startId=3
06-28 13:07:33.380  2167  2167 D ActivityThread: SVC-SERVICE_ARGS handled : 0 / ServiceArgsData{token=android.os.BinderProxy@1689356 startId=3 args=Intent { cmp=com.google.android.gms/.udc.service.UdcApiService }}
06-28 13:07:33.382  2167 29699 D SettingsInterface:  from settings cache , name = enabled_accessibility_services , value = null
06-28 13:07:33.382  2167 29699 D SettingsInterface:  from settings cache , name = font_scale , value = 1.0
06-28 13:07:33.382  2167 29699 D SettingsInterface:  from settings cache , name = accessibility_display_magnification_enabled , value = 0
06-28 13:07:33.382  2167 29699 D SettingsInterface:  from settings cache , name = high_text_contrast_enabled , value = null
06-28 13:07:33.383  2167 29699 D SQLiteDatabase: beginTransaction()
06-28 13:07:33.384  2167 29699 D SQLiteDatabase: beginTransaction()
06-28 13:07:33.385  2167 29699 D SQLiteDatabase: endTransaction()
06-28 13:07:33.385  2167 29699 D SQLiteDatabase: beginTransaction()
06-28 13:07:33.386   965  3767 D PowerManagerService: acquireWakeLockInternal: lock=252735267, flags=0x1, tag="CMWakeLock", ws=WorkSource{10012 com.google.android.gms}, uid=10012, pid=2167
06-28 13:07:33.386   965  3767 D PowerManagerService: updateWakeLockSummaryLocked: mWakefulness=Asleep, mWakeLockSummary=0x1
06-28 13:07:33.386   965  3767 D PowerManagerService: updateUserActivitySummaryLocked: mWakefulness=Asleep, mUserActivitySummary=0x0, nextTimeout=0 (56685713 ms ago)
06-28 13:07:33.386  2167 29699 D SQLiteDatabase: endTransaction()
06-28 13:07:33.386   965  3767 D DisplayPowerController: requestPowerState: policy=OFF, useProximitySensor=false, screenBrightness=102, screenAutoBrightnessAdjustment=-1.0, brightnessSetByUser=true, useAutoBrightness=true, blockScreenOn=false, lowPowerMode=false, boostScreenBrightness=false, dozeScreenBrightness=-1, dozeScreenState=UNKNOWN, waitForNegativeProximity=false
06-28 13:07:33.386  2167 29699 D SQLiteDatabase: endTransaction()
06-28 13:07:33.386   965  3767 D PowerManagerService: updateDisplayPowerStateLocked: mDisplayReady=true, policy=0, mWakefulness=0, mWakeLockSummary=0x1, mUserActivitySummary=0x0, mBootCompleted=true, mScreenBrightnessBoostInProgress=false
06-28 13:07:33.386   965  3767 D PowerManagerService: Acquiring suspend blocker "PowerManagerService.WakeLocks".
06-28 13:07:33.386   965  3767 D PowerManagerNotifier: onWakeLockAcquired: flags=1, tag="CMWakeLock", packageName=com.google.android.gms, ownerUid=10012, ownerPid=2167, workSource=WorkSource{10012 com.google.android.gms}
06-28 13:07:33.389   965   975 D PowerManagerService: releaseWakeLockInternal: lock=252735267 [CMWakeLock], flags=0x0, total_time=3ms
06-28 13:07:33.389   965   975 D PowerManagerNotifier: onWakeLockReleased: flags=1, tag="CMWakeLock", packageName=com.google.android.gms, ownerUid=10012, ownerPid=2167, workSource=WorkSource{10012 com.google.android.gms}
06-28 13:07:33.389   965   975 D PowerManagerService: updateWakeLockSummaryLocked: mWakefulness=Asleep, mWakeLockSummary=0x0
06-28 13:07:33.389   965   975 D PowerManagerService: updateUserActivitySummaryLocked: mWakefulness=Asleep, mUserActivitySummary=0x0, nextTimeout=0 (56685716 ms ago)
06-28 13:07:33.389   965   975 D DisplayPowerController: requestPowerState: policy=OFF, useProximitySensor=false, screenBrightness=102, screenAutoBrightnessAdjustment=-1.0, brightnessSetByUser=true, useAutoBrightness=true, blockScreenOn=false, lowPowerMode=false, boostScreenBrightness=false, dozeScreenBrightness=-1, dozeScreenState=UNKNOWN, waitForNegativeProximity=false
06-28 13:07:33.389   965   975 D PowerManagerService: updateDisplayPowerStateLocked: mDisplayReady=true, policy=0, mWakefulness=0, mWakeLockSummary=0x0, mUserActivitySummary=0x0, mBootCompleted=true, mScreenBrightnessBoostInProgress=false
06-28 13:07:33.389   965   975 D PowerManagerService: Releasing suspend blocker "PowerManagerService.WakeLocks".
06-28 13:07:33.390   965  1696 V ActivityManager_MU: getServiceByName(ComponentInfo{com.google.android.gms/com.google.android.gms.udc.service.UdcApiService}), callingUser = 0
06-28 13:07:33.391  2167 19754 D SettingsInterface:  from settings cache , name = enabled_accessibility_services , value = null
06-28 13:07:33.391  2167 19754 D SettingsInterface:  from settings cache , name = font_scale , value = 1.0
06-28 13:07:33.391  2167 19754 D SettingsInterface:  from settings cache , name = accessibility_display_magnification_enabled , value = 0
06-28 13:07:33.391  2167 19754 D SettingsInterface:  from settings cache , name = high_text_contrast_enabled , value = null
06-28 13:07:33.391  2167 19754 D SQLiteDatabase: beginTransaction()
06-28 13:07:33.392  2167 19754 D SQLiteDatabase: beginTransaction()
06-28 13:07:33.393  2167  2167 D ActivityThread: SVC-Calling onStartCommand: com.google.android.gms.udc.service.UdcApiService@ef1fd7, flags=0, startId=4
06-28 13:07:33.393  2167  2167 D ActivityThread: SVC-SERVICE_ARGS handled : 0 / ServiceArgsData{token=android.os.BinderProxy@1689356 startId=4 args=Intent { cmp=com.google.android.gms/.udc.service.UdcApiService }}
06-28 13:07:33.395  2167 19754 D SQLiteDatabase: endTransaction()
06-28 13:07:33.395  2167 19754 D SQLiteDatabase: beginTransaction()
06-28 13:07:33.396  2167 19754 D SQLiteDatabase: endTransaction()
06-28 13:07:33.396  2167 19754 D SQLiteDatabase: endTransaction()
06-28 13:07:33.398  2167 19754 D SettingsInterface:  from settings cache , name = enabled_accessibility_services , value = null
06-28 13:07:33.398   965  2476 D PowerManagerService: acquireWakeLockInternal: lock=252735267, flags=0x1, tag="CMWakeLock", ws=WorkSource{10012 com.google.android.gms}, uid=10012, pid=2167
06-28 13:07:33.398   965  2476 D PowerManagerService: updateWakeLockSummaryLocked: mWakefulness=Asleep, mWakeLockSummary=0x1
06-28 13:07:33.398   965  2476 D PowerManagerService: updateUserActivitySummaryLocked: mWakefulness=Asleep, mUserActivitySummary=0x0, nextTimeout=0 (56685726 ms ago)
06-28 13:07:33.399   965  2476 D DisplayPowerController: requestPowerState: policy=OFF, useProximitySensor=false, screenBrightness=102, screenAutoBrightnessAdjustment=-1.0, brightnessSetByUser=true, useAutoBrightness=true, blockScreenOn=false, lowPowerMode=false, boostScreenBrightness=false, dozeScreenBrightness=-1, dozeScreenState=UNKNOWN, waitForNegativeProximity=false
06-28 13:07:33.399   965  2476 D PowerManagerService: updateDisplayPowerStateLocked: mDisplayReady=true, policy=0, mWakefulness=0, mWakeLockSummary=0x1, mUserActivitySummary=0x0, mBootCompleted=true, mScreenBrightnessBoostInProgress=false
06-28 13:07:33.399   965  2476 D PowerManagerService: Acquiring suspend blocker "PowerManagerService.WakeLocks".
06-28 13:07:33.399   965  2476 D PowerManagerNotifier: onWakeLockAcquired: flags=1, tag="CMWakeLock", packageName=com.google.android.gms, ownerUid=10012, ownerPid=2167, workSource=WorkSource{10012 com.google.android.gms}
06-28 13:07:33.399  2167 19754 D SettingsInterface:  from settings cache , name = font_scale , value = 1.0
06-28 13:07:33.399  2167 19754 D SettingsInterface:  from settings cache , name = accessibility_display_magnification_enabled , value = 0
06-28 13:07:33.399  2167 19754 D SettingsInterface:  from settings cache , name = high_text_contrast_enabled , value = null
06-28 13:07:33.400  2167 19754 D SQLiteDatabase: beginTransaction()
06-28 13:07:33.400  2167 19754 D SQLiteDatabase: beginTransaction()
06-28 13:07:33.401  2167 19754 D SQLiteDatabase: endTransaction()
06-28 13:07:33.401  2167 19754 D SQLiteDatabase: beginTransaction()
06-28 13:07:33.402  2167 19754 D SQLiteDatabase: endTransaction()
06-28 13:07:33.402  2167 19754 D SQLiteDatabase: endTransaction()
06-28 13:07:33.405   965  2473 V ActivityManager_MU: getServiceByName(ComponentInfo{com.google.android.gms/com.google.android.gms.udc.service.UdcApiService}), callingUser = 0
06-28 13:07:33.405   965  1778 D PowerManagerService: releaseWakeLockInternal: lock=252735267 [CMWakeLock], flags=0x0, total_time=7ms
06-28 13:07:33.405   965  1778 D PowerManagerNotifier: onWakeLockReleased: flags=1, tag="CMWakeLock", packageName=com.google.android.gms, ownerUid=10012, ownerPid=2167, workSource=WorkSource{10012 com.google.android.gms}
06-28 13:07:33.405   965  1778 D PowerManagerService: updateWakeLockSummaryLocked: mWakefulness=Asleep, mWakeLockSummary=0x0
06-28 13:07:33.405   965  1778 D PowerManagerService: updateUserActivitySummaryLocked: mWakefulness=Asleep, mUserActivitySummary=0x0, nextTimeout=0 (56685732 ms ago)
06-28 13:07:33.406   965  1778 D DisplayPowerController: requestPowerState: policy=OFF, useProximitySensor=false, screenBrightness=102, screenAutoBrightnessAdjustment=-1.0, brightnessSetByUser=true, useAutoBrightness=true, blockScreenOn=false, lowPowerMode=false, boostScreenBrightness=false, dozeScreenBrightness=-1, dozeScreenState=UNKNOWN, waitForNegativeProximity=false
06-28 13:07:33.406   965  1778 D PowerManagerService: updateDisplayPowerStateLocked: mDisplayReady=true, policy=0, mWakefulness=0, mWakeLockSummary=0x0, mUserActivitySummary=0x0, mBootCompleted=true, mScreenBrightnessBoostInProgress=false
06-28 13:07:33.406   965  1778 D PowerManagerService: Releasing suspend blocker "PowerManagerService.WakeLocks".
06-28 13:07:33.406   965  1778 V ActivityManager_MU: getIntentSenderLocked(): uid=10012
06-28 13:07:33.407   965  1660 V AlarmManager: APP set(PendingIntent{3ee2c20: PendingIntentRecord{1e0a48 com.google.android.gms broadcastIntent}}) : type=3 triggerAtTime=110338419 win=-1 tElapsed=110338419 maxElapsed=110383418 interval=0 flags=0x0
06-28 13:07:33.407  2167 19754 D SettingsInterface:  from settings cache , name = enabled_accessibility_services , value = null
06-28 13:07:33.407  2167 19754 D SettingsInterface:  from settings cache , name = font_scale , value = 1.0
06-28 13:07:33.407  2167 19754 D SettingsInterface:  from settings cache , name = accessibility_display_magnification_enabled , value = 0
06-28 13:07:33.407  2167 19754 D SettingsInterface:  from settings cache , name = high_text_contrast_enabled , value = null
06-28 13:07:33.408  2167 19754 D SQLiteDatabase: beginTransaction()
06-28 13:07:33.408   965  1660 D AlarmManager:  whichBatch = -1
06-28 13:07:33.408  2167 19754 D SQLiteDatabase: beginTransaction()
06-28 13:07:33.409  2167 19754 D SQLiteDatabase: endTransaction()
06-28 13:07:33.410  2167 19754 D SQLiteDatabase: beginTransaction()
06-28 13:07:33.411  2167 19754 D SQLiteDatabase: endTransaction()
06-28 13:07:33.411  2167 19754 D SQLiteDatabase: endTransaction()
06-28 13:07:33.412   965  1368 D AppOps  : checkOperation(code = 43 uid = 10012 pkgName = com.google.android.gms) - op == null, return default mode = 3
06-28 13:07:33.414  2167 19754 D SettingsInterface:  from settings cache , name = enabled_accessibility_services , value = null
06-28 13:07:33.414  2167 19754 D SettingsInterface:  from settings cache , name = font_scale , value = 1.0
06-28 13:07:33.414  2167 19754 D SettingsInterface:  from settings cache , name = accessibility_display_magnification_enabled , value = 0
06-28 13:07:33.414  2167 19754 D SettingsInterface:  from settings cache , name = high_text_contrast_enabled , value = null
06-28 13:07:33.414   965  1676 V ActivityManager_MU: getServiceByName(ComponentInfo{com.google.android.gms/com.google.android.gms.lockbox.LockboxService}), callingUser = 0
06-28 13:07:33.414  2167 19754 D SQLiteDatabase: beginTransaction()
06-28 13:07:33.415  2167 19754 D SQLiteDatabase: beginTransaction()
06-28 13:07:33.416  2167  2167 D ActivityThread: SVC-Destroying service: com.google.android.gms.lockbox.LockboxService@fac4e85
06-28 13:07:33.417  2167 19754 D SQLiteDatabase: endTransaction()
06-28 13:07:33.417  2167 19754 D SQLiteDatabase: beginTransaction()
06-28 13:07:33.418  2167 19754 D SQLiteDatabase: endTransaction()
06-28 13:07:33.418  2167 19754 D SQLiteDatabase: endTransaction()
06-28 13:07:33.419  2167  2167 D ActivityThread: SVC-STOP_SERVICE handled : 0 / android.os.BinderProxy@e42c064
06-28 13:07:33.420  2167 19754 D SettingsInterface:  from settings cache , name = enabled_accessibility_services , value = null
06-28 13:07:33.420  2167 19754 D SettingsInterface:  from settings cache , name = font_scale , value = 1.0
06-28 13:07:33.420  2167 19754 D SettingsInterface:  from settings cache , name = accessibility_display_magnification_enabled , value = 0
06-28 13:07:33.420  2167 19754 D SettingsInterface:  from settings cache , name = high_text_contrast_enabled , value = null
06-28 13:07:33.421  2167 19754 D SQLiteDatabase: beginTransaction()
06-28 13:07:33.422  2167 19754 D SQLiteDatabase: beginTransaction()
06-28 13:07:33.423  2167 19754 D SQLiteDatabase: endTransaction()
06-28 13:07:33.423  2167 19754 D SQLiteDatabase: beginTransaction()
06-28 13:07:33.424  2167 19754 D SQLiteDatabase: endTransaction()
06-28 13:07:33.424  2167 19754 D SQLiteDatabase: endTransaction()
06-28 13:07:33.425  2167 19754 D SettingsInterface:  from settings cache , name = enabled_accessibility_services , value = null
06-28 13:07:33.426  2167 19754 D SettingsInterface:  from settings cache , name = font_scale , value = 1.0
06-28 13:07:33.426  2167 19754 D SettingsInterface:  from settings cache , name = accessibility_display_magnification_enabled , value = 0
06-28 13:07:33.426  2167 19754 D SettingsInterface:  from settings cache , name = high_text_contrast_enabled , value = null
06-28 13:07:33.426  2167 19754 D SQLiteDatabase: beginTransaction()
06-28 13:07:33.427  2167 19754 D SQLiteDatabase: beginTransaction()
06-28 13:07:33.428  2167 19754 D SQLiteDatabase: endTransaction()
06-28 13:07:33.428  2167 19754 D SQLiteDatabase: beginTransaction()
06-28 13:07:33.429  2167 19754 D SQLiteDatabase: endTransaction()
06-28 13:07:33.429  2167 19754 D SQLiteDatabase: endTransaction()
06-28 13:07:33.430  2167 19754 D SettingsInterface:  from settings cache , name = enabled_accessibility_services , value = null
06-28 13:07:33.431  2167 19754 D SettingsInterface:  from settings cache , name = font_scale , value = 1.0
06-28 13:07:33.431  2167 19754 D SettingsInterface:  from settings cache , name = accessibility_display_magnification_enabled , value = 0
06-28 13:07:33.431  2167 19754 D SettingsInterface:  from settings cache , name = high_text_contrast_enabled , value = null
06-28 13:07:33.431  2167 19754 D SQLiteDatabase: beginTransaction()
06-28 13:07:33.432  2167 19754 D SQLiteDatabase: beginTransaction()
06-28 13:07:33.433  2167 19754 D SQLiteDatabase: endTransaction()
06-28 13:07:33.433  2167 19754 D SQLiteDatabase: beginTransaction()
06-28 13:07:33.434  2167 19754 D SQLiteDatabase: endTransaction()
06-28 13:07:33.434  2167 19754 D SQLiteDatabase: endTransaction()
06-28 13:07:33.436  2167 19754 D SettingsInterface:  from settings cache , name = enabled_accessibility_services , value = null
06-28 13:07:33.436  2167 19754 D SettingsInterface:  from settings cache , name = font_scale , value = 1.0
06-28 13:07:33.436  2167 19754 D SettingsInterface:  from settings cache , name = accessibility_display_magnification_enabled , value = 0
06-28 13:07:33.436  2167 19754 D SettingsInterface:  from settings cache , name = high_text_contrast_enabled , value = null
06-28 13:07:33.436  2167 19754 D SQLiteDatabase: beginTransaction()
06-28 13:07:33.437  2167 19754 D SQLiteDatabase: beginTransaction()
06-28 13:07:33.438  2167 19754 D SQLiteDatabase: endTransaction()
06-28 13:07:33.438  2167 19754 D SQLiteDatabase: beginTransaction()
06-28 13:07:33.439  2167 19754 D SQLiteDatabase: endTransaction()
06-28 13:07:33.440  2167 19754 D SQLiteDatabase: endTransaction()
06-28 13:07:33.441  2167 19754 D SettingsInterface:  from settings cache , name = enabled_accessibility_services , value = null
06-28 13:07:33.441  2167 19754 D SettingsInterface:  from settings cache , name = font_scale , value = 1.0
06-28 13:07:33.441  2167 19754 D SettingsInterface:  from settings cache , name = accessibility_display_magnification_enabled , value = 0
06-28 13:07:33.441  2167 19754 D SettingsInterface:  from settings cache , name = high_text_contrast_enabled , value = null
06-28 13:07:33.442  2167 19754 D SQLiteDatabase: beginTransaction()
06-28 13:07:33.442  2167 19754 D SQLiteDatabase: beginTransaction()
06-28 13:07:33.443  2167 19754 D SQLiteDatabase: endTransaction()
06-28 13:07:33.444  2167 19754 D SQLiteDatabase: beginTransaction()
06-28 13:07:33.445  2167 19754 D SQLiteDatabase: endTransaction()
06-28 13:07:33.445  2167 19754 D SQLiteDatabase: endTransaction()
06-28 13:07:33.446  2167 19754 D SettingsInterface:  from settings cache , name = enabled_accessibility_services , value = null
06-28 13:07:33.446  2167 19754 D SettingsInterface:  from settings cache , name = font_scale , value = 1.0
06-28 13:07:33.446  2167 19754 D SettingsInterface:  from settings cache , name = accessibility_display_magnification_enabled , value = 0
06-28 13:07:33.446  2167 19754 D SettingsInterface:  from settings cache , name = high_text_contrast_enabled , value = null
06-28 13:07:33.447  2167 19754 D SQLiteDatabase: beginTransaction()
06-28 13:07:33.448  2167 19754 D SQLiteDatabase: beginTransaction()
06-28 13:07:33.448  2167 19754 D SQLiteDatabase: endTransaction()
06-28 13:07:33.449  2167 19754 D SQLiteDatabase: beginTransaction()
06-28 13:07:33.450  2167 19754 D SQLiteDatabase: endTransaction()
06-28 13:07:33.450  2167 19754 D SQLiteDatabase: endTransaction()
06-28 13:07:33.479  9600 11814 I System.out: [CDS]rx timeout:0
06-28 13:07:33.479  9600 11814 I System.out: [CDS]SO_SND_TIMEOUT:0
06-28 13:07:33.479  9600 11814 I System.out: [OkHttp] sendRequest>>
06-28 13:07:33.479  9600 11814 I System.out: [OkHttp] sendRequest<<
06-28 13:07:33.768  9600 11814 I System.out: [CDS]rx timeout:0
06-28 13:07:33.768  9600 11814 I System.out: [CDS]SO_SND_TIMEOUT:0
06-28 13:07:33.768  9600 11814 I System.out: [OkHttp] sendRequest>>
06-28 13:07:33.769  9600 11814 I System.out: [OkHttp] sendRequest<<
06-28 13:07:33.844   965  1265 D LIGHT   : processEvent code=0,value=23
06-28 13:07:33.930  9600 11814 I System.out: [CDS]rx timeout:0
06-28 13:07:33.930  9600 11814 I System.out: [CDS]SO_SND_TIMEOUT:0
06-28 13:07:33.931  9600 11814 I System.out: [OkHttp] sendRequest>>
06-28 13:07:33.931  9600 11814 I System.out: [OkHttp] sendRequest<<
06-28 13:07:34.095  9600 11814 I System.out: [CDS]rx timeout:0
06-28 13:07:34.097  9600 11814 I System.out: [CDS]SO_SND_TIMEOUT:0
06-28 13:07:34.097  9600 11814 I System.out: [OkHttp] sendRequest>>
06-28 13:07:34.098  9600 11814 I System.out: [OkHttp] sendRequest<<
06-28 13:07:34.257  9600 11814 I System.out: [CDS]rx timeout:0
06-28 13:07:34.257  9600 11814 I System.out: [CDS]SO_SND_TIMEOUT:0
06-28 13:07:34.257  9600 11814 I System.out: [OkHttp] sendRequest>>
06-28 13:07:34.258  9600 11814 I System.out: [OkHttp] sendRequest<<
06-28 13:07:34.415   965  1265 D LIGHT   : processEvent code=0,value=32
06-28 13:07:34.435  9600 11814 I System.out: [CDS]rx timeout:0
06-28 13:07:34.435  9600 11814 I System.out: [CDS]SO_SND_TIMEOUT:0
06-28 13:07:34.435  9600 11814 I System.out: [OkHttp] sendRequest>>
06-28 13:07:34.435  9600 11814 I System.out: [OkHttp] sendRequest<<
06-28 13:07:34.569  9600 11814 I System.out: [CDS]rx timeout:0
06-28 13:07:34.570  9600 11814 I System.out: [CDS]SO_SND_TIMEOUT:0
06-28 13:07:34.570  9600 11814 I System.out: [OkHttp] sendRequest>>
06-28 13:07:34.570  9600 11814 I System.out: [OkHttp] sendRequest<<
06-28 13:07:34.731  9600 11814 I System.out: [CDS]rx timeout:0
06-28 13:07:34.731  9600 11814 I System.out: [CDS]SO_SND_TIMEOUT:0
06-28 13:07:34.731  9600 11814 I System.out: [OkHttp] sendRequest>>
06-28 13:07:34.731  9600 11814 I System.out: [OkHttp] sendRequest<<
06-28 13:07:34.870  9600 11814 I System.out: [CDS]rx timeout:0
06-28 13:07:34.870  9600 11814 I System.out: [CDS]SO_SND_TIMEOUT:0
06-28 13:07:34.870  9600 11814 I System.out: [OkHttp] sendRequest>>
06-28 13:07:34.870  9600 11814 I System.out: [OkHttp] sendRequest<<
06-28 13:07:34.984   965  1265 D LIGHT   : processEvent code=0,value=54
06-28 13:07:35.020  9600 11814 I System.out: [CDS]rx timeout:0
06-28 13:07:35.020  9600 11814 I System.out: [CDS]SO_SND_TIMEOUT:0
06-28 13:07:35.020  9600 11814 I System.out: [OkHttp] sendRequest>>
06-28 13:07:35.020  9600 11814 I System.out: [OkHttp] sendRequest<<
06-28 13:07:35.046   287 10673 I MAL-Daemon:  (        ru_syssig_hndler,  418) [RDS-I][ru_syssig_hndler] Send Event: 688 
06-28 13:07:35.046   287 10673 I MAL-Daemon:  (        ru_syssig_hndler,  419) [RDS-I][RDS][RU][ru_syssig_hndler] ru_check_ctx_ptr<0xf5c33c9c, 0xf5c33c9c>
06-28 13:07:35.046   287 10673 W MAL-Daemon:  (    mdfx_task_send_event,  636) mdfx_task_send_event(): [ACT] should NOT enter this leagcy API!!
06-28 13:07:35.046   287 10673 I MAL-Daemon:  (    ru_send_event_entity,  350) [RDS-I][RDS][RU][ru_send_event_entity] send event 688 to 602 with ret(0)
06-28 13:07:35.047   287   727 I MAL-Daemon:  (             rds_ru_task,  445) [RDS-I][RU][rds_ru_task] RCV Event: 688 
06-28 13:07:35.047  1488  1488 D wpa_supplicant: wlan0: Control interface command 'SIGNAL_POLL'
06-28 13:07:35.050   287   727 D MAL-Daemon:  (     ru_wsl_poll_wpainfo,  639) [RDS-D][RDS][RU][ru_wsl_poll_wpainfo]socket recv pktlen(48) 
06-28 13:07:35.050   287   727 D MAL-Daemon:  (rds_ru_ws_rssi_timer_exp,  752) [RDS-D][RU][rds_ru_ws_rssi_timer_expire_hdlr][RDS] get rssi = -37, snr = 9999 
06-28 13:07:35.050   287   727 I MAL-Daemon:  (  ru_wsl_wifi_status_ind,  734) [RDS-I][RDS][RU][ru_wsl_wifi_status_ind] ru_check_ctx_ptr<0xf5c33c9c, 0xf5c33c9c>
06-28 13:07:35.050   287   727 W MAL-Daemon:  (    mdfx_task_send_event,  636) mdfx_task_send_event(): [ACT] should NOT enter this leagcy API!!
06-28 13:07:35.050   287   727 I MAL-Daemon:  (    ru_send_event_entity,  350) [RDS-I][RDS][RU][ru_send_event_entity] send event 604 to 602 with ret(0)
06-28 13:07:35.051   287   727 I MAL-Daemon:  (          ru_get_netstat, 5285) [RDS-I][RU][ru_get_netstat] netstat <thrghpt, pkterrt>, wifi <23684, 0%>, mobile <0, 0%>
06-28 13:07:35.051   287   727 I MAL-Daemon:  (    ru_send_event_entity,  350) [RDS-I][RDS][RU][ru_send_event_entity] send event 614 to 1234 with ret(0)
06-28 13:07:35.051   287   727 I MAL-Daemon:  (             rds_ru_task,  445) [RDS-I][RU][rds_ru_task] RCV Event: 604 
06-28 13:07:35.052   287   727 I MAL-Daemon:  (  rds_ru_wifi_status_ind, 1338) [RDS-I][RU][EVENT_RU_WS_WIFI_STATUS_IND] fgwifi_en:1(no use) i4wifirssi:0xffffffdb i4wifisnr:0x270f
06-28 13:07:35.052   287   727 I MAL-Daemon:  (    ru_send_event_entity,  350) [RDS-I][RDS][RU][ru_send_event_entity] send event 615 to 1234 with ret(0)
06-28 13:07:35.052   287   727 I MAL-Daemon:  (          rds_ru_rpl_gen, 4866) [RDS-I][RU][rds_ru_rpl_gen][RDS][OP18] TYPE : <0>, UI Policy : <3>, RDS Policy : <3>
06-28 13:07:35.052   287   727 I MAL-Daemon:  (      rds_cell_only_rjil, 3847) [RDS-I][RU][RDS IMS/MMS][rds_cell_only_rjil] 
06-28 13:07:35.052   287   727 I MAL-Daemon:  (          rds_ru_rpl_gen, 4877) [RDS-I][RU][rds_ru_rpl_gen][RDS][OP18] TYPE : <0>, RAN1 : <1> ,RAN2 : <254>
06-28 13:07:35.052   287   727 I MAL-Daemon:  (          rds_ru_rpl_gen, 4866) [RDS-I][RU][rds_ru_rpl_gen][RDS][OP18] TYPE : <1>, UI Policy : <3>, RDS Policy : <3>
06-28 13:07:35.052   287   727 I MAL-Daemon:  (      rds_cell_only_rjil, 3847) [RDS-I][RU][RDS IMS/MMS][rds_cell_only_rjil] 
06-28 13:07:35.052   287   727 I MAL-Daemon:  (          rds_ru_rpl_gen, 4877) [RDS-I][RU][rds_ru_rpl_gen][RDS][OP18] TYPE : <1>, RAN1 : <1> ,RAN2 : <254>
06-28 13:07:35.052   287   727 I MAL-Daemon:  (          rds_ru_rpl_gen, 4866) [RDS-I][RU][rds_ru_rpl_gen][RDS][OP18] TYPE : <2>, UI Policy : <3>, RDS Policy : <3>
06-28 13:07:35.052   287   727 I MAL-Daemon:  (      rds_cell_only_rjil, 3847) [RDS-I][RU][RDS IMS/MMS][rds_cell_only_rjil] 
06-28 13:07:35.052   287   727 I MAL-Daemon:  (          rds_ru_rpl_gen, 4877) [RDS-I][RU][rds_ru_rpl_gen][RDS][OP18] TYPE : <2>, RAN1 : <1> ,RAN2 : <254>
06-28 13:07:35.053  1716  1847 I MFI-Conn:  (     mfia_task_bootstrap,  944) mfia_task_bootstrap(): an event 614 incoming
06-28 13:07:35.053  1716  1847 I MFI-Conn:  (     mfia_task_bootstrap,  944) mfia_task_bootstrap(): an event 615 incoming
06-28 13:07:35.053  1716  2696 I MFI-Conn:  (             rds_urc_hdl,  230) [RDS][rds_urc_hdl] RCV Event: 614 
06-28 13:07:35.053  1716  2696 I MFI-Conn:  (             rds_urc_hdl,  325) [RDS][IF][rds_urc_hdl] data_base update: pkterrt(0) 
06-28 13:07:35.053  1716  2696 I MFI-Conn:  (             rds_urc_hdl,  230) [RDS][rds_urc_hdl] RCV Event: 615 
06-28 13:07:35.053  1716  2696 I MFI-Conn:  (             rds_urc_hdl,  335) [RDS][IF][rds_urc_hdl] data_base update: i4wifirssi(-37) 
06-28 13:07:35.052   287   727 I MAL-Daemon:  (          rds_ru_rpl_gen, 4866) [RDS-I][RU][rds_ru_rpl_gen][RDS][OP18] TYPE : <3>, UI Policy : <3>, RDS Policy : <3>
06-28 13:07:35.057   287   727 I MAL-Daemon:  (          rds_ru_rpl_gen, 4877) [RDS-I][RU][rds_ru_rpl_gen][RDS][OP18] TYPE : <3>, RAN1 : <1> ,RAN2 : <255>
06-28 13:07:35.058   287   727 I MAL-Daemon:  (          rds_ru_rpl_gen, 4866) [RDS-I][RU][rds_ru_rpl_gen][RDS][OP18] TYPE : <4>, UI Policy : <3>, RDS Policy : <3>
06-28 13:07:35.058   287   727 I MAL-Daemon:  (          rds_ru_rpl_gen, 4877) [RDS-I][RU][rds_ru_rpl_gen][RDS][OP18] TYPE : <4>, RAN1 : <1> ,RAN2 : <255>
06-28 13:07:35.061   287   727 I MAL-Daemon:  (          rds_ru_rpl_gen, 4866) [RDS-I][RU][rds_ru_rpl_gen][RDS][OP18] TYPE : <5>, UI Policy : <3>, RDS Policy : <3>
06-28 13:07:35.061   287   727 I MAL-Daemon:  (          rds_ru_rpl_gen, 4877) [RDS-I][RU][rds_ru_rpl_gen][RDS][OP18] TYPE : <5>, RAN1 : <1> ,RAN2 : <255>
06-28 13:07:35.062   287   727 I MAL-Daemon:  (          rds_ru_rpl_gen, 4877) [RDS-I][RU][rds_ru_rpl_gen][RDS][OP18] TYPE : <6>, RAN1 : <254> ,RAN2 : <254>
06-28 13:07:35.064   287   727 I MAL-Daemon:  (    rds_op_check_feature,  293) [RDS-I][RDS][OP][rds_op_check_feature] operator id(18) check feature<0>, curr_opmsk is <5>, sys_opmsk is <0x0005, 5>
06-28 13:07:35.064   287   727 I MAL-Daemon:  (          rds_ru_rpl_gen, 4901) [RDS-I][RU][rds_ru_rpl_gen][RDS] Current policy: fgimsolte_en<1>, fgwfc_en<0>, erdspolicy<3>, 
06-28 13:07:35.064   287   727 I MAL-Daemon:  (          rds_ru_rpl_gen, 4904) [RDS-I][RU][rds_ru_rpl_gen][RDS] Threshold i4wifirssih<-75>, i4wifirssil<-85>, i4wifirssih_ho<-78>, i4wifirssil_ho<-88>, i4wifisnrh<10>, i4wifisnrl<6>
06-28 13:07:35.064   287   727 I MAL-Daemon:  (          rds_ru_rpl_gen, 4907) [RDS-I][RU][rds_ru_rpl_gen][RDS] Threshold i4ltersrph<-106>, i4ltersrpm<-111>, i4ltersrpl<-116>, i4ltersrqh<5>, i4ltersrqm<3>, i4ltersrql<1>
06-28 13:07:35.064   287   727 I MAL-Daemon:  (          rds_ru_rpl_gen, 4910) [RDS-I][RU][rds_ru_rpl_gen][RDS] current rds ru status: i4wifirssi<-37>, i4wifisnr<9999>, i4ltersrp<-104>, i4ltersrq<17>, u4active_ran<65539> 
06-28 13:07:35.067   287   727 I MAL-Daemon:  (          rds_ru_rpl_gen, 4913) [RDS-I][RU][rds_ru_rpl_gen][RDS] current wifi backhaul : rtp_plr<0>, rtp_jitter<0>, ping_ind<0>
06-28 13:07:35.068   287   727 I MAL-Daemon:  (          rds_ru_rpl_gen, 4916) [RDS-I][RU][rds_ru_rpl_gen][RDS] Call stat : IR92<0>, IR94<0> 
06-28 13:07:35.068   287   727 I MAL-Daemon:  (          rds_ru_rpl_gen, 4922) [RDS-I][RU][RDS IMS/MMS][rds_ru_rpl_gen] Ori:(1,254)/(1,255) New:(1,254)/(1,255)
06-28 13:07:35.069   287   727 I MAL-Daemon:  (          rds_ru_rpl_gen, 4927) [RDS-I][RU][RDS IMS/MMS WIFI][rds_ru_rpl_gen] Ori:(1,254)/(1,255) New:(1,254)/(1,255)
06-28 13:07:35.071   287   727 I MAL-Daemon:  (          rds_ru_rpl_gen, 4932) [RDS-I][RU][RDS IMS/MMS CELL][rds_ru_rpl_gen] Ori:(1,254)/(1,255) New:(1,254)/(1,255)
06-28 13:07:35.071   287   727 I MAL-Daemon:  (          rds_ru_rpl_gen, 4936) [RDS-I][RU][RDS EMG][rds_ru_rpl_gen] Ori:(254,254) New:(254,254)
06-28 13:07:35.117   965  1776 V ActivityManager: Broadcast: Intent { act=com.mobpower.sdk.probe flg=0x10 (has extras) } ordered=false userid=0 callerApp=ProcessRecord{f2ff43b 20553:com.commsource.beautyplus/u0a126}
06-28 13:07:35.118   965  1776 V RestrictedPackageService: filterBroadcastReceiver for com.mobpower.sdk.probe
06-28 13:07:35.118   965   980 V ActivityManager_MU: isSingleton(com.commsource.beautyplus, ApplicationInfo{35836cb com.commsource.beautyplus}, com.mobpower.probe.PowerReceiver, 0x0) = false
06-28 13:07:35.133 20553 20553 D ActivityThread: BDC-Calling onReceive: intent=Intent { act=com.mobpower.sdk.probe flg=0x10 cmp=com.commsource.beautyplus/com.mobpower.probe.PowerReceiver (has extras) }, receiver=com.mobpower.probe.PowerReceiver@6f23e45
06-28 13:07:35.133 20553 20553 D ActivityThread: BDC-Calling onReceive end receiver=class com.mobpower.probe.PowerReceiver
06-28 13:07:35.140 20553 20553 D ActivityThread: BDC-RECEIVER handled : 0 / ReceiverData{intent=Intent { act=com.mobpower.sdk.probe flg=0x10 cmp=com.commsource.beautyplus/com.mobpower.probe.PowerReceiver (has extras) } packageName=com.commsource.beautyplus resultCode=-1 resultData=null resultExtras=null}
06-28 13:07:35.173  9600 11814 I System.out: [CDS]rx timeout:0
06-28 13:07:35.173  9600 11814 I System.out: [CDS]SO_SND_TIMEOUT:0
06-28 13:07:35.174  9600 11814 I System.out: [OkHttp] sendRequest>>
06-28 13:07:35.174  9600 11814 I System.out: [OkHttp] sendRequest<<
06-28 13:07:35.345  9600 11814 I System.out: [CDS]rx timeout:0
06-28 13:07:35.345  9600 11814 I System.out: [CDS]SO_SND_TIMEOUT:0
06-28 13:07:35.345  9600 11814 I System.out: [OkHttp] sendRequest>>
06-28 13:07:35.345  9600 11814 I System.out: [OkHttp] sendRequest<<
06-28 13:07:35.463   344   344 I thermal_src: wake up function 3
06-28 13:07:35.463   344   344 I thermal_src: TA_DAEMON_CMD_GET_TPCB cmd=0x5, len=4 PCB=34000
06-28 13:07:35.463   344   344 I thermal_src: TA_DAEMON_CMD_SET_TTJ cmd=0x4, len=4 Tj=85000
06-28 13:07:35.463   344   344 I thermal_src: waiting NOTIFY from kernel...
06-28 13:07:35.515  9600 11814 I System.out: [CDS]rx timeout:0
06-28 13:07:35.515  9600 11814 I System.out: [CDS]SO_SND_TIMEOUT:0
06-28 13:07:35.515  9600 11814 I System.out: [OkHttp] sendRequest>>
06-28 13:07:35.515  9600 11814 I System.out: [OkHttp] sendRequest<<
06-28 13:07:35.554   965  1265 D LIGHT   : processEvent code=0,value=60
06-28 13:07:35.714  9600 11814 I System.out: [CDS]rx timeout:0
06-28 13:07:35.714  9600 11814 I System.out: [CDS]SO_SND_TIMEOUT:0
06-28 13:07:35.714  9600 11814 I System.out: [OkHttp] sendRequest>>
06-28 13:07:35.714  9600 11814 I System.out: [OkHttp] sendRequest<<
06-28 13:07:35.865  9600 11814 I System.out: [CDS]rx timeout:0
06-28 13:07:35.865  9600 11814 I System.out: [CDS]SO_SND_TIMEOUT:0
06-28 13:07:35.865  9600 11814 I System.out: [OkHttp] sendRequest>>
06-28 13:07:35.865  9600 11814 I System.out: [OkHttp] sendRequest<<
06-28 13:07:35.876   965  1677 W PackageManager: checkUidPermission(): com.android.chrome.permission.DEBUG of 2000 is denied.
06-28 13:07:35.877   965  1696 W PackageManager: checkUidPermission(): com.android.chrome.permission.DEBUG of 2000 is denied.
06-28 13:07:36.075  9600 11814 I System.out: [CDS]rx timeout:0
06-28 13:07:36.075  9600 11814 I System.out: [CDS]SO_SND_TIMEOUT:0
06-28 13:07:36.075  9600 11814 I System.out: [OkHttp] sendRequest>>
06-28 13:07:36.075  9600 11814 I System.out: [OkHttp] sendRequest<<
06-28 13:07:36.124   965  1265 D LIGHT   : processEvent code=0,value=79
06-28 13:07:36.224  9600 11814 I System.out: [CDS]rx timeout:0
06-28 13:07:36.224  9600 11814 I System.out: [CDS]SO_SND_TIMEOUT:0
06-28 13:07:36.225  9600 11814 I System.out: [OkHttp] sendRequest>>
06-28 13:07:36.225  9600 11814 I System.out: [OkHttp] sendRequest<<
06-28 13:07:36.371   287  2900 I MAL-Daemon:  (    ru_mdmngr_send_atcmd, 1931) [RDS-I][RDS][RU][ru_mdmngr_send_atcmd] try to send ATcmd : AT+ECSQ 
06-28 13:07:36.371   287  2900 I MAL-Daemon:  (    ru_mdmngr_send_atcmd, 1940) [RDS-I][RDS][RU][ru_mdmngr_send_atcmd] ru_check_ctx_ptr<0xf5c33c9c, 0xf5c33c9c>
06-28 13:07:36.371   287  2900 W MAL-Daemon:  (    mdfx_task_send_event,  636) mdfx_task_send_event(): [ACT] should NOT enter this leagcy API!!
06-28 13:07:36.372   287  2900 I MAL-Daemon:  (    ru_send_event_entity,  350) [RDS-I][RDS][RU][ru_send_event_entity] send event 101 to 101 with ret(0)
06-28 13:07:36.372   287   712 D MAL-Daemon:  (         mdmngr_task_hdl,   36) mdmngr_task_hdl(), receive event = 101 (vendor/mediatek/proprietary/frameworks/opt/mal/entity/mdmngr/mdmngr.c:36)
06-28 13:07:36.372   287   712 D MAL-Daemon:  (         mdmngr_task_hdl,   67) EVENT_MDMNGR_ATCMD_REQ@MDMNGR, priv_data = f3ce9400, channel = 1, cmd = (AT+ECSQ) (vendor/mediatek/proprietary/frameworks/opt/mal/entity/mdmngr/mdmngr.c:67)
06-28 13:07:36.372   287   712 W MAL-Daemon:  (    mdfx_task_send_event,  636) mdfx_task_send_event(): [ACT] should NOT enter this leagcy API!!
06-28 13:07:36.372   287   734 I MAL-Daemon:  ( mdfx_event_do_statistic,  153) mdfx_event_do_statistic(): [STATISTIC] TID = 734 has used 141140152 bytes!!
06-28 13:07:36.373   287   734 E MAL-Daemon:  (void* rilproxy_task_hdl(,  439) rilproxy_task_hdl(), receive event = 401
06-28 13:07:36.373   287   734 D MAL-Daemon:  (int rilproxy_send_ril_re,  320) send ril request, request_id = 2130, serial_no = 1d6600, length = 18000000, send_size = 24(18), fd = 29
06-28 13:07:36.380   287   731 D MAL-Daemon:  (void* rilproxy_cmd_resp_,  670) recv ril resp, length = 64, type = 0, result = 0, serial_no = 1d6600
06-28 13:07:36.381   287   731 D MAL-Daemon:  (void* rilproxy_cmd_resp_,  676) event_id = 401
06-28 13:07:36.381   287   712 D MAL-Daemon:  (         mdmngr_task_hdl,   36) mdmngr_task_hdl(), receive event = 103 (vendor/mediatek/proprietary/frameworks/opt/mal/entity/mdmngr/mdmngr.c:36)
06-28 13:07:36.381   287   712 D MAL-Daemon:  (         mdmngr_task_hdl,  115) EVENT_MDMNGR_ATCMD_RESP@MDMNGR (vendor/mediatek/proprietary/frameworks/opt/mal/entity/mdmngr/mdmngr.c:115)
06-28 13:07:36.381   287   712 D MAL-Daemon:  (         mdmngr_task_hdl,  122) event_req = f3ce9400, ID = 101 (vendor/mediatek/proprietary/frameworks/opt/mal/entity/mdmngr/mdmngr.c:122)
06-28 13:07:36.382   287   712 D MAL-Daemon:  (         mdmngr_task_hdl,  125) atcmd_resp->priv_data = f3c44780 (vendor/mediatek/proprietary/frameworks/opt/mal/entity/mdmngr/mdmngr.c:125)
06-28 13:07:36.382   287   727 I MAL-Daemon:  (             rds_ru_task,  445) [RDS-I][RU][rds_ru_task] RCV Event: 103 
06-28 13:07:36.382   287   727 I MAL-Daemon:  (rds_ru_mdmngr_atrsp_hndl, 2186) [RDS-I][RDS][RU][rds_ru_mdmngr_atrsp_hndl] get AT resp: +ECSQ: 17,37,1,1,1,-46,-413,7,13,40
06-28 13:07:36.382   287   727 I MAL-Daemon: 
06-28 13:07:36.382   287   727 I MAL-Daemon: OK
06-28 13:07:36.382   287   727 I MAL-Daemon: 
06-28 13:07:36.382   287   727 I MAL-Daemon:  (     ru_parse_3gppsigval, 1458) [RDS-I][RDS][ru_parse_3gppsigval] 3gppsigval #args act<7>
06-28 13:07:36.394  9600 11814 I System.out: [CDS]rx timeout:0
06-28 13:07:36.394  9600 11814 I System.out: [CDS]SO_SND_TIMEOUT:0
06-28 13:07:36.394  9600 11814 I System.out: [OkHttp] sendRequest>>
06-28 13:07:36.394  9600 11814 I System.out: [OkHttp] sendRequest<<
06-28 13:07:36.539  9600 11814 I System.out: [CDS]rx timeout:0
06-28 13:07:36.540  9600 11814 I System.out: [CDS]SO_SND_TIMEOUT:0
06-28 13:07:36.540  9600 11814 I System.out: [OkHttp] sendRequest>>
06-28 13:07:36.540  9600 11814 I System.out: [OkHttp] sendRequest<<
06-28 13:07:36.694   965  1265 D LIGHT   : processEvent code=0,value=78
06-28 13:07:36.753  9600 11814 I System.out: [CDS]rx timeout:0
06-28 13:07:36.753  9600 11814 I System.out: [CDS]SO_SND_TIMEOUT:0
06-28 13:07:36.753  9600 11814 I System.out: [OkHttp] sendRequest>>
06-28 13:07:36.753  9600 11814 I System.out: [OkHttp] sendRequest<<
06-28 13:07:36.886  9600 11814 I System.out: [CDS]rx timeout:0
06-28 13:07:36.886  9600 11814 I System.out: [CDS]SO_SND_TIMEOUT:0
06-28 13:07:36.886  9600 11814 I System.out: [OkHttp] sendRequest>>
06-28 13:07:36.886  9600 11814 I System.out: [OkHttp] sendRequest<<
06-28 13:07:37.090   346   346 I thermal_repeater: select timeout
06-28 13:07:37.264   965  1265 D LIGHT   : processEvent code=0,value=79
06-28 13:07:37.433   965  2476 W PackageManager: checkUidPermission(): android.permission.INTERACT_ACROSS_USERS_FULL of 10126 is denied.
06-28 13:07:37.433   965  2476 W PackageManager: checkUidPermission(): android.permission.REAL_GET_TASKS of 10126 is denied.
06-28 13:07:37.433   965  2476 W ActivityManager: getRunningAppProcesses: caller 10126 does not hold REAL_GET_TASKS; limiting output
06-28 13:07:37.834   965  1265 D LIGHT   : processEvent code=0,value=77
06-28 13:07:38.046   287 10673 I MAL-Daemon:  (        ru_syssig_hndler,  418) [RDS-I][ru_syssig_hndler] Send Event: 688 
06-28 13:07:38.046   287 10673 I MAL-Daemon:  (        ru_syssig_hndler,  419) [RDS-I][RDS][RU][ru_syssig_hndler] ru_check_ctx_ptr<0xf5c33c9c, 0xf5c33c9c>
06-28 13:07:38.048   287 10673 W MAL-Daemon:  (    mdfx_task_send_event,  636) mdfx_task_send_event(): [ACT] should NOT enter this leagcy API!!
06-28 13:07:38.048   287 10673 I MAL-Daemon:  (    ru_send_event_entity,  350) [RDS-I][RDS][RU][ru_send_event_entity] send event 688 to 602 with ret(0)
06-28 13:07:38.048   287   727 I MAL-Daemon:  (             rds_ru_task,  445) [RDS-I][RU][rds_ru_task] RCV Event: 688 
06-28 13:07:38.048  1488  1488 D wpa_supplicant: wlan0: Control interface command 'SIGNAL_POLL'
06-28 13:07:38.066   287   727 D MAL-Daemon:  (     ru_wsl_poll_wpainfo,  639) [RDS-D][RDS][RU][ru_wsl_poll_wpainfo]socket recv pktlen(48) 
06-28 13:07:38.066   287   727 D MAL-Daemon:  (rds_ru_ws_rssi_timer_exp,  752) [RDS-D][RU][rds_ru_ws_rssi_timer_expire_hdlr][RDS] get rssi = -37, snr = 9999 
06-28 13:07:38.067   287   727 I MAL-Daemon:  (          ru_get_netstat, 5285) [RDS-I][RU][ru_get_netstat] netstat <thrghpt, pkterrt>, wifi <13994, 0%>, mobile <0, 0%>
06-28 13:07:38.067   287   727 I MAL-Daemon:  (    ru_send_event_entity,  350) [RDS-I][RDS][RU][ru_send_event_entity] send event 614 to 1234 with ret(0)
06-28 13:07:38.067  1716  1847 I MFI-Conn:  (     mfia_task_bootstrap,  944) mfia_task_bootstrap(): an event 614 incoming
06-28 13:07:38.067  1716  2696 I MFI-Conn:  (             rds_urc_hdl,  230) [RDS][rds_urc_hdl] RCV Event: 614 
06-28 13:07:38.067  1716  2696 I MFI-Conn:  (             rds_urc_hdl,  325) [RDS][IF][rds_urc_hdl] data_base update: pkterrt(0) 
06-28 13:07:38.361  2167  2167 D ActivityThread: SVC-UNBIND_SERVICE handled : 0 / BindServiceData{token=android.os.BinderProxy@1689356 intent=Intent { act=com.google.android.gms.udc.service.START pkg=com.google.android.gms }}
06-28 13:07:38.361  2167  2167 D ActivityThread: SVC-Destroying service: com.google.android.gms.udc.service.UdcApiService@ef1fd7
06-28 13:07:38.361  2167  2167 D ActivityThread: SVC-STOP_SERVICE handled : 0 / android.os.BinderProxy@1689356
06-28 13:07:38.418  2167  2167 D ActivityThread: SVC-UNBIND_SERVICE handled : 0 / BindServiceData{token=android.os.BinderProxy@c967532 intent=Intent { act=com.google.android.gms.lockbox.service.START pkg=com.google.android.gms }}
